[2025-11-15T17:02:31.246+0000] {local_task_job_runner.py:123} INFO - ::group::Pre task execution logs
[2025-11-15T17:02:31.256+0000] {taskinstance.py:2614} INFO - Dependencies all met for dep_context=non-requeueable deps ti=<TaskInstance: iot_sensor_data_dag.generate_sensor_data scheduled__2025-11-15T17:02:15+00:00 [queued]>
[2025-11-15T17:02:31.261+0000] {taskinstance.py:2614} INFO - Dependencies all met for dep_context=requeueable deps ti=<TaskInstance: iot_sensor_data_dag.generate_sensor_data scheduled__2025-11-15T17:02:15+00:00 [queued]>
[2025-11-15T17:02:31.261+0000] {taskinstance.py:2867} INFO - Starting attempt 1 of 1
[2025-11-15T17:02:31.270+0000] {taskinstance.py:2890} INFO - Executing <Task(PythonOperator): generate_sensor_data> on 2025-11-15 17:02:15+00:00
[2025-11-15T17:02:31.275+0000] {warnings.py:112} WARNING - /home/***/.local/lib/python3.12/site-packages/***/task/task_runner/standard_task_runner.py:70: DeprecationWarning: This process (pid=238) is multi-threaded, use of fork() may lead to deadlocks in the child.
  pid = os.fork()

[2025-11-15T17:02:31.277+0000] {standard_task_runner.py:72} INFO - Started process 240 to run task
[2025-11-15T17:02:31.277+0000] {standard_task_runner.py:104} INFO - Running: ['***', 'tasks', 'run', 'iot_sensor_data_dag', 'generate_sensor_data', 'scheduled__2025-11-15T17:02:15+00:00', '--job-id', '1299', '--raw', '--subdir', 'DAGS_FOLDER/DEPI.py', '--cfg-path', '/tmp/tmpy39pvtzi']
[2025-11-15T17:02:31.278+0000] {standard_task_runner.py:105} INFO - Job 1299: Subtask generate_sensor_data
[2025-11-15T17:02:31.459+0000] {task_command.py:467} INFO - Running <TaskInstance: iot_sensor_data_dag.generate_sensor_data scheduled__2025-11-15T17:02:15+00:00 [running]> on host 4f76d54186b6
[2025-11-15T17:02:31.513+0000] {taskinstance.py:3134} INFO - Exporting env vars: AIRFLOW_CTX_DAG_OWNER='***' AIRFLOW_CTX_DAG_ID='iot_sensor_data_dag' AIRFLOW_CTX_TASK_ID='generate_sensor_data' AIRFLOW_CTX_EXECUTION_DATE='2025-11-15T17:02:15+00:00' AIRFLOW_CTX_TRY_NUMBER='1' AIRFLOW_CTX_DAG_RUN_ID='scheduled__2025-11-15T17:02:15+00:00'
[2025-11-15T17:02:31.514+0000] {logging_mixin.py:190} INFO - Task instance is in running state
[2025-11-15T17:02:31.515+0000] {logging_mixin.py:190} INFO -  Previous state of the Task instance: queued
[2025-11-15T17:02:31.515+0000] {logging_mixin.py:190} INFO - Current task name:generate_sensor_data state:running start_date:2025-11-15 17:02:31.257016+00:00
[2025-11-15T17:02:31.516+0000] {logging_mixin.py:190} INFO - Dag name:iot_sensor_data_dag and current dag run status:running
[2025-11-15T17:02:31.516+0000] {taskinstance.py:732} INFO - ::endgroup::
[2025-11-15T17:02:31.540+0000] {logging_mixin.py:190} INFO - [2025-11-15 17:02:31.528665] Inserted sensor data: {'time': '2025-11-15T17:02:31.528665', 'temperature': 27.53988858043643, 'Dissolved_oxygen': 6.025883831249232, 'PH': 7.443586383557768, 'Ammonia': 0.010737905370982181, 'Nitrite': 0.053296808971061524, 'Turbidty': 39.79727640599492, '_id': '6918b227b8c73dc3fbcbf011'}
[2025-11-15T17:07:41.851+0000] {python.py:218} INFO - Done. Returned value was: None
[2025-11-15T17:07:41.887+0000] {taskinstance.py:341} INFO - ::group::Post task execution logs
[2025-11-15T17:07:41.889+0000] {taskinstance.py:353} INFO - Marking task as SUCCESS. dag_id=iot_sensor_data_dag, task_id=generate_sensor_data, run_id=scheduled__2025-11-15T17:02:15+00:00, execution_date=20251115T170215, start_date=20251115T170231, end_date=20251115T170741
[2025-11-15T17:07:41.917+0000] {logging_mixin.py:190} INFO - Task instance in success state
[2025-11-15T17:07:41.918+0000] {logging_mixin.py:190} INFO -  Previous state of the Task instance: running
[2025-11-15T17:07:41.919+0000] {logging_mixin.py:190} INFO - Dag name:iot_sensor_data_dag queued_at:2025-11-15 17:02:30.072256+00:00
[2025-11-15T17:07:41.919+0000] {logging_mixin.py:190} INFO - Task hostname:4f76d54186b6 operator:PythonOperator
[2025-11-15T17:07:41.935+0000] {local_task_job_runner.py:266} INFO - Task exited with return code 0
[2025-11-15T17:07:41.970+0000] {taskinstance.py:3901} INFO - 0 downstream tasks scheduled from follow-on schedule check
[2025-11-15T17:07:41.974+0000] {local_task_job_runner.py:245} INFO - ::endgroup::
