[2025-11-13T18:31:01.526+0000] {local_task_job_runner.py:123} INFO - ::group::Pre task execution logs
[2025-11-13T18:31:01.538+0000] {taskinstance.py:2614} INFO - Dependencies all met for dep_context=non-requeueable deps ti=<TaskInstance: iot_sensor_data_dag.generate_sensor_data scheduled__2025-11-13T18:30:45+00:00 [queued]>
[2025-11-13T18:31:01.544+0000] {taskinstance.py:2614} INFO - Dependencies all met for dep_context=requeueable deps ti=<TaskInstance: iot_sensor_data_dag.generate_sensor_data scheduled__2025-11-13T18:30:45+00:00 [queued]>
[2025-11-13T18:31:01.545+0000] {taskinstance.py:2867} INFO - Starting attempt 1 of 1
[2025-11-13T18:31:01.658+0000] {taskinstance.py:2890} INFO - Executing <Task(PythonOperator): generate_sensor_data> on 2025-11-13 18:30:45+00:00
[2025-11-13T18:31:01.664+0000] {warnings.py:112} WARNING - /home/***/.local/lib/python3.12/site-packages/***/task/task_runner/standard_task_runner.py:70: DeprecationWarning: This process (pid=3178) is multi-threaded, use of fork() may lead to deadlocks in the child.
  pid = os.fork()

[2025-11-13T18:31:01.666+0000] {standard_task_runner.py:72} INFO - Started process 3180 to run task
[2025-11-13T18:31:01.666+0000] {standard_task_runner.py:104} INFO - Running: ['***', 'tasks', 'run', 'iot_sensor_data_dag', 'generate_sensor_data', 'scheduled__2025-11-13T18:30:45+00:00', '--job-id', '517', '--raw', '--subdir', 'DAGS_FOLDER/DEPI.py', '--cfg-path', '/tmp/tmptjytd8gb']
[2025-11-13T18:31:01.667+0000] {standard_task_runner.py:105} INFO - Job 517: Subtask generate_sensor_data
[2025-11-13T18:31:01.702+0000] {task_command.py:467} INFO - Running <TaskInstance: iot_sensor_data_dag.generate_sensor_data scheduled__2025-11-13T18:30:45+00:00 [running]> on host 4f76d54186b6
[2025-11-13T18:31:01.759+0000] {taskinstance.py:3134} INFO - Exporting env vars: AIRFLOW_CTX_DAG_OWNER='***' AIRFLOW_CTX_DAG_ID='iot_sensor_data_dag' AIRFLOW_CTX_TASK_ID='generate_sensor_data' AIRFLOW_CTX_EXECUTION_DATE='2025-11-13T18:30:45+00:00' AIRFLOW_CTX_TRY_NUMBER='1' AIRFLOW_CTX_DAG_RUN_ID='scheduled__2025-11-13T18:30:45+00:00'
[2025-11-13T18:31:01.760+0000] {logging_mixin.py:190} INFO - Task instance is in running state
[2025-11-13T18:31:01.761+0000] {logging_mixin.py:190} INFO -  Previous state of the Task instance: queued
[2025-11-13T18:31:01.761+0000] {logging_mixin.py:190} INFO - Current task name:generate_sensor_data state:running start_date:2025-11-13 18:31:01.539598+00:00
[2025-11-13T18:31:01.761+0000] {logging_mixin.py:190} INFO - Dag name:iot_sensor_data_dag and current dag run status:running
[2025-11-13T18:31:01.762+0000] {taskinstance.py:732} INFO - ::endgroup::
[2025-11-13T18:31:01.785+0000] {logging_mixin.py:190} INFO - [2025-11-13 18:31:01.773203] Inserted sensor data: {'time': datetime.datetime(2025, 11, 13, 18, 31, 1, 773203), 'temperature': 27.605798673322546, 'Dissolved_oxygen': 6.033347007126618, 'PH': 7.52950689909823, 'Ammonia': 0.009928498704274024, 'Nitrite': 0.04644527494337896, 'Turbidty': 39.567778979857046, '_id': ObjectId('691623e58196c6c6876889c9')}
[2025-11-13T18:31:01.786+0000] {python.py:218} INFO - Done. Returned value was: None
[2025-11-13T18:31:01.796+0000] {taskinstance.py:341} INFO - ::group::Post task execution logs
[2025-11-13T18:31:01.798+0000] {taskinstance.py:353} INFO - Marking task as SUCCESS. dag_id=iot_sensor_data_dag, task_id=generate_sensor_data, run_id=scheduled__2025-11-13T18:30:45+00:00, execution_date=20251113T183045, start_date=20251113T183101, end_date=20251113T183101
[2025-11-13T18:31:01.818+0000] {logging_mixin.py:190} INFO - Task instance in success state
[2025-11-13T18:31:01.818+0000] {logging_mixin.py:190} INFO -  Previous state of the Task instance: running
[2025-11-13T18:31:01.819+0000] {logging_mixin.py:190} INFO - Dag name:iot_sensor_data_dag queued_at:2025-11-13 18:31:00.346961+00:00
[2025-11-13T18:31:01.819+0000] {logging_mixin.py:190} INFO - Task hostname:4f76d54186b6 operator:PythonOperator
[2025-11-13T18:31:01.844+0000] {local_task_job_runner.py:266} INFO - Task exited with return code 0
[2025-11-13T18:31:01.862+0000] {taskinstance.py:3901} INFO - 0 downstream tasks scheduled from follow-on schedule check
[2025-11-13T18:31:01.866+0000] {local_task_job_runner.py:245} INFO - ::endgroup::
