[2025-11-13T18:15:01.392+0000] {local_task_job_runner.py:123} INFO - ::group::Pre task execution logs
[2025-11-13T18:15:01.408+0000] {taskinstance.py:2614} INFO - Dependencies all met for dep_context=non-requeueable deps ti=<TaskInstance: iot_sensor_data_dag.generate_sensor_data scheduled__2025-11-13T18:14:45+00:00 [queued]>
[2025-11-13T18:15:01.415+0000] {taskinstance.py:2614} INFO - Dependencies all met for dep_context=requeueable deps ti=<TaskInstance: iot_sensor_data_dag.generate_sensor_data scheduled__2025-11-13T18:14:45+00:00 [queued]>
[2025-11-13T18:15:01.416+0000] {taskinstance.py:2867} INFO - Starting attempt 1 of 1
[2025-11-13T18:15:01.573+0000] {taskinstance.py:2890} INFO - Executing <Task(PythonOperator): generate_sensor_data> on 2025-11-13 18:14:45+00:00
[2025-11-13T18:15:01.580+0000] {warnings.py:112} WARNING - /home/***/.local/lib/python3.12/site-packages/***/task/task_runner/standard_task_runner.py:70: DeprecationWarning: This process (pid=2507) is multi-threaded, use of fork() may lead to deadlocks in the child.
  pid = os.fork()

[2025-11-13T18:15:01.582+0000] {standard_task_runner.py:72} INFO - Started process 2509 to run task
[2025-11-13T18:15:01.582+0000] {standard_task_runner.py:104} INFO - Running: ['***', 'tasks', 'run', 'iot_sensor_data_dag', 'generate_sensor_data', 'scheduled__2025-11-13T18:14:45+00:00', '--job-id', '453', '--raw', '--subdir', 'DAGS_FOLDER/DEPI.py', '--cfg-path', '/tmp/tmpjw52l6yu']
[2025-11-13T18:15:01.583+0000] {standard_task_runner.py:105} INFO - Job 453: Subtask generate_sensor_data
[2025-11-13T18:15:01.628+0000] {task_command.py:467} INFO - Running <TaskInstance: iot_sensor_data_dag.generate_sensor_data scheduled__2025-11-13T18:14:45+00:00 [running]> on host 4f76d54186b6
[2025-11-13T18:15:01.698+0000] {taskinstance.py:3134} INFO - Exporting env vars: AIRFLOW_CTX_DAG_OWNER='***' AIRFLOW_CTX_DAG_ID='iot_sensor_data_dag' AIRFLOW_CTX_TASK_ID='generate_sensor_data' AIRFLOW_CTX_EXECUTION_DATE='2025-11-13T18:14:45+00:00' AIRFLOW_CTX_TRY_NUMBER='1' AIRFLOW_CTX_DAG_RUN_ID='scheduled__2025-11-13T18:14:45+00:00'
[2025-11-13T18:15:01.699+0000] {logging_mixin.py:190} INFO - Task instance is in running state
[2025-11-13T18:15:01.700+0000] {logging_mixin.py:190} INFO -  Previous state of the Task instance: queued
[2025-11-13T18:15:01.701+0000] {logging_mixin.py:190} INFO - Current task name:generate_sensor_data state:running start_date:2025-11-13 18:15:01.409772+00:00
[2025-11-13T18:15:01.701+0000] {logging_mixin.py:190} INFO - Dag name:iot_sensor_data_dag and current dag run status:running
[2025-11-13T18:15:01.702+0000] {taskinstance.py:732} INFO - ::endgroup::
[2025-11-13T18:15:01.732+0000] {logging_mixin.py:190} INFO - [2025-11-13 18:15:01.717338] Inserted sensor data: {'time': datetime.datetime(2025, 11, 13, 18, 15, 1, 717338), 'temperature': 27.650919539291323, 'Dissolved_oxygen': 6.067948104409892, 'PH': 7.47383746916149, 'Ammonia': 0.010410744754620806, 'Nitrite': 0.046690877604865275, 'Turbidty': 39.90481653272807, '_id': ObjectId('69162025cec3c0ec1416b763')}
[2025-11-13T18:15:01.735+0000] {python.py:218} INFO - Done. Returned value was: None
[2025-11-13T18:15:01.746+0000] {taskinstance.py:341} INFO - ::group::Post task execution logs
[2025-11-13T18:15:01.747+0000] {taskinstance.py:353} INFO - Marking task as SUCCESS. dag_id=iot_sensor_data_dag, task_id=generate_sensor_data, run_id=scheduled__2025-11-13T18:14:45+00:00, execution_date=20251113T181445, start_date=20251113T181501, end_date=20251113T181501
[2025-11-13T18:15:01.767+0000] {logging_mixin.py:190} INFO - Task instance in success state
[2025-11-13T18:15:01.768+0000] {logging_mixin.py:190} INFO -  Previous state of the Task instance: running
[2025-11-13T18:15:01.768+0000] {logging_mixin.py:190} INFO - Dag name:iot_sensor_data_dag queued_at:2025-11-13 18:15:00.137729+00:00
[2025-11-13T18:15:01.769+0000] {logging_mixin.py:190} INFO - Task hostname:4f76d54186b6 operator:PythonOperator
[2025-11-13T18:15:01.804+0000] {local_task_job_runner.py:266} INFO - Task exited with return code 0
[2025-11-13T18:15:01.827+0000] {taskinstance.py:3901} INFO - 0 downstream tasks scheduled from follow-on schedule check
[2025-11-13T18:15:01.833+0000] {local_task_job_runner.py:245} INFO - ::endgroup::
