[2025-11-13T17:52:32.475+0000] {local_task_job_runner.py:123} INFO - ::group::Pre task execution logs
[2025-11-13T17:52:32.501+0000] {taskinstance.py:2614} INFO - Dependencies all met for dep_context=non-requeueable deps ti=<TaskInstance: iot_sensor_data_dag.generate_sensor_data scheduled__2025-11-13T17:52:15+00:00 [queued]>
[2025-11-13T17:52:32.512+0000] {taskinstance.py:2614} INFO - Dependencies all met for dep_context=requeueable deps ti=<TaskInstance: iot_sensor_data_dag.generate_sensor_data scheduled__2025-11-13T17:52:15+00:00 [queued]>
[2025-11-13T17:52:32.514+0000] {taskinstance.py:2867} INFO - Starting attempt 1 of 1
[2025-11-13T17:52:32.691+0000] {taskinstance.py:2890} INFO - Executing <Task(PythonOperator): generate_sensor_data> on 2025-11-13 17:52:15+00:00
[2025-11-13T17:52:32.702+0000] {warnings.py:112} WARNING - /home/***/.local/lib/python3.12/site-packages/***/task/task_runner/standard_task_runner.py:70: DeprecationWarning: This process (pid=1564) is multi-threaded, use of fork() may lead to deadlocks in the child.
  pid = os.fork()

[2025-11-13T17:52:32.706+0000] {standard_task_runner.py:72} INFO - Started process 1566 to run task
[2025-11-13T17:52:32.707+0000] {standard_task_runner.py:104} INFO - Running: ['***', 'tasks', 'run', 'iot_sensor_data_dag', 'generate_sensor_data', 'scheduled__2025-11-13T17:52:15+00:00', '--job-id', '363', '--raw', '--subdir', 'DAGS_FOLDER/DEPI.py', '--cfg-path', '/tmp/tmpilh2bf_2']
[2025-11-13T17:52:32.709+0000] {standard_task_runner.py:105} INFO - Job 363: Subtask generate_sensor_data
[2025-11-13T17:52:32.780+0000] {task_command.py:467} INFO - Running <TaskInstance: iot_sensor_data_dag.generate_sensor_data scheduled__2025-11-13T17:52:15+00:00 [running]> on host 4f76d54186b6
[2025-11-13T17:52:32.900+0000] {taskinstance.py:3134} INFO - Exporting env vars: AIRFLOW_CTX_DAG_OWNER='***' AIRFLOW_CTX_DAG_ID='iot_sensor_data_dag' AIRFLOW_CTX_TASK_ID='generate_sensor_data' AIRFLOW_CTX_EXECUTION_DATE='2025-11-13T17:52:15+00:00' AIRFLOW_CTX_TRY_NUMBER='1' AIRFLOW_CTX_DAG_RUN_ID='scheduled__2025-11-13T17:52:15+00:00'
[2025-11-13T17:52:32.903+0000] {logging_mixin.py:190} INFO - Task instance is in running state
[2025-11-13T17:52:32.904+0000] {logging_mixin.py:190} INFO -  Previous state of the Task instance: queued
[2025-11-13T17:52:32.905+0000] {logging_mixin.py:190} INFO - Current task name:generate_sensor_data state:running start_date:2025-11-13 17:52:32.502457+00:00
[2025-11-13T17:52:32.906+0000] {logging_mixin.py:190} INFO - Dag name:iot_sensor_data_dag and current dag run status:running
[2025-11-13T17:52:32.907+0000] {taskinstance.py:732} INFO - ::endgroup::
[2025-11-13T17:52:32.953+0000] {logging_mixin.py:190} INFO - [2025-11-13 17:52:32.932071] Inserted sensor data: {'time': datetime.datetime(2025, 11, 13, 17, 52, 32, 932071), 'temperature': 27.323440904720332, 'Dissolved_oxygen': 6.0640649195399865, 'PH': 7.4181777275088745, 'Ammonia': 0.010785974505157041, 'Nitrite': 0.046266165349844235, 'Turbidty': 39.711170089588336, '_id': ObjectId('69161ae04d800c6522ef8936')}
[2025-11-13T17:52:32.957+0000] {python.py:218} INFO - Done. Returned value was: None
[2025-11-13T17:52:32.975+0000] {taskinstance.py:341} INFO - ::group::Post task execution logs
[2025-11-13T17:52:32.977+0000] {taskinstance.py:353} INFO - Marking task as SUCCESS. dag_id=iot_sensor_data_dag, task_id=generate_sensor_data, run_id=scheduled__2025-11-13T17:52:15+00:00, execution_date=20251113T175215, start_date=20251113T175232, end_date=20251113T175232
[2025-11-13T17:52:33.008+0000] {logging_mixin.py:190} INFO - Task instance in success state
[2025-11-13T17:52:33.011+0000] {logging_mixin.py:190} INFO -  Previous state of the Task instance: running
[2025-11-13T17:52:33.012+0000] {logging_mixin.py:190} INFO - Dag name:iot_sensor_data_dag queued_at:2025-11-13 17:52:30.248696+00:00
[2025-11-13T17:52:33.013+0000] {logging_mixin.py:190} INFO - Task hostname:4f76d54186b6 operator:PythonOperator
[2025-11-13T17:52:33.059+0000] {local_task_job_runner.py:266} INFO - Task exited with return code 0
[2025-11-13T17:52:33.075+0000] {local_task_job_runner.py:245} INFO - ::endgroup::
