[2025-11-16T21:59:12.561+0000] {local_task_job_runner.py:123} INFO - ::group::Pre task execution logs
[2025-11-16T21:59:12.572+0000] {taskinstance.py:2614} INFO - Dependencies all met for dep_context=non-requeueable deps ti=<TaskInstance: iot_sensor_data_dag.generate_sensor_data scheduled__2025-11-16T21:58:45+00:00 [queued]>
[2025-11-16T21:59:12.578+0000] {taskinstance.py:2614} INFO - Dependencies all met for dep_context=requeueable deps ti=<TaskInstance: iot_sensor_data_dag.generate_sensor_data scheduled__2025-11-16T21:58:45+00:00 [queued]>
[2025-11-16T21:59:12.580+0000] {taskinstance.py:2867} INFO - Starting attempt 1 of 1
[2025-11-16T21:59:12.594+0000] {taskinstance.py:2890} INFO - Executing <Task(PythonOperator): generate_sensor_data> on 2025-11-16 21:58:45+00:00
[2025-11-16T21:59:12.600+0000] {warnings.py:112} WARNING - /home/***/.local/lib/python3.12/site-packages/***/task/task_runner/standard_task_runner.py:70: DeprecationWarning: This process (pid=8107) is multi-threaded, use of fork() may lead to deadlocks in the child.
  pid = os.fork()

[2025-11-16T21:59:12.602+0000] {standard_task_runner.py:72} INFO - Started process 8109 to run task
[2025-11-16T21:59:12.602+0000] {standard_task_runner.py:104} INFO - Running: ['***', 'tasks', 'run', 'iot_sensor_data_dag', 'generate_sensor_data', 'scheduled__2025-11-16T21:58:45+00:00', '--job-id', '1958', '--raw', '--subdir', 'DAGS_FOLDER/DEPI.py', '--cfg-path', '/tmp/tmpnuv8fc0g']
[2025-11-16T21:59:12.604+0000] {standard_task_runner.py:105} INFO - Job 1958: Subtask generate_sensor_data
[2025-11-16T21:59:12.822+0000] {task_command.py:467} INFO - Running <TaskInstance: iot_sensor_data_dag.generate_sensor_data scheduled__2025-11-16T21:58:45+00:00 [running]> on host 4f76d54186b6
[2025-11-16T21:59:12.887+0000] {taskinstance.py:3134} INFO - Exporting env vars: AIRFLOW_CTX_DAG_OWNER='***' AIRFLOW_CTX_DAG_ID='iot_sensor_data_dag' AIRFLOW_CTX_TASK_ID='generate_sensor_data' AIRFLOW_CTX_EXECUTION_DATE='2025-11-16T21:58:45+00:00' AIRFLOW_CTX_TRY_NUMBER='1' AIRFLOW_CTX_DAG_RUN_ID='scheduled__2025-11-16T21:58:45+00:00'
[2025-11-16T21:59:12.888+0000] {logging_mixin.py:190} INFO - Task instance is in running state
[2025-11-16T21:59:12.891+0000] {logging_mixin.py:190} INFO -  Previous state of the Task instance: queued
[2025-11-16T21:59:12.891+0000] {logging_mixin.py:190} INFO - Current task name:generate_sensor_data state:running start_date:2025-11-16 21:59:12.573720+00:00
[2025-11-16T21:59:12.892+0000] {logging_mixin.py:190} INFO - Dag name:iot_sensor_data_dag and current dag run status:running
[2025-11-16T21:59:12.895+0000] {taskinstance.py:732} INFO - ::endgroup::
[2025-11-16T22:01:10.292+0000] {job.py:229} INFO - Heartbeat recovered after 117.81 seconds
[2025-11-16T22:04:27.005+0000] {python.py:218} INFO - Done. Returned value was: None
[2025-11-16T22:04:27.013+0000] {taskinstance.py:341} INFO - ::group::Post task execution logs
[2025-11-16T22:04:27.014+0000] {taskinstance.py:353} INFO - Marking task as SUCCESS. dag_id=iot_sensor_data_dag, task_id=generate_sensor_data, run_id=scheduled__2025-11-16T21:58:45+00:00, execution_date=20251116T215845, start_date=20251116T215912, end_date=20251116T220427
[2025-11-16T22:04:27.038+0000] {logging_mixin.py:190} INFO - Task instance in success state
[2025-11-16T22:04:27.039+0000] {logging_mixin.py:190} INFO -  Previous state of the Task instance: running
[2025-11-16T22:04:27.040+0000] {logging_mixin.py:190} INFO - Dag name:iot_sensor_data_dag queued_at:2025-11-16 21:59:10.982588+00:00
[2025-11-16T22:04:27.042+0000] {logging_mixin.py:190} INFO - Task hostname:4f76d54186b6 operator:PythonOperator
[2025-11-16T22:04:27.085+0000] {local_task_job_runner.py:266} INFO - Task exited with return code 0
[2025-11-16T22:04:27.104+0000] {taskinstance.py:3901} INFO - 1 downstream tasks scheduled from follow-on schedule check
[2025-11-16T22:04:27.107+0000] {local_task_job_runner.py:245} INFO - ::endgroup::
