[2025-11-15T17:03:32.795+0000] {local_task_job_runner.py:123} INFO - ::group::Pre task execution logs
[2025-11-15T17:03:32.806+0000] {taskinstance.py:2614} INFO - Dependencies all met for dep_context=non-requeueable deps ti=<TaskInstance: iot_sensor_data_dag.generate_sensor_data scheduled__2025-11-15T17:03:15+00:00 [queued]>
[2025-11-15T17:03:32.811+0000] {taskinstance.py:2614} INFO - Dependencies all met for dep_context=requeueable deps ti=<TaskInstance: iot_sensor_data_dag.generate_sensor_data scheduled__2025-11-15T17:03:15+00:00 [queued]>
[2025-11-15T17:03:32.819+0000] {taskinstance.py:2867} INFO - Starting attempt 1 of 1
[2025-11-15T17:03:32.829+0000] {taskinstance.py:2890} INFO - Executing <Task(PythonOperator): generate_sensor_data> on 2025-11-15 17:03:15+00:00
[2025-11-15T17:03:32.835+0000] {warnings.py:112} WARNING - /home/***/.local/lib/python3.12/site-packages/***/task/task_runner/standard_task_runner.py:70: DeprecationWarning: This process (pid=285) is multi-threaded, use of fork() may lead to deadlocks in the child.
  pid = os.fork()

[2025-11-15T17:03:32.837+0000] {standard_task_runner.py:72} INFO - Started process 287 to run task
[2025-11-15T17:03:32.837+0000] {standard_task_runner.py:104} INFO - Running: ['***', 'tasks', 'run', 'iot_sensor_data_dag', 'generate_sensor_data', 'scheduled__2025-11-15T17:03:15+00:00', '--job-id', '1303', '--raw', '--subdir', 'DAGS_FOLDER/DEPI.py', '--cfg-path', '/tmp/tmps9uztr_8']
[2025-11-15T17:03:32.839+0000] {standard_task_runner.py:105} INFO - Job 1303: Subtask generate_sensor_data
[2025-11-15T17:03:33.085+0000] {task_command.py:467} INFO - Running <TaskInstance: iot_sensor_data_dag.generate_sensor_data scheduled__2025-11-15T17:03:15+00:00 [running]> on host 4f76d54186b6
[2025-11-15T17:03:33.139+0000] {taskinstance.py:3134} INFO - Exporting env vars: AIRFLOW_CTX_DAG_OWNER='***' AIRFLOW_CTX_DAG_ID='iot_sensor_data_dag' AIRFLOW_CTX_TASK_ID='generate_sensor_data' AIRFLOW_CTX_EXECUTION_DATE='2025-11-15T17:03:15+00:00' AIRFLOW_CTX_TRY_NUMBER='1' AIRFLOW_CTX_DAG_RUN_ID='scheduled__2025-11-15T17:03:15+00:00'
[2025-11-15T17:03:33.140+0000] {logging_mixin.py:190} INFO - Task instance is in running state
[2025-11-15T17:03:33.140+0000] {logging_mixin.py:190} INFO -  Previous state of the Task instance: queued
[2025-11-15T17:03:33.141+0000] {logging_mixin.py:190} INFO - Current task name:generate_sensor_data state:running start_date:2025-11-15 17:03:32.807529+00:00
[2025-11-15T17:03:33.141+0000] {logging_mixin.py:190} INFO - Dag name:iot_sensor_data_dag and current dag run status:running
[2025-11-15T17:03:33.142+0000] {taskinstance.py:732} INFO - ::endgroup::
[2025-11-15T17:03:33.167+0000] {logging_mixin.py:190} INFO - [2025-11-15 17:03:33.155977] Inserted sensor data: {'time': '2025-11-15T17:03:33.155977', 'temperature': 27.35995054541762, 'Dissolved_oxygen': 5.999824437794182, 'PH': 7.42928293282677, 'Ammonia': 0.0097642462034591, 'Nitrite': 0.047627179286700495, 'Turbidty': 40.397281075771566, '_id': '6918b265a1688f78d2aa45e8'}
[2025-11-15T17:08:44.230+0000] {python.py:218} INFO - Done. Returned value was: None
[2025-11-15T17:08:44.240+0000] {taskinstance.py:341} INFO - ::group::Post task execution logs
[2025-11-15T17:08:44.241+0000] {taskinstance.py:353} INFO - Marking task as SUCCESS. dag_id=iot_sensor_data_dag, task_id=generate_sensor_data, run_id=scheduled__2025-11-15T17:03:15+00:00, execution_date=20251115T170315, start_date=20251115T170332, end_date=20251115T170844
[2025-11-15T17:08:44.259+0000] {logging_mixin.py:190} INFO - Task instance in success state
[2025-11-15T17:08:44.260+0000] {logging_mixin.py:190} INFO -  Previous state of the Task instance: running
[2025-11-15T17:08:44.261+0000] {logging_mixin.py:190} INFO - Dag name:iot_sensor_data_dag queued_at:2025-11-15 17:03:30.803145+00:00
[2025-11-15T17:08:44.261+0000] {logging_mixin.py:190} INFO - Task hostname:4f76d54186b6 operator:PythonOperator
[2025-11-15T17:08:44.288+0000] {local_task_job_runner.py:266} INFO - Task exited with return code 0
[2025-11-15T17:08:44.305+0000] {taskinstance.py:3901} INFO - 0 downstream tasks scheduled from follow-on schedule check
[2025-11-15T17:08:44.314+0000] {local_task_job_runner.py:245} INFO - ::endgroup::
