[2025-11-14T14:20:31.807+0000] {local_task_job_runner.py:123} INFO - ::group::Pre task execution logs
[2025-11-14T14:20:31.818+0000] {taskinstance.py:2614} INFO - Dependencies all met for dep_context=non-requeueable deps ti=<TaskInstance: iot_sensor_data_dag.generate_sensor_data scheduled__2025-11-14T14:20:15+00:00 [queued]>
[2025-11-14T14:20:31.823+0000] {taskinstance.py:2614} INFO - Dependencies all met for dep_context=requeueable deps ti=<TaskInstance: iot_sensor_data_dag.generate_sensor_data scheduled__2025-11-14T14:20:15+00:00 [queued]>
[2025-11-14T14:20:31.824+0000] {taskinstance.py:2867} INFO - Starting attempt 1 of 1
[2025-11-14T14:20:31.945+0000] {taskinstance.py:2890} INFO - Executing <Task(PythonOperator): generate_sensor_data> on 2025-11-14 14:20:15+00:00
[2025-11-14T14:20:31.952+0000] {warnings.py:112} WARNING - /home/***/.local/lib/python3.12/site-packages/***/task/task_runner/standard_task_runner.py:70: DeprecationWarning: This process (pid=114) is multi-threaded, use of fork() may lead to deadlocks in the child.
  pid = os.fork()

[2025-11-14T14:20:31.954+0000] {standard_task_runner.py:104} INFO - Running: ['***', 'tasks', 'run', 'iot_sensor_data_dag', 'generate_sensor_data', 'scheduled__2025-11-14T14:20:15+00:00', '--job-id', '764', '--raw', '--subdir', 'DAGS_FOLDER/DEPI.py', '--cfg-path', '/tmp/tmpr3ug3ztn']
[2025-11-14T14:20:31.955+0000] {standard_task_runner.py:72} INFO - Started process 116 to run task
[2025-11-14T14:20:31.955+0000] {standard_task_runner.py:105} INFO - Job 764: Subtask generate_sensor_data
[2025-11-14T14:20:32.011+0000] {task_command.py:467} INFO - Running <TaskInstance: iot_sensor_data_dag.generate_sensor_data scheduled__2025-11-14T14:20:15+00:00 [running]> on host 4f76d54186b6
[2025-11-14T14:20:32.083+0000] {taskinstance.py:3134} INFO - Exporting env vars: AIRFLOW_CTX_DAG_OWNER='***' AIRFLOW_CTX_DAG_ID='iot_sensor_data_dag' AIRFLOW_CTX_TASK_ID='generate_sensor_data' AIRFLOW_CTX_EXECUTION_DATE='2025-11-14T14:20:15+00:00' AIRFLOW_CTX_TRY_NUMBER='1' AIRFLOW_CTX_DAG_RUN_ID='scheduled__2025-11-14T14:20:15+00:00'
[2025-11-14T14:20:32.085+0000] {logging_mixin.py:190} INFO - Task instance is in running state
[2025-11-14T14:20:32.086+0000] {logging_mixin.py:190} INFO -  Previous state of the Task instance: queued
[2025-11-14T14:20:32.087+0000] {logging_mixin.py:190} INFO - Current task name:generate_sensor_data state:running start_date:2025-11-14 14:20:31.818974+00:00
[2025-11-14T14:20:32.088+0000] {logging_mixin.py:190} INFO - Dag name:iot_sensor_data_dag and current dag run status:running
[2025-11-14T14:20:32.089+0000] {taskinstance.py:732} INFO - ::endgroup::
[2025-11-14T14:20:32.121+0000] {logging_mixin.py:190} INFO - [2025-11-14 14:20:32.104916] Inserted sensor data: {'time': datetime.datetime(2025, 11, 14, 14, 20, 32, 104916), 'temperature': 27.423876160100857, 'Dissolved_oxygen': 6.037675267645865, 'PH': 7.52929878683097, 'Ammonia': 0.010078092113929316, 'Nitrite': 0.047637916234868974, 'Turbidty': 39.955275907537114, '_id': ObjectId('69173ab0403154ec688a0e85')}
[2025-11-14T14:20:32.123+0000] {python.py:218} INFO - Done. Returned value was: None
[2025-11-14T14:20:32.134+0000] {taskinstance.py:341} INFO - ::group::Post task execution logs
[2025-11-14T14:20:32.135+0000] {taskinstance.py:353} INFO - Marking task as SUCCESS. dag_id=iot_sensor_data_dag, task_id=generate_sensor_data, run_id=scheduled__2025-11-14T14:20:15+00:00, execution_date=20251114T142015, start_date=20251114T142031, end_date=20251114T142032
[2025-11-14T14:20:32.156+0000] {logging_mixin.py:190} INFO - Task instance in success state
[2025-11-14T14:20:32.157+0000] {logging_mixin.py:190} INFO -  Previous state of the Task instance: running
[2025-11-14T14:20:32.157+0000] {logging_mixin.py:190} INFO - Dag name:iot_sensor_data_dag queued_at:2025-11-14 14:20:30.557742+00:00
[2025-11-14T14:20:32.158+0000] {logging_mixin.py:190} INFO - Task hostname:4f76d54186b6 operator:PythonOperator
[2025-11-14T14:20:32.171+0000] {local_task_job_runner.py:266} INFO - Task exited with return code 0
[2025-11-14T14:20:32.190+0000] {taskinstance.py:3901} INFO - 0 downstream tasks scheduled from follow-on schedule check
[2025-11-14T14:20:32.194+0000] {local_task_job_runner.py:245} INFO - ::endgroup::
