[2025-11-13T17:56:32.668+0000] {local_task_job_runner.py:123} INFO - ::group::Pre task execution logs
[2025-11-13T17:56:32.693+0000] {taskinstance.py:2614} INFO - Dependencies all met for dep_context=non-requeueable deps ti=<TaskInstance: iot_sensor_data_dag.generate_sensor_data scheduled__2025-11-13T17:56:15+00:00 [queued]>
[2025-11-13T17:56:32.705+0000] {taskinstance.py:2614} INFO - Dependencies all met for dep_context=requeueable deps ti=<TaskInstance: iot_sensor_data_dag.generate_sensor_data scheduled__2025-11-13T17:56:15+00:00 [queued]>
[2025-11-13T17:56:32.707+0000] {taskinstance.py:2867} INFO - Starting attempt 1 of 1
[2025-11-13T17:56:32.873+0000] {taskinstance.py:2890} INFO - Executing <Task(PythonOperator): generate_sensor_data> on 2025-11-13 17:56:15+00:00
[2025-11-13T17:56:32.881+0000] {warnings.py:112} WARNING - /home/***/.local/lib/python3.12/site-packages/***/task/task_runner/standard_task_runner.py:70: DeprecationWarning: This process (pid=1731) is multi-threaded, use of fork() may lead to deadlocks in the child.
  pid = os.fork()

[2025-11-13T17:56:32.884+0000] {standard_task_runner.py:72} INFO - Started process 1733 to run task
[2025-11-13T17:56:32.885+0000] {standard_task_runner.py:104} INFO - Running: ['***', 'tasks', 'run', 'iot_sensor_data_dag', 'generate_sensor_data', 'scheduled__2025-11-13T17:56:15+00:00', '--job-id', '379', '--raw', '--subdir', 'DAGS_FOLDER/DEPI.py', '--cfg-path', '/tmp/tmp_m1zivz1']
[2025-11-13T17:56:32.886+0000] {standard_task_runner.py:105} INFO - Job 379: Subtask generate_sensor_data
[2025-11-13T17:56:32.950+0000] {task_command.py:467} INFO - Running <TaskInstance: iot_sensor_data_dag.generate_sensor_data scheduled__2025-11-13T17:56:15+00:00 [running]> on host 4f76d54186b6
[2025-11-13T17:56:33.053+0000] {taskinstance.py:3134} INFO - Exporting env vars: AIRFLOW_CTX_DAG_OWNER='***' AIRFLOW_CTX_DAG_ID='iot_sensor_data_dag' AIRFLOW_CTX_TASK_ID='generate_sensor_data' AIRFLOW_CTX_EXECUTION_DATE='2025-11-13T17:56:15+00:00' AIRFLOW_CTX_TRY_NUMBER='1' AIRFLOW_CTX_DAG_RUN_ID='scheduled__2025-11-13T17:56:15+00:00'
[2025-11-13T17:56:33.058+0000] {logging_mixin.py:190} INFO - Task instance is in running state
[2025-11-13T17:56:33.059+0000] {logging_mixin.py:190} INFO -  Previous state of the Task instance: queued
[2025-11-13T17:56:33.063+0000] {logging_mixin.py:190} INFO - Current task name:generate_sensor_data state:running start_date:2025-11-13 17:56:32.694463+00:00
[2025-11-13T17:56:33.064+0000] {logging_mixin.py:190} INFO - Dag name:iot_sensor_data_dag and current dag run status:running
[2025-11-13T17:56:33.068+0000] {taskinstance.py:732} INFO - ::endgroup::
[2025-11-13T17:56:33.123+0000] {logging_mixin.py:190} INFO - [2025-11-13 17:56:33.094640] Inserted sensor data: {'time': datetime.datetime(2025, 11, 13, 17, 56, 33, 94640), 'temperature': 27.450643815714578, 'Dissolved_oxygen': 6.060216823879463, 'PH': 7.57835756406811, 'Ammonia': 0.010114277454978305, 'Nitrite': 0.05162383780206457, 'Turbidty': 40.72070945799265, '_id': ObjectId('69161bd122658bf075268161')}
[2025-11-13T17:56:33.126+0000] {python.py:218} INFO - Done. Returned value was: None
[2025-11-13T17:56:33.143+0000] {taskinstance.py:341} INFO - ::group::Post task execution logs
[2025-11-13T17:56:33.145+0000] {taskinstance.py:353} INFO - Marking task as SUCCESS. dag_id=iot_sensor_data_dag, task_id=generate_sensor_data, run_id=scheduled__2025-11-13T17:56:15+00:00, execution_date=20251113T175615, start_date=20251113T175632, end_date=20251113T175633
[2025-11-13T17:56:33.174+0000] {logging_mixin.py:190} INFO - Task instance in success state
[2025-11-13T17:56:33.175+0000] {logging_mixin.py:190} INFO -  Previous state of the Task instance: running
[2025-11-13T17:56:33.176+0000] {logging_mixin.py:190} INFO - Dag name:iot_sensor_data_dag queued_at:2025-11-13 17:56:30.516854+00:00
[2025-11-13T17:56:33.177+0000] {logging_mixin.py:190} INFO - Task hostname:4f76d54186b6 operator:PythonOperator
[2025-11-13T17:56:33.223+0000] {local_task_job_runner.py:266} INFO - Task exited with return code 0
[2025-11-13T17:56:33.256+0000] {taskinstance.py:3901} INFO - 0 downstream tasks scheduled from follow-on schedule check
[2025-11-13T17:56:33.262+0000] {local_task_job_runner.py:245} INFO - ::endgroup::
