[2025-11-13T17:41:02.708+0000] {local_task_job_runner.py:123} INFO - ::group::Pre task execution logs
[2025-11-13T17:41:02.736+0000] {taskinstance.py:2614} INFO - Dependencies all met for dep_context=non-requeueable deps ti=<TaskInstance: iot_sensor_data_dag.generate_sensor_data scheduled__2025-11-13T17:40:45+00:00 [queued]>
[2025-11-13T17:41:02.749+0000] {taskinstance.py:2614} INFO - Dependencies all met for dep_context=requeueable deps ti=<TaskInstance: iot_sensor_data_dag.generate_sensor_data scheduled__2025-11-13T17:40:45+00:00 [queued]>
[2025-11-13T17:41:02.751+0000] {taskinstance.py:2867} INFO - Starting attempt 1 of 1
[2025-11-13T17:41:02.991+0000] {taskinstance.py:2890} INFO - Executing <Task(PythonOperator): generate_sensor_data> on 2025-11-13 17:40:45+00:00
[2025-11-13T17:41:03.001+0000] {warnings.py:112} WARNING - /home/***/.local/lib/python3.12/site-packages/***/task/task_runner/standard_task_runner.py:70: DeprecationWarning: This process (pid=1087) is multi-threaded, use of fork() may lead to deadlocks in the child.
  pid = os.fork()

[2025-11-13T17:41:03.004+0000] {standard_task_runner.py:72} INFO - Started process 1089 to run task
[2025-11-13T17:41:03.004+0000] {standard_task_runner.py:104} INFO - Running: ['***', 'tasks', 'run', 'iot_sensor_data_dag', 'generate_sensor_data', 'scheduled__2025-11-13T17:40:45+00:00', '--job-id', '317', '--raw', '--subdir', 'DAGS_FOLDER/DEPI.py', '--cfg-path', '/tmp/tmpdkicz_si']
[2025-11-13T17:41:03.006+0000] {standard_task_runner.py:105} INFO - Job 317: Subtask generate_sensor_data
[2025-11-13T17:41:03.074+0000] {task_command.py:467} INFO - Running <TaskInstance: iot_sensor_data_dag.generate_sensor_data scheduled__2025-11-13T17:40:45+00:00 [running]> on host 4f76d54186b6
[2025-11-13T17:41:03.185+0000] {taskinstance.py:3134} INFO - Exporting env vars: AIRFLOW_CTX_DAG_OWNER='***' AIRFLOW_CTX_DAG_ID='iot_sensor_data_dag' AIRFLOW_CTX_TASK_ID='generate_sensor_data' AIRFLOW_CTX_EXECUTION_DATE='2025-11-13T17:40:45+00:00' AIRFLOW_CTX_TRY_NUMBER='1' AIRFLOW_CTX_DAG_RUN_ID='scheduled__2025-11-13T17:40:45+00:00'
[2025-11-13T17:41:03.188+0000] {logging_mixin.py:190} INFO - Task instance is in running state
[2025-11-13T17:41:03.189+0000] {logging_mixin.py:190} INFO -  Previous state of the Task instance: queued
[2025-11-13T17:41:03.190+0000] {logging_mixin.py:190} INFO - Current task name:generate_sensor_data state:running start_date:2025-11-13 17:41:02.738468+00:00
[2025-11-13T17:41:03.191+0000] {logging_mixin.py:190} INFO - Dag name:iot_sensor_data_dag and current dag run status:running
[2025-11-13T17:41:03.193+0000] {taskinstance.py:732} INFO - ::endgroup::
[2025-11-13T17:41:03.246+0000] {logging_mixin.py:190} INFO - [2025-11-13 17:41:03.221043] Inserted sensor data: {'time': datetime.datetime(2025, 11, 13, 17, 41, 3, 221043), 'temperature': 27.62770733007192, 'Dissolved_oxygen': 5.974523010390734, 'PH': 7.412553864859206, 'Ammonia': 0.010610171547965787, 'Nitrite': 0.05056590006931712, 'Turbidty': 40.86575288074243, '_id': ObjectId('6916182fa854871c736cefee')}
[2025-11-13T17:41:03.250+0000] {python.py:218} INFO - Done. Returned value was: None
[2025-11-13T17:41:03.266+0000] {taskinstance.py:341} INFO - ::group::Post task execution logs
[2025-11-13T17:41:03.268+0000] {taskinstance.py:353} INFO - Marking task as SUCCESS. dag_id=iot_sensor_data_dag, task_id=generate_sensor_data, run_id=scheduled__2025-11-13T17:40:45+00:00, execution_date=20251113T174045, start_date=20251113T174102, end_date=20251113T174103
[2025-11-13T17:41:03.298+0000] {logging_mixin.py:190} INFO - Task instance in success state
[2025-11-13T17:41:03.300+0000] {logging_mixin.py:190} INFO -  Previous state of the Task instance: running
[2025-11-13T17:41:03.301+0000] {logging_mixin.py:190} INFO - Dag name:iot_sensor_data_dag queued_at:2025-11-13 17:41:00.127379+00:00
[2025-11-13T17:41:03.302+0000] {logging_mixin.py:190} INFO - Task hostname:4f76d54186b6 operator:PythonOperator
[2025-11-13T17:41:03.348+0000] {local_task_job_runner.py:266} INFO - Task exited with return code 0
[2025-11-13T17:41:03.382+0000] {taskinstance.py:3901} INFO - 0 downstream tasks scheduled from follow-on schedule check
[2025-11-13T17:41:03.389+0000] {local_task_job_runner.py:245} INFO - ::endgroup::
