[2025-11-13T17:49:17.382+0000] {local_task_job_runner.py:123} INFO - ::group::Pre task execution logs
[2025-11-13T17:49:17.409+0000] {taskinstance.py:2614} INFO - Dependencies all met for dep_context=non-requeueable deps ti=<TaskInstance: iot_sensor_data_dag.generate_sensor_data scheduled__2025-11-13T17:49:00+00:00 [queued]>
[2025-11-13T17:49:17.421+0000] {taskinstance.py:2614} INFO - Dependencies all met for dep_context=requeueable deps ti=<TaskInstance: iot_sensor_data_dag.generate_sensor_data scheduled__2025-11-13T17:49:00+00:00 [queued]>
[2025-11-13T17:49:17.424+0000] {taskinstance.py:2867} INFO - Starting attempt 1 of 1
[2025-11-13T17:49:17.624+0000] {taskinstance.py:2890} INFO - Executing <Task(PythonOperator): generate_sensor_data> on 2025-11-13 17:49:00+00:00
[2025-11-13T17:49:17.640+0000] {warnings.py:112} WARNING - /home/***/.local/lib/python3.12/site-packages/***/task/task_runner/standard_task_runner.py:70: DeprecationWarning: This process (pid=1431) is multi-threaded, use of fork() may lead to deadlocks in the child.
  pid = os.fork()

[2025-11-13T17:49:17.644+0000] {standard_task_runner.py:72} INFO - Started process 1433 to run task
[2025-11-13T17:49:17.645+0000] {standard_task_runner.py:104} INFO - Running: ['***', 'tasks', 'run', 'iot_sensor_data_dag', 'generate_sensor_data', 'scheduled__2025-11-13T17:49:00+00:00', '--job-id', '350', '--raw', '--subdir', 'DAGS_FOLDER/DEPI.py', '--cfg-path', '/tmp/tmpzuhktdh1']
[2025-11-13T17:49:17.649+0000] {standard_task_runner.py:105} INFO - Job 350: Subtask generate_sensor_data
[2025-11-13T17:49:17.721+0000] {task_command.py:467} INFO - Running <TaskInstance: iot_sensor_data_dag.generate_sensor_data scheduled__2025-11-13T17:49:00+00:00 [running]> on host 4f76d54186b6
[2025-11-13T17:49:17.838+0000] {taskinstance.py:3134} INFO - Exporting env vars: AIRFLOW_CTX_DAG_OWNER='***' AIRFLOW_CTX_DAG_ID='iot_sensor_data_dag' AIRFLOW_CTX_TASK_ID='generate_sensor_data' AIRFLOW_CTX_EXECUTION_DATE='2025-11-13T17:49:00+00:00' AIRFLOW_CTX_TRY_NUMBER='1' AIRFLOW_CTX_DAG_RUN_ID='scheduled__2025-11-13T17:49:00+00:00'
[2025-11-13T17:49:17.841+0000] {logging_mixin.py:190} INFO - Task instance is in running state
[2025-11-13T17:49:17.842+0000] {logging_mixin.py:190} INFO -  Previous state of the Task instance: queued
[2025-11-13T17:49:17.843+0000] {logging_mixin.py:190} INFO - Current task name:generate_sensor_data state:running start_date:2025-11-13 17:49:17.410747+00:00
[2025-11-13T17:49:17.844+0000] {logging_mixin.py:190} INFO - Dag name:iot_sensor_data_dag and current dag run status:running
[2025-11-13T17:49:17.845+0000] {taskinstance.py:732} INFO - ::endgroup::
[2025-11-13T17:49:17.898+0000] {logging_mixin.py:190} INFO - [2025-11-13 17:49:17.871106] Inserted sensor data: {'time': datetime.datetime(2025, 11, 13, 17, 49, 17, 871106), 'temperature': 27.480220516534303, 'Dissolved_oxygen': 5.909622471094307, 'PH': 7.542146141210689, 'Ammonia': 0.010262194797188465, 'Nitrite': 0.0518810615101893, 'Turbidty': 40.40590586212852, '_id': ObjectId('69161a1d02560bb3675c2991')}
[2025-11-13T17:49:17.903+0000] {python.py:218} INFO - Done. Returned value was: None
[2025-11-13T17:49:17.922+0000] {taskinstance.py:341} INFO - ::group::Post task execution logs
[2025-11-13T17:49:17.923+0000] {taskinstance.py:353} INFO - Marking task as SUCCESS. dag_id=iot_sensor_data_dag, task_id=generate_sensor_data, run_id=scheduled__2025-11-13T17:49:00+00:00, execution_date=20251113T174900, start_date=20251113T174917, end_date=20251113T174917
[2025-11-13T17:49:17.957+0000] {logging_mixin.py:190} INFO - Task instance in success state
[2025-11-13T17:49:17.960+0000] {logging_mixin.py:190} INFO -  Previous state of the Task instance: running
[2025-11-13T17:49:17.961+0000] {logging_mixin.py:190} INFO - Dag name:iot_sensor_data_dag queued_at:2025-11-13 17:49:15.248731+00:00
[2025-11-13T17:49:17.962+0000] {logging_mixin.py:190} INFO - Task hostname:4f76d54186b6 operator:PythonOperator
[2025-11-13T17:49:17.993+0000] {local_task_job_runner.py:266} INFO - Task exited with return code 0
[2025-11-13T17:49:18.029+0000] {taskinstance.py:3901} INFO - 0 downstream tasks scheduled from follow-on schedule check
[2025-11-13T17:49:18.036+0000] {local_task_job_runner.py:245} INFO - ::endgroup::
