[2025-11-13T19:12:01.523+0000] {local_task_job_runner.py:123} INFO - ::group::Pre task execution logs
[2025-11-13T19:12:01.538+0000] {taskinstance.py:2614} INFO - Dependencies all met for dep_context=non-requeueable deps ti=<TaskInstance: iot_sensor_data_dag.generate_sensor_data scheduled__2025-11-13T19:11:45+00:00 [queued]>
[2025-11-13T19:12:01.546+0000] {taskinstance.py:2614} INFO - Dependencies all met for dep_context=requeueable deps ti=<TaskInstance: iot_sensor_data_dag.generate_sensor_data scheduled__2025-11-13T19:11:45+00:00 [queued]>
[2025-11-13T19:12:01.547+0000] {taskinstance.py:2867} INFO - Starting attempt 1 of 1
[2025-11-13T19:12:01.688+0000] {taskinstance.py:2890} INFO - Executing <Task(PythonOperator): generate_sensor_data> on 2025-11-13 19:11:45+00:00
[2025-11-13T19:12:01.695+0000] {warnings.py:112} WARNING - /home/***/.local/lib/python3.12/site-packages/***/task/task_runner/standard_task_runner.py:70: DeprecationWarning: This process (pid=4890) is multi-threaded, use of fork() may lead to deadlocks in the child.
  pid = os.fork()

[2025-11-13T19:12:01.697+0000] {standard_task_runner.py:72} INFO - Started process 4892 to run task
[2025-11-13T19:12:01.698+0000] {standard_task_runner.py:104} INFO - Running: ['***', 'tasks', 'run', 'iot_sensor_data_dag', 'generate_sensor_data', 'scheduled__2025-11-13T19:11:45+00:00', '--job-id', '681', '--raw', '--subdir', 'DAGS_FOLDER/DEPI.py', '--cfg-path', '/tmp/tmpowth_en5']
[2025-11-13T19:12:01.699+0000] {standard_task_runner.py:105} INFO - Job 681: Subtask generate_sensor_data
[2025-11-13T19:12:01.743+0000] {task_command.py:467} INFO - Running <TaskInstance: iot_sensor_data_dag.generate_sensor_data scheduled__2025-11-13T19:11:45+00:00 [running]> on host 4f76d54186b6
[2025-11-13T19:12:01.818+0000] {taskinstance.py:3134} INFO - Exporting env vars: AIRFLOW_CTX_DAG_OWNER='***' AIRFLOW_CTX_DAG_ID='iot_sensor_data_dag' AIRFLOW_CTX_TASK_ID='generate_sensor_data' AIRFLOW_CTX_EXECUTION_DATE='2025-11-13T19:11:45+00:00' AIRFLOW_CTX_TRY_NUMBER='1' AIRFLOW_CTX_DAG_RUN_ID='scheduled__2025-11-13T19:11:45+00:00'
[2025-11-13T19:12:01.820+0000] {logging_mixin.py:190} INFO - Task instance is in running state
[2025-11-13T19:12:01.821+0000] {logging_mixin.py:190} INFO -  Previous state of the Task instance: queued
[2025-11-13T19:12:01.822+0000] {logging_mixin.py:190} INFO - Current task name:generate_sensor_data state:running start_date:2025-11-13 19:12:01.540208+00:00
[2025-11-13T19:12:01.823+0000] {logging_mixin.py:190} INFO - Dag name:iot_sensor_data_dag and current dag run status:running
[2025-11-13T19:12:01.825+0000] {taskinstance.py:732} INFO - ::endgroup::
[2025-11-13T19:12:01.864+0000] {logging_mixin.py:190} INFO - [2025-11-13 19:12:01.843301] Inserted sensor data: {'time': datetime.datetime(2025, 11, 13, 19, 12, 1, 843301), 'temperature': 27.63342461836381, 'Dissolved_oxygen': 5.98797118362056, 'PH': 7.589519113082153, 'Ammonia': 0.009210148247945176, 'Nitrite': 0.05390845840010109, 'Turbidty': 40.00132186029681, '_id': ObjectId('69162d81bbb130f6746bfdf8')}
[2025-11-13T19:12:01.867+0000] {python.py:218} INFO - Done. Returned value was: None
[2025-11-13T19:12:01.878+0000] {taskinstance.py:341} INFO - ::group::Post task execution logs
[2025-11-13T19:12:01.879+0000] {taskinstance.py:353} INFO - Marking task as SUCCESS. dag_id=iot_sensor_data_dag, task_id=generate_sensor_data, run_id=scheduled__2025-11-13T19:11:45+00:00, execution_date=20251113T191145, start_date=20251113T191201, end_date=20251113T191201
[2025-11-13T19:12:01.901+0000] {logging_mixin.py:190} INFO - Task instance in success state
[2025-11-13T19:12:01.902+0000] {logging_mixin.py:190} INFO -  Previous state of the Task instance: running
[2025-11-13T19:12:01.903+0000] {logging_mixin.py:190} INFO - Dag name:iot_sensor_data_dag queued_at:2025-11-13 19:12:00.030053+00:00
[2025-11-13T19:12:01.903+0000] {logging_mixin.py:190} INFO - Task hostname:4f76d54186b6 operator:PythonOperator
[2025-11-13T19:12:01.921+0000] {local_task_job_runner.py:266} INFO - Task exited with return code 0
[2025-11-13T19:12:01.945+0000] {taskinstance.py:3901} INFO - 0 downstream tasks scheduled from follow-on schedule check
[2025-11-13T19:12:01.951+0000] {local_task_job_runner.py:245} INFO - ::endgroup::
