[2025-11-14T14:21:48.915+0000] {local_task_job_runner.py:123} INFO - ::group::Pre task execution logs
[2025-11-14T14:21:49.033+0000] {taskinstance.py:2614} INFO - Dependencies all met for dep_context=non-requeueable deps ti=<TaskInstance: iot_sensor_data_dag.generate_sensor_data scheduled__2025-11-13T19:22:15+00:00 [queued]>
[2025-11-14T14:21:49.041+0000] {taskinstance.py:2614} INFO - Dependencies all met for dep_context=requeueable deps ti=<TaskInstance: iot_sensor_data_dag.generate_sensor_data scheduled__2025-11-13T19:22:15+00:00 [queued]>
[2025-11-14T14:21:49.042+0000] {taskinstance.py:2867} INFO - Starting attempt 1 of 1
[2025-11-14T14:21:49.052+0000] {taskinstance.py:2890} INFO - Executing <Task(PythonOperator): generate_sensor_data> on 2025-11-13 19:22:15+00:00
[2025-11-14T14:21:49.058+0000] {warnings.py:112} WARNING - /home/***/.local/lib/python3.12/site-packages/***/task/task_runner/standard_task_runner.py:70: DeprecationWarning: This process (pid=193) is multi-threaded, use of fork() may lead to deadlocks in the child.
  pid = os.fork()

[2025-11-14T14:21:49.060+0000] {standard_task_runner.py:104} INFO - Running: ['***', 'tasks', 'run', 'iot_sensor_data_dag', 'generate_sensor_data', 'scheduled__2025-11-13T19:22:15+00:00', '--job-id', '770', '--raw', '--subdir', 'DAGS_FOLDER/DEPI.py', '--cfg-path', '/tmp/tmp72rv_ml_']
[2025-11-14T14:21:49.061+0000] {standard_task_runner.py:72} INFO - Started process 195 to run task
[2025-11-14T14:21:49.061+0000] {standard_task_runner.py:105} INFO - Job 770: Subtask generate_sensor_data
[2025-11-14T14:21:49.105+0000] {task_command.py:467} INFO - Running <TaskInstance: iot_sensor_data_dag.generate_sensor_data scheduled__2025-11-13T19:22:15+00:00 [running]> on host 4f76d54186b6
[2025-11-14T14:21:49.180+0000] {taskinstance.py:3134} INFO - Exporting env vars: AIRFLOW_CTX_DAG_OWNER='***' AIRFLOW_CTX_DAG_ID='iot_sensor_data_dag' AIRFLOW_CTX_TASK_ID='generate_sensor_data' AIRFLOW_CTX_EXECUTION_DATE='2025-11-13T19:22:15+00:00' AIRFLOW_CTX_TRY_NUMBER='1' AIRFLOW_CTX_DAG_RUN_ID='scheduled__2025-11-13T19:22:15+00:00'
[2025-11-14T14:21:49.182+0000] {logging_mixin.py:190} INFO - Task instance is in running state
[2025-11-14T14:21:49.182+0000] {logging_mixin.py:190} INFO -  Previous state of the Task instance: queued
[2025-11-14T14:21:49.183+0000] {logging_mixin.py:190} INFO - Current task name:generate_sensor_data state:running start_date:2025-11-14 14:21:49.034338+00:00
[2025-11-14T14:21:49.184+0000] {logging_mixin.py:190} INFO - Dag name:iot_sensor_data_dag and current dag run status:running
[2025-11-14T14:21:49.185+0000] {taskinstance.py:732} INFO - ::endgroup::
[2025-11-14T14:21:49.215+0000] {logging_mixin.py:190} INFO - [2025-11-14 14:21:49.201342] Inserted sensor data: {'time': datetime.datetime(2025, 11, 14, 14, 21, 49, 201342), 'temperature': 27.50385694726089, 'Dissolved_oxygen': 6.0206057957542685, 'PH': 7.556917030691739, 'Ammonia': 0.010169999713409133, 'Nitrite': 0.053702056758005316, 'Turbidty': 39.47120621822342, '_id': ObjectId('69173afdb2a8e904994bba23')}
[2025-11-14T14:21:49.217+0000] {python.py:218} INFO - Done. Returned value was: None
[2025-11-14T14:21:49.225+0000] {taskinstance.py:341} INFO - ::group::Post task execution logs
[2025-11-14T14:21:49.226+0000] {taskinstance.py:353} INFO - Marking task as SUCCESS. dag_id=iot_sensor_data_dag, task_id=generate_sensor_data, run_id=scheduled__2025-11-13T19:22:15+00:00, execution_date=20251113T192215, start_date=20251114T142149, end_date=20251114T142149
[2025-11-14T14:21:49.245+0000] {logging_mixin.py:190} INFO - Task instance in success state
[2025-11-14T14:21:49.245+0000] {logging_mixin.py:190} INFO -  Previous state of the Task instance: running
[2025-11-14T14:21:49.246+0000] {logging_mixin.py:190} INFO - Dag name:iot_sensor_data_dag queued_at:2025-11-13 19:22:30.492135+00:00
[2025-11-14T14:21:49.247+0000] {logging_mixin.py:190} INFO - Task hostname:4f76d54186b6 operator:PythonOperator
[2025-11-14T14:21:49.278+0000] {local_task_job_runner.py:266} INFO - Task exited with return code 0
[2025-11-14T14:21:49.297+0000] {taskinstance.py:3901} INFO - 0 downstream tasks scheduled from follow-on schedule check
[2025-11-14T14:21:49.301+0000] {local_task_job_runner.py:245} INFO - ::endgroup::
