[2025-11-13T18:19:02.144+0000] {local_task_job_runner.py:123} INFO - ::group::Pre task execution logs
[2025-11-13T18:19:02.156+0000] {taskinstance.py:2614} INFO - Dependencies all met for dep_context=non-requeueable deps ti=<TaskInstance: iot_sensor_data_dag.generate_sensor_data scheduled__2025-11-13T18:18:45+00:00 [queued]>
[2025-11-13T18:19:02.161+0000] {taskinstance.py:2614} INFO - Dependencies all met for dep_context=requeueable deps ti=<TaskInstance: iot_sensor_data_dag.generate_sensor_data scheduled__2025-11-13T18:18:45+00:00 [queued]>
[2025-11-13T18:19:01.529+0000] {taskinstance.py:2867} INFO - Starting attempt 1 of 1
[2025-11-13T18:19:01.644+0000] {taskinstance.py:2890} INFO - Executing <Task(PythonOperator): generate_sensor_data> on 2025-11-13 18:18:45+00:00
[2025-11-13T18:19:01.651+0000] {warnings.py:112} WARNING - /home/***/.local/lib/python3.12/site-packages/***/task/task_runner/standard_task_runner.py:70: DeprecationWarning: This process (pid=2675) is multi-threaded, use of fork() may lead to deadlocks in the child.
  pid = os.fork()

[2025-11-13T18:19:01.653+0000] {standard_task_runner.py:72} INFO - Started process 2677 to run task
[2025-11-13T18:19:01.653+0000] {standard_task_runner.py:104} INFO - Running: ['***', 'tasks', 'run', 'iot_sensor_data_dag', 'generate_sensor_data', 'scheduled__2025-11-13T18:18:45+00:00', '--job-id', '469', '--raw', '--subdir', 'DAGS_FOLDER/DEPI.py', '--cfg-path', '/tmp/tmpie2ct1b0']
[2025-11-13T18:19:01.656+0000] {standard_task_runner.py:105} INFO - Job 469: Subtask generate_sensor_data
[2025-11-13T18:19:00.549+0000] {task_command.py:467} INFO - Running <TaskInstance: iot_sensor_data_dag.generate_sensor_data scheduled__2025-11-13T18:18:45+00:00 [running]> on host 4f76d54186b6
[2025-11-13T18:19:00.605+0000] {taskinstance.py:3134} INFO - Exporting env vars: AIRFLOW_CTX_DAG_OWNER='***' AIRFLOW_CTX_DAG_ID='iot_sensor_data_dag' AIRFLOW_CTX_TASK_ID='generate_sensor_data' AIRFLOW_CTX_EXECUTION_DATE='2025-11-13T18:18:45+00:00' AIRFLOW_CTX_TRY_NUMBER='1' AIRFLOW_CTX_DAG_RUN_ID='scheduled__2025-11-13T18:18:45+00:00'
[2025-11-13T18:19:00.607+0000] {logging_mixin.py:190} INFO - Task instance is in running state
[2025-11-13T18:19:00.607+0000] {logging_mixin.py:190} INFO -  Previous state of the Task instance: queued
[2025-11-13T18:19:00.607+0000] {logging_mixin.py:190} INFO - Current task name:generate_sensor_data state:running start_date:2025-11-13 18:19:02.157296+00:00
[2025-11-13T18:19:00.608+0000] {logging_mixin.py:190} INFO - Dag name:iot_sensor_data_dag and current dag run status:running
[2025-11-13T18:19:00.608+0000] {taskinstance.py:732} INFO - ::endgroup::
[2025-11-13T18:19:00.628+0000] {logging_mixin.py:190} INFO - [2025-11-13 18:19:00.617838] Inserted sensor data: {'time': datetime.datetime(2025, 11, 13, 18, 19, 0, 617838), 'temperature': 27.66336231606126, 'Dissolved_oxygen': 6.09171452065447, 'PH': 7.4901569046058025, 'Ammonia': 0.010666055462362907, 'Nitrite': 0.05142021082589416, 'Turbidty': 40.497453152596044, '_id': ObjectId('69162114817801bae9fcbac7')}
[2025-11-13T18:19:00.629+0000] {python.py:218} INFO - Done. Returned value was: None
[2025-11-13T18:19:00.638+0000] {taskinstance.py:341} INFO - ::group::Post task execution logs
[2025-11-13T18:19:00.639+0000] {taskinstance.py:353} INFO - Marking task as SUCCESS. dag_id=iot_sensor_data_dag, task_id=generate_sensor_data, run_id=scheduled__2025-11-13T18:18:45+00:00, execution_date=20251113T181845, start_date=20251113T181902, end_date=20251113T181900
[2025-11-13T18:19:00.655+0000] {logging_mixin.py:190} INFO - Task instance in success state
[2025-11-13T18:19:00.655+0000] {logging_mixin.py:190} INFO -  Previous state of the Task instance: running
[2025-11-13T18:19:00.656+0000] {logging_mixin.py:190} INFO - Dag name:iot_sensor_data_dag queued_at:2025-11-13 18:19:00.784841+00:00
[2025-11-13T18:19:00.656+0000] {logging_mixin.py:190} INFO - Task hostname:4f76d54186b6 operator:PythonOperator
[2025-11-13T18:19:00.678+0000] {local_task_job_runner.py:266} INFO - Task exited with return code 0
[2025-11-13T18:19:00.698+0000] {taskinstance.py:3901} INFO - 0 downstream tasks scheduled from follow-on schedule check
[2025-11-13T18:19:00.701+0000] {local_task_job_runner.py:245} INFO - ::endgroup::
