[2025-11-13T17:53:32.645+0000] {local_task_job_runner.py:123} INFO - ::group::Pre task execution logs
[2025-11-13T17:53:32.670+0000] {taskinstance.py:2614} INFO - Dependencies all met for dep_context=non-requeueable deps ti=<TaskInstance: iot_sensor_data_dag.generate_sensor_data scheduled__2025-11-13T17:53:15+00:00 [queued]>
[2025-11-13T17:53:32.682+0000] {taskinstance.py:2614} INFO - Dependencies all met for dep_context=requeueable deps ti=<TaskInstance: iot_sensor_data_dag.generate_sensor_data scheduled__2025-11-13T17:53:15+00:00 [queued]>
[2025-11-13T17:53:32.684+0000] {taskinstance.py:2867} INFO - Starting attempt 1 of 1
[2025-11-13T17:53:32.869+0000] {taskinstance.py:2890} INFO - Executing <Task(PythonOperator): generate_sensor_data> on 2025-11-13 17:53:15+00:00
[2025-11-13T17:53:32.881+0000] {warnings.py:112} WARNING - /home/***/.local/lib/python3.12/site-packages/***/task/task_runner/standard_task_runner.py:70: DeprecationWarning: This process (pid=1606) is multi-threaded, use of fork() may lead to deadlocks in the child.
  pid = os.fork()

[2025-11-13T17:53:32.885+0000] {standard_task_runner.py:104} INFO - Running: ['***', 'tasks', 'run', 'iot_sensor_data_dag', 'generate_sensor_data', 'scheduled__2025-11-13T17:53:15+00:00', '--job-id', '367', '--raw', '--subdir', 'DAGS_FOLDER/DEPI.py', '--cfg-path', '/tmp/tmp3ektbchz']
[2025-11-13T17:53:32.887+0000] {standard_task_runner.py:72} INFO - Started process 1608 to run task
[2025-11-13T17:53:32.888+0000] {standard_task_runner.py:105} INFO - Job 367: Subtask generate_sensor_data
[2025-11-13T17:53:32.971+0000] {task_command.py:467} INFO - Running <TaskInstance: iot_sensor_data_dag.generate_sensor_data scheduled__2025-11-13T17:53:15+00:00 [running]> on host 4f76d54186b6
[2025-11-13T17:53:33.144+0000] {taskinstance.py:3134} INFO - Exporting env vars: AIRFLOW_CTX_DAG_OWNER='***' AIRFLOW_CTX_DAG_ID='iot_sensor_data_dag' AIRFLOW_CTX_TASK_ID='generate_sensor_data' AIRFLOW_CTX_EXECUTION_DATE='2025-11-13T17:53:15+00:00' AIRFLOW_CTX_TRY_NUMBER='1' AIRFLOW_CTX_DAG_RUN_ID='scheduled__2025-11-13T17:53:15+00:00'
[2025-11-13T17:53:33.147+0000] {logging_mixin.py:190} INFO - Task instance is in running state
[2025-11-13T17:53:33.148+0000] {logging_mixin.py:190} INFO -  Previous state of the Task instance: queued
[2025-11-13T17:53:33.149+0000] {logging_mixin.py:190} INFO - Current task name:generate_sensor_data state:running start_date:2025-11-13 17:53:32.672174+00:00
[2025-11-13T17:53:33.150+0000] {logging_mixin.py:190} INFO - Dag name:iot_sensor_data_dag and current dag run status:running
[2025-11-13T17:53:33.151+0000] {taskinstance.py:732} INFO - ::endgroup::
[2025-11-13T17:53:33.214+0000] {logging_mixin.py:190} INFO - [2025-11-13 17:53:33.178498] Inserted sensor data: {'time': datetime.datetime(2025, 11, 13, 17, 53, 33, 178498), 'temperature': 27.385977328293958, 'Dissolved_oxygen': 6.078487697365764, 'PH': 7.450786705438126, 'Ammonia': 0.009227813292420122, 'Nitrite': 0.048111008482862955, 'Turbidty': 40.10991677812707, '_id': ObjectId('69161b1d678b98ba369c1c56')}
[2025-11-13T17:53:33.219+0000] {python.py:218} INFO - Done. Returned value was: None
[2025-11-13T17:53:33.242+0000] {taskinstance.py:341} INFO - ::group::Post task execution logs
[2025-11-13T17:53:33.243+0000] {taskinstance.py:353} INFO - Marking task as SUCCESS. dag_id=iot_sensor_data_dag, task_id=generate_sensor_data, run_id=scheduled__2025-11-13T17:53:15+00:00, execution_date=20251113T175315, start_date=20251113T175332, end_date=20251113T175333
[2025-11-13T17:53:33.279+0000] {logging_mixin.py:190} INFO - Task instance in success state
[2025-11-13T17:53:33.280+0000] {logging_mixin.py:190} INFO -  Previous state of the Task instance: running
[2025-11-13T17:53:33.281+0000] {logging_mixin.py:190} INFO - Dag name:iot_sensor_data_dag queued_at:2025-11-13 17:53:30.428325+00:00
[2025-11-13T17:53:33.282+0000] {logging_mixin.py:190} INFO - Task hostname:4f76d54186b6 operator:PythonOperator
[2025-11-13T17:53:33.319+0000] {local_task_job_runner.py:266} INFO - Task exited with return code 0
[2025-11-13T17:53:33.359+0000] {taskinstance.py:3901} INFO - 0 downstream tasks scheduled from follow-on schedule check
[2025-11-13T17:53:33.367+0000] {local_task_job_runner.py:245} INFO - ::endgroup::
