[2025-11-13T18:01:16.348+0000] {local_task_job_runner.py:123} INFO - ::group::Pre task execution logs
[2025-11-13T18:01:16.361+0000] {taskinstance.py:2614} INFO - Dependencies all met for dep_context=non-requeueable deps ti=<TaskInstance: iot_sensor_data_dag.generate_sensor_data scheduled__2025-11-13T18:01:00+00:00 [queued]>
[2025-11-13T18:01:16.368+0000] {taskinstance.py:2614} INFO - Dependencies all met for dep_context=requeueable deps ti=<TaskInstance: iot_sensor_data_dag.generate_sensor_data scheduled__2025-11-13T18:01:00+00:00 [queued]>
[2025-11-13T18:01:16.369+0000] {taskinstance.py:2867} INFO - Starting attempt 1 of 1
[2025-11-13T18:01:16.484+0000] {taskinstance.py:2890} INFO - Executing <Task(PythonOperator): generate_sensor_data> on 2025-11-13 18:01:00+00:00
[2025-11-13T18:01:16.490+0000] {warnings.py:112} WARNING - /home/***/.local/lib/python3.12/site-packages/***/task/task_runner/standard_task_runner.py:70: DeprecationWarning: This process (pid=1926) is multi-threaded, use of fork() may lead to deadlocks in the child.
  pid = os.fork()

[2025-11-13T18:01:16.492+0000] {standard_task_runner.py:72} INFO - Started process 1928 to run task
[2025-11-13T18:01:16.492+0000] {standard_task_runner.py:104} INFO - Running: ['***', 'tasks', 'run', 'iot_sensor_data_dag', 'generate_sensor_data', 'scheduled__2025-11-13T18:01:00+00:00', '--job-id', '398', '--raw', '--subdir', 'DAGS_FOLDER/DEPI.py', '--cfg-path', '/tmp/tmp1wkub7uk']
[2025-11-13T18:01:16.493+0000] {standard_task_runner.py:105} INFO - Job 398: Subtask generate_sensor_data
[2025-11-13T18:01:16.533+0000] {task_command.py:467} INFO - Running <TaskInstance: iot_sensor_data_dag.generate_sensor_data scheduled__2025-11-13T18:01:00+00:00 [running]> on host 4f76d54186b6
[2025-11-13T18:01:16.595+0000] {taskinstance.py:3134} INFO - Exporting env vars: AIRFLOW_CTX_DAG_OWNER='***' AIRFLOW_CTX_DAG_ID='iot_sensor_data_dag' AIRFLOW_CTX_TASK_ID='generate_sensor_data' AIRFLOW_CTX_EXECUTION_DATE='2025-11-13T18:01:00+00:00' AIRFLOW_CTX_TRY_NUMBER='1' AIRFLOW_CTX_DAG_RUN_ID='scheduled__2025-11-13T18:01:00+00:00'
[2025-11-13T18:01:16.597+0000] {logging_mixin.py:190} INFO - Task instance is in running state
[2025-11-13T18:01:16.598+0000] {logging_mixin.py:190} INFO -  Previous state of the Task instance: queued
[2025-11-13T18:01:16.598+0000] {logging_mixin.py:190} INFO - Current task name:generate_sensor_data state:running start_date:2025-11-13 18:01:16.362601+00:00
[2025-11-13T18:01:16.599+0000] {logging_mixin.py:190} INFO - Dag name:iot_sensor_data_dag and current dag run status:running
[2025-11-13T18:01:16.599+0000] {taskinstance.py:732} INFO - ::endgroup::
[2025-11-13T18:01:16.625+0000] {logging_mixin.py:190} INFO - [2025-11-13 18:01:16.611937] Inserted sensor data: {'time': datetime.datetime(2025, 11, 13, 18, 1, 16, 611937), 'temperature': 27.537248501204534, 'Dissolved_oxygen': 6.0228981605281176, 'PH': 7.481120276555389, 'Ammonia': 0.010417715288553434, 'Nitrite': 0.04952220752457269, 'Turbidty': 39.67039325878009, '_id': ObjectId('69161cecbe42a7ab71c7f2cf')}
[2025-11-13T18:01:16.627+0000] {python.py:218} INFO - Done. Returned value was: None
[2025-11-13T18:01:16.637+0000] {taskinstance.py:341} INFO - ::group::Post task execution logs
[2025-11-13T18:01:16.638+0000] {taskinstance.py:353} INFO - Marking task as SUCCESS. dag_id=iot_sensor_data_dag, task_id=generate_sensor_data, run_id=scheduled__2025-11-13T18:01:00+00:00, execution_date=20251113T180100, start_date=20251113T180116, end_date=20251113T180116
[2025-11-13T18:01:16.655+0000] {logging_mixin.py:190} INFO - Task instance in success state
[2025-11-13T18:01:16.656+0000] {logging_mixin.py:190} INFO -  Previous state of the Task instance: running
[2025-11-13T18:01:16.656+0000] {logging_mixin.py:190} INFO - Dag name:iot_sensor_data_dag queued_at:2025-11-13 18:01:15.095073+00:00
[2025-11-13T18:01:16.656+0000] {logging_mixin.py:190} INFO - Task hostname:4f76d54186b6 operator:PythonOperator
[2025-11-13T18:01:16.676+0000] {local_task_job_runner.py:266} INFO - Task exited with return code 0
[2025-11-13T18:01:16.695+0000] {taskinstance.py:3901} INFO - 0 downstream tasks scheduled from follow-on schedule check
[2025-11-13T18:01:16.699+0000] {local_task_job_runner.py:245} INFO - ::endgroup::
