[2025-11-13T18:31:46.665+0000] {local_task_job_runner.py:123} INFO - ::group::Pre task execution logs
[2025-11-13T18:31:46.679+0000] {taskinstance.py:2614} INFO - Dependencies all met for dep_context=non-requeueable deps ti=<TaskInstance: iot_sensor_data_dag.generate_sensor_data scheduled__2025-11-13T18:31:30+00:00 [queued]>
[2025-11-13T18:31:46.685+0000] {taskinstance.py:2614} INFO - Dependencies all met for dep_context=requeueable deps ti=<TaskInstance: iot_sensor_data_dag.generate_sensor_data scheduled__2025-11-13T18:31:30+00:00 [queued]>
[2025-11-13T18:31:46.687+0000] {taskinstance.py:2867} INFO - Starting attempt 1 of 1
[2025-11-13T18:31:46.809+0000] {taskinstance.py:2890} INFO - Executing <Task(PythonOperator): generate_sensor_data> on 2025-11-13 18:31:30+00:00
[2025-11-13T18:31:46.816+0000] {warnings.py:112} WARNING - /home/***/.local/lib/python3.12/site-packages/***/task/task_runner/standard_task_runner.py:70: DeprecationWarning: This process (pid=3206) is multi-threaded, use of fork() may lead to deadlocks in the child.
  pid = os.fork()

[2025-11-13T18:31:46.818+0000] {standard_task_runner.py:72} INFO - Started process 3208 to run task
[2025-11-13T18:31:46.817+0000] {standard_task_runner.py:104} INFO - Running: ['***', 'tasks', 'run', 'iot_sensor_data_dag', 'generate_sensor_data', 'scheduled__2025-11-13T18:31:30+00:00', '--job-id', '520', '--raw', '--subdir', 'DAGS_FOLDER/DEPI.py', '--cfg-path', '/tmp/tmp4sv76bw5']
[2025-11-13T18:31:46.818+0000] {standard_task_runner.py:105} INFO - Job 520: Subtask generate_sensor_data
[2025-11-13T18:31:46.855+0000] {task_command.py:467} INFO - Running <TaskInstance: iot_sensor_data_dag.generate_sensor_data scheduled__2025-11-13T18:31:30+00:00 [running]> on host 4f76d54186b6
[2025-11-13T18:31:46.926+0000] {taskinstance.py:3134} INFO - Exporting env vars: AIRFLOW_CTX_DAG_OWNER='***' AIRFLOW_CTX_DAG_ID='iot_sensor_data_dag' AIRFLOW_CTX_TASK_ID='generate_sensor_data' AIRFLOW_CTX_EXECUTION_DATE='2025-11-13T18:31:30+00:00' AIRFLOW_CTX_TRY_NUMBER='1' AIRFLOW_CTX_DAG_RUN_ID='scheduled__2025-11-13T18:31:30+00:00'
[2025-11-13T18:31:46.928+0000] {logging_mixin.py:190} INFO - Task instance is in running state
[2025-11-13T18:31:46.929+0000] {logging_mixin.py:190} INFO -  Previous state of the Task instance: queued
[2025-11-13T18:31:46.930+0000] {logging_mixin.py:190} INFO - Current task name:generate_sensor_data state:running start_date:2025-11-13 18:31:46.680998+00:00
[2025-11-13T18:31:46.930+0000] {logging_mixin.py:190} INFO - Dag name:iot_sensor_data_dag and current dag run status:running
[2025-11-13T18:31:46.931+0000] {taskinstance.py:732} INFO - ::endgroup::
[2025-11-13T18:31:46.959+0000] {logging_mixin.py:190} INFO - [2025-11-13 18:31:46.945857] Inserted sensor data: {'time': datetime.datetime(2025, 11, 13, 18, 31, 46, 945857), 'temperature': 27.50517822026411, 'Dissolved_oxygen': 5.962764952626122, 'PH': 7.494793083467487, 'Ammonia': 0.010539829089946134, 'Nitrite': 0.054266152918818714, 'Turbidty': 40.410717540802565, '_id': ObjectId('69162412dfcdda0e38659a6e')}
[2025-11-13T18:31:46.960+0000] {python.py:218} INFO - Done. Returned value was: None
[2025-11-13T18:31:46.972+0000] {taskinstance.py:341} INFO - ::group::Post task execution logs
[2025-11-13T18:31:46.973+0000] {taskinstance.py:353} INFO - Marking task as SUCCESS. dag_id=iot_sensor_data_dag, task_id=generate_sensor_data, run_id=scheduled__2025-11-13T18:31:30+00:00, execution_date=20251113T183130, start_date=20251113T183146, end_date=20251113T183146
[2025-11-13T18:31:46.994+0000] {logging_mixin.py:190} INFO - Task instance in success state
[2025-11-13T18:31:46.995+0000] {logging_mixin.py:190} INFO -  Previous state of the Task instance: running
[2025-11-13T18:31:46.996+0000] {logging_mixin.py:190} INFO - Dag name:iot_sensor_data_dag queued_at:2025-11-13 18:31:45.407129+00:00
[2025-11-13T18:31:46.997+0000] {logging_mixin.py:190} INFO - Task hostname:4f76d54186b6 operator:PythonOperator
[2025-11-13T18:31:47.034+0000] {local_task_job_runner.py:266} INFO - Task exited with return code 0
[2025-11-13T18:31:47.056+0000] {taskinstance.py:3901} INFO - 0 downstream tasks scheduled from follow-on schedule check
[2025-11-13T18:31:47.061+0000] {local_task_job_runner.py:245} INFO - ::endgroup::
