[2025-11-13T18:53:17.082+0000] {local_task_job_runner.py:123} INFO - ::group::Pre task execution logs
[2025-11-13T18:53:17.096+0000] {taskinstance.py:2614} INFO - Dependencies all met for dep_context=non-requeueable deps ti=<TaskInstance: iot_sensor_data_dag.generate_sensor_data scheduled__2025-11-13T18:53:00+00:00 [queued]>
[2025-11-13T18:53:17.106+0000] {taskinstance.py:2614} INFO - Dependencies all met for dep_context=requeueable deps ti=<TaskInstance: iot_sensor_data_dag.generate_sensor_data scheduled__2025-11-13T18:53:00+00:00 [queued]>
[2025-11-13T18:53:17.118+0000] {taskinstance.py:2867} INFO - Starting attempt 1 of 1
[2025-11-13T18:53:17.237+0000] {taskinstance.py:2890} INFO - Executing <Task(PythonOperator): generate_sensor_data> on 2025-11-13 18:53:00+00:00
[2025-11-13T18:53:17.247+0000] {warnings.py:112} WARNING - /home/***/.local/lib/python3.12/site-packages/***/task/task_runner/standard_task_runner.py:70: DeprecationWarning: This process (pid=4107) is multi-threaded, use of fork() may lead to deadlocks in the child.
  pid = os.fork()

[2025-11-13T18:53:17.249+0000] {standard_task_runner.py:104} INFO - Running: ['***', 'tasks', 'run', 'iot_sensor_data_dag', 'generate_sensor_data', 'scheduled__2025-11-13T18:53:00+00:00', '--job-id', '606', '--raw', '--subdir', 'DAGS_FOLDER/DEPI.py', '--cfg-path', '/tmp/tmpz5g8cl3h']
[2025-11-13T18:53:17.253+0000] {standard_task_runner.py:72} INFO - Started process 4109 to run task
[2025-11-13T18:53:17.256+0000] {standard_task_runner.py:105} INFO - Job 606: Subtask generate_sensor_data
[2025-11-13T18:53:17.307+0000] {task_command.py:467} INFO - Running <TaskInstance: iot_sensor_data_dag.generate_sensor_data scheduled__2025-11-13T18:53:00+00:00 [running]> on host 4f76d54186b6
[2025-11-13T18:53:17.377+0000] {taskinstance.py:3134} INFO - Exporting env vars: AIRFLOW_CTX_DAG_OWNER='***' AIRFLOW_CTX_DAG_ID='iot_sensor_data_dag' AIRFLOW_CTX_TASK_ID='generate_sensor_data' AIRFLOW_CTX_EXECUTION_DATE='2025-11-13T18:53:00+00:00' AIRFLOW_CTX_TRY_NUMBER='1' AIRFLOW_CTX_DAG_RUN_ID='scheduled__2025-11-13T18:53:00+00:00'
[2025-11-13T18:53:17.378+0000] {logging_mixin.py:190} INFO - Task instance is in running state
[2025-11-13T18:53:17.379+0000] {logging_mixin.py:190} INFO -  Previous state of the Task instance: queued
[2025-11-13T18:53:17.379+0000] {logging_mixin.py:190} INFO - Current task name:generate_sensor_data state:running start_date:2025-11-13 18:53:17.101051+00:00
[2025-11-13T18:53:17.380+0000] {logging_mixin.py:190} INFO - Dag name:iot_sensor_data_dag and current dag run status:running
[2025-11-13T18:53:17.380+0000] {taskinstance.py:732} INFO - ::endgroup::
[2025-11-13T18:53:17.431+0000] {logging_mixin.py:190} INFO - [2025-11-13 18:53:17.391812] Inserted sensor data: {'time': datetime.datetime(2025, 11, 13, 18, 53, 17, 391812), 'temperature': 27.37134228024692, 'Dissolved_oxygen': 5.95139662633006, 'PH': 7.563121813901432, 'Ammonia': 0.009577225757576887, 'Nitrite': 0.04777412866587601, 'Turbidty': 39.58572507380376, '_id': ObjectId('6916291d56ef43bcd735645b')}
[2025-11-13T18:53:17.434+0000] {python.py:218} INFO - Done. Returned value was: None
[2025-11-13T18:53:17.444+0000] {taskinstance.py:341} INFO - ::group::Post task execution logs
[2025-11-13T18:53:17.445+0000] {taskinstance.py:353} INFO - Marking task as SUCCESS. dag_id=iot_sensor_data_dag, task_id=generate_sensor_data, run_id=scheduled__2025-11-13T18:53:00+00:00, execution_date=20251113T185300, start_date=20251113T185317, end_date=20251113T185317
[2025-11-13T18:53:17.472+0000] {logging_mixin.py:190} INFO - Task instance in success state
[2025-11-13T18:53:17.479+0000] {logging_mixin.py:190} INFO -  Previous state of the Task instance: running
[2025-11-13T18:53:17.481+0000] {logging_mixin.py:190} INFO - Dag name:iot_sensor_data_dag queued_at:2025-11-13 18:53:15.821926+00:00
[2025-11-13T18:53:17.482+0000] {logging_mixin.py:190} INFO - Task hostname:4f76d54186b6 operator:PythonOperator
[2025-11-13T18:53:17.516+0000] {local_task_job_runner.py:266} INFO - Task exited with return code 0
[2025-11-13T18:53:17.535+0000] {taskinstance.py:3901} INFO - 0 downstream tasks scheduled from follow-on schedule check
[2025-11-13T18:53:17.546+0000] {local_task_job_runner.py:245} INFO - ::endgroup::
