[2025-11-13T18:03:46.287+0000] {local_task_job_runner.py:123} INFO - ::group::Pre task execution logs
[2025-11-13T18:03:46.299+0000] {taskinstance.py:2614} INFO - Dependencies all met for dep_context=non-requeueable deps ti=<TaskInstance: iot_sensor_data_dag.generate_sensor_data scheduled__2025-11-13T18:03:30+00:00 [queued]>
[2025-11-13T18:03:46.304+0000] {taskinstance.py:2614} INFO - Dependencies all met for dep_context=requeueable deps ti=<TaskInstance: iot_sensor_data_dag.generate_sensor_data scheduled__2025-11-13T18:03:30+00:00 [queued]>
[2025-11-13T18:03:46.305+0000] {taskinstance.py:2867} INFO - Starting attempt 1 of 1
[2025-11-13T18:03:46.424+0000] {taskinstance.py:2890} INFO - Executing <Task(PythonOperator): generate_sensor_data> on 2025-11-13 18:03:30+00:00
[2025-11-13T18:03:46.431+0000] {warnings.py:112} WARNING - /home/***/.local/lib/python3.12/site-packages/***/task/task_runner/standard_task_runner.py:70: DeprecationWarning: This process (pid=2031) is multi-threaded, use of fork() may lead to deadlocks in the child.
  pid = os.fork()

[2025-11-13T18:03:46.434+0000] {standard_task_runner.py:72} INFO - Started process 2033 to run task
[2025-11-13T18:03:46.434+0000] {standard_task_runner.py:104} INFO - Running: ['***', 'tasks', 'run', 'iot_sensor_data_dag', 'generate_sensor_data', 'scheduled__2025-11-13T18:03:30+00:00', '--job-id', '408', '--raw', '--subdir', 'DAGS_FOLDER/DEPI.py', '--cfg-path', '/tmp/tmpw6909lcl']
[2025-11-13T18:03:46.435+0000] {standard_task_runner.py:105} INFO - Job 408: Subtask generate_sensor_data
[2025-11-13T18:03:46.479+0000] {task_command.py:467} INFO - Running <TaskInstance: iot_sensor_data_dag.generate_sensor_data scheduled__2025-11-13T18:03:30+00:00 [running]> on host 4f76d54186b6
[2025-11-13T18:03:46.540+0000] {taskinstance.py:3134} INFO - Exporting env vars: AIRFLOW_CTX_DAG_OWNER='***' AIRFLOW_CTX_DAG_ID='iot_sensor_data_dag' AIRFLOW_CTX_TASK_ID='generate_sensor_data' AIRFLOW_CTX_EXECUTION_DATE='2025-11-13T18:03:30+00:00' AIRFLOW_CTX_TRY_NUMBER='1' AIRFLOW_CTX_DAG_RUN_ID='scheduled__2025-11-13T18:03:30+00:00'
[2025-11-13T18:03:46.542+0000] {logging_mixin.py:190} INFO - Task instance is in running state
[2025-11-13T18:03:46.542+0000] {logging_mixin.py:190} INFO -  Previous state of the Task instance: queued
[2025-11-13T18:03:46.543+0000] {logging_mixin.py:190} INFO - Current task name:generate_sensor_data state:running start_date:2025-11-13 18:03:46.300029+00:00
[2025-11-13T18:03:46.543+0000] {logging_mixin.py:190} INFO - Dag name:iot_sensor_data_dag and current dag run status:running
[2025-11-13T18:03:46.544+0000] {taskinstance.py:732} INFO - ::endgroup::
[2025-11-13T18:03:46.570+0000] {logging_mixin.py:190} INFO - [2025-11-13 18:03:46.555912] Inserted sensor data: {'time': datetime.datetime(2025, 11, 13, 18, 3, 46, 555912), 'temperature': 27.633991958745614, 'Dissolved_oxygen': 5.926874866459296, 'PH': 7.536280435610091, 'Ammonia': 0.009769146519281726, 'Nitrite': 0.04606311456885362, 'Turbidty': 39.65069984453722, '_id': ObjectId('69161d828642314872ece4c3')}
[2025-11-13T18:03:46.572+0000] {python.py:218} INFO - Done. Returned value was: None
[2025-11-13T18:03:46.583+0000] {taskinstance.py:341} INFO - ::group::Post task execution logs
[2025-11-13T18:03:46.584+0000] {taskinstance.py:353} INFO - Marking task as SUCCESS. dag_id=iot_sensor_data_dag, task_id=generate_sensor_data, run_id=scheduled__2025-11-13T18:03:30+00:00, execution_date=20251113T180330, start_date=20251113T180346, end_date=20251113T180346
[2025-11-13T18:03:46.601+0000] {logging_mixin.py:190} INFO - Task instance in success state
[2025-11-13T18:03:46.602+0000] {logging_mixin.py:190} INFO -  Previous state of the Task instance: running
[2025-11-13T18:03:46.603+0000] {logging_mixin.py:190} INFO - Dag name:iot_sensor_data_dag queued_at:2025-11-13 18:03:45.099406+00:00
[2025-11-13T18:03:46.603+0000] {logging_mixin.py:190} INFO - Task hostname:4f76d54186b6 operator:PythonOperator
[2025-11-13T18:03:46.611+0000] {local_task_job_runner.py:266} INFO - Task exited with return code 0
[2025-11-13T18:03:46.629+0000] {taskinstance.py:3901} INFO - 0 downstream tasks scheduled from follow-on schedule check
[2025-11-13T18:03:46.632+0000] {local_task_job_runner.py:245} INFO - ::endgroup::
