[2025-11-16T20:24:22.530+0000] {local_task_job_runner.py:123} INFO - ::group::Pre task execution logs
[2025-11-16T20:24:22.547+0000] {taskinstance.py:2614} INFO - Dependencies all met for dep_context=non-requeueable deps ti=<TaskInstance: iot_sensor_data_dag.notify_and_mail_if_fail scheduled__2025-11-16T20:08:20+00:00 [queued]>
[2025-11-16T20:24:22.554+0000] {taskinstance.py:2614} INFO - Dependencies all met for dep_context=requeueable deps ti=<TaskInstance: iot_sensor_data_dag.notify_and_mail_if_fail scheduled__2025-11-16T20:08:20+00:00 [queued]>
[2025-11-16T20:24:22.555+0000] {taskinstance.py:2867} INFO - Starting attempt 1 of 1
[2025-11-16T20:24:22.751+0000] {taskinstance.py:2890} INFO - Executing <Task(PythonOperator): notify_and_mail_if_fail> on 2025-11-16 20:08:20+00:00
[2025-11-16T20:24:22.759+0000] {warnings.py:112} WARNING - /home/***/.local/lib/python3.12/site-packages/***/task/task_runner/standard_task_runner.py:70: DeprecationWarning: This process (pid=125) is multi-threaded, use of fork() may lead to deadlocks in the child.
  pid = os.fork()

[2025-11-16T20:24:22.761+0000] {standard_task_runner.py:72} INFO - Started process 136 to run task
[2025-11-16T20:24:22.763+0000] {standard_task_runner.py:104} INFO - Running: ['***', 'tasks', 'run', 'iot_sensor_data_dag', 'notify_and_mail_if_fail', 'scheduled__2025-11-16T20:08:20+00:00', '--job-id', '1625', '--raw', '--subdir', 'DAGS_FOLDER/DEPI.py', '--cfg-path', '/tmp/tmp1egob8i9']
[2025-11-16T20:24:22.764+0000] {standard_task_runner.py:105} INFO - Job 1625: Subtask notify_and_mail_if_fail
[2025-11-16T20:24:22.815+0000] {task_command.py:467} INFO - Running <TaskInstance: iot_sensor_data_dag.notify_and_mail_if_fail scheduled__2025-11-16T20:08:20+00:00 [running]> on host 4f76d54186b6
[2025-11-16T20:24:22.888+0000] {taskinstance.py:3134} INFO - Exporting env vars: AIRFLOW_CTX_DAG_OWNER='***' AIRFLOW_CTX_DAG_ID='iot_sensor_data_dag' AIRFLOW_CTX_TASK_ID='notify_and_mail_if_fail' AIRFLOW_CTX_EXECUTION_DATE='2025-11-16T20:08:20+00:00' AIRFLOW_CTX_TRY_NUMBER='1' AIRFLOW_CTX_DAG_RUN_ID='scheduled__2025-11-16T20:08:20+00:00'
[2025-11-16T20:24:22.890+0000] {logging_mixin.py:190} INFO - Task instance is in running state
[2025-11-16T20:24:22.891+0000] {logging_mixin.py:190} INFO -  Previous state of the Task instance: queued
[2025-11-16T20:24:22.892+0000] {logging_mixin.py:190} INFO - Current task name:notify_and_mail_if_fail state:running start_date:2025-11-16 20:24:22.548121+00:00
[2025-11-16T20:24:22.893+0000] {logging_mixin.py:190} INFO - Dag name:iot_sensor_data_dag and current dag run status:running
[2025-11-16T20:24:22.893+0000] {taskinstance.py:732} INFO - ::endgroup::
[2025-11-16T20:24:27.891+0000] {logging_mixin.py:190} INFO - Email sent successfully!
[2025-11-16T20:24:27.894+0000] {python.py:218} INFO - Done. Returned value was: None
[2025-11-16T20:24:27.902+0000] {taskinstance.py:341} INFO - ::group::Post task execution logs
[2025-11-16T20:24:27.905+0000] {taskinstance.py:353} INFO - Marking task as SUCCESS. dag_id=iot_sensor_data_dag, task_id=notify_and_mail_if_fail, run_id=scheduled__2025-11-16T20:08:20+00:00, execution_date=20251116T200820, start_date=20251116T202422, end_date=20251116T202427
[2025-11-16T20:24:27.928+0000] {logging_mixin.py:190} INFO - Task instance in success state
[2025-11-16T20:24:27.930+0000] {logging_mixin.py:190} INFO -  Previous state of the Task instance: running
[2025-11-16T20:24:27.932+0000] {logging_mixin.py:190} INFO - Dag name:iot_sensor_data_dag queued_at:2025-11-16 20:08:46.052707+00:00
[2025-11-16T20:24:27.934+0000] {logging_mixin.py:190} INFO - Task hostname:4f76d54186b6 operator:PythonOperator
[2025-11-16T20:24:27.961+0000] {local_task_job_runner.py:266} INFO - Task exited with return code 0
[2025-11-16T20:24:27.974+0000] {taskinstance.py:3901} INFO - 0 downstream tasks scheduled from follow-on schedule check
[2025-11-16T20:24:27.978+0000] {local_task_job_runner.py:245} INFO - ::endgroup::
