[2025-11-13T18:05:02.182+0000] {local_task_job_runner.py:123} INFO - ::group::Pre task execution logs
[2025-11-13T18:05:02.194+0000] {taskinstance.py:2614} INFO - Dependencies all met for dep_context=non-requeueable deps ti=<TaskInstance: iot_sensor_data_dag.generate_sensor_data scheduled__2025-11-13T18:04:45+00:00 [queued]>
[2025-11-13T18:05:02.200+0000] {taskinstance.py:2614} INFO - Dependencies all met for dep_context=requeueable deps ti=<TaskInstance: iot_sensor_data_dag.generate_sensor_data scheduled__2025-11-13T18:04:45+00:00 [queued]>
[2025-11-13T18:05:02.201+0000] {taskinstance.py:2867} INFO - Starting attempt 1 of 1
[2025-11-13T18:05:02.335+0000] {taskinstance.py:2890} INFO - Executing <Task(PythonOperator): generate_sensor_data> on 2025-11-13 18:04:45+00:00
[2025-11-13T18:05:02.342+0000] {warnings.py:112} WARNING - /home/***/.local/lib/python3.12/site-packages/***/task/task_runner/standard_task_runner.py:70: DeprecationWarning: This process (pid=2087) is multi-threaded, use of fork() may lead to deadlocks in the child.
  pid = os.fork()

[2025-11-13T18:05:02.344+0000] {standard_task_runner.py:72} INFO - Started process 2089 to run task
[2025-11-13T18:05:02.343+0000] {standard_task_runner.py:104} INFO - Running: ['***', 'tasks', 'run', 'iot_sensor_data_dag', 'generate_sensor_data', 'scheduled__2025-11-13T18:04:45+00:00', '--job-id', '413', '--raw', '--subdir', 'DAGS_FOLDER/DEPI.py', '--cfg-path', '/tmp/tmpfrdo15jm']
[2025-11-13T18:05:02.345+0000] {standard_task_runner.py:105} INFO - Job 413: Subtask generate_sensor_data
[2025-11-13T18:05:02.384+0000] {task_command.py:467} INFO - Running <TaskInstance: iot_sensor_data_dag.generate_sensor_data scheduled__2025-11-13T18:04:45+00:00 [running]> on host 4f76d54186b6
[2025-11-13T18:05:02.445+0000] {taskinstance.py:3134} INFO - Exporting env vars: AIRFLOW_CTX_DAG_OWNER='***' AIRFLOW_CTX_DAG_ID='iot_sensor_data_dag' AIRFLOW_CTX_TASK_ID='generate_sensor_data' AIRFLOW_CTX_EXECUTION_DATE='2025-11-13T18:04:45+00:00' AIRFLOW_CTX_TRY_NUMBER='1' AIRFLOW_CTX_DAG_RUN_ID='scheduled__2025-11-13T18:04:45+00:00'
[2025-11-13T18:05:02.446+0000] {logging_mixin.py:190} INFO - Task instance is in running state
[2025-11-13T18:05:02.446+0000] {logging_mixin.py:190} INFO -  Previous state of the Task instance: queued
[2025-11-13T18:05:02.447+0000] {logging_mixin.py:190} INFO - Current task name:generate_sensor_data state:running start_date:2025-11-13 18:05:02.195504+00:00
[2025-11-13T18:05:02.447+0000] {logging_mixin.py:190} INFO - Dag name:iot_sensor_data_dag and current dag run status:running
[2025-11-13T18:05:02.448+0000] {taskinstance.py:732} INFO - ::endgroup::
[2025-11-13T18:05:02.479+0000] {logging_mixin.py:190} INFO - [2025-11-13 18:05:02.461618] Inserted sensor data: {'time': datetime.datetime(2025, 11, 13, 18, 5, 2, 461618), 'temperature': 27.351090272329806, 'Dissolved_oxygen': 6.079031277430592, 'PH': 7.505785472947088, 'Ammonia': 0.010148871013411399, 'Nitrite': 0.05195706319353094, 'Turbidty': 40.232697660507, '_id': ObjectId('69161dce51899df4f2361188')}
[2025-11-13T18:05:02.483+0000] {python.py:218} INFO - Done. Returned value was: None
[2025-11-13T18:05:02.494+0000] {taskinstance.py:341} INFO - ::group::Post task execution logs
[2025-11-13T18:05:02.495+0000] {taskinstance.py:353} INFO - Marking task as SUCCESS. dag_id=iot_sensor_data_dag, task_id=generate_sensor_data, run_id=scheduled__2025-11-13T18:04:45+00:00, execution_date=20251113T180445, start_date=20251113T180502, end_date=20251113T180502
[2025-11-13T18:05:02.515+0000] {logging_mixin.py:190} INFO - Task instance in success state
[2025-11-13T18:05:02.516+0000] {logging_mixin.py:190} INFO -  Previous state of the Task instance: running
[2025-11-13T18:05:02.516+0000] {logging_mixin.py:190} INFO - Dag name:iot_sensor_data_dag queued_at:2025-11-13 18:05:00.892720+00:00
[2025-11-13T18:05:02.517+0000] {logging_mixin.py:190} INFO - Task hostname:4f76d54186b6 operator:PythonOperator
[2025-11-13T18:05:02.561+0000] {local_task_job_runner.py:266} INFO - Task exited with return code 0
[2025-11-13T18:05:02.580+0000] {taskinstance.py:3901} INFO - 0 downstream tasks scheduled from follow-on schedule check
[2025-11-13T18:05:02.584+0000] {local_task_job_runner.py:245} INFO - ::endgroup::
