[2025-11-13T17:31:17.564+0000] {local_task_job_runner.py:123} INFO - ::group::Pre task execution logs
[2025-11-13T17:31:17.579+0000] {taskinstance.py:2614} INFO - Dependencies all met for dep_context=non-requeueable deps ti=<TaskInstance: iot_sensor_data_dag.generate_sensor_data scheduled__2025-11-13T17:31:00+00:00 [queued]>
[2025-11-13T17:31:17.588+0000] {taskinstance.py:2614} INFO - Dependencies all met for dep_context=requeueable deps ti=<TaskInstance: iot_sensor_data_dag.generate_sensor_data scheduled__2025-11-13T17:31:00+00:00 [queued]>
[2025-11-13T17:31:17.589+0000] {taskinstance.py:2867} INFO - Starting attempt 1 of 1
[2025-11-13T17:31:17.724+0000] {taskinstance.py:2890} INFO - Executing <Task(PythonOperator): generate_sensor_data> on 2025-11-13 17:31:00+00:00
[2025-11-13T17:31:17.731+0000] {warnings.py:112} WARNING - /home/***/.local/lib/python3.12/site-packages/***/task/task_runner/standard_task_runner.py:70: DeprecationWarning: This process (pid=682) is multi-threaded, use of fork() may lead to deadlocks in the child.
  pid = os.fork()

[2025-11-13T17:31:17.733+0000] {standard_task_runner.py:104} INFO - Running: ['***', 'tasks', 'run', 'iot_sensor_data_dag', 'generate_sensor_data', 'scheduled__2025-11-13T17:31:00+00:00', '--job-id', '278', '--raw', '--subdir', 'DAGS_FOLDER/DEPI.py', '--cfg-path', '/tmp/tmpqv43eqpk']
[2025-11-13T17:31:17.733+0000] {standard_task_runner.py:72} INFO - Started process 684 to run task
[2025-11-13T17:31:17.734+0000] {standard_task_runner.py:105} INFO - Job 278: Subtask generate_sensor_data
[2025-11-13T17:31:17.777+0000] {task_command.py:467} INFO - Running <TaskInstance: iot_sensor_data_dag.generate_sensor_data scheduled__2025-11-13T17:31:00+00:00 [running]> on host 4f76d54186b6
[2025-11-13T17:31:17.850+0000] {taskinstance.py:3134} INFO - Exporting env vars: AIRFLOW_CTX_DAG_OWNER='***' AIRFLOW_CTX_DAG_ID='iot_sensor_data_dag' AIRFLOW_CTX_TASK_ID='generate_sensor_data' AIRFLOW_CTX_EXECUTION_DATE='2025-11-13T17:31:00+00:00' AIRFLOW_CTX_TRY_NUMBER='1' AIRFLOW_CTX_DAG_RUN_ID='scheduled__2025-11-13T17:31:00+00:00'
[2025-11-13T17:31:17.852+0000] {logging_mixin.py:190} INFO - Task instance is in running state
[2025-11-13T17:31:17.852+0000] {logging_mixin.py:190} INFO -  Previous state of the Task instance: queued
[2025-11-13T17:31:17.853+0000] {logging_mixin.py:190} INFO - Current task name:generate_sensor_data state:running start_date:2025-11-13 17:31:17.581194+00:00
[2025-11-13T17:31:17.853+0000] {logging_mixin.py:190} INFO - Dag name:iot_sensor_data_dag and current dag run status:running
[2025-11-13T17:31:17.854+0000] {taskinstance.py:732} INFO - ::endgroup::
[2025-11-13T17:31:17.889+0000] {logging_mixin.py:190} INFO - [2025-11-13 17:31:17.870370] Inserted sensor data: {'time': datetime.datetime(2025, 11, 13, 17, 31, 17, 870370), 'temperature': 27.668888801178216, 'Dissolved_oxygen': 5.905637888415898, 'PH': 7.456747196948993, 'Ammonia': 0.009809566657300421, 'Nitrite': 0.04652511268581631, 'Turbidty': 40.42681145951277, '_id': ObjectId('691615e50fc2e6c20c282860')}
[2025-11-13T17:31:17.891+0000] {python.py:218} INFO - Done. Returned value was: None
[2025-11-13T17:31:17.901+0000] {taskinstance.py:341} INFO - ::group::Post task execution logs
[2025-11-13T17:31:17.902+0000] {taskinstance.py:353} INFO - Marking task as SUCCESS. dag_id=iot_sensor_data_dag, task_id=generate_sensor_data, run_id=scheduled__2025-11-13T17:31:00+00:00, execution_date=20251113T173100, start_date=20251113T173117, end_date=20251113T173117
[2025-11-13T17:31:17.923+0000] {logging_mixin.py:190} INFO - Task instance in success state
[2025-11-13T17:31:17.924+0000] {logging_mixin.py:190} INFO -  Previous state of the Task instance: running
[2025-11-13T17:31:17.924+0000] {logging_mixin.py:190} INFO - Dag name:iot_sensor_data_dag queued_at:2025-11-13 17:31:16.074174+00:00
[2025-11-13T17:31:17.925+0000] {logging_mixin.py:190} INFO - Task hostname:4f76d54186b6 operator:PythonOperator
[2025-11-13T17:31:17.952+0000] {local_task_job_runner.py:266} INFO - Task exited with return code 0
[2025-11-13T17:31:17.974+0000] {taskinstance.py:3901} INFO - 0 downstream tasks scheduled from follow-on schedule check
[2025-11-13T17:31:17.979+0000] {local_task_job_runner.py:245} INFO - ::endgroup::
