[2025-11-15T18:48:46.846+0000] {local_task_job_runner.py:123} INFO - ::group::Pre task execution logs
[2025-11-15T18:48:46.860+0000] {taskinstance.py:2614} INFO - Dependencies all met for dep_context=non-requeueable deps ti=<TaskInstance: iot_sensor_data_dag.generate_sensor_data scheduled__2025-11-15T18:48:30+00:00 [queued]>
[2025-11-15T18:48:46.867+0000] {taskinstance.py:2614} INFO - Dependencies all met for dep_context=requeueable deps ti=<TaskInstance: iot_sensor_data_dag.generate_sensor_data scheduled__2025-11-15T18:48:30+00:00 [queued]>
[2025-11-15T18:48:46.868+0000] {taskinstance.py:2867} INFO - Starting attempt 1 of 1
[2025-11-15T18:48:47.005+0000] {taskinstance.py:2890} INFO - Executing <Task(PythonOperator): generate_sensor_data> on 2025-11-15 18:48:30+00:00
[2025-11-15T18:48:47.011+0000] {warnings.py:112} WARNING - /home/***/.local/lib/python3.12/site-packages/***/task/task_runner/standard_task_runner.py:70: DeprecationWarning: This process (pid=110) is multi-threaded, use of fork() may lead to deadlocks in the child.
  pid = os.fork()

[2025-11-15T18:48:47.013+0000] {standard_task_runner.py:72} INFO - Started process 112 to run task
[2025-11-15T18:48:47.013+0000] {standard_task_runner.py:104} INFO - Running: ['***', 'tasks', 'run', 'iot_sensor_data_dag', 'generate_sensor_data', 'scheduled__2025-11-15T18:48:30+00:00', '--job-id', '1348', '--raw', '--subdir', 'DAGS_FOLDER/DEPI.py', '--cfg-path', '/tmp/tmpxdp7gjk8']
[2025-11-15T18:48:47.014+0000] {standard_task_runner.py:105} INFO - Job 1348: Subtask generate_sensor_data
[2025-11-15T18:48:47.055+0000] {task_command.py:467} INFO - Running <TaskInstance: iot_sensor_data_dag.generate_sensor_data scheduled__2025-11-15T18:48:30+00:00 [running]> on host 4f76d54186b6
[2025-11-15T18:48:47.117+0000] {taskinstance.py:3134} INFO - Exporting env vars: AIRFLOW_CTX_DAG_OWNER='***' AIRFLOW_CTX_DAG_ID='iot_sensor_data_dag' AIRFLOW_CTX_TASK_ID='generate_sensor_data' AIRFLOW_CTX_EXECUTION_DATE='2025-11-15T18:48:30+00:00' AIRFLOW_CTX_TRY_NUMBER='1' AIRFLOW_CTX_DAG_RUN_ID='scheduled__2025-11-15T18:48:30+00:00'
[2025-11-15T18:48:47.118+0000] {logging_mixin.py:190} INFO - Task instance is in running state
[2025-11-15T18:48:47.119+0000] {logging_mixin.py:190} INFO -  Previous state of the Task instance: queued
[2025-11-15T18:48:47.119+0000] {logging_mixin.py:190} INFO - Current task name:generate_sensor_data state:running start_date:2025-11-15 18:48:46.861388+00:00
[2025-11-15T18:48:47.120+0000] {logging_mixin.py:190} INFO - Dag name:iot_sensor_data_dag and current dag run status:running
[2025-11-15T18:48:47.120+0000] {taskinstance.py:732} INFO - ::endgroup::
[2025-11-15T18:48:47.147+0000] {logging_mixin.py:190} INFO - [2025-11-15 18:48:47.135882] Inserted sensor data: {'time': '2025-11-15T18:48:47.135882', 'temperature': 27.668018930543305, 'Dissolved_oxygen': 6.077262902012877, 'PH': 7.546139071859551, 'Ammonia': 0.009736900081134491, 'Nitrite': 0.05089488356708544, 'Turbidty': 40.141426145140194, '_id': '6918cb0fc75e0c63109d9473'}
[2025-11-15T18:54:05.289+0000] {python.py:218} INFO - Done. Returned value was: None
[2025-11-15T18:54:05.304+0000] {taskinstance.py:341} INFO - ::group::Post task execution logs
[2025-11-15T18:54:05.305+0000] {taskinstance.py:353} INFO - Marking task as SUCCESS. dag_id=iot_sensor_data_dag, task_id=generate_sensor_data, run_id=scheduled__2025-11-15T18:48:30+00:00, execution_date=20251115T184830, start_date=20251115T184846, end_date=20251115T185405
[2025-11-15T18:54:05.329+0000] {logging_mixin.py:190} INFO - Task instance in success state
[2025-11-15T18:54:05.330+0000] {logging_mixin.py:190} INFO -  Previous state of the Task instance: running
[2025-11-15T18:54:05.331+0000] {logging_mixin.py:190} INFO - Dag name:iot_sensor_data_dag queued_at:2025-11-15 18:48:45.482912+00:00
[2025-11-15T18:54:05.332+0000] {logging_mixin.py:190} INFO - Task hostname:4f76d54186b6 operator:PythonOperator
[2025-11-15T18:54:05.375+0000] {local_task_job_runner.py:266} INFO - Task exited with return code 0
[2025-11-15T18:54:05.394+0000] {taskinstance.py:3901} INFO - 0 downstream tasks scheduled from follow-on schedule check
[2025-11-15T18:54:05.399+0000] {local_task_job_runner.py:245} INFO - ::endgroup::
