[2025-11-13T18:41:46.994+0000] {local_task_job_runner.py:123} INFO - ::group::Pre task execution logs
[2025-11-13T18:41:47.009+0000] {taskinstance.py:2614} INFO - Dependencies all met for dep_context=non-requeueable deps ti=<TaskInstance: iot_sensor_data_dag.generate_sensor_data scheduled__2025-11-13T18:41:30+00:00 [queued]>
[2025-11-13T18:41:47.015+0000] {taskinstance.py:2614} INFO - Dependencies all met for dep_context=requeueable deps ti=<TaskInstance: iot_sensor_data_dag.generate_sensor_data scheduled__2025-11-13T18:41:30+00:00 [queued]>
[2025-11-13T18:41:47.016+0000] {taskinstance.py:2867} INFO - Starting attempt 1 of 1
[2025-11-13T18:41:47.138+0000] {taskinstance.py:2890} INFO - Executing <Task(PythonOperator): generate_sensor_data> on 2025-11-13 18:41:30+00:00
[2025-11-13T18:41:47.145+0000] {warnings.py:112} WARNING - /home/***/.local/lib/python3.12/site-packages/***/task/task_runner/standard_task_runner.py:70: DeprecationWarning: This process (pid=3625) is multi-threaded, use of fork() may lead to deadlocks in the child.
  pid = os.fork()

[2025-11-13T18:41:47.147+0000] {standard_task_runner.py:104} INFO - Running: ['***', 'tasks', 'run', 'iot_sensor_data_dag', 'generate_sensor_data', 'scheduled__2025-11-13T18:41:30+00:00', '--job-id', '560', '--raw', '--subdir', 'DAGS_FOLDER/DEPI.py', '--cfg-path', '/tmp/tmpx4tko8f_']
[2025-11-13T18:41:47.148+0000] {standard_task_runner.py:72} INFO - Started process 3627 to run task
[2025-11-13T18:41:47.153+0000] {standard_task_runner.py:105} INFO - Job 560: Subtask generate_sensor_data
[2025-11-13T18:41:47.192+0000] {task_command.py:467} INFO - Running <TaskInstance: iot_sensor_data_dag.generate_sensor_data scheduled__2025-11-13T18:41:30+00:00 [running]> on host 4f76d54186b6
[2025-11-13T18:41:47.254+0000] {taskinstance.py:3134} INFO - Exporting env vars: AIRFLOW_CTX_DAG_OWNER='***' AIRFLOW_CTX_DAG_ID='iot_sensor_data_dag' AIRFLOW_CTX_TASK_ID='generate_sensor_data' AIRFLOW_CTX_EXECUTION_DATE='2025-11-13T18:41:30+00:00' AIRFLOW_CTX_TRY_NUMBER='1' AIRFLOW_CTX_DAG_RUN_ID='scheduled__2025-11-13T18:41:30+00:00'
[2025-11-13T18:41:47.257+0000] {logging_mixin.py:190} INFO - Task instance is in running state
[2025-11-13T18:41:47.259+0000] {logging_mixin.py:190} INFO -  Previous state of the Task instance: queued
[2025-11-13T18:41:47.261+0000] {logging_mixin.py:190} INFO - Current task name:generate_sensor_data state:running start_date:2025-11-13 18:41:47.009844+00:00
[2025-11-13T18:41:47.262+0000] {logging_mixin.py:190} INFO - Dag name:iot_sensor_data_dag and current dag run status:running
[2025-11-13T18:41:47.263+0000] {taskinstance.py:732} INFO - ::endgroup::
[2025-11-13T18:41:47.334+0000] {logging_mixin.py:190} INFO - [2025-11-13 18:41:47.309312] Inserted sensor data: {'time': datetime.datetime(2025, 11, 13, 18, 41, 47, 309312), 'temperature': 27.36510908120256, 'Dissolved_oxygen': 6.022922116803052, 'PH': 7.596951473577436, 'Ammonia': 0.00971620240941052, 'Nitrite': 0.04837529152271086, 'Turbidty': 40.922788876415, '_id': ObjectId('6916266b1884c9476c792734')}
[2025-11-13T18:41:47.340+0000] {python.py:218} INFO - Done. Returned value was: None
[2025-11-13T18:41:47.350+0000] {taskinstance.py:341} INFO - ::group::Post task execution logs
[2025-11-13T18:41:47.351+0000] {taskinstance.py:353} INFO - Marking task as SUCCESS. dag_id=iot_sensor_data_dag, task_id=generate_sensor_data, run_id=scheduled__2025-11-13T18:41:30+00:00, execution_date=20251113T184130, start_date=20251113T184147, end_date=20251113T184147
[2025-11-13T18:41:47.370+0000] {logging_mixin.py:190} INFO - Task instance in success state
[2025-11-13T18:41:47.371+0000] {logging_mixin.py:190} INFO -  Previous state of the Task instance: running
[2025-11-13T18:41:47.374+0000] {logging_mixin.py:190} INFO - Dag name:iot_sensor_data_dag queued_at:2025-11-13 18:41:45.392524+00:00
[2025-11-13T18:41:47.374+0000] {logging_mixin.py:190} INFO - Task hostname:4f76d54186b6 operator:PythonOperator
[2025-11-13T18:41:47.424+0000] {local_task_job_runner.py:266} INFO - Task exited with return code 0
[2025-11-13T18:41:47.447+0000] {taskinstance.py:3901} INFO - 0 downstream tasks scheduled from follow-on schedule check
[2025-11-13T18:41:47.454+0000] {local_task_job_runner.py:245} INFO - ::endgroup::
