[2025-11-13T17:26:16.512+0000] {local_task_job_runner.py:123} INFO - ::group::Pre task execution logs
[2025-11-13T17:26:16.526+0000] {taskinstance.py:2614} INFO - Dependencies all met for dep_context=non-requeueable deps ti=<TaskInstance: iot_sensor_data_dag.generate_sensor_data scheduled__2025-11-13T17:26:00+00:00 [queued]>
[2025-11-13T17:26:16.532+0000] {taskinstance.py:2614} INFO - Dependencies all met for dep_context=requeueable deps ti=<TaskInstance: iot_sensor_data_dag.generate_sensor_data scheduled__2025-11-13T17:26:00+00:00 [queued]>
[2025-11-13T17:26:16.534+0000] {taskinstance.py:2867} INFO - Starting attempt 1 of 1
[2025-11-13T17:26:16.690+0000] {taskinstance.py:2890} INFO - Executing <Task(PythonOperator): generate_sensor_data> on 2025-11-13 17:26:00+00:00
[2025-11-13T17:26:16.702+0000] {warnings.py:112} WARNING - /home/***/.local/lib/python3.12/site-packages/***/task/task_runner/standard_task_runner.py:70: DeprecationWarning: This process (pid=471) is multi-threaded, use of fork() may lead to deadlocks in the child.
  pid = os.fork()

[2025-11-13T17:26:16.703+0000] {standard_task_runner.py:104} INFO - Running: ['***', 'tasks', 'run', 'iot_sensor_data_dag', 'generate_sensor_data', 'scheduled__2025-11-13T17:26:00+00:00', '--job-id', '258', '--raw', '--subdir', 'DAGS_FOLDER/DEPI.py', '--cfg-path', '/tmp/tmpsh3g9842']
[2025-11-13T17:26:16.705+0000] {standard_task_runner.py:72} INFO - Started process 473 to run task
[2025-11-13T17:26:16.705+0000] {standard_task_runner.py:105} INFO - Job 258: Subtask generate_sensor_data
[2025-11-13T17:26:16.747+0000] {task_command.py:467} INFO - Running <TaskInstance: iot_sensor_data_dag.generate_sensor_data scheduled__2025-11-13T17:26:00+00:00 [running]> on host 4f76d54186b6
[2025-11-13T17:26:16.814+0000] {taskinstance.py:3134} INFO - Exporting env vars: AIRFLOW_CTX_DAG_OWNER='***' AIRFLOW_CTX_DAG_ID='iot_sensor_data_dag' AIRFLOW_CTX_TASK_ID='generate_sensor_data' AIRFLOW_CTX_EXECUTION_DATE='2025-11-13T17:26:00+00:00' AIRFLOW_CTX_TRY_NUMBER='1' AIRFLOW_CTX_DAG_RUN_ID='scheduled__2025-11-13T17:26:00+00:00'
[2025-11-13T17:26:16.816+0000] {logging_mixin.py:190} INFO - Task instance is in running state
[2025-11-13T17:26:16.817+0000] {logging_mixin.py:190} INFO -  Previous state of the Task instance: queued
[2025-11-13T17:26:16.817+0000] {logging_mixin.py:190} INFO - Current task name:generate_sensor_data state:running start_date:2025-11-13 17:26:16.527091+00:00
[2025-11-13T17:26:16.818+0000] {logging_mixin.py:190} INFO - Dag name:iot_sensor_data_dag and current dag run status:running
[2025-11-13T17:26:16.819+0000] {taskinstance.py:732} INFO - ::endgroup::
[2025-11-13T17:26:16.849+0000] {logging_mixin.py:190} INFO - [2025-11-13 17:26:16.832492] Inserted sensor data: {'time': datetime.datetime(2025, 11, 13, 17, 26, 16, 832492), 'temperature': 27.64383563783462, 'Dissolved_oxygen': 6.072714128402117, 'PH': 7.418722806545978, 'Ammonia': 0.00937466816901815, 'Nitrite': 0.04767750736611173, 'Turbidty': 39.013158442405555, '_id': ObjectId('691614b863ee07b6b65eb804')}
[2025-11-13T17:26:16.851+0000] {python.py:218} INFO - Done. Returned value was: None
[2025-11-13T17:26:16.861+0000] {taskinstance.py:341} INFO - ::group::Post task execution logs
[2025-11-13T17:26:16.862+0000] {taskinstance.py:353} INFO - Marking task as SUCCESS. dag_id=iot_sensor_data_dag, task_id=generate_sensor_data, run_id=scheduled__2025-11-13T17:26:00+00:00, execution_date=20251113T172600, start_date=20251113T172616, end_date=20251113T172616
[2025-11-13T17:26:16.881+0000] {logging_mixin.py:190} INFO - Task instance in success state
[2025-11-13T17:26:16.882+0000] {logging_mixin.py:190} INFO -  Previous state of the Task instance: running
[2025-11-13T17:26:16.882+0000] {logging_mixin.py:190} INFO - Dag name:iot_sensor_data_dag queued_at:2025-11-13 17:26:15.055792+00:00
[2025-11-13T17:26:16.883+0000] {logging_mixin.py:190} INFO - Task hostname:4f76d54186b6 operator:PythonOperator
[2025-11-13T17:26:16.921+0000] {local_task_job_runner.py:266} INFO - Task exited with return code 0
[2025-11-13T17:26:16.949+0000] {taskinstance.py:3901} INFO - 0 downstream tasks scheduled from follow-on schedule check
[2025-11-13T17:26:16.954+0000] {local_task_job_runner.py:245} INFO - ::endgroup::
