[2025-11-13T18:48:31.959+0000] {local_task_job_runner.py:123} INFO - ::group::Pre task execution logs
[2025-11-13T18:48:31.971+0000] {taskinstance.py:2614} INFO - Dependencies all met for dep_context=non-requeueable deps ti=<TaskInstance: iot_sensor_data_dag.generate_sensor_data scheduled__2025-11-13T18:48:15+00:00 [queued]>
[2025-11-13T18:48:31.976+0000] {taskinstance.py:2614} INFO - Dependencies all met for dep_context=requeueable deps ti=<TaskInstance: iot_sensor_data_dag.generate_sensor_data scheduled__2025-11-13T18:48:15+00:00 [queued]>
[2025-11-13T18:48:31.977+0000] {taskinstance.py:2867} INFO - Starting attempt 1 of 1
[2025-11-13T18:48:32.102+0000] {taskinstance.py:2890} INFO - Executing <Task(PythonOperator): generate_sensor_data> on 2025-11-13 18:48:15+00:00
[2025-11-13T18:48:32.110+0000] {warnings.py:112} WARNING - /home/***/.local/lib/python3.12/site-packages/***/task/task_runner/standard_task_runner.py:70: DeprecationWarning: This process (pid=3911) is multi-threaded, use of fork() may lead to deadlocks in the child.
  pid = os.fork()

[2025-11-13T18:48:32.112+0000] {standard_task_runner.py:72} INFO - Started process 3913 to run task
[2025-11-13T18:48:32.111+0000] {standard_task_runner.py:104} INFO - Running: ['***', 'tasks', 'run', 'iot_sensor_data_dag', 'generate_sensor_data', 'scheduled__2025-11-13T18:48:15+00:00', '--job-id', '587', '--raw', '--subdir', 'DAGS_FOLDER/DEPI.py', '--cfg-path', '/tmp/tmp_7tcv878']
[2025-11-13T18:48:32.115+0000] {standard_task_runner.py:105} INFO - Job 587: Subtask generate_sensor_data
[2025-11-13T18:48:32.156+0000] {task_command.py:467} INFO - Running <TaskInstance: iot_sensor_data_dag.generate_sensor_data scheduled__2025-11-13T18:48:15+00:00 [running]> on host 4f76d54186b6
[2025-11-13T18:48:32.212+0000] {taskinstance.py:3134} INFO - Exporting env vars: AIRFLOW_CTX_DAG_OWNER='***' AIRFLOW_CTX_DAG_ID='iot_sensor_data_dag' AIRFLOW_CTX_TASK_ID='generate_sensor_data' AIRFLOW_CTX_EXECUTION_DATE='2025-11-13T18:48:15+00:00' AIRFLOW_CTX_TRY_NUMBER='1' AIRFLOW_CTX_DAG_RUN_ID='scheduled__2025-11-13T18:48:15+00:00'
[2025-11-13T18:48:32.215+0000] {logging_mixin.py:190} INFO - Task instance is in running state
[2025-11-13T18:48:32.217+0000] {logging_mixin.py:190} INFO -  Previous state of the Task instance: queued
[2025-11-13T18:48:32.217+0000] {logging_mixin.py:190} INFO - Current task name:generate_sensor_data state:running start_date:2025-11-13 18:48:31.971767+00:00
[2025-11-13T18:48:32.217+0000] {logging_mixin.py:190} INFO - Dag name:iot_sensor_data_dag and current dag run status:running
[2025-11-13T18:48:32.218+0000] {taskinstance.py:732} INFO - ::endgroup::
[2025-11-13T18:48:32.245+0000] {logging_mixin.py:190} INFO - [2025-11-13 18:48:32.230988] Inserted sensor data: {'time': datetime.datetime(2025, 11, 13, 18, 48, 32, 230988), 'temperature': 27.692820663762856, 'Dissolved_oxygen': 6.085782562988433, 'PH': 7.422157485615454, 'Ammonia': 0.00947746578290149, 'Nitrite': 0.04757390751269602, 'Turbidty': 39.666943713277846, '_id': ObjectId('691628009479908c2399e7e8')}
[2025-11-13T18:48:32.247+0000] {python.py:218} INFO - Done. Returned value was: None
[2025-11-13T18:48:32.256+0000] {taskinstance.py:341} INFO - ::group::Post task execution logs
[2025-11-13T18:48:32.257+0000] {taskinstance.py:353} INFO - Marking task as SUCCESS. dag_id=iot_sensor_data_dag, task_id=generate_sensor_data, run_id=scheduled__2025-11-13T18:48:15+00:00, execution_date=20251113T184815, start_date=20251113T184831, end_date=20251113T184832
[2025-11-13T18:48:32.276+0000] {logging_mixin.py:190} INFO - Task instance in success state
[2025-11-13T18:48:32.277+0000] {logging_mixin.py:190} INFO -  Previous state of the Task instance: running
[2025-11-13T18:48:32.277+0000] {logging_mixin.py:190} INFO - Dag name:iot_sensor_data_dag queued_at:2025-11-13 18:48:30.761951+00:00
[2025-11-13T18:48:32.278+0000] {logging_mixin.py:190} INFO - Task hostname:4f76d54186b6 operator:PythonOperator
[2025-11-13T18:48:32.294+0000] {local_task_job_runner.py:266} INFO - Task exited with return code 0
[2025-11-13T18:48:32.312+0000] {taskinstance.py:3901} INFO - 0 downstream tasks scheduled from follow-on schedule check
[2025-11-13T18:48:32.318+0000] {local_task_job_runner.py:245} INFO - ::endgroup::
