[2025-11-16T21:11:26.755+0000] {local_task_job_runner.py:123} INFO - ::group::Pre task execution logs
[2025-11-16T21:11:26.769+0000] {taskinstance.py:2614} INFO - Dependencies all met for dep_context=non-requeueable deps ti=<TaskInstance: iot_sensor_data_dag.consume_kafka scheduled__2025-11-16T21:05:50+00:00 [queued]>
[2025-11-16T21:11:26.775+0000] {taskinstance.py:2614} INFO - Dependencies all met for dep_context=requeueable deps ti=<TaskInstance: iot_sensor_data_dag.consume_kafka scheduled__2025-11-16T21:05:50+00:00 [queued]>
[2025-11-16T21:11:26.776+0000] {taskinstance.py:2867} INFO - Starting attempt 1 of 1
[2025-11-16T21:11:26.888+0000] {taskinstance.py:2890} INFO - Executing <Task(PythonOperator): consume_kafka> on 2025-11-16 21:05:50+00:00
[2025-11-16T21:11:26.895+0000] {warnings.py:112} WARNING - /home/***/.local/lib/python3.12/site-packages/***/task/task_runner/standard_task_runner.py:70: DeprecationWarning: This process (pid=1469) is multi-threaded, use of fork() may lead to deadlocks in the child.
  pid = os.fork()

[2025-11-16T21:11:26.897+0000] {standard_task_runner.py:72} INFO - Started process 1472 to run task
[2025-11-16T21:11:26.897+0000] {standard_task_runner.py:104} INFO - Running: ['***', 'tasks', 'run', 'iot_sensor_data_dag', 'consume_kafka', 'scheduled__2025-11-16T21:05:50+00:00', '--job-id', '1739', '--raw', '--subdir', 'DAGS_FOLDER/DEPI.py', '--cfg-path', '/tmp/tmpnf0uh8ef']
[2025-11-16T21:11:26.898+0000] {standard_task_runner.py:105} INFO - Job 1739: Subtask consume_kafka
[2025-11-16T21:11:26.936+0000] {task_command.py:467} INFO - Running <TaskInstance: iot_sensor_data_dag.consume_kafka scheduled__2025-11-16T21:05:50+00:00 [running]> on host 4f76d54186b6
[2025-11-16T21:11:26.993+0000] {taskinstance.py:3134} INFO - Exporting env vars: AIRFLOW_CTX_DAG_OWNER='***' AIRFLOW_CTX_DAG_ID='iot_sensor_data_dag' AIRFLOW_CTX_TASK_ID='consume_kafka' AIRFLOW_CTX_EXECUTION_DATE='2025-11-16T21:05:50+00:00' AIRFLOW_CTX_TRY_NUMBER='1' AIRFLOW_CTX_DAG_RUN_ID='scheduled__2025-11-16T21:05:50+00:00'
[2025-11-16T21:11:26.994+0000] {logging_mixin.py:190} INFO - Task instance is in running state
[2025-11-16T21:11:26.994+0000] {logging_mixin.py:190} INFO -  Previous state of the Task instance: queued
[2025-11-16T21:11:26.995+0000] {logging_mixin.py:190} INFO - Current task name:consume_kafka state:running start_date:2025-11-16 21:11:26.770640+00:00
[2025-11-16T21:11:26.995+0000] {logging_mixin.py:190} INFO - Dag name:iot_sensor_data_dag and current dag run status:running
[2025-11-16T21:11:26.995+0000] {taskinstance.py:732} INFO - ::endgroup::
[2025-11-16T21:11:26.996+0000] {taskinstance.py:3313} ERROR - Task failed with exception
Traceback (most recent call last):
  File "/home/airflow/.local/lib/python3.12/site-packages/airflow/models/taskinstance.py", line 768, in _execute_task
    result = _execute_callable(context=context, **execute_callable_kwargs)
             ^^^^^^^^^^^^^^^^^^^^^^^^^^^^^^^^^^^^^^^^^^^^^^^^^^^^^^^^^^^^^
  File "/home/airflow/.local/lib/python3.12/site-packages/airflow/models/taskinstance.py", line 734, in _execute_callable
    return ExecutionCallableRunner(
           ^^^^^^^^^^^^^^^^^^^^^^^^
  File "/home/airflow/.local/lib/python3.12/site-packages/airflow/utils/operator_helpers.py", line 252, in run
    return self.func(*args, **kwargs)
           ^^^^^^^^^^^^^^^^^^^^^^^^^^
  File "/home/airflow/.local/lib/python3.12/site-packages/airflow/models/baseoperator.py", line 424, in wrapper
    return func(self, *args, **kwargs)
           ^^^^^^^^^^^^^^^^^^^^^^^^^^^
  File "/home/airflow/.local/lib/python3.12/site-packages/airflow/providers/standard/operators/python.py", line 216, in execute
    return_value = self.execute_callable()
                   ^^^^^^^^^^^^^^^^^^^^^^^
  File "/home/airflow/.local/lib/python3.12/site-packages/airflow/providers/standard/operators/python.py", line 239, in execute_callable
    return runner.run(*self.op_args, **self.op_kwargs)
           ^^^^^^^^^^^^^^^^^^^^^^^^^^^^^^^^^^^^^^^^^^^
  File "/home/airflow/.local/lib/python3.12/site-packages/airflow/utils/operator_helpers.py", line 252, in run
    return self.func(*args, **kwargs)
           ^^^^^^^^^^^^^^^^^^^^^^^^^^
  File "/opt/airflow/dags/DEPI.py", line 129, in consume_and_store
    consumer = Consumer(consumer_conf)
               ^^^^^^^^^^^^^^^^^^^^^^^
ValueError: Failed to create consumer: group.id must be set
[2025-11-16T21:11:27.009+0000] {logging_mixin.py:190} INFO - Task instance in failure state
[2025-11-16T21:11:27.010+0000] {logging_mixin.py:190} INFO - Task start:2025-11-16 21:11:26.770640+00:00 end:2025-11-16 21:11:27.009043+00:00 duration:0.238403
[2025-11-16T21:11:27.010+0000] {logging_mixin.py:190} INFO - Task:<Task(PythonOperator): consume_kafka> dag:<DAG: iot_sensor_data_dag> dagrun:<DagRun iot_sensor_data_dag @ 2025-11-16 21:05:50+00:00: scheduled__2025-11-16T21:05:50+00:00, state:running, queued_at: 2025-11-16 21:06:15.807316+00:00. externally triggered: False>
[2025-11-16T21:11:27.010+0000] {logging_mixin.py:190} INFO - Failure caused by Failed to create consumer: group.id must be set
[2025-11-16T21:11:27.011+0000] {taskinstance.py:1226} INFO - Marking task as FAILED. dag_id=iot_sensor_data_dag, task_id=consume_kafka, run_id=scheduled__2025-11-16T21:05:50+00:00, execution_date=20251116T210550, start_date=20251116T211126, end_date=20251116T211127
[2025-11-16T21:11:27.029+0000] {taskinstance.py:341} INFO - ::group::Post task execution logs
[2025-11-16T21:11:27.030+0000] {standard_task_runner.py:124} ERROR - Failed to execute job 1739 for task consume_kafka (Failed to create consumer: group.id must be set; 1472)
Traceback (most recent call last):
  File "/home/airflow/.local/lib/python3.12/site-packages/airflow/task/task_runner/standard_task_runner.py", line 117, in _start_by_fork
    ret = args.func(args, dag=self.dag)
          ^^^^^^^^^^^^^^^^^^^^^^^^^^^^^
  File "/home/airflow/.local/lib/python3.12/site-packages/airflow/cli/cli_config.py", line 49, in command
    return func(*args, **kwargs)
           ^^^^^^^^^^^^^^^^^^^^^
  File "/home/airflow/.local/lib/python3.12/site-packages/airflow/utils/cli.py", line 116, in wrapper
    return f(*args, **kwargs)
           ^^^^^^^^^^^^^^^^^^
  File "/home/airflow/.local/lib/python3.12/site-packages/airflow/cli/commands/task_command.py", line 483, in task_run
    task_return_code = _run_task_by_selected_method(args, _dag, ti)
                       ^^^^^^^^^^^^^^^^^^^^^^^^^^^^^^^^^^^^^^^^^^^^
  File "/home/airflow/.local/lib/python3.12/site-packages/airflow/cli/commands/task_command.py", line 256, in _run_task_by_selected_method
    return _run_raw_task(args, ti)
           ^^^^^^^^^^^^^^^^^^^^^^^
  File "/home/airflow/.local/lib/python3.12/site-packages/airflow/cli/commands/task_command.py", line 341, in _run_raw_task
    return ti._run_raw_task(
           ^^^^^^^^^^^^^^^^^
  File "/home/airflow/.local/lib/python3.12/site-packages/airflow/utils/session.py", line 97, in wrapper
    return func(*args, session=session, **kwargs)
           ^^^^^^^^^^^^^^^^^^^^^^^^^^^^^^^^^^^^^^
  File "/home/airflow/.local/lib/python3.12/site-packages/airflow/models/taskinstance.py", line 3006, in _run_raw_task
    return _run_raw_task(
           ^^^^^^^^^^^^^^
  File "/home/airflow/.local/lib/python3.12/site-packages/airflow/models/taskinstance.py", line 274, in _run_raw_task
    TaskInstance._execute_task_with_callbacks(
  File "/home/airflow/.local/lib/python3.12/site-packages/airflow/models/taskinstance.py", line 3161, in _execute_task_with_callbacks
    result = self._execute_task(context, task_orig)
             ^^^^^^^^^^^^^^^^^^^^^^^^^^^^^^^^^^^^^^
  File "/home/airflow/.local/lib/python3.12/site-packages/airflow/models/taskinstance.py", line 3185, in _execute_task
    return _execute_task(self, context, task_orig)
           ^^^^^^^^^^^^^^^^^^^^^^^^^^^^^^^^^^^^^^^
  File "/home/airflow/.local/lib/python3.12/site-packages/airflow/models/taskinstance.py", line 768, in _execute_task
    result = _execute_callable(context=context, **execute_callable_kwargs)
             ^^^^^^^^^^^^^^^^^^^^^^^^^^^^^^^^^^^^^^^^^^^^^^^^^^^^^^^^^^^^^
  File "/home/airflow/.local/lib/python3.12/site-packages/airflow/models/taskinstance.py", line 734, in _execute_callable
    return ExecutionCallableRunner(
           ^^^^^^^^^^^^^^^^^^^^^^^^
  File "/home/airflow/.local/lib/python3.12/site-packages/airflow/utils/operator_helpers.py", line 252, in run
    return self.func(*args, **kwargs)
           ^^^^^^^^^^^^^^^^^^^^^^^^^^
  File "/home/airflow/.local/lib/python3.12/site-packages/airflow/models/baseoperator.py", line 424, in wrapper
    return func(self, *args, **kwargs)
           ^^^^^^^^^^^^^^^^^^^^^^^^^^^
  File "/home/airflow/.local/lib/python3.12/site-packages/airflow/providers/standard/operators/python.py", line 216, in execute
    return_value = self.execute_callable()
                   ^^^^^^^^^^^^^^^^^^^^^^^
  File "/home/airflow/.local/lib/python3.12/site-packages/airflow/providers/standard/operators/python.py", line 239, in execute_callable
    return runner.run(*self.op_args, **self.op_kwargs)
           ^^^^^^^^^^^^^^^^^^^^^^^^^^^^^^^^^^^^^^^^^^^
  File "/home/airflow/.local/lib/python3.12/site-packages/airflow/utils/operator_helpers.py", line 252, in run
    return self.func(*args, **kwargs)
           ^^^^^^^^^^^^^^^^^^^^^^^^^^
  File "/opt/airflow/dags/DEPI.py", line 129, in consume_and_store
    consumer = Consumer(consumer_conf)
               ^^^^^^^^^^^^^^^^^^^^^^^
ValueError: Failed to create consumer: group.id must be set
[2025-11-16T21:11:27.072+0000] {local_task_job_runner.py:266} INFO - Task exited with return code 1
[2025-11-16T21:11:27.085+0000] {taskinstance.py:3901} INFO - 0 downstream tasks scheduled from follow-on schedule check
[2025-11-16T21:11:27.087+0000] {local_task_job_runner.py:245} INFO - ::endgroup::
