[2025-11-13T18:50:01.428+0000] {local_task_job_runner.py:123} INFO - ::group::Pre task execution logs
[2025-11-13T18:50:01.455+0000] {taskinstance.py:2614} INFO - Dependencies all met for dep_context=non-requeueable deps ti=<TaskInstance: iot_sensor_data_dag.generate_sensor_data scheduled__2025-11-13T18:49:45+00:00 [queued]>
[2025-11-13T18:50:01.465+0000] {taskinstance.py:2614} INFO - Dependencies all met for dep_context=requeueable deps ti=<TaskInstance: iot_sensor_data_dag.generate_sensor_data scheduled__2025-11-13T18:49:45+00:00 [queued]>
[2025-11-13T18:50:01.466+0000] {taskinstance.py:2867} INFO - Starting attempt 1 of 1
[2025-11-13T18:50:01.613+0000] {taskinstance.py:2890} INFO - Executing <Task(PythonOperator): generate_sensor_data> on 2025-11-13 18:49:45+00:00
[2025-11-13T18:50:01.619+0000] {warnings.py:112} WARNING - /home/***/.local/lib/python3.12/site-packages/***/task/task_runner/standard_task_runner.py:70: DeprecationWarning: This process (pid=3974) is multi-threaded, use of fork() may lead to deadlocks in the child.
  pid = os.fork()

[2025-11-13T18:50:01.621+0000] {standard_task_runner.py:72} INFO - Started process 3976 to run task
[2025-11-13T18:50:01.622+0000] {standard_task_runner.py:104} INFO - Running: ['***', 'tasks', 'run', 'iot_sensor_data_dag', 'generate_sensor_data', 'scheduled__2025-11-13T18:49:45+00:00', '--job-id', '593', '--raw', '--subdir', 'DAGS_FOLDER/DEPI.py', '--cfg-path', '/tmp/tmphm7vupt3']
[2025-11-13T18:50:01.623+0000] {standard_task_runner.py:105} INFO - Job 593: Subtask generate_sensor_data
[2025-11-13T18:50:01.673+0000] {task_command.py:467} INFO - Running <TaskInstance: iot_sensor_data_dag.generate_sensor_data scheduled__2025-11-13T18:49:45+00:00 [running]> on host 4f76d54186b6
[2025-11-13T18:50:01.752+0000] {taskinstance.py:3134} INFO - Exporting env vars: AIRFLOW_CTX_DAG_OWNER='***' AIRFLOW_CTX_DAG_ID='iot_sensor_data_dag' AIRFLOW_CTX_TASK_ID='generate_sensor_data' AIRFLOW_CTX_EXECUTION_DATE='2025-11-13T18:49:45+00:00' AIRFLOW_CTX_TRY_NUMBER='1' AIRFLOW_CTX_DAG_RUN_ID='scheduled__2025-11-13T18:49:45+00:00'
[2025-11-13T18:50:01.754+0000] {logging_mixin.py:190} INFO - Task instance is in running state
[2025-11-13T18:50:01.755+0000] {logging_mixin.py:190} INFO -  Previous state of the Task instance: queued
[2025-11-13T18:50:01.755+0000] {logging_mixin.py:190} INFO - Current task name:generate_sensor_data state:running start_date:2025-11-13 18:50:01.456071+00:00
[2025-11-13T18:50:01.756+0000] {logging_mixin.py:190} INFO - Dag name:iot_sensor_data_dag and current dag run status:running
[2025-11-13T18:50:01.757+0000] {taskinstance.py:732} INFO - ::endgroup::
[2025-11-13T18:50:01.788+0000] {logging_mixin.py:190} INFO - [2025-11-13 18:50:01.771513] Inserted sensor data: {'time': datetime.datetime(2025, 11, 13, 18, 50, 1, 771513), 'temperature': 27.549657998620326, 'Dissolved_oxygen': 6.039194761560724, 'PH': 7.430859857315693, 'Ammonia': 0.010346358958637107, 'Nitrite': 0.04702416170343737, 'Turbidty': 40.71246384754117, '_id': ObjectId('69162859c213889cf9d62a34')}
[2025-11-13T18:50:01.791+0000] {python.py:218} INFO - Done. Returned value was: None
[2025-11-13T18:50:01.803+0000] {taskinstance.py:341} INFO - ::group::Post task execution logs
[2025-11-13T18:50:01.804+0000] {taskinstance.py:353} INFO - Marking task as SUCCESS. dag_id=iot_sensor_data_dag, task_id=generate_sensor_data, run_id=scheduled__2025-11-13T18:49:45+00:00, execution_date=20251113T184945, start_date=20251113T185001, end_date=20251113T185001
[2025-11-13T18:50:01.830+0000] {logging_mixin.py:190} INFO - Task instance in success state
[2025-11-13T18:50:01.831+0000] {logging_mixin.py:190} INFO -  Previous state of the Task instance: running
[2025-11-13T18:50:01.831+0000] {logging_mixin.py:190} INFO - Dag name:iot_sensor_data_dag queued_at:2025-11-13 18:50:00.008908+00:00
[2025-11-13T18:50:01.832+0000] {logging_mixin.py:190} INFO - Task hostname:4f76d54186b6 operator:PythonOperator
[2025-11-13T18:50:01.880+0000] {local_task_job_runner.py:266} INFO - Task exited with return code 0
[2025-11-13T18:50:01.903+0000] {taskinstance.py:3901} INFO - 0 downstream tasks scheduled from follow-on schedule check
[2025-11-13T18:50:01.907+0000] {local_task_job_runner.py:245} INFO - ::endgroup::
