[2025-11-14T14:28:46.717+0000] {local_task_job_runner.py:123} INFO - ::group::Pre task execution logs
[2025-11-14T14:28:46.839+0000] {taskinstance.py:2614} INFO - Dependencies all met for dep_context=non-requeueable deps ti=<TaskInstance: iot_sensor_data_dag.generate_sensor_data scheduled__2025-11-14T14:28:30+00:00 [queued]>
[2025-11-14T14:28:46.848+0000] {taskinstance.py:2614} INFO - Dependencies all met for dep_context=requeueable deps ti=<TaskInstance: iot_sensor_data_dag.generate_sensor_data scheduled__2025-11-14T14:28:30+00:00 [queued]>
[2025-11-14T14:28:46.850+0000] {taskinstance.py:2867} INFO - Starting attempt 1 of 1
[2025-11-14T14:28:46.860+0000] {taskinstance.py:2890} INFO - Executing <Task(PythonOperator): generate_sensor_data> on 2025-11-14 14:28:30+00:00
[2025-11-14T14:28:46.866+0000] {warnings.py:112} WARNING - /home/***/.local/lib/python3.12/site-packages/***/task/task_runner/standard_task_runner.py:70: DeprecationWarning: This process (pid=486) is multi-threaded, use of fork() may lead to deadlocks in the child.
  pid = os.fork()

[2025-11-14T14:28:46.868+0000] {standard_task_runner.py:104} INFO - Running: ['***', 'tasks', 'run', 'iot_sensor_data_dag', 'generate_sensor_data', 'scheduled__2025-11-14T14:28:30+00:00', '--job-id', '798', '--raw', '--subdir', 'DAGS_FOLDER/DEPI.py', '--cfg-path', '/tmp/tmpnmdc5e7_']
[2025-11-14T14:28:46.869+0000] {standard_task_runner.py:72} INFO - Started process 488 to run task
[2025-11-14T14:28:46.870+0000] {standard_task_runner.py:105} INFO - Job 798: Subtask generate_sensor_data
[2025-11-14T14:28:46.910+0000] {task_command.py:467} INFO - Running <TaskInstance: iot_sensor_data_dag.generate_sensor_data scheduled__2025-11-14T14:28:30+00:00 [running]> on host 4f76d54186b6
[2025-11-14T14:28:46.969+0000] {taskinstance.py:3134} INFO - Exporting env vars: AIRFLOW_CTX_DAG_OWNER='***' AIRFLOW_CTX_DAG_ID='iot_sensor_data_dag' AIRFLOW_CTX_TASK_ID='generate_sensor_data' AIRFLOW_CTX_EXECUTION_DATE='2025-11-14T14:28:30+00:00' AIRFLOW_CTX_TRY_NUMBER='1' AIRFLOW_CTX_DAG_RUN_ID='scheduled__2025-11-14T14:28:30+00:00'
[2025-11-14T14:28:46.971+0000] {logging_mixin.py:190} INFO - Task instance is in running state
[2025-11-14T14:28:46.971+0000] {logging_mixin.py:190} INFO -  Previous state of the Task instance: queued
[2025-11-14T14:28:46.972+0000] {logging_mixin.py:190} INFO - Current task name:generate_sensor_data state:running start_date:2025-11-14 14:28:46.841854+00:00
[2025-11-14T14:28:46.972+0000] {logging_mixin.py:190} INFO - Dag name:iot_sensor_data_dag and current dag run status:running
[2025-11-14T14:28:46.973+0000] {taskinstance.py:732} INFO - ::endgroup::
[2025-11-14T14:28:46.998+0000] {logging_mixin.py:190} INFO - [2025-11-14 14:28:46.985977] Inserted sensor data: {'time': datetime.datetime(2025, 11, 14, 14, 28, 46, 985977), 'temperature': 27.607090952931003, 'Dissolved_oxygen': 5.924622452541649, 'PH': 7.42699228891097, 'Ammonia': 0.010161269519141636, 'Nitrite': 0.050725492511767355, 'Turbidty': 40.36447308535494, '_id': ObjectId('69173c9e5cfca8de535f159d')}
[2025-11-14T14:28:47.000+0000] {python.py:218} INFO - Done. Returned value was: None
[2025-11-14T14:28:47.008+0000] {taskinstance.py:341} INFO - ::group::Post task execution logs
[2025-11-14T14:28:47.012+0000] {taskinstance.py:353} INFO - Marking task as SUCCESS. dag_id=iot_sensor_data_dag, task_id=generate_sensor_data, run_id=scheduled__2025-11-14T14:28:30+00:00, execution_date=20251114T142830, start_date=20251114T142846, end_date=20251114T142847
[2025-11-14T14:28:47.033+0000] {logging_mixin.py:190} INFO - Task instance in success state
[2025-11-14T14:28:47.034+0000] {logging_mixin.py:190} INFO -  Previous state of the Task instance: running
[2025-11-14T14:28:47.034+0000] {logging_mixin.py:190} INFO - Dag name:iot_sensor_data_dag queued_at:2025-11-14 14:28:45.356265+00:00
[2025-11-14T14:28:47.035+0000] {logging_mixin.py:190} INFO - Task hostname:4f76d54186b6 operator:PythonOperator
[2025-11-14T14:28:47.049+0000] {local_task_job_runner.py:266} INFO - Task exited with return code 0
[2025-11-14T14:28:47.066+0000] {taskinstance.py:3901} INFO - 0 downstream tasks scheduled from follow-on schedule check
[2025-11-14T14:28:47.071+0000] {local_task_job_runner.py:245} INFO - ::endgroup::
