[2025-11-13T18:19:29.544+0000] {local_task_job_runner.py:123} INFO - ::group::Pre task execution logs
[2025-11-13T18:19:29.556+0000] {taskinstance.py:2614} INFO - Dependencies all met for dep_context=non-requeueable deps ti=<TaskInstance: iot_sensor_data_dag.generate_sensor_data scheduled__2025-11-13T18:19:15+00:00 [queued]>
[2025-11-13T18:19:29.563+0000] {taskinstance.py:2614} INFO - Dependencies all met for dep_context=requeueable deps ti=<TaskInstance: iot_sensor_data_dag.generate_sensor_data scheduled__2025-11-13T18:19:15+00:00 [queued]>
[2025-11-13T18:19:29.564+0000] {taskinstance.py:2867} INFO - Starting attempt 1 of 1
[2025-11-13T18:19:29.685+0000] {taskinstance.py:2890} INFO - Executing <Task(PythonOperator): generate_sensor_data> on 2025-11-13 18:19:15+00:00
[2025-11-13T18:19:29.692+0000] {warnings.py:112} WARNING - /home/***/.local/lib/python3.12/site-packages/***/task/task_runner/standard_task_runner.py:70: DeprecationWarning: This process (pid=2696) is multi-threaded, use of fork() may lead to deadlocks in the child.
  pid = os.fork()

[2025-11-13T18:19:29.694+0000] {standard_task_runner.py:72} INFO - Started process 2698 to run task
[2025-11-13T18:19:29.694+0000] {standard_task_runner.py:104} INFO - Running: ['***', 'tasks', 'run', 'iot_sensor_data_dag', 'generate_sensor_data', 'scheduled__2025-11-13T18:19:15+00:00', '--job-id', '471', '--raw', '--subdir', 'DAGS_FOLDER/DEPI.py', '--cfg-path', '/tmp/tmp5s209psk']
[2025-11-13T18:19:29.695+0000] {standard_task_runner.py:105} INFO - Job 471: Subtask generate_sensor_data
[2025-11-13T18:19:29.736+0000] {task_command.py:467} INFO - Running <TaskInstance: iot_sensor_data_dag.generate_sensor_data scheduled__2025-11-13T18:19:15+00:00 [running]> on host 4f76d54186b6
[2025-11-13T18:19:29.800+0000] {taskinstance.py:3134} INFO - Exporting env vars: AIRFLOW_CTX_DAG_OWNER='***' AIRFLOW_CTX_DAG_ID='iot_sensor_data_dag' AIRFLOW_CTX_TASK_ID='generate_sensor_data' AIRFLOW_CTX_EXECUTION_DATE='2025-11-13T18:19:15+00:00' AIRFLOW_CTX_TRY_NUMBER='1' AIRFLOW_CTX_DAG_RUN_ID='scheduled__2025-11-13T18:19:15+00:00'
[2025-11-13T18:19:29.801+0000] {logging_mixin.py:190} INFO - Task instance is in running state
[2025-11-13T18:19:29.801+0000] {logging_mixin.py:190} INFO -  Previous state of the Task instance: queued
[2025-11-13T18:19:29.802+0000] {logging_mixin.py:190} INFO - Current task name:generate_sensor_data state:running start_date:2025-11-13 18:19:29.557421+00:00
[2025-11-13T18:19:29.802+0000] {logging_mixin.py:190} INFO - Dag name:iot_sensor_data_dag and current dag run status:running
[2025-11-13T18:19:29.803+0000] {taskinstance.py:732} INFO - ::endgroup::
[2025-11-13T18:19:29.831+0000] {logging_mixin.py:190} INFO - [2025-11-13 18:19:29.813926] Inserted sensor data: {'time': datetime.datetime(2025, 11, 13, 18, 19, 29, 813926), 'temperature': 27.66519272869151, 'Dissolved_oxygen': 5.913127701973392, 'PH': 7.546598715447889, 'Ammonia': 0.010017050011305187, 'Nitrite': 0.0491197836558561, 'Turbidty': 40.78526802112385, '_id': ObjectId('69162131f4cc2e628f29fe06')}
[2025-11-13T18:19:29.833+0000] {python.py:218} INFO - Done. Returned value was: None
[2025-11-13T18:19:29.842+0000] {taskinstance.py:341} INFO - ::group::Post task execution logs
[2025-11-13T18:19:29.843+0000] {taskinstance.py:353} INFO - Marking task as SUCCESS. dag_id=iot_sensor_data_dag, task_id=generate_sensor_data, run_id=scheduled__2025-11-13T18:19:15+00:00, execution_date=20251113T181915, start_date=20251113T181929, end_date=20251113T181929
[2025-11-13T18:19:29.861+0000] {logging_mixin.py:190} INFO - Task instance in success state
[2025-11-13T18:19:29.861+0000] {logging_mixin.py:190} INFO -  Previous state of the Task instance: running
[2025-11-13T18:19:29.862+0000] {logging_mixin.py:190} INFO - Dag name:iot_sensor_data_dag queued_at:2025-11-13 18:19:30.169697+00:00
[2025-11-13T18:19:29.862+0000] {logging_mixin.py:190} INFO - Task hostname:4f76d54186b6 operator:PythonOperator
[2025-11-13T18:19:29.873+0000] {local_task_job_runner.py:266} INFO - Task exited with return code 0
[2025-11-13T18:19:29.892+0000] {taskinstance.py:3901} INFO - 0 downstream tasks scheduled from follow-on schedule check
[2025-11-13T18:19:29.896+0000] {local_task_job_runner.py:245} INFO - ::endgroup::
