[2025-11-13T17:56:01.389+0000] {local_task_job_runner.py:123} INFO - ::group::Pre task execution logs
[2025-11-13T17:56:01.414+0000] {taskinstance.py:2614} INFO - Dependencies all met for dep_context=non-requeueable deps ti=<TaskInstance: iot_sensor_data_dag.generate_sensor_data scheduled__2025-11-13T17:55:45+00:00 [queued]>
[2025-11-13T17:56:01.425+0000] {taskinstance.py:2614} INFO - Dependencies all met for dep_context=requeueable deps ti=<TaskInstance: iot_sensor_data_dag.generate_sensor_data scheduled__2025-11-13T17:55:45+00:00 [queued]>
[2025-11-13T17:56:01.426+0000] {taskinstance.py:2867} INFO - Starting attempt 1 of 1
[2025-11-13T17:56:01.601+0000] {taskinstance.py:2890} INFO - Executing <Task(PythonOperator): generate_sensor_data> on 2025-11-13 17:55:45+00:00
[2025-11-13T17:56:01.611+0000] {warnings.py:112} WARNING - /home/***/.local/lib/python3.12/site-packages/***/task/task_runner/standard_task_runner.py:70: DeprecationWarning: This process (pid=1710) is multi-threaded, use of fork() may lead to deadlocks in the child.
  pid = os.fork()

[2025-11-13T17:56:01.615+0000] {standard_task_runner.py:72} INFO - Started process 1712 to run task
[2025-11-13T17:56:01.616+0000] {standard_task_runner.py:104} INFO - Running: ['***', 'tasks', 'run', 'iot_sensor_data_dag', 'generate_sensor_data', 'scheduled__2025-11-13T17:55:45+00:00', '--job-id', '377', '--raw', '--subdir', 'DAGS_FOLDER/DEPI.py', '--cfg-path', '/tmp/tmpvv1pr0dp']
[2025-11-13T17:56:01.618+0000] {standard_task_runner.py:105} INFO - Job 377: Subtask generate_sensor_data
[2025-11-13T17:56:01.690+0000] {task_command.py:467} INFO - Running <TaskInstance: iot_sensor_data_dag.generate_sensor_data scheduled__2025-11-13T17:55:45+00:00 [running]> on host 4f76d54186b6
[2025-11-13T17:56:01.808+0000] {taskinstance.py:3134} INFO - Exporting env vars: AIRFLOW_CTX_DAG_OWNER='***' AIRFLOW_CTX_DAG_ID='iot_sensor_data_dag' AIRFLOW_CTX_TASK_ID='generate_sensor_data' AIRFLOW_CTX_EXECUTION_DATE='2025-11-13T17:55:45+00:00' AIRFLOW_CTX_TRY_NUMBER='1' AIRFLOW_CTX_DAG_RUN_ID='scheduled__2025-11-13T17:55:45+00:00'
[2025-11-13T17:56:01.811+0000] {logging_mixin.py:190} INFO - Task instance is in running state
[2025-11-13T17:56:01.812+0000] {logging_mixin.py:190} INFO -  Previous state of the Task instance: queued
[2025-11-13T17:56:01.813+0000] {logging_mixin.py:190} INFO - Current task name:generate_sensor_data state:running start_date:2025-11-13 17:56:01.415803+00:00
[2025-11-13T17:56:01.814+0000] {logging_mixin.py:190} INFO - Dag name:iot_sensor_data_dag and current dag run status:running
[2025-11-13T17:56:01.815+0000] {taskinstance.py:732} INFO - ::endgroup::
[2025-11-13T17:56:01.864+0000] {logging_mixin.py:190} INFO - [2025-11-13 17:56:01.840394] Inserted sensor data: {'time': datetime.datetime(2025, 11, 13, 17, 56, 1, 840394), 'temperature': 27.453925119128463, 'Dissolved_oxygen': 5.983118984033603, 'PH': 7.436316763859408, 'Ammonia': 0.009578045408910467, 'Nitrite': 0.05418722656641544, 'Turbidty': 39.289224072940975, '_id': ObjectId('69161bb1a43f8c2ead2402d5')}
[2025-11-13T17:56:01.869+0000] {python.py:218} INFO - Done. Returned value was: None
[2025-11-13T17:56:01.886+0000] {taskinstance.py:341} INFO - ::group::Post task execution logs
[2025-11-13T17:56:01.888+0000] {taskinstance.py:353} INFO - Marking task as SUCCESS. dag_id=iot_sensor_data_dag, task_id=generate_sensor_data, run_id=scheduled__2025-11-13T17:55:45+00:00, execution_date=20251113T175545, start_date=20251113T175601, end_date=20251113T175601
[2025-11-13T17:56:01.919+0000] {logging_mixin.py:190} INFO - Task instance in success state
[2025-11-13T17:56:01.920+0000] {logging_mixin.py:190} INFO -  Previous state of the Task instance: running
[2025-11-13T17:56:01.921+0000] {logging_mixin.py:190} INFO - Dag name:iot_sensor_data_dag queued_at:2025-11-13 17:56:00.961877+00:00
[2025-11-13T17:56:01.922+0000] {logging_mixin.py:190} INFO - Task hostname:4f76d54186b6 operator:PythonOperator
[2025-11-13T17:56:01.964+0000] {local_task_job_runner.py:266} INFO - Task exited with return code 0
[2025-11-13T17:56:01.999+0000] {taskinstance.py:3901} INFO - 0 downstream tasks scheduled from follow-on schedule check
[2025-11-13T17:56:02.006+0000] {local_task_job_runner.py:245} INFO - ::endgroup::
