[2025-11-13T19:09:32.144+0000] {local_task_job_runner.py:123} INFO - ::group::Pre task execution logs
[2025-11-13T19:09:32.161+0000] {taskinstance.py:2614} INFO - Dependencies all met for dep_context=non-requeueable deps ti=<TaskInstance: iot_sensor_data_dag.generate_sensor_data scheduled__2025-11-13T19:09:15+00:00 [queued]>
[2025-11-13T19:09:32.168+0000] {taskinstance.py:2614} INFO - Dependencies all met for dep_context=requeueable deps ti=<TaskInstance: iot_sensor_data_dag.generate_sensor_data scheduled__2025-11-13T19:09:15+00:00 [queued]>
[2025-11-13T19:09:32.169+0000] {taskinstance.py:2867} INFO - Starting attempt 1 of 1
[2025-11-13T19:09:32.339+0000] {taskinstance.py:2890} INFO - Executing <Task(PythonOperator): generate_sensor_data> on 2025-11-13 19:09:15+00:00
[2025-11-13T19:09:32.353+0000] {warnings.py:112} WARNING - /home/***/.local/lib/python3.12/site-packages/***/task/task_runner/standard_task_runner.py:70: DeprecationWarning: This process (pid=4785) is multi-threaded, use of fork() may lead to deadlocks in the child.
  pid = os.fork()

[2025-11-13T19:09:32.355+0000] {standard_task_runner.py:72} INFO - Started process 4787 to run task
[2025-11-13T19:09:32.356+0000] {standard_task_runner.py:104} INFO - Running: ['***', 'tasks', 'run', 'iot_sensor_data_dag', 'generate_sensor_data', 'scheduled__2025-11-13T19:09:15+00:00', '--job-id', '671', '--raw', '--subdir', 'DAGS_FOLDER/DEPI.py', '--cfg-path', '/tmp/tmp0p9gu5mr']
[2025-11-13T19:09:32.357+0000] {standard_task_runner.py:105} INFO - Job 671: Subtask generate_sensor_data
[2025-11-13T19:09:32.409+0000] {task_command.py:467} INFO - Running <TaskInstance: iot_sensor_data_dag.generate_sensor_data scheduled__2025-11-13T19:09:15+00:00 [running]> on host 4f76d54186b6
[2025-11-13T19:09:32.495+0000] {taskinstance.py:3134} INFO - Exporting env vars: AIRFLOW_CTX_DAG_OWNER='***' AIRFLOW_CTX_DAG_ID='iot_sensor_data_dag' AIRFLOW_CTX_TASK_ID='generate_sensor_data' AIRFLOW_CTX_EXECUTION_DATE='2025-11-13T19:09:15+00:00' AIRFLOW_CTX_TRY_NUMBER='1' AIRFLOW_CTX_DAG_RUN_ID='scheduled__2025-11-13T19:09:15+00:00'
[2025-11-13T19:09:32.497+0000] {logging_mixin.py:190} INFO - Task instance is in running state
[2025-11-13T19:09:32.498+0000] {logging_mixin.py:190} INFO -  Previous state of the Task instance: queued
[2025-11-13T19:09:32.499+0000] {logging_mixin.py:190} INFO - Current task name:generate_sensor_data state:running start_date:2025-11-13 19:09:32.162077+00:00
[2025-11-13T19:09:32.500+0000] {logging_mixin.py:190} INFO - Dag name:iot_sensor_data_dag and current dag run status:running
[2025-11-13T19:09:32.501+0000] {taskinstance.py:732} INFO - ::endgroup::
[2025-11-13T19:09:32.543+0000] {logging_mixin.py:190} INFO - [2025-11-13 19:09:32.521408] Inserted sensor data: {'time': datetime.datetime(2025, 11, 13, 19, 9, 32, 521408), 'temperature': 27.624571053922796, 'Dissolved_oxygen': 5.952941474658312, 'PH': 7.409639810065425, 'Ammonia': 0.009345038082623627, 'Nitrite': 0.05357906162768272, 'Turbidty': 40.521335348207536, '_id': ObjectId('69162cecb6b28a1c0b1de578')}
[2025-11-13T19:09:32.545+0000] {python.py:218} INFO - Done. Returned value was: None
[2025-11-13T19:09:32.557+0000] {taskinstance.py:341} INFO - ::group::Post task execution logs
[2025-11-13T19:09:32.559+0000] {taskinstance.py:353} INFO - Marking task as SUCCESS. dag_id=iot_sensor_data_dag, task_id=generate_sensor_data, run_id=scheduled__2025-11-13T19:09:15+00:00, execution_date=20251113T190915, start_date=20251113T190932, end_date=20251113T190932
[2025-11-13T19:09:32.581+0000] {logging_mixin.py:190} INFO - Task instance in success state
[2025-11-13T19:09:32.582+0000] {logging_mixin.py:190} INFO -  Previous state of the Task instance: running
[2025-11-13T19:09:32.583+0000] {logging_mixin.py:190} INFO - Dag name:iot_sensor_data_dag queued_at:2025-11-13 19:09:30.577310+00:00
[2025-11-13T19:09:32.584+0000] {logging_mixin.py:190} INFO - Task hostname:4f76d54186b6 operator:PythonOperator
[2025-11-13T19:09:32.624+0000] {local_task_job_runner.py:266} INFO - Task exited with return code 0
[2025-11-13T19:09:32.656+0000] {taskinstance.py:3901} INFO - 0 downstream tasks scheduled from follow-on schedule check
[2025-11-13T19:09:32.662+0000] {local_task_job_runner.py:245} INFO - ::endgroup::
