[2025-11-15T18:47:21.344+0000] {local_task_job_runner.py:123} INFO - ::group::Pre task execution logs
[2025-11-15T18:47:21.356+0000] {taskinstance.py:2614} INFO - Dependencies all met for dep_context=non-requeueable deps ti=<TaskInstance: iot_sensor_data_dag.generate_sensor_data scheduled__2025-11-15T18:47:00+00:00 [queued]>
[2025-11-15T18:47:21.361+0000] {taskinstance.py:2614} INFO - Dependencies all met for dep_context=requeueable deps ti=<TaskInstance: iot_sensor_data_dag.generate_sensor_data scheduled__2025-11-15T18:47:00+00:00 [queued]>
[2025-11-15T18:47:21.368+0000] {taskinstance.py:2867} INFO - Starting attempt 1 of 1
[2025-11-15T18:47:21.377+0000] {taskinstance.py:2890} INFO - Executing <Task(PythonOperator): generate_sensor_data> on 2025-11-15 18:47:00+00:00
[2025-11-15T18:47:21.383+0000] {warnings.py:112} WARNING - /home/***/.local/lib/python3.12/site-packages/***/task/task_runner/standard_task_runner.py:70: DeprecationWarning: This process (pid=1924) is multi-threaded, use of fork() may lead to deadlocks in the child.
  pid = os.fork()

[2025-11-15T18:47:21.384+0000] {standard_task_runner.py:72} INFO - Started process 1926 to run task
[2025-11-15T18:47:21.385+0000] {standard_task_runner.py:104} INFO - Running: ['***', 'tasks', 'run', 'iot_sensor_data_dag', 'generate_sensor_data', 'scheduled__2025-11-15T18:47:00+00:00', '--job-id', '1339', '--raw', '--subdir', 'DAGS_FOLDER/DEPI.py', '--cfg-path', '/tmp/tmp096_8jrd']
[2025-11-15T18:47:21.386+0000] {standard_task_runner.py:105} INFO - Job 1339: Subtask generate_sensor_data
[2025-11-15T18:47:21.604+0000] {task_command.py:467} INFO - Running <TaskInstance: iot_sensor_data_dag.generate_sensor_data scheduled__2025-11-15T18:47:00+00:00 [running]> on host 4f76d54186b6
[2025-11-15T18:47:21.660+0000] {taskinstance.py:3134} INFO - Exporting env vars: AIRFLOW_CTX_DAG_OWNER='***' AIRFLOW_CTX_DAG_ID='iot_sensor_data_dag' AIRFLOW_CTX_TASK_ID='generate_sensor_data' AIRFLOW_CTX_EXECUTION_DATE='2025-11-15T18:47:00+00:00' AIRFLOW_CTX_TRY_NUMBER='1' AIRFLOW_CTX_DAG_RUN_ID='scheduled__2025-11-15T18:47:00+00:00'
[2025-11-15T18:47:21.662+0000] {logging_mixin.py:190} INFO - Task instance is in running state
[2025-11-15T18:47:21.663+0000] {logging_mixin.py:190} INFO -  Previous state of the Task instance: queued
[2025-11-15T18:47:21.663+0000] {logging_mixin.py:190} INFO - Current task name:generate_sensor_data state:running start_date:2025-11-15 18:47:21.357057+00:00
[2025-11-15T18:47:21.664+0000] {logging_mixin.py:190} INFO - Dag name:iot_sensor_data_dag and current dag run status:running
[2025-11-15T18:47:21.664+0000] {taskinstance.py:732} INFO - ::endgroup::
[2025-11-15T18:47:21.688+0000] {logging_mixin.py:190} INFO - [2025-11-15 18:47:21.678266] Inserted sensor data: {'time': '2025-11-15T18:47:21.678266', 'temperature': 27.566196512112892, 'Dissolved_oxygen': 5.9977177573550975, 'PH': 7.4378623576549305, 'Ammonia': 0.010497081791280572, 'Nitrite': 0.047977357970391855, 'Turbidty': 39.01532542151199, '_id': '6918cab9ce489454538b5062'}
[2025-11-16T19:14:22.542+0000] {local_task_job_runner.py:123} INFO - ::group::Pre task execution logs
[2025-11-16T19:14:22.567+0000] {taskinstance.py:2604} INFO - Dependencies not met for <TaskInstance: iot_sensor_data_dag.generate_sensor_data scheduled__2025-11-15T18:47:00+00:00 [failed]>, dependency 'Task Instance State' FAILED: Task is in the 'failed' state.
[2025-11-16T19:14:22.574+0000] {local_task_job_runner.py:166} INFO - Task is not able to be run
