[2025-11-15T12:27:19.088+0000] {local_task_job_runner.py:123} INFO - ::group::Pre task execution logs
[2025-11-15T12:27:19.100+0000] {taskinstance.py:2614} INFO - Dependencies all met for dep_context=non-requeueable deps ti=<TaskInstance: iot_sensor_data_dag.generate_sensor_data scheduled__2025-11-15T12:27:00+00:00 [queued]>
[2025-11-15T12:27:19.106+0000] {taskinstance.py:2614} INFO - Dependencies all met for dep_context=requeueable deps ti=<TaskInstance: iot_sensor_data_dag.generate_sensor_data scheduled__2025-11-15T12:27:00+00:00 [queued]>
[2025-11-15T12:27:19.107+0000] {taskinstance.py:2867} INFO - Starting attempt 1 of 1
[2025-11-15T12:27:19.117+0000] {taskinstance.py:2890} INFO - Executing <Task(PythonOperator): generate_sensor_data> on 2025-11-15 12:27:00+00:00
[2025-11-15T12:27:19.124+0000] {warnings.py:112} WARNING - /home/***/.local/lib/python3.12/site-packages/***/task/task_runner/standard_task_runner.py:70: DeprecationWarning: This process (pid=1184) is multi-threaded, use of fork() may lead to deadlocks in the child.
  pid = os.fork()

[2025-11-15T12:27:19.126+0000] {standard_task_runner.py:72} INFO - Started process 1193 to run task
[2025-11-15T12:27:19.127+0000] {standard_task_runner.py:104} INFO - Running: ['***', 'tasks', 'run', 'iot_sensor_data_dag', 'generate_sensor_data', 'scheduled__2025-11-15T12:27:00+00:00', '--job-id', '1260', '--raw', '--subdir', 'DAGS_FOLDER/DEPI.py', '--cfg-path', '/tmp/tmptuqwr1fb']
[2025-11-15T12:27:19.128+0000] {standard_task_runner.py:105} INFO - Job 1260: Subtask generate_sensor_data
[2025-11-15T12:27:19.340+0000] {task_command.py:467} INFO - Running <TaskInstance: iot_sensor_data_dag.generate_sensor_data scheduled__2025-11-15T12:27:00+00:00 [running]> on host 4f76d54186b6
[2025-11-15T12:27:19.399+0000] {taskinstance.py:3134} INFO - Exporting env vars: AIRFLOW_CTX_DAG_OWNER='***' AIRFLOW_CTX_DAG_ID='iot_sensor_data_dag' AIRFLOW_CTX_TASK_ID='generate_sensor_data' AIRFLOW_CTX_EXECUTION_DATE='2025-11-15T12:27:00+00:00' AIRFLOW_CTX_TRY_NUMBER='1' AIRFLOW_CTX_DAG_RUN_ID='scheduled__2025-11-15T12:27:00+00:00'
[2025-11-15T12:27:19.400+0000] {logging_mixin.py:190} INFO - Task instance is in running state
[2025-11-15T12:27:19.401+0000] {logging_mixin.py:190} INFO -  Previous state of the Task instance: queued
[2025-11-15T12:27:19.401+0000] {logging_mixin.py:190} INFO - Current task name:generate_sensor_data state:running start_date:2025-11-15 12:27:19.101341+00:00
[2025-11-15T12:27:19.402+0000] {logging_mixin.py:190} INFO - Dag name:iot_sensor_data_dag and current dag run status:running
[2025-11-15T12:27:19.403+0000] {taskinstance.py:732} INFO - ::endgroup::
[2025-11-15T12:27:19.426+0000] {logging_mixin.py:190} INFO - [2025-11-15 12:27:19.415438] Inserted sensor data: {'time': '2025-11-15T12:27:19.415438', 'temperature': 27.497735057319765, 'Dissolved_oxygen': 5.972808661841699, 'PH': 7.420179104631655, 'Ammonia': 0.009270277926960347, 'Nitrite': 0.05303554089383565, 'Turbidty': 39.358695130389314, '_id': '691871a7980d4e2f8dc6bc56'}
[2025-11-15T12:30:18.320+0000] {job.py:229} INFO - Heartbeat recovered after 19.92 seconds
[2025-11-15T12:30:35.973+0000] {job.py:229} INFO - Heartbeat recovered after 17.66 seconds
[2025-11-15T12:31:17.568+0000] {job.py:229} INFO - Heartbeat recovered after 41.63 seconds
[2025-11-15T12:32:13.851+0000] {python.py:218} INFO - Done. Returned value was: None
[2025-11-15T12:32:13.862+0000] {taskinstance.py:341} INFO - ::group::Post task execution logs
[2025-11-15T12:32:13.863+0000] {taskinstance.py:353} INFO - Marking task as SUCCESS. dag_id=iot_sensor_data_dag, task_id=generate_sensor_data, run_id=scheduled__2025-11-15T12:27:00+00:00, execution_date=20251115T122700, start_date=20251115T122719, end_date=20251115T123213
[2025-11-15T12:32:14.625+0000] {logging_mixin.py:190} INFO - Task instance in success state
[2025-11-15T12:32:14.626+0000] {logging_mixin.py:190} INFO -  Previous state of the Task instance: running
[2025-11-15T12:32:14.627+0000] {logging_mixin.py:190} INFO - Dag name:iot_sensor_data_dag queued_at:2025-11-15 12:27:15.546756+00:00
[2025-11-15T12:32:14.627+0000] {logging_mixin.py:190} INFO - Task hostname:4f76d54186b6 operator:PythonOperator
[2025-11-15T12:32:14.657+0000] {local_task_job_runner.py:266} INFO - Task exited with return code 0
[2025-11-15T12:32:14.678+0000] {taskinstance.py:3901} INFO - 0 downstream tasks scheduled from follow-on schedule check
[2025-11-15T12:32:14.682+0000] {local_task_job_runner.py:245} INFO - ::endgroup::
[2025-11-16T19:14:19.892+0000] {local_task_job_runner.py:123} INFO - ::group::Pre task execution logs
[2025-11-16T19:14:19.917+0000] {taskinstance.py:2604} INFO - Dependencies not met for <TaskInstance: iot_sensor_data_dag.generate_sensor_data scheduled__2025-11-15T12:27:00+00:00 [success]>, dependency 'Task Instance State' FAILED: Task is in the 'success' state.
[2025-11-16T19:14:19.921+0000] {local_task_job_runner.py:166} INFO - Task is not able to be run
