[2025-11-15T19:05:31.735+0000] {local_task_job_runner.py:123} INFO - ::group::Pre task execution logs
[2025-11-15T19:05:31.745+0000] {taskinstance.py:2614} INFO - Dependencies all met for dep_context=non-requeueable deps ti=<TaskInstance: iot_sensor_data_dag.generate_sensor_data scheduled__2025-11-15T19:05:15+00:00 [queued]>
[2025-11-15T19:05:31.750+0000] {taskinstance.py:2614} INFO - Dependencies all met for dep_context=requeueable deps ti=<TaskInstance: iot_sensor_data_dag.generate_sensor_data scheduled__2025-11-15T19:05:15+00:00 [queued]>
[2025-11-15T19:05:31.751+0000] {taskinstance.py:2867} INFO - Starting attempt 1 of 1
[2025-11-15T19:05:31.761+0000] {taskinstance.py:2890} INFO - Executing <Task(PythonOperator): generate_sensor_data> on 2025-11-15 19:05:15+00:00
[2025-11-15T19:05:31.767+0000] {warnings.py:112} WARNING - /home/***/.local/lib/python3.12/site-packages/***/task/task_runner/standard_task_runner.py:70: DeprecationWarning: This process (pid=161) is multi-threaded, use of fork() may lead to deadlocks in the child.
  pid = os.fork()

[2025-11-15T19:05:31.769+0000] {standard_task_runner.py:72} INFO - Started process 163 to run task
[2025-11-15T19:05:31.768+0000] {standard_task_runner.py:104} INFO - Running: ['***', 'tasks', 'run', 'iot_sensor_data_dag', 'generate_sensor_data', 'scheduled__2025-11-15T19:05:15+00:00', '--job-id', '1374', '--raw', '--subdir', 'DAGS_FOLDER/DEPI.py', '--cfg-path', '/tmp/tmpbf_4_hej']
[2025-11-15T19:05:31.770+0000] {standard_task_runner.py:105} INFO - Job 1374: Subtask generate_sensor_data
[2025-11-15T19:05:31.967+0000] {task_command.py:467} INFO - Running <TaskInstance: iot_sensor_data_dag.generate_sensor_data scheduled__2025-11-15T19:05:15+00:00 [running]> on host 4f76d54186b6
[2025-11-15T19:05:32.044+0000] {taskinstance.py:3134} INFO - Exporting env vars: AIRFLOW_CTX_DAG_OWNER='***' AIRFLOW_CTX_DAG_ID='iot_sensor_data_dag' AIRFLOW_CTX_TASK_ID='generate_sensor_data' AIRFLOW_CTX_EXECUTION_DATE='2025-11-15T19:05:15+00:00' AIRFLOW_CTX_TRY_NUMBER='1' AIRFLOW_CTX_DAG_RUN_ID='scheduled__2025-11-15T19:05:15+00:00'
[2025-11-15T19:05:32.045+0000] {logging_mixin.py:190} INFO - Task instance is in running state
[2025-11-15T19:05:32.046+0000] {logging_mixin.py:190} INFO -  Previous state of the Task instance: queued
[2025-11-15T19:05:32.047+0000] {logging_mixin.py:190} INFO - Current task name:generate_sensor_data state:running start_date:2025-11-15 19:05:31.746187+00:00
[2025-11-15T19:05:32.047+0000] {logging_mixin.py:190} INFO - Dag name:iot_sensor_data_dag and current dag run status:running
[2025-11-15T19:05:32.048+0000] {taskinstance.py:732} INFO - ::endgroup::
[2025-11-15T19:05:32.076+0000] {logging_mixin.py:190} INFO - [2025-11-15 19:05:32.063852] Inserted sensor data: {'time': '2025-11-15T19:05:32.063852', 'temperature': 27.443382492319767, 'Dissolved_oxygen': 5.957433095537089, 'PH': 7.500481106110986, 'Ammonia': 0.009756168576955219, 'Nitrite': 0.05036021430727223, 'Turbidty': 39.61040109824282, '_id': '6918cefc7932a58ce35bb181'}
[2025-11-15T19:09:42.033+0000] {job.py:229} INFO - Heartbeat recovered after 14.18 seconds
[2025-11-15T19:09:54.065+0000] {job.py:229} INFO - Heartbeat recovered after 12.04 seconds
[2025-11-15T19:10:54.841+0000] {python.py:218} INFO - Done. Returned value was: None
[2025-11-15T19:10:55.006+0000] {taskinstance.py:341} INFO - ::group::Post task execution logs
[2025-11-15T19:10:55.024+0000] {taskinstance.py:353} INFO - Marking task as SUCCESS. dag_id=iot_sensor_data_dag, task_id=generate_sensor_data, run_id=scheduled__2025-11-15T19:05:15+00:00, execution_date=20251115T190515, start_date=20251115T190531, end_date=20251115T191055
[2025-11-15T19:10:55.579+0000] {logging_mixin.py:190} INFO - Task instance in success state
[2025-11-15T19:10:55.584+0000] {logging_mixin.py:190} INFO -  Previous state of the Task instance: running
[2025-11-15T19:10:55.584+0000] {logging_mixin.py:190} INFO - Dag name:iot_sensor_data_dag queued_at:2025-11-15 19:05:30.568202+00:00
[2025-11-15T19:10:55.584+0000] {logging_mixin.py:190} INFO - Task hostname:4f76d54186b6 operator:PythonOperator
[2025-11-15T19:10:55.637+0000] {local_task_job_runner.py:266} INFO - Task exited with return code 0
[2025-11-15T19:10:55.729+0000] {taskinstance.py:3901} INFO - 0 downstream tasks scheduled from follow-on schedule check
[2025-11-15T19:10:55.733+0000] {local_task_job_runner.py:245} INFO - ::endgroup::
