[2025-11-13T17:30:16.692+0000] {local_task_job_runner.py:123} INFO - ::group::Pre task execution logs
[2025-11-13T17:30:16.709+0000] {taskinstance.py:2614} INFO - Dependencies all met for dep_context=non-requeueable deps ti=<TaskInstance: iot_sensor_data_dag.generate_sensor_data scheduled__2025-11-13T17:30:00+00:00 [queued]>
[2025-11-13T17:30:16.716+0000] {taskinstance.py:2614} INFO - Dependencies all met for dep_context=requeueable deps ti=<TaskInstance: iot_sensor_data_dag.generate_sensor_data scheduled__2025-11-13T17:30:00+00:00 [queued]>
[2025-11-13T17:30:16.716+0000] {taskinstance.py:2867} INFO - Starting attempt 1 of 1
[2025-11-13T17:30:16.846+0000] {taskinstance.py:2890} INFO - Executing <Task(PythonOperator): generate_sensor_data> on 2025-11-13 17:30:00+00:00
[2025-11-13T17:30:16.853+0000] {warnings.py:112} WARNING - /home/***/.local/lib/python3.12/site-packages/***/task/task_runner/standard_task_runner.py:70: DeprecationWarning: This process (pid=640) is multi-threaded, use of fork() may lead to deadlocks in the child.
  pid = os.fork()

[2025-11-13T17:30:16.855+0000] {standard_task_runner.py:104} INFO - Running: ['***', 'tasks', 'run', 'iot_sensor_data_dag', 'generate_sensor_data', 'scheduled__2025-11-13T17:30:00+00:00', '--job-id', '274', '--raw', '--subdir', 'DAGS_FOLDER/DEPI.py', '--cfg-path', '/tmp/tmp1nmg0kgu']
[2025-11-13T17:30:16.856+0000] {standard_task_runner.py:72} INFO - Started process 642 to run task
[2025-11-13T17:30:16.857+0000] {standard_task_runner.py:105} INFO - Job 274: Subtask generate_sensor_data
[2025-11-13T17:30:16.901+0000] {task_command.py:467} INFO - Running <TaskInstance: iot_sensor_data_dag.generate_sensor_data scheduled__2025-11-13T17:30:00+00:00 [running]> on host 4f76d54186b6
[2025-11-13T17:30:16.972+0000] {taskinstance.py:3134} INFO - Exporting env vars: AIRFLOW_CTX_DAG_OWNER='***' AIRFLOW_CTX_DAG_ID='iot_sensor_data_dag' AIRFLOW_CTX_TASK_ID='generate_sensor_data' AIRFLOW_CTX_EXECUTION_DATE='2025-11-13T17:30:00+00:00' AIRFLOW_CTX_TRY_NUMBER='1' AIRFLOW_CTX_DAG_RUN_ID='scheduled__2025-11-13T17:30:00+00:00'
[2025-11-13T17:30:16.974+0000] {logging_mixin.py:190} INFO - Task instance is in running state
[2025-11-13T17:30:16.975+0000] {logging_mixin.py:190} INFO -  Previous state of the Task instance: queued
[2025-11-13T17:30:16.976+0000] {logging_mixin.py:190} INFO - Current task name:generate_sensor_data state:running start_date:2025-11-13 17:30:16.710159+00:00
[2025-11-13T17:30:16.977+0000] {logging_mixin.py:190} INFO - Dag name:iot_sensor_data_dag and current dag run status:running
[2025-11-13T17:30:16.978+0000] {taskinstance.py:732} INFO - ::endgroup::
[2025-11-13T17:30:17.016+0000] {logging_mixin.py:190} INFO - [2025-11-13 17:30:16.994062] Inserted sensor data: {'time': datetime.datetime(2025, 11, 13, 17, 30, 16, 994062), 'temperature': 27.528158327655664, 'Dissolved_oxygen': 6.043065199378793, 'PH': 7.431402387885465, 'Ammonia': 0.009362063094297967, 'Nitrite': 0.04604647417633522, 'Turbidty': 40.23348453828894, '_id': ObjectId('691615a8a52d629ec013ea02')}
[2025-11-13T17:30:17.019+0000] {python.py:218} INFO - Done. Returned value was: None
[2025-11-13T17:30:17.028+0000] {taskinstance.py:341} INFO - ::group::Post task execution logs
[2025-11-13T17:30:17.029+0000] {taskinstance.py:353} INFO - Marking task as SUCCESS. dag_id=iot_sensor_data_dag, task_id=generate_sensor_data, run_id=scheduled__2025-11-13T17:30:00+00:00, execution_date=20251113T173000, start_date=20251113T173016, end_date=20251113T173017
[2025-11-13T17:30:17.053+0000] {logging_mixin.py:190} INFO - Task instance in success state
[2025-11-13T17:30:17.053+0000] {logging_mixin.py:190} INFO -  Previous state of the Task instance: running
[2025-11-13T17:30:17.054+0000] {logging_mixin.py:190} INFO - Dag name:iot_sensor_data_dag queued_at:2025-11-13 17:30:15.198485+00:00
[2025-11-13T17:30:17.055+0000] {logging_mixin.py:190} INFO - Task hostname:4f76d54186b6 operator:PythonOperator
[2025-11-13T17:30:17.081+0000] {local_task_job_runner.py:266} INFO - Task exited with return code 0
[2025-11-13T17:30:17.103+0000] {taskinstance.py:3901} INFO - 0 downstream tasks scheduled from follow-on schedule check
[2025-11-13T17:30:17.108+0000] {local_task_job_runner.py:245} INFO - ::endgroup::
