[2025-11-13T18:34:16.235+0000] {local_task_job_runner.py:123} INFO - ::group::Pre task execution logs
[2025-11-13T18:34:16.247+0000] {taskinstance.py:2614} INFO - Dependencies all met for dep_context=non-requeueable deps ti=<TaskInstance: iot_sensor_data_dag.generate_sensor_data scheduled__2025-11-13T18:34:00+00:00 [queued]>
[2025-11-13T18:34:16.252+0000] {taskinstance.py:2614} INFO - Dependencies all met for dep_context=requeueable deps ti=<TaskInstance: iot_sensor_data_dag.generate_sensor_data scheduled__2025-11-13T18:34:00+00:00 [queued]>
[2025-11-13T18:34:16.253+0000] {taskinstance.py:2867} INFO - Starting attempt 1 of 1
[2025-11-13T18:34:16.370+0000] {taskinstance.py:2890} INFO - Executing <Task(PythonOperator): generate_sensor_data> on 2025-11-13 18:34:00+00:00
[2025-11-13T18:34:16.377+0000] {warnings.py:112} WARNING - /home/***/.local/lib/python3.12/site-packages/***/task/task_runner/standard_task_runner.py:70: DeprecationWarning: This process (pid=3311) is multi-threaded, use of fork() may lead to deadlocks in the child.
  pid = os.fork()

[2025-11-13T18:34:16.379+0000] {standard_task_runner.py:104} INFO - Running: ['***', 'tasks', 'run', 'iot_sensor_data_dag', 'generate_sensor_data', 'scheduled__2025-11-13T18:34:00+00:00', '--job-id', '530', '--raw', '--subdir', 'DAGS_FOLDER/DEPI.py', '--cfg-path', '/tmp/tmpr0lgw434']
[2025-11-13T18:34:16.379+0000] {standard_task_runner.py:72} INFO - Started process 3313 to run task
[2025-11-13T18:34:16.380+0000] {standard_task_runner.py:105} INFO - Job 530: Subtask generate_sensor_data
[2025-11-13T18:34:16.417+0000] {task_command.py:467} INFO - Running <TaskInstance: iot_sensor_data_dag.generate_sensor_data scheduled__2025-11-13T18:34:00+00:00 [running]> on host 4f76d54186b6
[2025-11-13T18:34:16.474+0000] {taskinstance.py:3134} INFO - Exporting env vars: AIRFLOW_CTX_DAG_OWNER='***' AIRFLOW_CTX_DAG_ID='iot_sensor_data_dag' AIRFLOW_CTX_TASK_ID='generate_sensor_data' AIRFLOW_CTX_EXECUTION_DATE='2025-11-13T18:34:00+00:00' AIRFLOW_CTX_TRY_NUMBER='1' AIRFLOW_CTX_DAG_RUN_ID='scheduled__2025-11-13T18:34:00+00:00'
[2025-11-13T18:34:16.476+0000] {logging_mixin.py:190} INFO - Task instance is in running state
[2025-11-13T18:34:16.477+0000] {logging_mixin.py:190} INFO -  Previous state of the Task instance: queued
[2025-11-13T18:34:16.477+0000] {logging_mixin.py:190} INFO - Current task name:generate_sensor_data state:running start_date:2025-11-13 18:34:16.247680+00:00
[2025-11-13T18:34:16.478+0000] {logging_mixin.py:190} INFO - Dag name:iot_sensor_data_dag and current dag run status:running
[2025-11-13T18:34:16.478+0000] {taskinstance.py:732} INFO - ::endgroup::
[2025-11-13T18:34:16.511+0000] {logging_mixin.py:190} INFO - [2025-11-13 18:34:16.488699] Inserted sensor data: {'time': datetime.datetime(2025, 11, 13, 18, 34, 16, 488699), 'temperature': 27.396016242643096, 'Dissolved_oxygen': 6.069327142759006, 'PH': 7.493898221301627, 'Ammonia': 0.009659477208285869, 'Nitrite': 0.04768895039377519, 'Turbidty': 39.80714452387009, '_id': ObjectId('691624a892175988fc755a1f')}
[2025-11-13T18:34:16.513+0000] {python.py:218} INFO - Done. Returned value was: None
[2025-11-13T18:34:16.528+0000] {taskinstance.py:341} INFO - ::group::Post task execution logs
[2025-11-13T18:34:16.528+0000] {taskinstance.py:353} INFO - Marking task as SUCCESS. dag_id=iot_sensor_data_dag, task_id=generate_sensor_data, run_id=scheduled__2025-11-13T18:34:00+00:00, execution_date=20251113T183400, start_date=20251113T183416, end_date=20251113T183416
[2025-11-13T18:34:16.547+0000] {logging_mixin.py:190} INFO - Task instance in success state
[2025-11-13T18:34:16.548+0000] {logging_mixin.py:190} INFO -  Previous state of the Task instance: running
[2025-11-13T18:34:16.548+0000] {logging_mixin.py:190} INFO - Dag name:iot_sensor_data_dag queued_at:2025-11-13 18:34:15.049754+00:00
[2025-11-13T18:34:16.549+0000] {logging_mixin.py:190} INFO - Task hostname:4f76d54186b6 operator:PythonOperator
[2025-11-13T18:34:16.559+0000] {local_task_job_runner.py:266} INFO - Task exited with return code 0
[2025-11-13T18:34:16.578+0000] {taskinstance.py:3901} INFO - 0 downstream tasks scheduled from follow-on schedule check
[2025-11-13T18:34:16.582+0000] {local_task_job_runner.py:245} INFO - ::endgroup::
