[2025-11-13T18:04:46.487+0000] {local_task_job_runner.py:123} INFO - ::group::Pre task execution logs
[2025-11-13T18:04:46.499+0000] {taskinstance.py:2614} INFO - Dependencies all met for dep_context=non-requeueable deps ti=<TaskInstance: iot_sensor_data_dag.generate_sensor_data scheduled__2025-11-13T18:04:30+00:00 [queued]>
[2025-11-13T18:04:46.505+0000] {taskinstance.py:2614} INFO - Dependencies all met for dep_context=requeueable deps ti=<TaskInstance: iot_sensor_data_dag.generate_sensor_data scheduled__2025-11-13T18:04:30+00:00 [queued]>
[2025-11-13T18:04:46.506+0000] {taskinstance.py:2867} INFO - Starting attempt 1 of 1
[2025-11-13T18:04:46.633+0000] {taskinstance.py:2890} INFO - Executing <Task(PythonOperator): generate_sensor_data> on 2025-11-13 18:04:30+00:00
[2025-11-13T18:04:46.641+0000] {warnings.py:112} WARNING - /home/***/.local/lib/python3.12/site-packages/***/task/task_runner/standard_task_runner.py:70: DeprecationWarning: This process (pid=2073) is multi-threaded, use of fork() may lead to deadlocks in the child.
  pid = os.fork()

[2025-11-13T18:04:46.644+0000] {standard_task_runner.py:72} INFO - Started process 2075 to run task
[2025-11-13T18:04:46.644+0000] {standard_task_runner.py:104} INFO - Running: ['***', 'tasks', 'run', 'iot_sensor_data_dag', 'generate_sensor_data', 'scheduled__2025-11-13T18:04:30+00:00', '--job-id', '412', '--raw', '--subdir', 'DAGS_FOLDER/DEPI.py', '--cfg-path', '/tmp/tmp1x79klcy']
[2025-11-13T18:04:46.646+0000] {standard_task_runner.py:105} INFO - Job 412: Subtask generate_sensor_data
[2025-11-13T18:04:46.695+0000] {task_command.py:467} INFO - Running <TaskInstance: iot_sensor_data_dag.generate_sensor_data scheduled__2025-11-13T18:04:30+00:00 [running]> on host 4f76d54186b6
[2025-11-13T18:04:46.760+0000] {taskinstance.py:3134} INFO - Exporting env vars: AIRFLOW_CTX_DAG_OWNER='***' AIRFLOW_CTX_DAG_ID='iot_sensor_data_dag' AIRFLOW_CTX_TASK_ID='generate_sensor_data' AIRFLOW_CTX_EXECUTION_DATE='2025-11-13T18:04:30+00:00' AIRFLOW_CTX_TRY_NUMBER='1' AIRFLOW_CTX_DAG_RUN_ID='scheduled__2025-11-13T18:04:30+00:00'
[2025-11-13T18:04:46.762+0000] {logging_mixin.py:190} INFO - Task instance is in running state
[2025-11-13T18:04:46.763+0000] {logging_mixin.py:190} INFO -  Previous state of the Task instance: queued
[2025-11-13T18:04:46.764+0000] {logging_mixin.py:190} INFO - Current task name:generate_sensor_data state:running start_date:2025-11-13 18:04:46.500730+00:00
[2025-11-13T18:04:46.764+0000] {logging_mixin.py:190} INFO - Dag name:iot_sensor_data_dag and current dag run status:running
[2025-11-13T18:04:46.765+0000] {taskinstance.py:732} INFO - ::endgroup::
[2025-11-13T18:04:46.801+0000] {logging_mixin.py:190} INFO - [2025-11-13 18:04:46.781601] Inserted sensor data: {'time': datetime.datetime(2025, 11, 13, 18, 4, 46, 781601), 'temperature': 27.325788464641604, 'Dissolved_oxygen': 6.05895226831694, 'PH': 7.562063931024806, 'Ammonia': 0.00940920808084409, 'Nitrite': 0.048325130928048174, 'Turbidty': 39.282271459514625, '_id': ObjectId('69161dbeaa8a30a9d1205b6b')}
[2025-11-13T18:04:46.804+0000] {python.py:218} INFO - Done. Returned value was: None
[2025-11-13T18:04:46.813+0000] {taskinstance.py:341} INFO - ::group::Post task execution logs
[2025-11-13T18:04:46.815+0000] {taskinstance.py:353} INFO - Marking task as SUCCESS. dag_id=iot_sensor_data_dag, task_id=generate_sensor_data, run_id=scheduled__2025-11-13T18:04:30+00:00, execution_date=20251113T180430, start_date=20251113T180446, end_date=20251113T180446
[2025-11-13T18:04:46.834+0000] {logging_mixin.py:190} INFO - Task instance in success state
[2025-11-13T18:04:46.835+0000] {logging_mixin.py:190} INFO -  Previous state of the Task instance: running
[2025-11-13T18:04:46.836+0000] {logging_mixin.py:190} INFO - Dag name:iot_sensor_data_dag queued_at:2025-11-13 18:04:45.215075+00:00
[2025-11-13T18:04:46.837+0000] {logging_mixin.py:190} INFO - Task hostname:4f76d54186b6 operator:PythonOperator
[2025-11-13T18:04:46.867+0000] {local_task_job_runner.py:266} INFO - Task exited with return code 0
[2025-11-13T18:04:46.887+0000] {taskinstance.py:3901} INFO - 0 downstream tasks scheduled from follow-on schedule check
[2025-11-13T18:04:46.891+0000] {local_task_job_runner.py:245} INFO - ::endgroup::
