[2025-11-17T18:36:16.947+0000] {local_task_job_runner.py:123} INFO - ::group::Pre task execution logs
[2025-11-17T18:36:17.058+0000] {taskinstance.py:2614} INFO - Dependencies all met for dep_context=non-requeueable deps ti=<TaskInstance: iot_kafka_produce_only.produce_sensor_data scheduled__2025-11-17T18:35:50+00:00 [queued]>
[2025-11-17T18:36:17.065+0000] {taskinstance.py:2614} INFO - Dependencies all met for dep_context=requeueable deps ti=<TaskInstance: iot_kafka_produce_only.produce_sensor_data scheduled__2025-11-17T18:35:50+00:00 [queued]>
[2025-11-17T18:36:17.077+0000] {taskinstance.py:2867} INFO - Starting attempt 1 of 1
[2025-11-17T18:36:17.086+0000] {taskinstance.py:2890} INFO - Executing <Task(PythonOperator): produce_sensor_data> on 2025-11-17 18:35:50+00:00
[2025-11-17T18:36:17.092+0000] {warnings.py:112} WARNING - /home/***/.local/lib/python3.12/site-packages/***/task/task_runner/standard_task_runner.py:70: DeprecationWarning: This process (pid=1114) is multi-threaded, use of fork() may lead to deadlocks in the child.
  pid = os.fork()

[2025-11-17T18:36:17.094+0000] {standard_task_runner.py:72} INFO - Started process 1116 to run task
[2025-11-17T18:36:17.094+0000] {standard_task_runner.py:104} INFO - Running: ['***', 'tasks', 'run', 'iot_kafka_produce_only', 'produce_sensor_data', 'scheduled__2025-11-17T18:35:50+00:00', '--job-id', '2401', '--raw', '--subdir', 'DAGS_FOLDER/IOT.py', '--cfg-path', '/tmp/tmpovz5o05a']
[2025-11-17T18:36:17.095+0000] {standard_task_runner.py:105} INFO - Job 2401: Subtask produce_sensor_data
[2025-11-17T18:36:17.134+0000] {task_command.py:467} INFO - Running <TaskInstance: iot_kafka_produce_only.produce_sensor_data scheduled__2025-11-17T18:35:50+00:00 [running]> on host 4f76d54186b6
[2025-11-17T18:36:17.201+0000] {taskinstance.py:3134} INFO - Exporting env vars: AIRFLOW_CTX_DAG_OWNER='***' AIRFLOW_CTX_DAG_ID='iot_kafka_produce_only' AIRFLOW_CTX_TASK_ID='produce_sensor_data' AIRFLOW_CTX_EXECUTION_DATE='2025-11-17T18:35:50+00:00' AIRFLOW_CTX_TRY_NUMBER='1' AIRFLOW_CTX_DAG_RUN_ID='scheduled__2025-11-17T18:35:50+00:00'
[2025-11-17T18:36:17.203+0000] {logging_mixin.py:190} INFO - Task instance is in running state
[2025-11-17T18:36:17.204+0000] {logging_mixin.py:190} INFO -  Previous state of the Task instance: queued
[2025-11-17T18:36:17.205+0000] {logging_mixin.py:190} INFO - Current task name:produce_sensor_data state:running start_date:2025-11-17 18:36:17.059518+00:00
[2025-11-17T18:36:17.205+0000] {logging_mixin.py:190} INFO - Dag name:iot_kafka_produce_only and current dag run status:running
[2025-11-17T18:36:17.206+0000] {taskinstance.py:732} INFO - ::endgroup::
[2025-11-17T18:41:17.745+0000] {logging_mixin.py:190} INFO - Message delivery failed: KafkaError{code=_MSG_TIMED_OUT,val=-192,str="Local: Message timed out"}
[2025-11-17T18:41:20.719+0000] {python.py:218} INFO - Done. Returned value was: None
[2025-11-17T18:41:20.728+0000] {taskinstance.py:341} INFO - ::group::Post task execution logs
[2025-11-17T18:41:20.729+0000] {taskinstance.py:353} INFO - Marking task as SUCCESS. dag_id=iot_kafka_produce_only, task_id=produce_sensor_data, run_id=scheduled__2025-11-17T18:35:50+00:00, execution_date=20251117T183550, start_date=20251117T183617, end_date=20251117T184120
[2025-11-17T18:41:20.745+0000] {logging_mixin.py:190} INFO - Task instance in success state
[2025-11-17T18:41:20.745+0000] {logging_mixin.py:190} INFO -  Previous state of the Task instance: running
[2025-11-17T18:41:20.746+0000] {logging_mixin.py:190} INFO - Dag name:iot_kafka_produce_only queued_at:2025-11-17 18:36:15.720592+00:00
[2025-11-17T18:41:20.746+0000] {logging_mixin.py:190} INFO - Task hostname:4f76d54186b6 operator:PythonOperator
[2025-11-17T18:41:20.758+0000] {local_task_job_runner.py:266} INFO - Task exited with return code 0
[2025-11-17T18:41:20.769+0000] {taskinstance.py:3901} INFO - 0 downstream tasks scheduled from follow-on schedule check
[2025-11-17T18:41:20.771+0000] {local_task_job_runner.py:245} INFO - ::endgroup::
