[2025-11-13T18:18:31.975+0000] {local_task_job_runner.py:123} INFO - ::group::Pre task execution logs
[2025-11-13T18:18:31.988+0000] {taskinstance.py:2614} INFO - Dependencies all met for dep_context=non-requeueable deps ti=<TaskInstance: iot_sensor_data_dag.generate_sensor_data scheduled__2025-11-13T18:18:15+00:00 [queued]>
[2025-11-13T18:18:31.994+0000] {taskinstance.py:2614} INFO - Dependencies all met for dep_context=requeueable deps ti=<TaskInstance: iot_sensor_data_dag.generate_sensor_data scheduled__2025-11-13T18:18:15+00:00 [queued]>
[2025-11-13T18:18:31.996+0000] {taskinstance.py:2867} INFO - Starting attempt 1 of 1
[2025-11-13T18:18:32.121+0000] {taskinstance.py:2890} INFO - Executing <Task(PythonOperator): generate_sensor_data> on 2025-11-13 18:18:15+00:00
[2025-11-13T18:18:32.127+0000] {warnings.py:112} WARNING - /home/***/.local/lib/python3.12/site-packages/***/task/task_runner/standard_task_runner.py:70: DeprecationWarning: This process (pid=2654) is multi-threaded, use of fork() may lead to deadlocks in the child.
  pid = os.fork()

[2025-11-13T18:18:32.129+0000] {standard_task_runner.py:72} INFO - Started process 2656 to run task
[2025-11-13T18:18:32.129+0000] {standard_task_runner.py:104} INFO - Running: ['***', 'tasks', 'run', 'iot_sensor_data_dag', 'generate_sensor_data', 'scheduled__2025-11-13T18:18:15+00:00', '--job-id', '467', '--raw', '--subdir', 'DAGS_FOLDER/DEPI.py', '--cfg-path', '/tmp/tmpvwff02vo']
[2025-11-13T18:18:32.130+0000] {standard_task_runner.py:105} INFO - Job 467: Subtask generate_sensor_data
[2025-11-13T18:18:32.167+0000] {task_command.py:467} INFO - Running <TaskInstance: iot_sensor_data_dag.generate_sensor_data scheduled__2025-11-13T18:18:15+00:00 [running]> on host 4f76d54186b6
[2025-11-13T18:18:32.232+0000] {taskinstance.py:3134} INFO - Exporting env vars: AIRFLOW_CTX_DAG_OWNER='***' AIRFLOW_CTX_DAG_ID='iot_sensor_data_dag' AIRFLOW_CTX_TASK_ID='generate_sensor_data' AIRFLOW_CTX_EXECUTION_DATE='2025-11-13T18:18:15+00:00' AIRFLOW_CTX_TRY_NUMBER='1' AIRFLOW_CTX_DAG_RUN_ID='scheduled__2025-11-13T18:18:15+00:00'
[2025-11-13T18:18:32.233+0000] {logging_mixin.py:190} INFO - Task instance is in running state
[2025-11-13T18:18:32.234+0000] {logging_mixin.py:190} INFO -  Previous state of the Task instance: queued
[2025-11-13T18:18:32.234+0000] {logging_mixin.py:190} INFO - Current task name:generate_sensor_data state:running start_date:2025-11-13 18:18:31.989984+00:00
[2025-11-13T18:18:32.235+0000] {logging_mixin.py:190} INFO - Dag name:iot_sensor_data_dag and current dag run status:running
[2025-11-13T18:18:32.235+0000] {taskinstance.py:732} INFO - ::endgroup::
[2025-11-13T18:18:32.269+0000] {logging_mixin.py:190} INFO - [2025-11-13 18:18:32.248285] Inserted sensor data: {'time': datetime.datetime(2025, 11, 13, 18, 18, 32, 248285), 'temperature': 27.425388517951788, 'Dissolved_oxygen': 6.09742597279486, 'PH': 7.526811107432218, 'Ammonia': 0.009959685069660839, 'Nitrite': 0.05386186355607532, 'Turbidty': 39.19704898167566, '_id': ObjectId('691620f87792b2a51947b445')}
[2025-11-13T18:18:32.274+0000] {python.py:218} INFO - Done. Returned value was: None
[2025-11-13T18:18:32.285+0000] {taskinstance.py:341} INFO - ::group::Post task execution logs
[2025-11-13T18:18:32.286+0000] {taskinstance.py:353} INFO - Marking task as SUCCESS. dag_id=iot_sensor_data_dag, task_id=generate_sensor_data, run_id=scheduled__2025-11-13T18:18:15+00:00, execution_date=20251113T181815, start_date=20251113T181831, end_date=20251113T181832
[2025-11-13T18:18:32.303+0000] {logging_mixin.py:190} INFO - Task instance in success state
[2025-11-13T18:18:32.304+0000] {logging_mixin.py:190} INFO -  Previous state of the Task instance: running
[2025-11-13T18:18:32.305+0000] {logging_mixin.py:190} INFO - Dag name:iot_sensor_data_dag queued_at:2025-11-13 18:18:30.669725+00:00
[2025-11-13T18:18:32.306+0000] {logging_mixin.py:190} INFO - Task hostname:4f76d54186b6 operator:PythonOperator
[2025-11-13T18:18:32.349+0000] {local_task_job_runner.py:266} INFO - Task exited with return code 0
[2025-11-13T18:18:32.369+0000] {taskinstance.py:3901} INFO - 0 downstream tasks scheduled from follow-on schedule check
[2025-11-13T18:18:32.373+0000] {local_task_job_runner.py:245} INFO - ::endgroup::
