[2025-11-15T19:04:50.797+0000] {local_task_job_runner.py:123} INFO - ::group::Pre task execution logs
[2025-11-15T19:04:50.809+0000] {taskinstance.py:2614} INFO - Dependencies all met for dep_context=non-requeueable deps ti=<TaskInstance: iot_sensor_data_dag.generate_sensor_data scheduled__2025-11-15T19:04:30+00:00 [queued]>
[2025-11-15T19:04:50.816+0000] {taskinstance.py:2614} INFO - Dependencies all met for dep_context=requeueable deps ti=<TaskInstance: iot_sensor_data_dag.generate_sensor_data scheduled__2025-11-15T19:04:30+00:00 [queued]>
[2025-11-15T19:04:50.819+0000] {taskinstance.py:2867} INFO - Starting attempt 1 of 1
[2025-11-15T19:04:50.834+0000] {taskinstance.py:2890} INFO - Executing <Task(PythonOperator): generate_sensor_data> on 2025-11-15 19:04:30+00:00
[2025-11-15T19:04:50.840+0000] {warnings.py:112} WARNING - /home/***/.local/lib/python3.12/site-packages/***/task/task_runner/standard_task_runner.py:70: DeprecationWarning: This process (pid=88) is multi-threaded, use of fork() may lead to deadlocks in the child.
  pid = os.fork()

[2025-11-15T19:04:50.842+0000] {standard_task_runner.py:104} INFO - Running: ['***', 'tasks', 'run', 'iot_sensor_data_dag', 'generate_sensor_data', 'scheduled__2025-11-15T19:04:30+00:00', '--job-id', '1370', '--raw', '--subdir', 'DAGS_FOLDER/DEPI.py', '--cfg-path', '/tmp/tmp9wxvjnq5']
[2025-11-15T19:04:50.843+0000] {standard_task_runner.py:72} INFO - Started process 90 to run task
[2025-11-15T19:04:50.845+0000] {standard_task_runner.py:105} INFO - Job 1370: Subtask generate_sensor_data
[2025-11-15T19:04:51.057+0000] {task_command.py:467} INFO - Running <TaskInstance: iot_sensor_data_dag.generate_sensor_data scheduled__2025-11-15T19:04:30+00:00 [running]> on host 4f76d54186b6
[2025-11-15T19:04:51.114+0000] {taskinstance.py:3134} INFO - Exporting env vars: AIRFLOW_CTX_DAG_OWNER='***' AIRFLOW_CTX_DAG_ID='iot_sensor_data_dag' AIRFLOW_CTX_TASK_ID='generate_sensor_data' AIRFLOW_CTX_EXECUTION_DATE='2025-11-15T19:04:30+00:00' AIRFLOW_CTX_TRY_NUMBER='1' AIRFLOW_CTX_DAG_RUN_ID='scheduled__2025-11-15T19:04:30+00:00'
[2025-11-15T19:04:51.115+0000] {logging_mixin.py:190} INFO - Task instance is in running state
[2025-11-15T19:04:51.116+0000] {logging_mixin.py:190} INFO -  Previous state of the Task instance: queued
[2025-11-15T19:04:51.116+0000] {logging_mixin.py:190} INFO - Current task name:generate_sensor_data state:running start_date:2025-11-15 19:04:50.812257+00:00
[2025-11-15T19:04:51.117+0000] {logging_mixin.py:190} INFO - Dag name:iot_sensor_data_dag and current dag run status:running
[2025-11-15T19:04:51.118+0000] {taskinstance.py:732} INFO - ::endgroup::
[2025-11-15T19:04:51.157+0000] {logging_mixin.py:190} INFO - [2025-11-15 19:04:51.134000] Inserted sensor data: {'time': '2025-11-15T19:04:51.134000', 'temperature': 27.673818998489704, 'Dissolved_oxygen': 5.942160872998638, 'PH': 7.4037298028486145, 'Ammonia': 0.0092940289950681, 'Nitrite': 0.04833617858691686, 'Turbidty': 40.3251115353962, '_id': '6918ced35bdf69831c7292e8'}
[2025-11-15T19:09:42.047+0000] {job.py:229} INFO - Heartbeat recovered after 13.56 seconds
[2025-11-15T19:09:54.064+0000] {job.py:229} INFO - Heartbeat recovered after 12.04 seconds
[2025-11-15T19:10:09.791+0000] {python.py:218} INFO - Done. Returned value was: None
[2025-11-15T19:10:09.802+0000] {taskinstance.py:341} INFO - ::group::Post task execution logs
[2025-11-15T19:10:09.803+0000] {taskinstance.py:353} INFO - Marking task as SUCCESS. dag_id=iot_sensor_data_dag, task_id=generate_sensor_data, run_id=scheduled__2025-11-15T19:04:30+00:00, execution_date=20251115T190430, start_date=20251115T190450, end_date=20251115T191009
[2025-11-15T19:10:09.828+0000] {logging_mixin.py:190} INFO - Task instance in success state
[2025-11-15T19:10:09.829+0000] {logging_mixin.py:190} INFO -  Previous state of the Task instance: running
[2025-11-15T19:10:09.829+0000] {logging_mixin.py:190} INFO - Dag name:iot_sensor_data_dag queued_at:2025-11-15 19:04:49.299675+00:00
[2025-11-15T19:10:09.830+0000] {logging_mixin.py:190} INFO - Task hostname:4f76d54186b6 operator:PythonOperator
[2025-11-15T19:10:09.844+0000] {local_task_job_runner.py:266} INFO - Task exited with return code 0
[2025-11-15T19:10:09.864+0000] {taskinstance.py:3901} INFO - 0 downstream tasks scheduled from follow-on schedule check
[2025-11-15T19:10:09.869+0000] {local_task_job_runner.py:245} INFO - ::endgroup::
