[2025-11-13T19:11:02.319+0000] {local_task_job_runner.py:123} INFO - ::group::Pre task execution logs
[2025-11-13T19:11:02.334+0000] {taskinstance.py:2614} INFO - Dependencies all met for dep_context=non-requeueable deps ti=<TaskInstance: iot_sensor_data_dag.generate_sensor_data scheduled__2025-11-13T19:10:45+00:00 [queued]>
[2025-11-13T19:11:02.342+0000] {taskinstance.py:2614} INFO - Dependencies all met for dep_context=requeueable deps ti=<TaskInstance: iot_sensor_data_dag.generate_sensor_data scheduled__2025-11-13T19:10:45+00:00 [queued]>
[2025-11-13T19:11:02.344+0000] {taskinstance.py:2867} INFO - Starting attempt 1 of 1
[2025-11-13T19:11:02.509+0000] {taskinstance.py:2890} INFO - Executing <Task(PythonOperator): generate_sensor_data> on 2025-11-13 19:10:45+00:00
[2025-11-13T19:11:02.518+0000] {warnings.py:112} WARNING - /home/***/.local/lib/python3.12/site-packages/***/task/task_runner/standard_task_runner.py:70: DeprecationWarning: This process (pid=4848) is multi-threaded, use of fork() may lead to deadlocks in the child.
  pid = os.fork()

[2025-11-13T19:11:02.520+0000] {standard_task_runner.py:104} INFO - Running: ['***', 'tasks', 'run', 'iot_sensor_data_dag', 'generate_sensor_data', 'scheduled__2025-11-13T19:10:45+00:00', '--job-id', '677', '--raw', '--subdir', 'DAGS_FOLDER/DEPI.py', '--cfg-path', '/tmp/tmpyr8k9c7k']
[2025-11-13T19:11:02.522+0000] {standard_task_runner.py:72} INFO - Started process 4850 to run task
[2025-11-13T19:11:02.523+0000] {standard_task_runner.py:105} INFO - Job 677: Subtask generate_sensor_data
[2025-11-13T19:11:02.576+0000] {task_command.py:467} INFO - Running <TaskInstance: iot_sensor_data_dag.generate_sensor_data scheduled__2025-11-13T19:10:45+00:00 [running]> on host 4f76d54186b6
[2025-11-13T19:11:02.654+0000] {taskinstance.py:3134} INFO - Exporting env vars: AIRFLOW_CTX_DAG_OWNER='***' AIRFLOW_CTX_DAG_ID='iot_sensor_data_dag' AIRFLOW_CTX_TASK_ID='generate_sensor_data' AIRFLOW_CTX_EXECUTION_DATE='2025-11-13T19:10:45+00:00' AIRFLOW_CTX_TRY_NUMBER='1' AIRFLOW_CTX_DAG_RUN_ID='scheduled__2025-11-13T19:10:45+00:00'
[2025-11-13T19:11:02.656+0000] {logging_mixin.py:190} INFO - Task instance is in running state
[2025-11-13T19:11:02.657+0000] {logging_mixin.py:190} INFO -  Previous state of the Task instance: queued
[2025-11-13T19:11:02.658+0000] {logging_mixin.py:190} INFO - Current task name:generate_sensor_data state:running start_date:2025-11-13 19:11:02.335666+00:00
[2025-11-13T19:11:02.659+0000] {logging_mixin.py:190} INFO - Dag name:iot_sensor_data_dag and current dag run status:running
[2025-11-13T19:11:02.659+0000] {taskinstance.py:732} INFO - ::endgroup::
[2025-11-13T19:11:02.698+0000] {logging_mixin.py:190} INFO - [2025-11-13 19:11:02.680068] Inserted sensor data: {'time': datetime.datetime(2025, 11, 13, 19, 11, 2, 680068), 'temperature': 27.57357080393467, 'Dissolved_oxygen': 5.986766266403416, 'PH': 7.412431642812207, 'Ammonia': 0.010404862245569566, 'Nitrite': 0.048884774389233845, 'Turbidty': 39.54594497179166, '_id': ObjectId('69162d4698b9e1eb89ef43ac')}
[2025-11-13T19:11:02.701+0000] {python.py:218} INFO - Done. Returned value was: None
[2025-11-13T19:11:02.711+0000] {taskinstance.py:341} INFO - ::group::Post task execution logs
[2025-11-13T19:11:02.713+0000] {taskinstance.py:353} INFO - Marking task as SUCCESS. dag_id=iot_sensor_data_dag, task_id=generate_sensor_data, run_id=scheduled__2025-11-13T19:10:45+00:00, execution_date=20251113T191045, start_date=20251113T191102, end_date=20251113T191102
[2025-11-13T19:11:02.735+0000] {logging_mixin.py:190} INFO - Task instance in success state
[2025-11-13T19:11:02.736+0000] {logging_mixin.py:190} INFO -  Previous state of the Task instance: running
[2025-11-13T19:11:02.737+0000] {logging_mixin.py:190} INFO - Dag name:iot_sensor_data_dag queued_at:2025-11-13 19:11:00.909270+00:00
[2025-11-13T19:11:02.738+0000] {logging_mixin.py:190} INFO - Task hostname:4f76d54186b6 operator:PythonOperator
[2025-11-13T19:11:02.748+0000] {local_task_job_runner.py:266} INFO - Task exited with return code 0
[2025-11-13T19:11:02.772+0000] {taskinstance.py:3901} INFO - 0 downstream tasks scheduled from follow-on schedule check
[2025-11-13T19:11:02.777+0000] {local_task_job_runner.py:245} INFO - ::endgroup::
