[2025-11-13T18:47:17.452+0000] {local_task_job_runner.py:123} INFO - ::group::Pre task execution logs
[2025-11-13T18:47:17.466+0000] {taskinstance.py:2614} INFO - Dependencies all met for dep_context=non-requeueable deps ti=<TaskInstance: iot_sensor_data_dag.generate_sensor_data scheduled__2025-11-13T18:47:00+00:00 [queued]>
[2025-11-13T18:47:17.474+0000] {taskinstance.py:2614} INFO - Dependencies all met for dep_context=requeueable deps ti=<TaskInstance: iot_sensor_data_dag.generate_sensor_data scheduled__2025-11-13T18:47:00+00:00 [queued]>
[2025-11-13T18:47:17.475+0000] {taskinstance.py:2867} INFO - Starting attempt 1 of 1
[2025-11-13T18:47:17.598+0000] {taskinstance.py:2890} INFO - Executing <Task(PythonOperator): generate_sensor_data> on 2025-11-13 18:47:00+00:00
[2025-11-13T18:47:17.604+0000] {warnings.py:112} WARNING - /home/***/.local/lib/python3.12/site-packages/***/task/task_runner/standard_task_runner.py:70: DeprecationWarning: This process (pid=3855) is multi-threaded, use of fork() may lead to deadlocks in the child.
  pid = os.fork()

[2025-11-13T18:47:17.606+0000] {standard_task_runner.py:104} INFO - Running: ['***', 'tasks', 'run', 'iot_sensor_data_dag', 'generate_sensor_data', 'scheduled__2025-11-13T18:47:00+00:00', '--job-id', '582', '--raw', '--subdir', 'DAGS_FOLDER/DEPI.py', '--cfg-path', '/tmp/tmpacnzslxt']
[2025-11-13T18:47:17.607+0000] {standard_task_runner.py:72} INFO - Started process 3857 to run task
[2025-11-13T18:47:17.609+0000] {standard_task_runner.py:105} INFO - Job 582: Subtask generate_sensor_data
[2025-11-13T18:47:17.652+0000] {task_command.py:467} INFO - Running <TaskInstance: iot_sensor_data_dag.generate_sensor_data scheduled__2025-11-13T18:47:00+00:00 [running]> on host 4f76d54186b6
[2025-11-13T18:47:17.732+0000] {taskinstance.py:3134} INFO - Exporting env vars: AIRFLOW_CTX_DAG_OWNER='***' AIRFLOW_CTX_DAG_ID='iot_sensor_data_dag' AIRFLOW_CTX_TASK_ID='generate_sensor_data' AIRFLOW_CTX_EXECUTION_DATE='2025-11-13T18:47:00+00:00' AIRFLOW_CTX_TRY_NUMBER='1' AIRFLOW_CTX_DAG_RUN_ID='scheduled__2025-11-13T18:47:00+00:00'
[2025-11-13T18:47:17.734+0000] {logging_mixin.py:190} INFO - Task instance is in running state
[2025-11-13T18:47:17.735+0000] {logging_mixin.py:190} INFO -  Previous state of the Task instance: queued
[2025-11-13T18:47:17.735+0000] {logging_mixin.py:190} INFO - Current task name:generate_sensor_data state:running start_date:2025-11-13 18:47:17.468792+00:00
[2025-11-13T18:47:17.736+0000] {logging_mixin.py:190} INFO - Dag name:iot_sensor_data_dag and current dag run status:running
[2025-11-13T18:47:17.736+0000] {taskinstance.py:732} INFO - ::endgroup::
[2025-11-13T18:47:17.767+0000] {logging_mixin.py:190} INFO - [2025-11-13 18:47:17.750747] Inserted sensor data: {'time': datetime.datetime(2025, 11, 13, 18, 47, 17, 750747), 'temperature': 27.499682114890472, 'Dissolved_oxygen': 5.952780934583941, 'PH': 7.47192162245176, 'Ammonia': 0.009310984409692882, 'Nitrite': 0.047245227643409375, 'Turbidty': 39.35891507283717, '_id': ObjectId('691627b5f534fa78c91a9b0d')}
[2025-11-13T18:47:17.770+0000] {python.py:218} INFO - Done. Returned value was: None
[2025-11-13T18:47:17.781+0000] {taskinstance.py:341} INFO - ::group::Post task execution logs
[2025-11-13T18:47:17.781+0000] {taskinstance.py:353} INFO - Marking task as SUCCESS. dag_id=iot_sensor_data_dag, task_id=generate_sensor_data, run_id=scheduled__2025-11-13T18:47:00+00:00, execution_date=20251113T184700, start_date=20251113T184717, end_date=20251113T184717
[2025-11-13T18:47:17.801+0000] {logging_mixin.py:190} INFO - Task instance in success state
[2025-11-13T18:47:17.802+0000] {logging_mixin.py:190} INFO -  Previous state of the Task instance: running
[2025-11-13T18:47:17.803+0000] {logging_mixin.py:190} INFO - Dag name:iot_sensor_data_dag queued_at:2025-11-13 18:47:15.971640+00:00
[2025-11-13T18:47:17.803+0000] {logging_mixin.py:190} INFO - Task hostname:4f76d54186b6 operator:PythonOperator
[2025-11-13T18:47:17.825+0000] {local_task_job_runner.py:266} INFO - Task exited with return code 0
[2025-11-13T18:47:17.833+0000] {local_task_job_runner.py:245} INFO - ::endgroup::
