[2025-11-13T18:08:01.906+0000] {local_task_job_runner.py:123} INFO - ::group::Pre task execution logs
[2025-11-13T18:08:01.920+0000] {taskinstance.py:2614} INFO - Dependencies all met for dep_context=non-requeueable deps ti=<TaskInstance: iot_sensor_data_dag.generate_sensor_data scheduled__2025-11-13T18:07:45+00:00 [queued]>
[2025-11-13T18:08:01.926+0000] {taskinstance.py:2614} INFO - Dependencies all met for dep_context=requeueable deps ti=<TaskInstance: iot_sensor_data_dag.generate_sensor_data scheduled__2025-11-13T18:07:45+00:00 [queued]>
[2025-11-13T18:08:01.928+0000] {taskinstance.py:2867} INFO - Starting attempt 1 of 1
[2025-11-13T18:08:02.073+0000] {taskinstance.py:2890} INFO - Executing <Task(PythonOperator): generate_sensor_data> on 2025-11-13 18:07:45+00:00
[2025-11-13T18:08:02.080+0000] {warnings.py:112} WARNING - /home/***/.local/lib/python3.12/site-packages/***/task/task_runner/standard_task_runner.py:70: DeprecationWarning: This process (pid=2213) is multi-threaded, use of fork() may lead to deadlocks in the child.
  pid = os.fork()

[2025-11-13T18:08:02.084+0000] {standard_task_runner.py:72} INFO - Started process 2215 to run task
[2025-11-13T18:08:02.083+0000] {standard_task_runner.py:104} INFO - Running: ['***', 'tasks', 'run', 'iot_sensor_data_dag', 'generate_sensor_data', 'scheduled__2025-11-13T18:07:45+00:00', '--job-id', '425', '--raw', '--subdir', 'DAGS_FOLDER/DEPI.py', '--cfg-path', '/tmp/tmpwijsg4x7']
[2025-11-13T18:08:02.085+0000] {standard_task_runner.py:105} INFO - Job 425: Subtask generate_sensor_data
[2025-11-13T18:08:02.130+0000] {task_command.py:467} INFO - Running <TaskInstance: iot_sensor_data_dag.generate_sensor_data scheduled__2025-11-13T18:07:45+00:00 [running]> on host 4f76d54186b6
[2025-11-13T18:08:02.201+0000] {taskinstance.py:3134} INFO - Exporting env vars: AIRFLOW_CTX_DAG_OWNER='***' AIRFLOW_CTX_DAG_ID='iot_sensor_data_dag' AIRFLOW_CTX_TASK_ID='generate_sensor_data' AIRFLOW_CTX_EXECUTION_DATE='2025-11-13T18:07:45+00:00' AIRFLOW_CTX_TRY_NUMBER='1' AIRFLOW_CTX_DAG_RUN_ID='scheduled__2025-11-13T18:07:45+00:00'
[2025-11-13T18:08:02.203+0000] {logging_mixin.py:190} INFO - Task instance is in running state
[2025-11-13T18:08:02.203+0000] {logging_mixin.py:190} INFO -  Previous state of the Task instance: queued
[2025-11-13T18:08:02.204+0000] {logging_mixin.py:190} INFO - Current task name:generate_sensor_data state:running start_date:2025-11-13 18:08:01.921536+00:00
[2025-11-13T18:08:02.204+0000] {logging_mixin.py:190} INFO - Dag name:iot_sensor_data_dag and current dag run status:running
[2025-11-13T18:08:02.205+0000] {taskinstance.py:732} INFO - ::endgroup::
[2025-11-13T18:08:02.232+0000] {logging_mixin.py:190} INFO - [2025-11-13 18:08:02.218304] Inserted sensor data: {'time': datetime.datetime(2025, 11, 13, 18, 8, 2, 218304), 'temperature': 27.336803918286513, 'Dissolved_oxygen': 5.94767978592117, 'PH': 7.4058555874748215, 'Ammonia': 0.009889266543426572, 'Nitrite': 0.05267251356616653, 'Turbidty': 40.09873699781717, '_id': ObjectId('69161e8222d060658ca1da63')}
[2025-11-13T18:08:02.234+0000] {python.py:218} INFO - Done. Returned value was: None
[2025-11-13T18:08:02.246+0000] {taskinstance.py:341} INFO - ::group::Post task execution logs
[2025-11-13T18:08:02.247+0000] {taskinstance.py:353} INFO - Marking task as SUCCESS. dag_id=iot_sensor_data_dag, task_id=generate_sensor_data, run_id=scheduled__2025-11-13T18:07:45+00:00, execution_date=20251113T180745, start_date=20251113T180801, end_date=20251113T180802
[2025-11-13T18:08:02.266+0000] {logging_mixin.py:190} INFO - Task instance in success state
[2025-11-13T18:08:02.268+0000] {logging_mixin.py:190} INFO -  Previous state of the Task instance: running
[2025-11-13T18:08:02.269+0000] {logging_mixin.py:190} INFO - Dag name:iot_sensor_data_dag queued_at:2025-11-13 18:08:00.493596+00:00
[2025-11-13T18:08:02.269+0000] {logging_mixin.py:190} INFO - Task hostname:4f76d54186b6 operator:PythonOperator
[2025-11-13T18:08:02.306+0000] {local_task_job_runner.py:266} INFO - Task exited with return code 0
[2025-11-13T18:08:02.327+0000] {taskinstance.py:3901} INFO - 0 downstream tasks scheduled from follow-on schedule check
[2025-11-13T18:08:02.331+0000] {local_task_job_runner.py:245} INFO - ::endgroup::
