[2025-11-15T18:48:38.590+0000] {local_task_job_runner.py:123} INFO - ::group::Pre task execution logs
[2025-11-15T18:48:38.602+0000] {taskinstance.py:2614} INFO - Dependencies all met for dep_context=non-requeueable deps ti=<TaskInstance: iot_sensor_data_dag.generate_sensor_data scheduled__2025-11-15T18:48:15+00:00 [queued]>
[2025-11-15T18:48:38.608+0000] {taskinstance.py:2614} INFO - Dependencies all met for dep_context=requeueable deps ti=<TaskInstance: iot_sensor_data_dag.generate_sensor_data scheduled__2025-11-15T18:48:15+00:00 [queued]>
[2025-11-15T18:48:38.609+0000] {taskinstance.py:2867} INFO - Starting attempt 1 of 1
[2025-11-15T18:48:38.620+0000] {taskinstance.py:2890} INFO - Executing <Task(PythonOperator): generate_sensor_data> on 2025-11-15 18:48:15+00:00
[2025-11-15T18:48:38.628+0000] {warnings.py:112} WARNING - /home/***/.local/lib/python3.12/site-packages/***/task/task_runner/standard_task_runner.py:70: DeprecationWarning: This process (pid=74) is multi-threaded, use of fork() may lead to deadlocks in the child.
  pid = os.fork()

[2025-11-15T18:48:38.630+0000] {standard_task_runner.py:104} INFO - Running: ['***', 'tasks', 'run', 'iot_sensor_data_dag', 'generate_sensor_data', 'scheduled__2025-11-15T18:48:15+00:00', '--job-id', '1346', '--raw', '--subdir', 'DAGS_FOLDER/DEPI.py', '--cfg-path', '/tmp/tmp0xkn2124']
[2025-11-15T18:48:38.631+0000] {standard_task_runner.py:72} INFO - Started process 77 to run task
[2025-11-15T18:48:38.631+0000] {standard_task_runner.py:105} INFO - Job 1346: Subtask generate_sensor_data
[2025-11-15T18:48:38.889+0000] {task_command.py:467} INFO - Running <TaskInstance: iot_sensor_data_dag.generate_sensor_data scheduled__2025-11-15T18:48:15+00:00 [running]> on host 4f76d54186b6
[2025-11-15T18:48:38.968+0000] {taskinstance.py:3134} INFO - Exporting env vars: AIRFLOW_CTX_DAG_OWNER='***' AIRFLOW_CTX_DAG_ID='iot_sensor_data_dag' AIRFLOW_CTX_TASK_ID='generate_sensor_data' AIRFLOW_CTX_EXECUTION_DATE='2025-11-15T18:48:15+00:00' AIRFLOW_CTX_TRY_NUMBER='1' AIRFLOW_CTX_DAG_RUN_ID='scheduled__2025-11-15T18:48:15+00:00'
[2025-11-15T18:48:38.969+0000] {logging_mixin.py:190} INFO - Task instance is in running state
[2025-11-15T18:48:38.970+0000] {logging_mixin.py:190} INFO -  Previous state of the Task instance: queued
[2025-11-15T18:48:38.971+0000] {logging_mixin.py:190} INFO - Current task name:generate_sensor_data state:running start_date:2025-11-15 18:48:38.603213+00:00
[2025-11-15T18:48:38.971+0000] {logging_mixin.py:190} INFO - Dag name:iot_sensor_data_dag and current dag run status:running
[2025-11-15T18:48:38.972+0000] {taskinstance.py:732} INFO - ::endgroup::
[2025-11-15T18:48:39.009+0000] {logging_mixin.py:190} INFO - [2025-11-15 18:48:38.996833] Inserted sensor data: {'time': '2025-11-15T18:48:38.996833', 'temperature': 27.394947312217944, 'Dissolved_oxygen': 6.096182677893386, 'PH': 7.438530540391298, 'Ammonia': 0.0100303774240695, 'Nitrite': 0.048957936638587, 'Turbidty': 40.60345312238462, '_id': '6918cb0665141350ea64b5e7'}
[2025-11-15T18:53:56.517+0000] {python.py:218} INFO - Done. Returned value was: None
[2025-11-15T18:53:56.530+0000] {taskinstance.py:341} INFO - ::group::Post task execution logs
[2025-11-15T18:53:56.531+0000] {taskinstance.py:353} INFO - Marking task as SUCCESS. dag_id=iot_sensor_data_dag, task_id=generate_sensor_data, run_id=scheduled__2025-11-15T18:48:15+00:00, execution_date=20251115T184815, start_date=20251115T184838, end_date=20251115T185356
[2025-11-15T18:53:56.555+0000] {logging_mixin.py:190} INFO - Task instance in success state
[2025-11-15T18:53:56.559+0000] {logging_mixin.py:190} INFO -  Previous state of the Task instance: running
[2025-11-15T18:53:56.560+0000] {logging_mixin.py:190} INFO - Dag name:iot_sensor_data_dag queued_at:2025-11-15 18:48:31.961187+00:00
[2025-11-15T18:53:56.560+0000] {logging_mixin.py:190} INFO - Task hostname:4f76d54186b6 operator:PythonOperator
[2025-11-15T18:53:56.598+0000] {local_task_job_runner.py:266} INFO - Task exited with return code 0
[2025-11-15T18:53:56.619+0000] {taskinstance.py:3901} INFO - 0 downstream tasks scheduled from follow-on schedule check
[2025-11-15T18:53:56.623+0000] {local_task_job_runner.py:245} INFO - ::endgroup::
