[2025-11-15T12:20:16.531+0000] {local_task_job_runner.py:123} INFO - ::group::Pre task execution logs
[2025-11-15T12:20:16.544+0000] {taskinstance.py:2614} INFO - Dependencies all met for dep_context=non-requeueable deps ti=<TaskInstance: iot_sensor_data_dag.generate_sensor_data scheduled__2025-11-15T12:20:00+00:00 [queued]>
[2025-11-15T12:20:16.550+0000] {taskinstance.py:2614} INFO - Dependencies all met for dep_context=requeueable deps ti=<TaskInstance: iot_sensor_data_dag.generate_sensor_data scheduled__2025-11-15T12:20:00+00:00 [queued]>
[2025-11-15T12:20:16.551+0000] {taskinstance.py:2867} INFO - Starting attempt 1 of 1
[2025-11-15T12:20:16.701+0000] {taskinstance.py:2890} INFO - Executing <Task(PythonOperator): generate_sensor_data> on 2025-11-15 12:20:00+00:00
[2025-11-15T12:20:16.708+0000] {warnings.py:112} WARNING - /home/***/.local/lib/python3.12/site-packages/***/task/task_runner/standard_task_runner.py:70: DeprecationWarning: This process (pid=1055) is multi-threaded, use of fork() may lead to deadlocks in the child.
  pid = os.fork()

[2025-11-15T12:20:16.710+0000] {standard_task_runner.py:72} INFO - Started process 1057 to run task
[2025-11-15T12:20:16.711+0000] {standard_task_runner.py:104} INFO - Running: ['***', 'tasks', 'run', 'iot_sensor_data_dag', 'generate_sensor_data', 'scheduled__2025-11-15T12:20:00+00:00', '--job-id', '1252', '--raw', '--subdir', 'DAGS_FOLDER/DEPI.py', '--cfg-path', '/tmp/tmps5wlamou']
[2025-11-15T12:20:16.712+0000] {standard_task_runner.py:105} INFO - Job 1252: Subtask generate_sensor_data
[2025-11-15T12:20:16.754+0000] {task_command.py:467} INFO - Running <TaskInstance: iot_sensor_data_dag.generate_sensor_data scheduled__2025-11-15T12:20:00+00:00 [running]> on host 4f76d54186b6
[2025-11-15T12:20:16.832+0000] {taskinstance.py:3134} INFO - Exporting env vars: AIRFLOW_CTX_DAG_OWNER='***' AIRFLOW_CTX_DAG_ID='iot_sensor_data_dag' AIRFLOW_CTX_TASK_ID='generate_sensor_data' AIRFLOW_CTX_EXECUTION_DATE='2025-11-15T12:20:00+00:00' AIRFLOW_CTX_TRY_NUMBER='1' AIRFLOW_CTX_DAG_RUN_ID='scheduled__2025-11-15T12:20:00+00:00'
[2025-11-15T12:20:16.834+0000] {logging_mixin.py:190} INFO - Task instance is in running state
[2025-11-15T12:20:16.835+0000] {logging_mixin.py:190} INFO -  Previous state of the Task instance: queued
[2025-11-15T12:20:16.835+0000] {logging_mixin.py:190} INFO - Current task name:generate_sensor_data state:running start_date:2025-11-15 12:20:16.545045+00:00
[2025-11-15T12:20:16.836+0000] {logging_mixin.py:190} INFO - Dag name:iot_sensor_data_dag and current dag run status:running
[2025-11-15T12:20:16.836+0000] {taskinstance.py:732} INFO - ::endgroup::
[2025-11-15T12:20:16.867+0000] {logging_mixin.py:190} INFO - [2025-11-15 12:20:16.853683] Inserted sensor data: {'time': '2025-11-15T12:20:16.853683', 'temperature': 27.451176814338446, 'Dissolved_oxygen': 6.015775137667469, 'PH': 7.491870093806357, 'Ammonia': 0.010750101357663619, 'Nitrite': 0.05252932510283102, 'Turbidty': 39.06262193219393, '_id': '691870004b9786f33089c5ae'}
[2025-11-15T12:24:09.840+0000] {job.py:229} INFO - Heartbeat recovered after 163.98 seconds
[2025-11-15T12:25:09.590+0000] {python.py:218} INFO - Done. Returned value was: None
[2025-11-15T12:25:09.599+0000] {taskinstance.py:341} INFO - ::group::Post task execution logs
[2025-11-15T12:25:09.600+0000] {taskinstance.py:353} INFO - Marking task as SUCCESS. dag_id=iot_sensor_data_dag, task_id=generate_sensor_data, run_id=scheduled__2025-11-15T12:20:00+00:00, execution_date=20251115T122000, start_date=20251115T122016, end_date=20251115T122509
[2025-11-15T12:25:09.621+0000] {logging_mixin.py:190} INFO - Task instance in success state
[2025-11-15T12:25:09.621+0000] {logging_mixin.py:190} INFO -  Previous state of the Task instance: running
[2025-11-15T12:25:09.622+0000] {logging_mixin.py:190} INFO - Dag name:iot_sensor_data_dag queued_at:2025-11-15 12:20:15.144358+00:00
[2025-11-15T12:25:09.622+0000] {logging_mixin.py:190} INFO - Task hostname:4f76d54186b6 operator:PythonOperator
[2025-11-15T12:25:10.159+0000] {local_task_job_runner.py:266} INFO - Task exited with return code 0
[2025-11-15T12:25:10.177+0000] {taskinstance.py:3901} INFO - 0 downstream tasks scheduled from follow-on schedule check
[2025-11-15T12:25:10.181+0000] {local_task_job_runner.py:245} INFO - ::endgroup::
