[2025-11-15T19:00:23.589+0000] {local_task_job_runner.py:123} INFO - ::group::Pre task execution logs
[2025-11-15T19:00:23.609+0000] {taskinstance.py:2614} INFO - Dependencies all met for dep_context=non-requeueable deps ti=<TaskInstance: iot_sensor_data_dag.generate_sensor_data scheduled__2025-11-15T19:00:00+00:00 [queued]>
[2025-11-15T19:00:23.621+0000] {taskinstance.py:2614} INFO - Dependencies all met for dep_context=requeueable deps ti=<TaskInstance: iot_sensor_data_dag.generate_sensor_data scheduled__2025-11-15T19:00:00+00:00 [queued]>
[2025-11-15T19:00:23.623+0000] {taskinstance.py:2867} INFO - Starting attempt 1 of 1
[2025-11-15T19:00:23.643+0000] {taskinstance.py:2890} INFO - Executing <Task(PythonOperator): generate_sensor_data> on 2025-11-15 19:00:00+00:00
[2025-11-15T19:00:23.658+0000] {warnings.py:112} WARNING - /home/***/.local/lib/python3.12/site-packages/***/task/task_runner/standard_task_runner.py:70: DeprecationWarning: This process (pid=402) is multi-threaded, use of fork() may lead to deadlocks in the child.
  pid = os.fork()

[2025-11-15T19:00:23.663+0000] {standard_task_runner.py:72} INFO - Started process 428 to run task
[2025-11-15T19:00:23.664+0000] {standard_task_runner.py:104} INFO - Running: ['***', 'tasks', 'run', 'iot_sensor_data_dag', 'generate_sensor_data', 'scheduled__2025-11-15T19:00:00+00:00', '--job-id', '1359', '--raw', '--subdir', 'DAGS_FOLDER/DEPI.py', '--cfg-path', '/tmp/tmpos4awjiz']
[2025-11-15T19:00:23.666+0000] {standard_task_runner.py:105} INFO - Job 1359: Subtask generate_sensor_data
[2025-11-15T19:00:24.214+0000] {task_command.py:467} INFO - Running <TaskInstance: iot_sensor_data_dag.generate_sensor_data scheduled__2025-11-15T19:00:00+00:00 [running]> on host 4f76d54186b6
[2025-11-15T19:00:24.374+0000] {taskinstance.py:3134} INFO - Exporting env vars: AIRFLOW_CTX_DAG_OWNER='***' AIRFLOW_CTX_DAG_ID='iot_sensor_data_dag' AIRFLOW_CTX_TASK_ID='generate_sensor_data' AIRFLOW_CTX_EXECUTION_DATE='2025-11-15T19:00:00+00:00' AIRFLOW_CTX_TRY_NUMBER='1' AIRFLOW_CTX_DAG_RUN_ID='scheduled__2025-11-15T19:00:00+00:00'
[2025-11-15T19:00:24.376+0000] {logging_mixin.py:190} INFO - Task instance is in running state
[2025-11-15T19:00:24.377+0000] {logging_mixin.py:190} INFO -  Previous state of the Task instance: queued
[2025-11-15T19:00:24.377+0000] {logging_mixin.py:190} INFO - Current task name:generate_sensor_data state:running start_date:2025-11-15 19:00:23.613469+00:00
[2025-11-15T19:00:24.378+0000] {logging_mixin.py:190} INFO - Dag name:iot_sensor_data_dag and current dag run status:running
[2025-11-15T19:00:24.378+0000] {taskinstance.py:732} INFO - ::endgroup::
[2025-11-15T19:00:24.447+0000] {logging_mixin.py:190} INFO - [2025-11-15 19:00:24.429828] Inserted sensor data: {'time': '2025-11-15T19:00:24.429828', 'temperature': 27.66706569030555, 'Dissolved_oxygen': 6.0480227952919385, 'PH': 7.510163178646324, 'Ammonia': 0.009940315837163453, 'Nitrite': 0.052231018097153845, 'Turbidty': 40.87555103397123, '_id': '6918cdc8207a4fd43a2d6570'}
[2025-11-16T19:14:22.684+0000] {local_task_job_runner.py:123} INFO - ::group::Pre task execution logs
[2025-11-16T19:14:22.706+0000] {taskinstance.py:2604} INFO - Dependencies not met for <TaskInstance: iot_sensor_data_dag.generate_sensor_data scheduled__2025-11-15T19:00:00+00:00 [failed]>, dependency 'Task Instance State' FAILED: Task is in the 'failed' state.
[2025-11-16T19:14:22.710+0000] {local_task_job_runner.py:166} INFO - Task is not able to be run
