[2025-11-13T18:37:46.542+0000] {local_task_job_runner.py:123} INFO - ::group::Pre task execution logs
[2025-11-13T18:37:46.554+0000] {taskinstance.py:2614} INFO - Dependencies all met for dep_context=non-requeueable deps ti=<TaskInstance: iot_sensor_data_dag.generate_sensor_data scheduled__2025-11-13T18:37:30+00:00 [queued]>
[2025-11-13T18:37:46.560+0000] {taskinstance.py:2614} INFO - Dependencies all met for dep_context=requeueable deps ti=<TaskInstance: iot_sensor_data_dag.generate_sensor_data scheduled__2025-11-13T18:37:30+00:00 [queued]>
[2025-11-13T18:37:46.561+0000] {taskinstance.py:2867} INFO - Starting attempt 1 of 1
[2025-11-13T18:37:46.675+0000] {taskinstance.py:2890} INFO - Executing <Task(PythonOperator): generate_sensor_data> on 2025-11-13 18:37:30+00:00
[2025-11-13T18:37:46.681+0000] {warnings.py:112} WARNING - /home/***/.local/lib/python3.12/site-packages/***/task/task_runner/standard_task_runner.py:70: DeprecationWarning: This process (pid=3457) is multi-threaded, use of fork() may lead to deadlocks in the child.
  pid = os.fork()

[2025-11-13T18:37:46.683+0000] {standard_task_runner.py:72} INFO - Started process 3459 to run task
[2025-11-13T18:37:46.683+0000] {standard_task_runner.py:104} INFO - Running: ['***', 'tasks', 'run', 'iot_sensor_data_dag', 'generate_sensor_data', 'scheduled__2025-11-13T18:37:30+00:00', '--job-id', '544', '--raw', '--subdir', 'DAGS_FOLDER/DEPI.py', '--cfg-path', '/tmp/tmpdg8ui85x']
[2025-11-13T18:37:46.684+0000] {standard_task_runner.py:105} INFO - Job 544: Subtask generate_sensor_data
[2025-11-13T18:37:46.725+0000] {task_command.py:467} INFO - Running <TaskInstance: iot_sensor_data_dag.generate_sensor_data scheduled__2025-11-13T18:37:30+00:00 [running]> on host 4f76d54186b6
[2025-11-13T18:37:46.792+0000] {taskinstance.py:3134} INFO - Exporting env vars: AIRFLOW_CTX_DAG_OWNER='***' AIRFLOW_CTX_DAG_ID='iot_sensor_data_dag' AIRFLOW_CTX_TASK_ID='generate_sensor_data' AIRFLOW_CTX_EXECUTION_DATE='2025-11-13T18:37:30+00:00' AIRFLOW_CTX_TRY_NUMBER='1' AIRFLOW_CTX_DAG_RUN_ID='scheduled__2025-11-13T18:37:30+00:00'
[2025-11-13T18:37:46.794+0000] {logging_mixin.py:190} INFO - Task instance is in running state
[2025-11-13T18:37:46.795+0000] {logging_mixin.py:190} INFO -  Previous state of the Task instance: queued
[2025-11-13T18:37:46.800+0000] {logging_mixin.py:190} INFO - Current task name:generate_sensor_data state:running start_date:2025-11-13 18:37:46.555469+00:00
[2025-11-13T18:37:46.802+0000] {logging_mixin.py:190} INFO - Dag name:iot_sensor_data_dag and current dag run status:running
[2025-11-13T18:37:46.803+0000] {taskinstance.py:732} INFO - ::endgroup::
[2025-11-13T18:37:46.832+0000] {logging_mixin.py:190} INFO - [2025-11-13 18:37:46.819751] Inserted sensor data: {'time': datetime.datetime(2025, 11, 13, 18, 37, 46, 819751), 'temperature': 27.403946250967934, 'Dissolved_oxygen': 6.072494695397528, 'PH': 7.467736013769585, 'Ammonia': 0.010311557233686833, 'Nitrite': 0.051737563495574644, 'Turbidty': 40.21685584653537, '_id': ObjectId('6916257ab3f6a0b1b0c3010e')}
[2025-11-13T18:37:46.834+0000] {python.py:218} INFO - Done. Returned value was: None
[2025-11-13T18:37:46.844+0000] {taskinstance.py:341} INFO - ::group::Post task execution logs
[2025-11-13T18:37:46.845+0000] {taskinstance.py:353} INFO - Marking task as SUCCESS. dag_id=iot_sensor_data_dag, task_id=generate_sensor_data, run_id=scheduled__2025-11-13T18:37:30+00:00, execution_date=20251113T183730, start_date=20251113T183746, end_date=20251113T183746
[2025-11-13T18:37:46.862+0000] {logging_mixin.py:190} INFO - Task instance in success state
[2025-11-13T18:37:46.863+0000] {logging_mixin.py:190} INFO -  Previous state of the Task instance: running
[2025-11-13T18:37:46.863+0000] {logging_mixin.py:190} INFO - Dag name:iot_sensor_data_dag queued_at:2025-11-13 18:37:45.308075+00:00
[2025-11-13T18:37:46.864+0000] {logging_mixin.py:190} INFO - Task hostname:4f76d54186b6 operator:PythonOperator
[2025-11-13T18:37:46.902+0000] {local_task_job_runner.py:266} INFO - Task exited with return code 0
[2025-11-13T18:37:46.931+0000] {taskinstance.py:3901} INFO - 0 downstream tasks scheduled from follow-on schedule check
[2025-11-13T18:37:46.935+0000] {local_task_job_runner.py:245} INFO - ::endgroup::
