[2025-11-17T11:47:06.726+0000] {local_task_job_runner.py:123} INFO - ::group::Pre task execution logs
[2025-11-17T11:47:06.738+0000] {taskinstance.py:2614} INFO - Dependencies all met for dep_context=non-requeueable deps ti=<TaskInstance: iot_sensor_data_dag.generate_sensor_data scheduled__2025-11-17T11:46:40+00:00 [queued]>
[2025-11-17T11:47:06.743+0000] {taskinstance.py:2614} INFO - Dependencies all met for dep_context=requeueable deps ti=<TaskInstance: iot_sensor_data_dag.generate_sensor_data scheduled__2025-11-17T11:46:40+00:00 [queued]>
[2025-11-17T11:47:06.744+0000] {taskinstance.py:2867} INFO - Starting attempt 1 of 1
[2025-11-17T11:47:06.865+0000] {taskinstance.py:2890} INFO - Executing <Task(PythonOperator): generate_sensor_data> on 2025-11-17 11:46:40+00:00
[2025-11-17T11:47:06.871+0000] {warnings.py:112} WARNING - /home/***/.local/lib/python3.12/site-packages/***/task/task_runner/standard_task_runner.py:70: DeprecationWarning: This process (pid=1361) is multi-threaded, use of fork() may lead to deadlocks in the child.
  pid = os.fork()

[2025-11-17T11:47:06.873+0000] {standard_task_runner.py:72} INFO - Started process 1364 to run task
[2025-11-17T11:47:06.874+0000] {standard_task_runner.py:104} INFO - Running: ['***', 'tasks', 'run', 'iot_sensor_data_dag', 'generate_sensor_data', 'scheduled__2025-11-17T11:46:40+00:00', '--job-id', '2321', '--raw', '--subdir', 'DAGS_FOLDER/DEPI.py', '--cfg-path', '/tmp/tmpyi6ieqyd']
[2025-11-17T11:47:06.875+0000] {standard_task_runner.py:105} INFO - Job 2321: Subtask generate_sensor_data
[2025-11-17T11:47:06.914+0000] {task_command.py:467} INFO - Running <TaskInstance: iot_sensor_data_dag.generate_sensor_data scheduled__2025-11-17T11:46:40+00:00 [running]> on host 4f76d54186b6
[2025-11-17T11:47:06.982+0000] {taskinstance.py:3134} INFO - Exporting env vars: AIRFLOW_CTX_DAG_OWNER='***' AIRFLOW_CTX_DAG_ID='iot_sensor_data_dag' AIRFLOW_CTX_TASK_ID='generate_sensor_data' AIRFLOW_CTX_EXECUTION_DATE='2025-11-17T11:46:40+00:00' AIRFLOW_CTX_TRY_NUMBER='1' AIRFLOW_CTX_DAG_RUN_ID='scheduled__2025-11-17T11:46:40+00:00'
[2025-11-17T11:47:06.984+0000] {logging_mixin.py:190} INFO - Task instance is in running state
[2025-11-17T11:47:06.984+0000] {logging_mixin.py:190} INFO -  Previous state of the Task instance: queued
[2025-11-17T11:47:06.985+0000] {logging_mixin.py:190} INFO - Current task name:generate_sensor_data state:running start_date:2025-11-17 11:47:06.738969+00:00
[2025-11-17T11:47:06.985+0000] {logging_mixin.py:190} INFO - Dag name:iot_sensor_data_dag and current dag run status:running
[2025-11-17T11:47:06.986+0000] {taskinstance.py:732} INFO - ::endgroup::
[2025-11-17T11:51:56.731+0000] {logging_mixin.py:190} INFO - Message delivery failed: KafkaError{code=_MSG_TIMED_OUT,val=-192,str="Local: Message timed out"}
[2025-11-17T11:51:56.734+0000] {python.py:218} INFO - Done. Returned value was: None
[2025-11-17T11:51:56.747+0000] {taskinstance.py:341} INFO - ::group::Post task execution logs
[2025-11-17T11:51:56.748+0000] {taskinstance.py:353} INFO - Marking task as SUCCESS. dag_id=iot_sensor_data_dag, task_id=generate_sensor_data, run_id=scheduled__2025-11-17T11:46:40+00:00, execution_date=20251117T114640, start_date=20251117T114706, end_date=20251117T115156
[2025-11-17T11:51:56.772+0000] {logging_mixin.py:190} INFO - Task instance in success state
[2025-11-17T11:51:56.773+0000] {logging_mixin.py:190} INFO -  Previous state of the Task instance: running
[2025-11-17T11:51:56.773+0000] {logging_mixin.py:190} INFO - Dag name:iot_sensor_data_dag queued_at:2025-11-17 11:47:05.389355+00:00
[2025-11-17T11:51:56.774+0000] {logging_mixin.py:190} INFO - Task hostname:4f76d54186b6 operator:PythonOperator
[2025-11-17T11:51:57.501+0000] {local_task_job_runner.py:266} INFO - Task exited with return code 0
[2025-11-17T11:51:57.519+0000] {taskinstance.py:3901} INFO - 0 downstream tasks scheduled from follow-on schedule check
[2025-11-17T11:51:57.521+0000] {local_task_job_runner.py:245} INFO - ::endgroup::
