[2025-11-13T19:01:17.343+0000] {local_task_job_runner.py:123} INFO - ::group::Pre task execution logs
[2025-11-13T19:01:17.359+0000] {taskinstance.py:2614} INFO - Dependencies all met for dep_context=non-requeueable deps ti=<TaskInstance: iot_sensor_data_dag.generate_sensor_data scheduled__2025-11-13T19:01:00+00:00 [queued]>
[2025-11-13T19:01:17.366+0000] {taskinstance.py:2614} INFO - Dependencies all met for dep_context=requeueable deps ti=<TaskInstance: iot_sensor_data_dag.generate_sensor_data scheduled__2025-11-13T19:01:00+00:00 [queued]>
[2025-11-13T19:01:17.378+0000] {taskinstance.py:2867} INFO - Starting attempt 1 of 1
[2025-11-13T19:01:17.511+0000] {taskinstance.py:2890} INFO - Executing <Task(PythonOperator): generate_sensor_data> on 2025-11-13 19:01:00+00:00
[2025-11-13T19:01:17.518+0000] {warnings.py:112} WARNING - /home/***/.local/lib/python3.12/site-packages/***/task/task_runner/standard_task_runner.py:70: DeprecationWarning: This process (pid=4443) is multi-threaded, use of fork() may lead to deadlocks in the child.
  pid = os.fork()

[2025-11-13T19:01:17.520+0000] {standard_task_runner.py:104} INFO - Running: ['***', 'tasks', 'run', 'iot_sensor_data_dag', 'generate_sensor_data', 'scheduled__2025-11-13T19:01:00+00:00', '--job-id', '638', '--raw', '--subdir', 'DAGS_FOLDER/DEPI.py', '--cfg-path', '/tmp/tmpltwy152y']
[2025-11-13T19:01:17.521+0000] {standard_task_runner.py:72} INFO - Started process 4445 to run task
[2025-11-13T19:01:17.522+0000] {standard_task_runner.py:105} INFO - Job 638: Subtask generate_sensor_data
[2025-11-13T19:01:17.578+0000] {task_command.py:467} INFO - Running <TaskInstance: iot_sensor_data_dag.generate_sensor_data scheduled__2025-11-13T19:01:00+00:00 [running]> on host 4f76d54186b6
[2025-11-13T19:01:17.651+0000] {taskinstance.py:3134} INFO - Exporting env vars: AIRFLOW_CTX_DAG_OWNER='***' AIRFLOW_CTX_DAG_ID='iot_sensor_data_dag' AIRFLOW_CTX_TASK_ID='generate_sensor_data' AIRFLOW_CTX_EXECUTION_DATE='2025-11-13T19:01:00+00:00' AIRFLOW_CTX_TRY_NUMBER='1' AIRFLOW_CTX_DAG_RUN_ID='scheduled__2025-11-13T19:01:00+00:00'
[2025-11-13T19:01:17.653+0000] {logging_mixin.py:190} INFO - Task instance is in running state
[2025-11-13T19:01:17.655+0000] {logging_mixin.py:190} INFO -  Previous state of the Task instance: queued
[2025-11-13T19:01:17.657+0000] {logging_mixin.py:190} INFO - Current task name:generate_sensor_data state:running start_date:2025-11-13 19:01:17.361324+00:00
[2025-11-13T19:01:17.659+0000] {logging_mixin.py:190} INFO - Dag name:iot_sensor_data_dag and current dag run status:running
[2025-11-13T19:01:17.661+0000] {taskinstance.py:732} INFO - ::endgroup::
[2025-11-13T19:01:17.741+0000] {logging_mixin.py:190} INFO - [2025-11-13 19:01:17.707402] Inserted sensor data: {'time': datetime.datetime(2025, 11, 13, 19, 1, 17, 707402), 'temperature': 27.370457706497596, 'Dissolved_oxygen': 5.995401580623949, 'PH': 7.574974937619105, 'Ammonia': 0.009355231673216315, 'Nitrite': 0.05453463262761364, 'Turbidty': 40.46482564009194, '_id': ObjectId('69162afddb0f18f2b998b191')}
[2025-11-13T19:01:17.748+0000] {python.py:218} INFO - Done. Returned value was: None
[2025-11-13T19:01:17.761+0000] {taskinstance.py:341} INFO - ::group::Post task execution logs
[2025-11-13T19:01:17.764+0000] {taskinstance.py:353} INFO - Marking task as SUCCESS. dag_id=iot_sensor_data_dag, task_id=generate_sensor_data, run_id=scheduled__2025-11-13T19:01:00+00:00, execution_date=20251113T190100, start_date=20251113T190117, end_date=20251113T190117
[2025-11-13T19:01:17.798+0000] {logging_mixin.py:190} INFO - Task instance in success state
[2025-11-13T19:01:17.800+0000] {logging_mixin.py:190} INFO -  Previous state of the Task instance: running
[2025-11-13T19:01:17.802+0000] {logging_mixin.py:190} INFO - Dag name:iot_sensor_data_dag queued_at:2025-11-13 19:01:15.742878+00:00
[2025-11-13T19:01:17.806+0000] {logging_mixin.py:190} INFO - Task hostname:4f76d54186b6 operator:PythonOperator
[2025-11-13T19:01:17.828+0000] {local_task_job_runner.py:266} INFO - Task exited with return code 0
[2025-11-13T19:01:17.849+0000] {taskinstance.py:3901} INFO - 0 downstream tasks scheduled from follow-on schedule check
[2025-11-13T19:01:17.856+0000] {local_task_job_runner.py:245} INFO - ::endgroup::
