[2025-11-13T18:40:46.571+0000] {local_task_job_runner.py:123} INFO - ::group::Pre task execution logs
[2025-11-13T18:40:46.583+0000] {taskinstance.py:2614} INFO - Dependencies all met for dep_context=non-requeueable deps ti=<TaskInstance: iot_sensor_data_dag.generate_sensor_data scheduled__2025-11-13T18:40:30+00:00 [queued]>
[2025-11-13T18:40:46.589+0000] {taskinstance.py:2614} INFO - Dependencies all met for dep_context=requeueable deps ti=<TaskInstance: iot_sensor_data_dag.generate_sensor_data scheduled__2025-11-13T18:40:30+00:00 [queued]>
[2025-11-13T18:40:46.590+0000] {taskinstance.py:2867} INFO - Starting attempt 1 of 1
[2025-11-13T18:40:46.715+0000] {taskinstance.py:2890} INFO - Executing <Task(PythonOperator): generate_sensor_data> on 2025-11-13 18:40:30+00:00
[2025-11-13T18:40:46.722+0000] {warnings.py:112} WARNING - /home/***/.local/lib/python3.12/site-packages/***/task/task_runner/standard_task_runner.py:70: DeprecationWarning: This process (pid=3583) is multi-threaded, use of fork() may lead to deadlocks in the child.
  pid = os.fork()

[2025-11-13T18:40:46.725+0000] {standard_task_runner.py:72} INFO - Started process 3585 to run task
[2025-11-13T18:40:46.724+0000] {standard_task_runner.py:104} INFO - Running: ['***', 'tasks', 'run', 'iot_sensor_data_dag', 'generate_sensor_data', 'scheduled__2025-11-13T18:40:30+00:00', '--job-id', '556', '--raw', '--subdir', 'DAGS_FOLDER/DEPI.py', '--cfg-path', '/tmp/tmpt7qo9o9q']
[2025-11-13T18:40:46.725+0000] {standard_task_runner.py:105} INFO - Job 556: Subtask generate_sensor_data
[2025-11-13T18:40:46.764+0000] {task_command.py:467} INFO - Running <TaskInstance: iot_sensor_data_dag.generate_sensor_data scheduled__2025-11-13T18:40:30+00:00 [running]> on host 4f76d54186b6
[2025-11-13T18:40:46.833+0000] {taskinstance.py:3134} INFO - Exporting env vars: AIRFLOW_CTX_DAG_OWNER='***' AIRFLOW_CTX_DAG_ID='iot_sensor_data_dag' AIRFLOW_CTX_TASK_ID='generate_sensor_data' AIRFLOW_CTX_EXECUTION_DATE='2025-11-13T18:40:30+00:00' AIRFLOW_CTX_TRY_NUMBER='1' AIRFLOW_CTX_DAG_RUN_ID='scheduled__2025-11-13T18:40:30+00:00'
[2025-11-13T18:40:46.835+0000] {logging_mixin.py:190} INFO - Task instance is in running state
[2025-11-13T18:40:46.836+0000] {logging_mixin.py:190} INFO -  Previous state of the Task instance: queued
[2025-11-13T18:40:46.837+0000] {logging_mixin.py:190} INFO - Current task name:generate_sensor_data state:running start_date:2025-11-13 18:40:46.584234+00:00
[2025-11-13T18:40:46.838+0000] {logging_mixin.py:190} INFO - Dag name:iot_sensor_data_dag and current dag run status:running
[2025-11-13T18:40:46.838+0000] {taskinstance.py:732} INFO - ::endgroup::
[2025-11-13T18:40:46.868+0000] {logging_mixin.py:190} INFO - [2025-11-13 18:40:46.854073] Inserted sensor data: {'time': datetime.datetime(2025, 11, 13, 18, 40, 46, 854073), 'temperature': 27.659717636720064, 'Dissolved_oxygen': 5.952116980594826, 'PH': 7.511005921183324, 'Ammonia': 0.009782849579168041, 'Nitrite': 0.053614046824307475, 'Turbidty': 40.593098029173646, '_id': ObjectId('6916262e786a2ca4dd7ffd46')}
[2025-11-13T18:40:46.870+0000] {python.py:218} INFO - Done. Returned value was: None
[2025-11-13T18:40:46.882+0000] {taskinstance.py:341} INFO - ::group::Post task execution logs
[2025-11-13T18:40:46.882+0000] {taskinstance.py:353} INFO - Marking task as SUCCESS. dag_id=iot_sensor_data_dag, task_id=generate_sensor_data, run_id=scheduled__2025-11-13T18:40:30+00:00, execution_date=20251113T184030, start_date=20251113T184046, end_date=20251113T184046
[2025-11-13T18:40:46.901+0000] {logging_mixin.py:190} INFO - Task instance in success state
[2025-11-13T18:40:46.903+0000] {logging_mixin.py:190} INFO -  Previous state of the Task instance: running
[2025-11-13T18:40:46.904+0000] {logging_mixin.py:190} INFO - Dag name:iot_sensor_data_dag queued_at:2025-11-13 18:40:45.338314+00:00
[2025-11-13T18:40:46.906+0000] {logging_mixin.py:190} INFO - Task hostname:4f76d54186b6 operator:PythonOperator
[2025-11-13T18:40:46.943+0000] {local_task_job_runner.py:266} INFO - Task exited with return code 0
[2025-11-13T18:40:46.969+0000] {taskinstance.py:3901} INFO - 0 downstream tasks scheduled from follow-on schedule check
[2025-11-13T18:40:46.978+0000] {local_task_job_runner.py:245} INFO - ::endgroup::
