[2025-11-14T14:29:31.306+0000] {local_task_job_runner.py:123} INFO - ::group::Pre task execution logs
[2025-11-14T14:29:31.435+0000] {taskinstance.py:2614} INFO - Dependencies all met for dep_context=non-requeueable deps ti=<TaskInstance: iot_sensor_data_dag.generate_sensor_data scheduled__2025-11-14T14:29:15+00:00 [queued]>
[2025-11-14T14:29:31.443+0000] {taskinstance.py:2614} INFO - Dependencies all met for dep_context=requeueable deps ti=<TaskInstance: iot_sensor_data_dag.generate_sensor_data scheduled__2025-11-14T14:29:15+00:00 [queued]>
[2025-11-14T14:29:31.444+0000] {taskinstance.py:2867} INFO - Starting attempt 1 of 1
[2025-11-14T14:29:31.456+0000] {taskinstance.py:2890} INFO - Executing <Task(PythonOperator): generate_sensor_data> on 2025-11-14 14:29:15+00:00
[2025-11-14T14:29:31.462+0000] {warnings.py:112} WARNING - /home/***/.local/lib/python3.12/site-packages/***/task/task_runner/standard_task_runner.py:70: DeprecationWarning: This process (pid=514) is multi-threaded, use of fork() may lead to deadlocks in the child.
  pid = os.fork()

[2025-11-14T14:29:31.464+0000] {standard_task_runner.py:72} INFO - Started process 516 to run task
[2025-11-14T14:29:31.464+0000] {standard_task_runner.py:104} INFO - Running: ['***', 'tasks', 'run', 'iot_sensor_data_dag', 'generate_sensor_data', 'scheduled__2025-11-14T14:29:15+00:00', '--job-id', '801', '--raw', '--subdir', 'DAGS_FOLDER/DEPI.py', '--cfg-path', '/tmp/tmppyl26488']
[2025-11-14T14:29:31.465+0000] {standard_task_runner.py:105} INFO - Job 801: Subtask generate_sensor_data
[2025-11-14T14:29:31.505+0000] {task_command.py:467} INFO - Running <TaskInstance: iot_sensor_data_dag.generate_sensor_data scheduled__2025-11-14T14:29:15+00:00 [running]> on host 4f76d54186b6
[2025-11-14T14:29:31.575+0000] {taskinstance.py:3134} INFO - Exporting env vars: AIRFLOW_CTX_DAG_OWNER='***' AIRFLOW_CTX_DAG_ID='iot_sensor_data_dag' AIRFLOW_CTX_TASK_ID='generate_sensor_data' AIRFLOW_CTX_EXECUTION_DATE='2025-11-14T14:29:15+00:00' AIRFLOW_CTX_TRY_NUMBER='1' AIRFLOW_CTX_DAG_RUN_ID='scheduled__2025-11-14T14:29:15+00:00'
[2025-11-14T14:29:31.577+0000] {logging_mixin.py:190} INFO - Task instance is in running state
[2025-11-14T14:29:31.578+0000] {logging_mixin.py:190} INFO -  Previous state of the Task instance: queued
[2025-11-14T14:29:31.579+0000] {logging_mixin.py:190} INFO - Current task name:generate_sensor_data state:running start_date:2025-11-14 14:29:31.436138+00:00
[2025-11-14T14:29:31.579+0000] {logging_mixin.py:190} INFO - Dag name:iot_sensor_data_dag and current dag run status:running
[2025-11-14T14:29:31.580+0000] {taskinstance.py:732} INFO - ::endgroup::
[2025-11-14T14:29:31.615+0000] {logging_mixin.py:190} INFO - [2025-11-14 14:29:31.595959] Inserted sensor data: {'time': datetime.datetime(2025, 11, 14, 14, 29, 31, 595959), 'temperature': 27.569723432411873, 'Dissolved_oxygen': 5.93550879815188, 'PH': 7.577585109946358, 'Ammonia': 0.010067840369847729, 'Nitrite': 0.05486692317311251, 'Turbidty': 40.48546176168012, '_id': ObjectId('69173ccb5131301a46b5962c')}
[2025-11-14T14:29:31.618+0000] {python.py:218} INFO - Done. Returned value was: None
[2025-11-14T14:29:31.627+0000] {taskinstance.py:341} INFO - ::group::Post task execution logs
[2025-11-14T14:29:31.628+0000] {taskinstance.py:353} INFO - Marking task as SUCCESS. dag_id=iot_sensor_data_dag, task_id=generate_sensor_data, run_id=scheduled__2025-11-14T14:29:15+00:00, execution_date=20251114T142915, start_date=20251114T142931, end_date=20251114T142931
[2025-11-14T14:29:31.649+0000] {logging_mixin.py:190} INFO - Task instance in success state
[2025-11-14T14:29:31.650+0000] {logging_mixin.py:190} INFO -  Previous state of the Task instance: running
[2025-11-14T14:29:31.651+0000] {logging_mixin.py:190} INFO - Dag name:iot_sensor_data_dag queued_at:2025-11-14 14:29:30.406965+00:00
[2025-11-14T14:29:31.652+0000] {logging_mixin.py:190} INFO - Task hostname:4f76d54186b6 operator:PythonOperator
[2025-11-14T14:29:31.685+0000] {local_task_job_runner.py:266} INFO - Task exited with return code 0
[2025-11-14T14:29:31.704+0000] {taskinstance.py:3901} INFO - 0 downstream tasks scheduled from follow-on schedule check
[2025-11-14T14:29:31.709+0000] {local_task_job_runner.py:245} INFO - ::endgroup::
