[2025-11-13T17:23:02.323+0000] {local_task_job_runner.py:123} INFO - ::group::Pre task execution logs
[2025-11-13T17:23:02.337+0000] {taskinstance.py:2614} INFO - Dependencies all met for dep_context=non-requeueable deps ti=<TaskInstance: iot_sensor_data_dag.generate_sensor_data scheduled__2025-11-13T17:22:45+00:00 [queued]>
[2025-11-13T17:23:02.344+0000] {taskinstance.py:2614} INFO - Dependencies all met for dep_context=requeueable deps ti=<TaskInstance: iot_sensor_data_dag.generate_sensor_data scheduled__2025-11-13T17:22:45+00:00 [queued]>
[2025-11-13T17:23:02.345+0000] {taskinstance.py:2867} INFO - Starting attempt 1 of 1
[2025-11-13T17:23:02.505+0000] {taskinstance.py:2890} INFO - Executing <Task(PythonOperator): generate_sensor_data> on 2025-11-13 17:22:45+00:00
[2025-11-13T17:23:02.514+0000] {warnings.py:112} WARNING - /home/***/.local/lib/python3.12/site-packages/***/task/task_runner/standard_task_runner.py:70: DeprecationWarning: This process (pid=338) is multi-threaded, use of fork() may lead to deadlocks in the child.
  pid = os.fork()

[2025-11-13T17:23:02.516+0000] {standard_task_runner.py:72} INFO - Started process 340 to run task
[2025-11-13T17:23:02.516+0000] {standard_task_runner.py:104} INFO - Running: ['***', 'tasks', 'run', 'iot_sensor_data_dag', 'generate_sensor_data', 'scheduled__2025-11-13T17:22:45+00:00', '--job-id', '245', '--raw', '--subdir', 'DAGS_FOLDER/DEPI.py', '--cfg-path', '/tmp/tmp_gb61teg']
[2025-11-13T17:23:02.518+0000] {standard_task_runner.py:105} INFO - Job 245: Subtask generate_sensor_data
[2025-11-13T17:23:02.567+0000] {task_command.py:467} INFO - Running <TaskInstance: iot_sensor_data_dag.generate_sensor_data scheduled__2025-11-13T17:22:45+00:00 [running]> on host 4f76d54186b6
[2025-11-13T17:23:02.648+0000] {taskinstance.py:3134} INFO - Exporting env vars: AIRFLOW_CTX_DAG_OWNER='***' AIRFLOW_CTX_DAG_ID='iot_sensor_data_dag' AIRFLOW_CTX_TASK_ID='generate_sensor_data' AIRFLOW_CTX_EXECUTION_DATE='2025-11-13T17:22:45+00:00' AIRFLOW_CTX_TRY_NUMBER='1' AIRFLOW_CTX_DAG_RUN_ID='scheduled__2025-11-13T17:22:45+00:00'
[2025-11-13T17:23:02.650+0000] {logging_mixin.py:190} INFO - Task instance is in running state
[2025-11-13T17:23:02.650+0000] {logging_mixin.py:190} INFO -  Previous state of the Task instance: queued
[2025-11-13T17:23:02.651+0000] {logging_mixin.py:190} INFO - Current task name:generate_sensor_data state:running start_date:2025-11-13 17:23:02.338499+00:00
[2025-11-13T17:23:02.652+0000] {logging_mixin.py:190} INFO - Dag name:iot_sensor_data_dag and current dag run status:running
[2025-11-13T17:23:02.652+0000] {taskinstance.py:732} INFO - ::endgroup::
[2025-11-13T17:23:02.688+0000] {logging_mixin.py:190} INFO - [2025-11-13 17:23:02.668864] Inserted sensor data: {'time': datetime.datetime(2025, 11, 13, 17, 23, 2, 668864), 'temperature': 27.308681064377208, 'Dissolved_oxygen': 5.95073748598621, 'PH': 7.400956737319037, 'Ammonia': 0.010765894960239152, 'Nitrite': 0.04779757861950446, 'Turbidty': 40.094120162371574, '_id': ObjectId('691613f69cd5196c8c82ef0d')}
[2025-11-13T17:23:02.692+0000] {python.py:218} INFO - Done. Returned value was: None
[2025-11-13T17:23:02.707+0000] {taskinstance.py:341} INFO - ::group::Post task execution logs
[2025-11-13T17:23:02.709+0000] {taskinstance.py:353} INFO - Marking task as SUCCESS. dag_id=iot_sensor_data_dag, task_id=generate_sensor_data, run_id=scheduled__2025-11-13T17:22:45+00:00, execution_date=20251113T172245, start_date=20251113T172302, end_date=20251113T172302
[2025-11-13T17:23:02.736+0000] {logging_mixin.py:190} INFO - Task instance in success state
[2025-11-13T17:23:02.736+0000] {logging_mixin.py:190} INFO -  Previous state of the Task instance: running
[2025-11-13T17:23:02.737+0000] {logging_mixin.py:190} INFO - Dag name:iot_sensor_data_dag queued_at:2025-11-13 17:23:00.832273+00:00
[2025-11-13T17:23:02.738+0000] {logging_mixin.py:190} INFO - Task hostname:4f76d54186b6 operator:PythonOperator
[2025-11-13T17:23:02.775+0000] {local_task_job_runner.py:266} INFO - Task exited with return code 0
[2025-11-13T17:23:02.802+0000] {taskinstance.py:3901} INFO - 0 downstream tasks scheduled from follow-on schedule check
[2025-11-13T17:23:02.808+0000] {local_task_job_runner.py:245} INFO - ::endgroup::
