[2025-11-13T17:33:31.623+0000] {local_task_job_runner.py:123} INFO - ::group::Pre task execution logs
[2025-11-13T17:33:31.637+0000] {taskinstance.py:2614} INFO - Dependencies all met for dep_context=non-requeueable deps ti=<TaskInstance: iot_sensor_data_dag.generate_sensor_data scheduled__2025-11-13T17:33:15+00:00 [queued]>
[2025-11-13T17:33:31.643+0000] {taskinstance.py:2614} INFO - Dependencies all met for dep_context=requeueable deps ti=<TaskInstance: iot_sensor_data_dag.generate_sensor_data scheduled__2025-11-13T17:33:15+00:00 [queued]>
[2025-11-13T17:33:31.644+0000] {taskinstance.py:2867} INFO - Starting attempt 1 of 1
[2025-11-13T17:33:31.784+0000] {taskinstance.py:2890} INFO - Executing <Task(PythonOperator): generate_sensor_data> on 2025-11-13 17:33:15+00:00
[2025-11-13T17:33:31.791+0000] {warnings.py:112} WARNING - /home/***/.local/lib/python3.12/site-packages/***/task/task_runner/standard_task_runner.py:70: DeprecationWarning: This process (pid=780) is multi-threaded, use of fork() may lead to deadlocks in the child.
  pid = os.fork()

[2025-11-13T17:33:31.794+0000] {standard_task_runner.py:72} INFO - Started process 782 to run task
[2025-11-13T17:33:31.793+0000] {standard_task_runner.py:104} INFO - Running: ['***', 'tasks', 'run', 'iot_sensor_data_dag', 'generate_sensor_data', 'scheduled__2025-11-13T17:33:15+00:00', '--job-id', '287', '--raw', '--subdir', 'DAGS_FOLDER/DEPI.py', '--cfg-path', '/tmp/tmp9q4_ajj9']
[2025-11-13T17:33:31.795+0000] {standard_task_runner.py:105} INFO - Job 287: Subtask generate_sensor_data
[2025-11-13T17:33:31.842+0000] {task_command.py:467} INFO - Running <TaskInstance: iot_sensor_data_dag.generate_sensor_data scheduled__2025-11-13T17:33:15+00:00 [running]> on host 4f76d54186b6
[2025-11-13T17:33:31.914+0000] {taskinstance.py:3134} INFO - Exporting env vars: AIRFLOW_CTX_DAG_OWNER='***' AIRFLOW_CTX_DAG_ID='iot_sensor_data_dag' AIRFLOW_CTX_TASK_ID='generate_sensor_data' AIRFLOW_CTX_EXECUTION_DATE='2025-11-13T17:33:15+00:00' AIRFLOW_CTX_TRY_NUMBER='1' AIRFLOW_CTX_DAG_RUN_ID='scheduled__2025-11-13T17:33:15+00:00'
[2025-11-13T17:33:31.916+0000] {logging_mixin.py:190} INFO - Task instance is in running state
[2025-11-13T17:33:31.916+0000] {logging_mixin.py:190} INFO -  Previous state of the Task instance: queued
[2025-11-13T17:33:31.917+0000] {logging_mixin.py:190} INFO - Current task name:generate_sensor_data state:running start_date:2025-11-13 17:33:31.638018+00:00
[2025-11-13T17:33:31.918+0000] {logging_mixin.py:190} INFO - Dag name:iot_sensor_data_dag and current dag run status:running
[2025-11-13T17:33:31.919+0000] {taskinstance.py:732} INFO - ::endgroup::
[2025-11-13T17:33:31.949+0000] {logging_mixin.py:190} INFO - [2025-11-13 17:33:31.933865] Inserted sensor data: {'time': datetime.datetime(2025, 11, 13, 17, 33, 31, 933865), 'temperature': 27.570256252655728, 'Dissolved_oxygen': 5.940969325914369, 'PH': 7.518637893324467, 'Ammonia': 0.009263179416021854, 'Nitrite': 0.05391788900691992, 'Turbidty': 39.37216886282403, '_id': ObjectId('6916166b878547c917da6b14')}
[2025-11-13T17:33:31.951+0000] {python.py:218} INFO - Done. Returned value was: None
[2025-11-13T17:33:31.960+0000] {taskinstance.py:341} INFO - ::group::Post task execution logs
[2025-11-13T17:33:31.961+0000] {taskinstance.py:353} INFO - Marking task as SUCCESS. dag_id=iot_sensor_data_dag, task_id=generate_sensor_data, run_id=scheduled__2025-11-13T17:33:15+00:00, execution_date=20251113T173315, start_date=20251113T173331, end_date=20251113T173331
[2025-11-13T17:33:31.985+0000] {logging_mixin.py:190} INFO - Task instance in success state
[2025-11-13T17:33:31.987+0000] {logging_mixin.py:190} INFO -  Previous state of the Task instance: running
[2025-11-13T17:33:31.988+0000] {logging_mixin.py:190} INFO - Dag name:iot_sensor_data_dag queued_at:2025-11-13 17:33:30.079664+00:00
[2025-11-13T17:33:31.989+0000] {logging_mixin.py:190} INFO - Task hostname:4f76d54186b6 operator:PythonOperator
[2025-11-13T17:33:32.010+0000] {local_task_job_runner.py:266} INFO - Task exited with return code 0
[2025-11-13T17:33:32.024+0000] {taskinstance.py:3901} INFO - 0 downstream tasks scheduled from follow-on schedule check
[2025-11-13T17:33:32.027+0000] {local_task_job_runner.py:245} INFO - ::endgroup::
