[2025-11-17T19:47:31.844+0000] {local_task_job_runner.py:123} INFO - ::group::Pre task execution logs
[2025-11-17T19:47:31.972+0000] {taskinstance.py:2614} INFO - Dependencies all met for dep_context=non-requeueable deps ti=<TaskInstance: iot_kafka_with_env.generate_data scheduled__2025-11-17T19:47:05+00:00 [queued]>
[2025-11-17T19:47:31.979+0000] {taskinstance.py:2614} INFO - Dependencies all met for dep_context=requeueable deps ti=<TaskInstance: iot_kafka_with_env.generate_data scheduled__2025-11-17T19:47:05+00:00 [queued]>
[2025-11-17T19:47:31.980+0000] {taskinstance.py:2867} INFO - Starting attempt 1 of 1
[2025-11-17T19:47:31.991+0000] {taskinstance.py:2890} INFO - Executing <Task(PythonOperator): generate_data> on 2025-11-17 19:47:05+00:00
[2025-11-17T19:47:31.997+0000] {warnings.py:112} WARNING - /home/***/.local/lib/python3.12/site-packages/***/task/task_runner/standard_task_runner.py:70: DeprecationWarning: This process (pid=545) is multi-threaded, use of fork() may lead to deadlocks in the child.
  pid = os.fork()

[2025-11-17T19:47:31.999+0000] {standard_task_runner.py:72} INFO - Started process 547 to run task
[2025-11-17T19:47:32.000+0000] {standard_task_runner.py:104} INFO - Running: ['***', 'tasks', 'run', 'iot_kafka_with_env', 'generate_data', 'scheduled__2025-11-17T19:47:05+00:00', '--job-id', '2574', '--raw', '--subdir', 'DAGS_FOLDER/IOT.py', '--cfg-path', '/tmp/tmpq83x1dle']
[2025-11-17T19:47:32.001+0000] {standard_task_runner.py:105} INFO - Job 2574: Subtask generate_data
[2025-11-17T19:47:32.048+0000] {task_command.py:467} INFO - Running <TaskInstance: iot_kafka_with_env.generate_data scheduled__2025-11-17T19:47:05+00:00 [running]> on host 4f76d54186b6
[2025-11-17T19:47:32.107+0000] {taskinstance.py:3134} INFO - Exporting env vars: AIRFLOW_CTX_DAG_OWNER='***' AIRFLOW_CTX_DAG_ID='iot_kafka_with_env' AIRFLOW_CTX_TASK_ID='generate_data' AIRFLOW_CTX_EXECUTION_DATE='2025-11-17T19:47:05+00:00' AIRFLOW_CTX_TRY_NUMBER='1' AIRFLOW_CTX_DAG_RUN_ID='scheduled__2025-11-17T19:47:05+00:00'
[2025-11-17T19:47:32.109+0000] {logging_mixin.py:190} INFO - Task instance is in running state
[2025-11-17T19:47:32.110+0000] {logging_mixin.py:190} INFO -  Previous state of the Task instance: queued
[2025-11-17T19:47:32.110+0000] {logging_mixin.py:190} INFO - Current task name:generate_data state:running start_date:2025-11-17 19:47:31.973696+00:00
[2025-11-17T19:47:32.111+0000] {logging_mixin.py:190} INFO - Dag name:iot_kafka_with_env and current dag run status:running
[2025-11-17T19:47:32.111+0000] {taskinstance.py:732} INFO - ::endgroup::
[2025-11-17T19:47:32.112+0000] {python.py:218} INFO - Done. Returned value was: {'time': '2025-11-17T19:47:32.112677', 'temperature': 27.488236032442067, 'Dissolved_oxygen': 5.922713214049651, 'PH': 7.466831732938163, 'Ammonia': 0.009544606495315681, 'Nitrite': 0.054036136281709016, 'Turbidty': 39.53373152361189}
[2025-11-17T19:47:32.130+0000] {taskinstance.py:341} INFO - ::group::Post task execution logs
[2025-11-17T19:47:32.131+0000] {taskinstance.py:353} INFO - Marking task as SUCCESS. dag_id=iot_kafka_with_env, task_id=generate_data, run_id=scheduled__2025-11-17T19:47:05+00:00, execution_date=20251117T194705, start_date=20251117T194731, end_date=20251117T194732
[2025-11-17T19:47:32.149+0000] {logging_mixin.py:190} INFO - Task instance in success state
[2025-11-17T19:47:32.150+0000] {logging_mixin.py:190} INFO -  Previous state of the Task instance: running
[2025-11-17T19:47:32.150+0000] {logging_mixin.py:190} INFO - Dag name:iot_kafka_with_env queued_at:2025-11-17 19:47:30.731979+00:00
[2025-11-17T19:47:32.150+0000] {logging_mixin.py:190} INFO - Task hostname:4f76d54186b6 operator:PythonOperator
[2025-11-17T19:47:32.175+0000] {local_task_job_runner.py:266} INFO - Task exited with return code 0
[2025-11-17T19:47:32.193+0000] {taskinstance.py:3901} INFO - 1 downstream tasks scheduled from follow-on schedule check
[2025-11-17T19:47:32.196+0000] {local_task_job_runner.py:245} INFO - ::endgroup::
