[2025-11-13T17:22:16.400+0000] {local_task_job_runner.py:123} INFO - ::group::Pre task execution logs
[2025-11-13T17:22:16.413+0000] {taskinstance.py:2614} INFO - Dependencies all met for dep_context=non-requeueable deps ti=<TaskInstance: iot_sensor_data_dag.generate_sensor_data scheduled__2025-11-13T17:22:00+00:00 [queued]>
[2025-11-13T17:22:16.421+0000] {taskinstance.py:2614} INFO - Dependencies all met for dep_context=requeueable deps ti=<TaskInstance: iot_sensor_data_dag.generate_sensor_data scheduled__2025-11-13T17:22:00+00:00 [queued]>
[2025-11-13T17:22:16.423+0000] {taskinstance.py:2867} INFO - Starting attempt 1 of 1
[2025-11-13T17:22:16.554+0000] {taskinstance.py:2890} INFO - Executing <Task(PythonOperator): generate_sensor_data> on 2025-11-13 17:22:00+00:00
[2025-11-13T17:22:16.562+0000] {warnings.py:112} WARNING - /home/***/.local/lib/python3.12/site-packages/***/task/task_runner/standard_task_runner.py:70: DeprecationWarning: This process (pid=310) is multi-threaded, use of fork() may lead to deadlocks in the child.
  pid = os.fork()

[2025-11-13T17:22:16.564+0000] {standard_task_runner.py:72} INFO - Started process 312 to run task
[2025-11-13T17:22:16.565+0000] {standard_task_runner.py:104} INFO - Running: ['***', 'tasks', 'run', 'iot_sensor_data_dag', 'generate_sensor_data', 'scheduled__2025-11-13T17:22:00+00:00', '--job-id', '242', '--raw', '--subdir', 'DAGS_FOLDER/DEPI.py', '--cfg-path', '/tmp/tmpvlbtnfo7']
[2025-11-13T17:22:16.566+0000] {standard_task_runner.py:105} INFO - Job 242: Subtask generate_sensor_data
[2025-11-13T17:22:16.617+0000] {task_command.py:467} INFO - Running <TaskInstance: iot_sensor_data_dag.generate_sensor_data scheduled__2025-11-13T17:22:00+00:00 [running]> on host 4f76d54186b6
[2025-11-13T17:22:16.698+0000] {taskinstance.py:3134} INFO - Exporting env vars: AIRFLOW_CTX_DAG_OWNER='***' AIRFLOW_CTX_DAG_ID='iot_sensor_data_dag' AIRFLOW_CTX_TASK_ID='generate_sensor_data' AIRFLOW_CTX_EXECUTION_DATE='2025-11-13T17:22:00+00:00' AIRFLOW_CTX_TRY_NUMBER='1' AIRFLOW_CTX_DAG_RUN_ID='scheduled__2025-11-13T17:22:00+00:00'
[2025-11-13T17:22:16.700+0000] {logging_mixin.py:190} INFO - Task instance is in running state
[2025-11-13T17:22:16.701+0000] {logging_mixin.py:190} INFO -  Previous state of the Task instance: queued
[2025-11-13T17:22:16.701+0000] {logging_mixin.py:190} INFO - Current task name:generate_sensor_data state:running start_date:2025-11-13 17:22:16.414771+00:00
[2025-11-13T17:22:16.702+0000] {logging_mixin.py:190} INFO - Dag name:iot_sensor_data_dag and current dag run status:running
[2025-11-13T17:22:16.703+0000] {taskinstance.py:732} INFO - ::endgroup::
[2025-11-13T17:22:16.736+0000] {logging_mixin.py:190} INFO - [2025-11-13 17:22:16.719170] Inserted sensor data: {'time': datetime.datetime(2025, 11, 13, 17, 22, 16, 719170), 'temperature': 27.336844687095578, 'Dissolved_oxygen': 6.020396687142625, 'PH': 7.423167982013353, 'Ammonia': 0.010127816931366428, 'Nitrite': 0.04608320620039722, 'Turbidty': 39.1749685778601, '_id': ObjectId('691613c8222c5de4ddcc7bb3')}
[2025-11-13T17:22:16.738+0000] {python.py:218} INFO - Done. Returned value was: None
[2025-11-13T17:22:16.749+0000] {taskinstance.py:341} INFO - ::group::Post task execution logs
[2025-11-13T17:22:16.749+0000] {taskinstance.py:353} INFO - Marking task as SUCCESS. dag_id=iot_sensor_data_dag, task_id=generate_sensor_data, run_id=scheduled__2025-11-13T17:22:00+00:00, execution_date=20251113T172200, start_date=20251113T172216, end_date=20251113T172216
[2025-11-13T17:22:16.770+0000] {logging_mixin.py:190} INFO - Task instance in success state
[2025-11-13T17:22:16.771+0000] {logging_mixin.py:190} INFO -  Previous state of the Task instance: running
[2025-11-13T17:22:16.772+0000] {logging_mixin.py:190} INFO - Dag name:iot_sensor_data_dag queued_at:2025-11-13 17:22:15.013314+00:00
[2025-11-13T17:22:16.772+0000] {logging_mixin.py:190} INFO - Task hostname:4f76d54186b6 operator:PythonOperator
[2025-11-13T17:22:16.790+0000] {local_task_job_runner.py:266} INFO - Task exited with return code 0
[2025-11-13T17:22:16.811+0000] {taskinstance.py:3901} INFO - 0 downstream tasks scheduled from follow-on schedule check
[2025-11-13T17:22:16.816+0000] {local_task_job_runner.py:245} INFO - ::endgroup::
