[2025-11-13T19:10:31.703+0000] {local_task_job_runner.py:123} INFO - ::group::Pre task execution logs
[2025-11-13T19:10:31.719+0000] {taskinstance.py:2614} INFO - Dependencies all met for dep_context=non-requeueable deps ti=<TaskInstance: iot_sensor_data_dag.generate_sensor_data scheduled__2025-11-13T19:10:15+00:00 [queued]>
[2025-11-13T19:10:31.726+0000] {taskinstance.py:2614} INFO - Dependencies all met for dep_context=requeueable deps ti=<TaskInstance: iot_sensor_data_dag.generate_sensor_data scheduled__2025-11-13T19:10:15+00:00 [queued]>
[2025-11-13T19:10:31.728+0000] {taskinstance.py:2867} INFO - Starting attempt 1 of 1
[2025-11-13T19:10:31.862+0000] {taskinstance.py:2890} INFO - Executing <Task(PythonOperator): generate_sensor_data> on 2025-11-13 19:10:15+00:00
[2025-11-13T19:10:31.869+0000] {warnings.py:112} WARNING - /home/***/.local/lib/python3.12/site-packages/***/task/task_runner/standard_task_runner.py:70: DeprecationWarning: This process (pid=4827) is multi-threaded, use of fork() may lead to deadlocks in the child.
  pid = os.fork()

[2025-11-13T19:10:31.871+0000] {standard_task_runner.py:72} INFO - Started process 4829 to run task
[2025-11-13T19:10:31.871+0000] {standard_task_runner.py:104} INFO - Running: ['***', 'tasks', 'run', 'iot_sensor_data_dag', 'generate_sensor_data', 'scheduled__2025-11-13T19:10:15+00:00', '--job-id', '675', '--raw', '--subdir', 'DAGS_FOLDER/DEPI.py', '--cfg-path', '/tmp/tmpou_4qamy']
[2025-11-13T19:10:31.875+0000] {standard_task_runner.py:105} INFO - Job 675: Subtask generate_sensor_data
[2025-11-13T19:10:31.919+0000] {task_command.py:467} INFO - Running <TaskInstance: iot_sensor_data_dag.generate_sensor_data scheduled__2025-11-13T19:10:15+00:00 [running]> on host 4f76d54186b6
[2025-11-13T19:10:31.987+0000] {taskinstance.py:3134} INFO - Exporting env vars: AIRFLOW_CTX_DAG_OWNER='***' AIRFLOW_CTX_DAG_ID='iot_sensor_data_dag' AIRFLOW_CTX_TASK_ID='generate_sensor_data' AIRFLOW_CTX_EXECUTION_DATE='2025-11-13T19:10:15+00:00' AIRFLOW_CTX_TRY_NUMBER='1' AIRFLOW_CTX_DAG_RUN_ID='scheduled__2025-11-13T19:10:15+00:00'
[2025-11-13T19:10:31.989+0000] {logging_mixin.py:190} INFO - Task instance is in running state
[2025-11-13T19:10:31.989+0000] {logging_mixin.py:190} INFO -  Previous state of the Task instance: queued
[2025-11-13T19:10:31.990+0000] {logging_mixin.py:190} INFO - Current task name:generate_sensor_data state:running start_date:2025-11-13 19:10:31.720595+00:00
[2025-11-13T19:10:31.990+0000] {logging_mixin.py:190} INFO - Dag name:iot_sensor_data_dag and current dag run status:running
[2025-11-13T19:10:31.991+0000] {taskinstance.py:732} INFO - ::endgroup::
[2025-11-13T19:10:32.028+0000] {logging_mixin.py:190} INFO - [2025-11-13 19:10:32.008571] Inserted sensor data: {'time': datetime.datetime(2025, 11, 13, 19, 10, 32, 8571), 'temperature': 27.364896594956015, 'Dissolved_oxygen': 5.944880530824294, 'PH': 7.474666660626843, 'Ammonia': 0.009981585529503584, 'Nitrite': 0.04965948405848819, 'Turbidty': 39.942205913879064, '_id': ObjectId('69162d28a9a373ea48b177b7')}
[2025-11-13T19:10:32.032+0000] {python.py:218} INFO - Done. Returned value was: None
[2025-11-13T19:10:32.044+0000] {taskinstance.py:341} INFO - ::group::Post task execution logs
[2025-11-13T19:10:32.049+0000] {taskinstance.py:353} INFO - Marking task as SUCCESS. dag_id=iot_sensor_data_dag, task_id=generate_sensor_data, run_id=scheduled__2025-11-13T19:10:15+00:00, execution_date=20251113T191015, start_date=20251113T191031, end_date=20251113T191032
[2025-11-13T19:10:32.071+0000] {logging_mixin.py:190} INFO - Task instance in success state
[2025-11-13T19:10:32.072+0000] {logging_mixin.py:190} INFO -  Previous state of the Task instance: running
[2025-11-13T19:10:32.073+0000] {logging_mixin.py:190} INFO - Dag name:iot_sensor_data_dag queued_at:2025-11-13 19:10:30.059277+00:00
[2025-11-13T19:10:32.073+0000] {logging_mixin.py:190} INFO - Task hostname:4f76d54186b6 operator:PythonOperator
[2025-11-13T19:10:32.093+0000] {local_task_job_runner.py:266} INFO - Task exited with return code 0
[2025-11-13T19:10:32.116+0000] {taskinstance.py:3901} INFO - 0 downstream tasks scheduled from follow-on schedule check
[2025-11-13T19:10:32.122+0000] {local_task_job_runner.py:245} INFO - ::endgroup::
