[2025-11-13T17:21:16.710+0000] {local_task_job_runner.py:123} INFO - ::group::Pre task execution logs
[2025-11-13T17:21:16.724+0000] {taskinstance.py:2614} INFO - Dependencies all met for dep_context=non-requeueable deps ti=<TaskInstance: iot_sensor_data_dag.generate_sensor_data scheduled__2025-11-13T17:21:00+00:00 [queued]>
[2025-11-13T17:21:16.731+0000] {taskinstance.py:2614} INFO - Dependencies all met for dep_context=requeueable deps ti=<TaskInstance: iot_sensor_data_dag.generate_sensor_data scheduled__2025-11-13T17:21:00+00:00 [queued]>
[2025-11-13T17:21:16.732+0000] {taskinstance.py:2867} INFO - Starting attempt 1 of 1
[2025-11-13T17:21:16.877+0000] {taskinstance.py:2890} INFO - Executing <Task(PythonOperator): generate_sensor_data> on 2025-11-13 17:21:00+00:00
[2025-11-13T17:21:16.884+0000] {warnings.py:112} WARNING - /home/***/.local/lib/python3.12/site-packages/***/task/task_runner/standard_task_runner.py:70: DeprecationWarning: This process (pid=268) is multi-threaded, use of fork() may lead to deadlocks in the child.
  pid = os.fork()

[2025-11-13T17:21:16.886+0000] {standard_task_runner.py:104} INFO - Running: ['***', 'tasks', 'run', 'iot_sensor_data_dag', 'generate_sensor_data', 'scheduled__2025-11-13T17:21:00+00:00', '--job-id', '238', '--raw', '--subdir', 'DAGS_FOLDER/DEPI.py', '--cfg-path', '/tmp/tmp_r0gsrrr']
[2025-11-13T17:21:16.887+0000] {standard_task_runner.py:72} INFO - Started process 270 to run task
[2025-11-13T17:21:16.888+0000] {standard_task_runner.py:105} INFO - Job 238: Subtask generate_sensor_data
[2025-11-13T17:21:16.941+0000] {task_command.py:467} INFO - Running <TaskInstance: iot_sensor_data_dag.generate_sensor_data scheduled__2025-11-13T17:21:00+00:00 [running]> on host 4f76d54186b6
[2025-11-13T17:21:17.017+0000] {taskinstance.py:3134} INFO - Exporting env vars: AIRFLOW_CTX_DAG_OWNER='***' AIRFLOW_CTX_DAG_ID='iot_sensor_data_dag' AIRFLOW_CTX_TASK_ID='generate_sensor_data' AIRFLOW_CTX_EXECUTION_DATE='2025-11-13T17:21:00+00:00' AIRFLOW_CTX_TRY_NUMBER='1' AIRFLOW_CTX_DAG_RUN_ID='scheduled__2025-11-13T17:21:00+00:00'
[2025-11-13T17:21:17.020+0000] {logging_mixin.py:190} INFO - Task instance is in running state
[2025-11-13T17:21:17.020+0000] {logging_mixin.py:190} INFO -  Previous state of the Task instance: queued
[2025-11-13T17:21:17.021+0000] {logging_mixin.py:190} INFO - Current task name:generate_sensor_data state:running start_date:2025-11-13 17:21:16.725679+00:00
[2025-11-13T17:21:17.022+0000] {logging_mixin.py:190} INFO - Dag name:iot_sensor_data_dag and current dag run status:running
[2025-11-13T17:21:17.023+0000] {taskinstance.py:732} INFO - ::endgroup::
[2025-11-13T17:21:17.061+0000] {logging_mixin.py:190} INFO - [2025-11-13 17:21:17.041658] Inserted sensor data: {'time': datetime.datetime(2025, 11, 13, 17, 21, 17, 41658), 'temperature': 27.63410373099845, 'Dissolved_oxygen': 6.0242279246719965, 'PH': 7.594199440103364, 'Ammonia': 0.010232840653150726, 'Nitrite': 0.050592597896233035, 'Turbidty': 40.01618663044176, '_id': ObjectId('6916138d4be05b5d9a6b936a')}
[2025-11-13T17:21:17.063+0000] {python.py:218} INFO - Done. Returned value was: None
[2025-11-13T17:21:17.077+0000] {taskinstance.py:341} INFO - ::group::Post task execution logs
[2025-11-13T17:21:17.078+0000] {taskinstance.py:353} INFO - Marking task as SUCCESS. dag_id=iot_sensor_data_dag, task_id=generate_sensor_data, run_id=scheduled__2025-11-13T17:21:00+00:00, execution_date=20251113T172100, start_date=20251113T172116, end_date=20251113T172117
[2025-11-13T17:21:17.100+0000] {logging_mixin.py:190} INFO - Task instance in success state
[2025-11-13T17:21:17.100+0000] {logging_mixin.py:190} INFO -  Previous state of the Task instance: running
[2025-11-13T17:21:17.101+0000] {logging_mixin.py:190} INFO - Dag name:iot_sensor_data_dag queued_at:2025-11-13 17:21:15.219028+00:00
[2025-11-13T17:21:17.102+0000] {logging_mixin.py:190} INFO - Task hostname:4f76d54186b6 operator:PythonOperator
[2025-11-13T17:21:17.119+0000] {local_task_job_runner.py:266} INFO - Task exited with return code 0
[2025-11-13T17:21:17.133+0000] {taskinstance.py:3901} INFO - 0 downstream tasks scheduled from follow-on schedule check
[2025-11-13T17:21:17.136+0000] {local_task_job_runner.py:245} INFO - ::endgroup::
