[2025-11-13T19:06:30.718+0000] {local_task_job_runner.py:123} INFO - ::group::Pre task execution logs
[2025-11-13T19:06:30.735+0000] {taskinstance.py:2614} INFO - Dependencies all met for dep_context=non-requeueable deps ti=<TaskInstance: iot_sensor_data_dag.generate_sensor_data scheduled__2025-11-13T19:06:15+00:00 [queued]>
[2025-11-13T19:06:30.743+0000] {taskinstance.py:2614} INFO - Dependencies all met for dep_context=requeueable deps ti=<TaskInstance: iot_sensor_data_dag.generate_sensor_data scheduled__2025-11-13T19:06:15+00:00 [queued]>
[2025-11-13T19:06:30.755+0000] {taskinstance.py:2867} INFO - Starting attempt 1 of 1
[2025-11-13T19:06:30.915+0000] {taskinstance.py:2890} INFO - Executing <Task(PythonOperator): generate_sensor_data> on 2025-11-13 19:06:15+00:00
[2025-11-13T19:06:30.923+0000] {warnings.py:112} WARNING - /home/***/.local/lib/python3.12/site-packages/***/task/task_runner/standard_task_runner.py:70: DeprecationWarning: This process (pid=4660) is multi-threaded, use of fork() may lead to deadlocks in the child.
  pid = os.fork()

[2025-11-13T19:06:30.925+0000] {standard_task_runner.py:72} INFO - Started process 4662 to run task
[2025-11-13T19:06:30.925+0000] {standard_task_runner.py:104} INFO - Running: ['***', 'tasks', 'run', 'iot_sensor_data_dag', 'generate_sensor_data', 'scheduled__2025-11-13T19:06:15+00:00', '--job-id', '659', '--raw', '--subdir', 'DAGS_FOLDER/DEPI.py', '--cfg-path', '/tmp/tmprd03pk58']
[2025-11-13T19:06:30.927+0000] {standard_task_runner.py:105} INFO - Job 659: Subtask generate_sensor_data
[2025-11-13T19:06:30.979+0000] {task_command.py:467} INFO - Running <TaskInstance: iot_sensor_data_dag.generate_sensor_data scheduled__2025-11-13T19:06:15+00:00 [running]> on host 4f76d54186b6
[2025-11-13T19:06:31.074+0000] {taskinstance.py:3134} INFO - Exporting env vars: AIRFLOW_CTX_DAG_OWNER='***' AIRFLOW_CTX_DAG_ID='iot_sensor_data_dag' AIRFLOW_CTX_TASK_ID='generate_sensor_data' AIRFLOW_CTX_EXECUTION_DATE='2025-11-13T19:06:15+00:00' AIRFLOW_CTX_TRY_NUMBER='1' AIRFLOW_CTX_DAG_RUN_ID='scheduled__2025-11-13T19:06:15+00:00'
[2025-11-13T19:06:31.076+0000] {logging_mixin.py:190} INFO - Task instance is in running state
[2025-11-13T19:06:31.077+0000] {logging_mixin.py:190} INFO -  Previous state of the Task instance: queued
[2025-11-13T19:06:31.077+0000] {logging_mixin.py:190} INFO - Current task name:generate_sensor_data state:running start_date:2025-11-13 19:06:30.736654+00:00
[2025-11-13T19:06:31.077+0000] {logging_mixin.py:190} INFO - Dag name:iot_sensor_data_dag and current dag run status:running
[2025-11-13T19:06:31.078+0000] {taskinstance.py:732} INFO - ::endgroup::
[2025-11-13T19:06:31.104+0000] {logging_mixin.py:190} INFO - [2025-11-13 19:06:31.091176] Inserted sensor data: {'time': datetime.datetime(2025, 11, 13, 19, 6, 31, 91176), 'temperature': 27.46709741442998, 'Dissolved_oxygen': 5.966995782873343, 'PH': 7.499083534139458, 'Ammonia': 0.009325493583594833, 'Nitrite': 0.0546669947302299, 'Turbidty': 39.42709888178845, '_id': ObjectId('69162c37e4b5d49b3d4e2dc3')}
[2025-11-13T19:06:31.107+0000] {python.py:218} INFO - Done. Returned value was: None
[2025-11-13T19:06:31.118+0000] {taskinstance.py:341} INFO - ::group::Post task execution logs
[2025-11-13T19:06:31.118+0000] {taskinstance.py:353} INFO - Marking task as SUCCESS. dag_id=iot_sensor_data_dag, task_id=generate_sensor_data, run_id=scheduled__2025-11-13T19:06:15+00:00, execution_date=20251113T190615, start_date=20251113T190630, end_date=20251113T190631
[2025-11-13T19:06:31.154+0000] {logging_mixin.py:190} INFO - Task instance in success state
[2025-11-13T19:06:31.155+0000] {logging_mixin.py:190} INFO -  Previous state of the Task instance: running
[2025-11-13T19:06:31.156+0000] {logging_mixin.py:190} INFO - Dag name:iot_sensor_data_dag queued_at:2025-11-13 19:06:31.046836+00:00
[2025-11-13T19:06:31.157+0000] {logging_mixin.py:190} INFO - Task hostname:4f76d54186b6 operator:PythonOperator
[2025-11-13T19:06:31.184+0000] {local_task_job_runner.py:266} INFO - Task exited with return code 0
[2025-11-13T19:06:31.210+0000] {taskinstance.py:3901} INFO - 0 downstream tasks scheduled from follow-on schedule check
[2025-11-13T19:06:31.228+0000] {local_task_job_runner.py:245} INFO - ::endgroup::
