[2025-11-13T19:17:16.800+0000] {local_task_job_runner.py:123} INFO - ::group::Pre task execution logs
[2025-11-13T19:17:16.816+0000] {taskinstance.py:2614} INFO - Dependencies all met for dep_context=non-requeueable deps ti=<TaskInstance: iot_sensor_data_dag.generate_sensor_data scheduled__2025-11-13T19:17:00+00:00 [queued]>
[2025-11-13T19:17:16.824+0000] {taskinstance.py:2614} INFO - Dependencies all met for dep_context=requeueable deps ti=<TaskInstance: iot_sensor_data_dag.generate_sensor_data scheduled__2025-11-13T19:17:00+00:00 [queued]>
[2025-11-13T19:17:16.827+0000] {taskinstance.py:2867} INFO - Starting attempt 1 of 1
[2025-11-13T19:17:17.010+0000] {taskinstance.py:2890} INFO - Executing <Task(PythonOperator): generate_sensor_data> on 2025-11-13 19:17:00+00:00
[2025-11-13T19:17:17.018+0000] {warnings.py:112} WARNING - /home/***/.local/lib/python3.12/site-packages/***/task/task_runner/standard_task_runner.py:70: DeprecationWarning: This process (pid=5114) is multi-threaded, use of fork() may lead to deadlocks in the child.
  pid = os.fork()

[2025-11-13T19:17:17.021+0000] {standard_task_runner.py:104} INFO - Running: ['***', 'tasks', 'run', 'iot_sensor_data_dag', 'generate_sensor_data', 'scheduled__2025-11-13T19:17:00+00:00', '--job-id', '702', '--raw', '--subdir', 'DAGS_FOLDER/DEPI.py', '--cfg-path', '/tmp/tmp4s_n58cm']
[2025-11-13T19:17:17.023+0000] {standard_task_runner.py:72} INFO - Started process 5116 to run task
[2025-11-13T19:17:17.023+0000] {standard_task_runner.py:105} INFO - Job 702: Subtask generate_sensor_data
[2025-11-13T19:17:17.073+0000] {task_command.py:467} INFO - Running <TaskInstance: iot_sensor_data_dag.generate_sensor_data scheduled__2025-11-13T19:17:00+00:00 [running]> on host 4f76d54186b6
[2025-11-13T19:17:17.150+0000] {taskinstance.py:3134} INFO - Exporting env vars: AIRFLOW_CTX_DAG_OWNER='***' AIRFLOW_CTX_DAG_ID='iot_sensor_data_dag' AIRFLOW_CTX_TASK_ID='generate_sensor_data' AIRFLOW_CTX_EXECUTION_DATE='2025-11-13T19:17:00+00:00' AIRFLOW_CTX_TRY_NUMBER='1' AIRFLOW_CTX_DAG_RUN_ID='scheduled__2025-11-13T19:17:00+00:00'
[2025-11-13T19:17:17.152+0000] {logging_mixin.py:190} INFO - Task instance is in running state
[2025-11-13T19:17:17.154+0000] {logging_mixin.py:190} INFO -  Previous state of the Task instance: queued
[2025-11-13T19:17:17.155+0000] {logging_mixin.py:190} INFO - Current task name:generate_sensor_data state:running start_date:2025-11-13 19:17:16.818049+00:00
[2025-11-13T19:17:17.156+0000] {logging_mixin.py:190} INFO - Dag name:iot_sensor_data_dag and current dag run status:running
[2025-11-13T19:17:17.157+0000] {taskinstance.py:732} INFO - ::endgroup::
[2025-11-13T19:17:17.196+0000] {logging_mixin.py:190} INFO - [2025-11-13 19:17:17.176874] Inserted sensor data: {'time': datetime.datetime(2025, 11, 13, 19, 17, 17, 176874), 'temperature': 27.365435061102502, 'Dissolved_oxygen': 5.940779372788184, 'PH': 7.593187279893425, 'Ammonia': 0.009826216245183542, 'Nitrite': 0.05495684396486073, 'Turbidty': 39.65811152044325, '_id': ObjectId('69162ebdc3221cda6bff79e0')}
[2025-11-13T19:17:17.201+0000] {python.py:218} INFO - Done. Returned value was: None
[2025-11-13T19:17:17.215+0000] {taskinstance.py:341} INFO - ::group::Post task execution logs
[2025-11-13T19:17:17.217+0000] {taskinstance.py:353} INFO - Marking task as SUCCESS. dag_id=iot_sensor_data_dag, task_id=generate_sensor_data, run_id=scheduled__2025-11-13T19:17:00+00:00, execution_date=20251113T191700, start_date=20251113T191716, end_date=20251113T191717
[2025-11-13T19:17:17.241+0000] {logging_mixin.py:190} INFO - Task instance in success state
[2025-11-13T19:17:17.243+0000] {logging_mixin.py:190} INFO -  Previous state of the Task instance: running
[2025-11-13T19:17:17.244+0000] {logging_mixin.py:190} INFO - Dag name:iot_sensor_data_dag queued_at:2025-11-13 19:17:15.265356+00:00
[2025-11-13T19:17:17.245+0000] {logging_mixin.py:190} INFO - Task hostname:4f76d54186b6 operator:PythonOperator
[2025-11-13T19:17:17.287+0000] {local_task_job_runner.py:266} INFO - Task exited with return code 0
[2025-11-13T19:17:17.318+0000] {taskinstance.py:3901} INFO - 0 downstream tasks scheduled from follow-on schedule check
[2025-11-13T19:17:17.323+0000] {local_task_job_runner.py:245} INFO - ::endgroup::
