[2025-11-13T17:42:33.140+0000] {local_task_job_runner.py:123} INFO - ::group::Pre task execution logs
[2025-11-13T17:42:33.159+0000] {taskinstance.py:2614} INFO - Dependencies all met for dep_context=non-requeueable deps ti=<TaskInstance: iot_sensor_data_dag.generate_sensor_data scheduled__2025-11-13T17:42:15+00:00 [queued]>
[2025-11-13T17:42:33.169+0000] {taskinstance.py:2614} INFO - Dependencies all met for dep_context=requeueable deps ti=<TaskInstance: iot_sensor_data_dag.generate_sensor_data scheduled__2025-11-13T17:42:15+00:00 [queued]>
[2025-11-13T17:42:33.171+0000] {taskinstance.py:2867} INFO - Starting attempt 1 of 1
[2025-11-13T17:42:33.345+0000] {taskinstance.py:2890} INFO - Executing <Task(PythonOperator): generate_sensor_data> on 2025-11-13 17:42:15+00:00
[2025-11-13T17:42:33.356+0000] {warnings.py:112} WARNING - /home/***/.local/lib/python3.12/site-packages/***/task/task_runner/standard_task_runner.py:70: DeprecationWarning: This process (pid=1150) is multi-threaded, use of fork() may lead to deadlocks in the child.
  pid = os.fork()

[2025-11-13T17:42:33.358+0000] {standard_task_runner.py:72} INFO - Started process 1152 to run task
[2025-11-13T17:42:33.360+0000] {standard_task_runner.py:104} INFO - Running: ['***', 'tasks', 'run', 'iot_sensor_data_dag', 'generate_sensor_data', 'scheduled__2025-11-13T17:42:15+00:00', '--job-id', '323', '--raw', '--subdir', 'DAGS_FOLDER/DEPI.py', '--cfg-path', '/tmp/tmpti3zhzkr']
[2025-11-13T17:42:33.362+0000] {standard_task_runner.py:105} INFO - Job 323: Subtask generate_sensor_data
[2025-11-13T17:42:33.437+0000] {task_command.py:467} INFO - Running <TaskInstance: iot_sensor_data_dag.generate_sensor_data scheduled__2025-11-13T17:42:15+00:00 [running]> on host 4f76d54186b6
[2025-11-13T17:42:33.553+0000] {taskinstance.py:3134} INFO - Exporting env vars: AIRFLOW_CTX_DAG_OWNER='***' AIRFLOW_CTX_DAG_ID='iot_sensor_data_dag' AIRFLOW_CTX_TASK_ID='generate_sensor_data' AIRFLOW_CTX_EXECUTION_DATE='2025-11-13T17:42:15+00:00' AIRFLOW_CTX_TRY_NUMBER='1' AIRFLOW_CTX_DAG_RUN_ID='scheduled__2025-11-13T17:42:15+00:00'
[2025-11-13T17:42:33.556+0000] {logging_mixin.py:190} INFO - Task instance is in running state
[2025-11-13T17:42:33.557+0000] {logging_mixin.py:190} INFO -  Previous state of the Task instance: queued
[2025-11-13T17:42:33.559+0000] {logging_mixin.py:190} INFO - Current task name:generate_sensor_data state:running start_date:2025-11-13 17:42:33.160786+00:00
[2025-11-13T17:42:33.560+0000] {logging_mixin.py:190} INFO - Dag name:iot_sensor_data_dag and current dag run status:running
[2025-11-13T17:42:33.561+0000] {taskinstance.py:732} INFO - ::endgroup::
[2025-11-13T17:42:33.611+0000] {logging_mixin.py:190} INFO - [2025-11-13 17:42:33.585724] Inserted sensor data: {'time': datetime.datetime(2025, 11, 13, 17, 42, 33, 585724), 'temperature': 27.63431312484396, 'Dissolved_oxygen': 6.061465286237823, 'PH': 7.491428521952617, 'Ammonia': 0.010456970185414997, 'Nitrite': 0.05066703346722894, 'Turbidty': 40.21021328703268, '_id': ObjectId('69161889c52e90e9b227f103')}
[2025-11-13T17:42:33.615+0000] {python.py:218} INFO - Done. Returned value was: None
[2025-11-13T17:42:33.633+0000] {taskinstance.py:341} INFO - ::group::Post task execution logs
[2025-11-13T17:42:33.634+0000] {taskinstance.py:353} INFO - Marking task as SUCCESS. dag_id=iot_sensor_data_dag, task_id=generate_sensor_data, run_id=scheduled__2025-11-13T17:42:15+00:00, execution_date=20251113T174215, start_date=20251113T174233, end_date=20251113T174233
[2025-11-13T17:42:33.672+0000] {logging_mixin.py:190} INFO - Task instance in success state
[2025-11-13T17:42:33.674+0000] {logging_mixin.py:190} INFO -  Previous state of the Task instance: running
[2025-11-13T17:42:33.675+0000] {logging_mixin.py:190} INFO - Dag name:iot_sensor_data_dag queued_at:2025-11-13 17:42:30.966013+00:00
[2025-11-13T17:42:33.676+0000] {logging_mixin.py:190} INFO - Task hostname:4f76d54186b6 operator:PythonOperator
[2025-11-13T17:42:33.700+0000] {local_task_job_runner.py:266} INFO - Task exited with return code 0
[2025-11-13T17:42:33.740+0000] {taskinstance.py:3901} INFO - 0 downstream tasks scheduled from follow-on schedule check
[2025-11-13T17:42:33.747+0000] {local_task_job_runner.py:245} INFO - ::endgroup::
