[2025-11-13T17:18:32.538+0000] {local_task_job_runner.py:123} INFO - ::group::Pre task execution logs
[2025-11-13T17:18:32.554+0000] {taskinstance.py:2614} INFO - Dependencies all met for dep_context=non-requeueable deps ti=<TaskInstance: iot_sensor_data_dag.generate_sensor_data scheduled__2025-11-13T17:18:15+00:00 [queued]>
[2025-11-13T17:18:32.561+0000] {taskinstance.py:2614} INFO - Dependencies all met for dep_context=requeueable deps ti=<TaskInstance: iot_sensor_data_dag.generate_sensor_data scheduled__2025-11-13T17:18:15+00:00 [queued]>
[2025-11-13T17:18:32.562+0000] {taskinstance.py:2867} INFO - Starting attempt 1 of 1
[2025-11-13T17:18:32.703+0000] {taskinstance.py:2890} INFO - Executing <Task(PythonOperator): generate_sensor_data> on 2025-11-13 17:18:15+00:00
[2025-11-13T17:18:32.710+0000] {warnings.py:112} WARNING - /home/***/.local/lib/python3.12/site-packages/***/task/task_runner/standard_task_runner.py:70: DeprecationWarning: This process (pid=149) is multi-threaded, use of fork() may lead to deadlocks in the child.
  pid = os.fork()

[2025-11-13T17:18:32.712+0000] {standard_task_runner.py:72} INFO - Started process 151 to run task
[2025-11-13T17:18:32.712+0000] {standard_task_runner.py:104} INFO - Running: ['***', 'tasks', 'run', 'iot_sensor_data_dag', 'generate_sensor_data', 'scheduled__2025-11-13T17:18:15+00:00', '--job-id', '227', '--raw', '--subdir', 'DAGS_FOLDER/DEPI.py', '--cfg-path', '/tmp/tmpq8ftdkao']
[2025-11-13T17:18:32.713+0000] {standard_task_runner.py:105} INFO - Job 227: Subtask generate_sensor_data
[2025-11-13T17:18:32.769+0000] {task_command.py:467} INFO - Running <TaskInstance: iot_sensor_data_dag.generate_sensor_data scheduled__2025-11-13T17:18:15+00:00 [running]> on host 4f76d54186b6
[2025-11-13T17:18:32.856+0000] {taskinstance.py:3134} INFO - Exporting env vars: AIRFLOW_CTX_DAG_OWNER='***' AIRFLOW_CTX_DAG_ID='iot_sensor_data_dag' AIRFLOW_CTX_TASK_ID='generate_sensor_data' AIRFLOW_CTX_EXECUTION_DATE='2025-11-13T17:18:15+00:00' AIRFLOW_CTX_TRY_NUMBER='1' AIRFLOW_CTX_DAG_RUN_ID='scheduled__2025-11-13T17:18:15+00:00'
[2025-11-13T17:18:32.857+0000] {logging_mixin.py:190} INFO - Task instance is in running state
[2025-11-13T17:18:32.858+0000] {logging_mixin.py:190} INFO -  Previous state of the Task instance: queued
[2025-11-13T17:18:32.859+0000] {logging_mixin.py:190} INFO - Current task name:generate_sensor_data state:running start_date:2025-11-13 17:18:32.555321+00:00
[2025-11-13T17:18:32.859+0000] {logging_mixin.py:190} INFO - Dag name:iot_sensor_data_dag and current dag run status:running
[2025-11-13T17:18:32.859+0000] {taskinstance.py:732} INFO - ::endgroup::
[2025-11-13T17:18:32.890+0000] {logging_mixin.py:190} INFO - [2025-11-13 17:18:32.874179] Inserted sensor data: {'time': datetime.datetime(2025, 11, 13, 17, 18, 32, 874179), 'temperature': 27.379819618418637, 'Dissolved_oxygen': 6.087608939680592, 'PH': 7.410587089324595, 'Ammonia': 0.010139316101848908, 'Nitrite': 0.053200558396881856, 'Turbidty': 39.37825746935332, '_id': ObjectId('691612e8b8dcbe1c60083ae4')}
[2025-11-13T17:18:32.892+0000] {python.py:218} INFO - Done. Returned value was: None
[2025-11-13T17:18:32.904+0000] {taskinstance.py:341} INFO - ::group::Post task execution logs
[2025-11-13T17:18:32.905+0000] {taskinstance.py:353} INFO - Marking task as SUCCESS. dag_id=iot_sensor_data_dag, task_id=generate_sensor_data, run_id=scheduled__2025-11-13T17:18:15+00:00, execution_date=20251113T171815, start_date=20251113T171832, end_date=20251113T171832
[2025-11-13T17:18:32.928+0000] {logging_mixin.py:190} INFO - Task instance in success state
[2025-11-13T17:18:32.928+0000] {logging_mixin.py:190} INFO -  Previous state of the Task instance: running
[2025-11-13T17:18:32.929+0000] {logging_mixin.py:190} INFO - Dag name:iot_sensor_data_dag queued_at:2025-11-13 17:18:30.715658+00:00
[2025-11-13T17:18:32.930+0000] {logging_mixin.py:190} INFO - Task hostname:4f76d54186b6 operator:PythonOperator
[2025-11-13T17:18:32.970+0000] {local_task_job_runner.py:266} INFO - Task exited with return code 0
[2025-11-13T17:18:32.993+0000] {taskinstance.py:3901} INFO - 0 downstream tasks scheduled from follow-on schedule check
[2025-11-13T17:18:32.998+0000] {local_task_job_runner.py:245} INFO - ::endgroup::
