{"timestamp":"2025-11-17T22:35:01.449868Z","level":"info","event":"DAG bundles loaded: dags-folder, example_dags","logger":"airflow.dag_processing.bundles.manager.DagBundlesManager","filename":"manager.py","lineno":179}
{"timestamp":"2025-11-17T22:35:01.451019Z","level":"info","event":"Filling up the DagBag from /opt/airflow/dags/DEPI.py","logger":"airflow.models.dagbag.DagBag","filename":"dagbag.py","lineno":593}
{"timestamp":"2025-11-17T22:35:01.557913Z","level":"info","event":"Task instance is in running state","logger":"task.stdout"}
{"timestamp":"2025-11-17T22:35:01.558658Z","level":"info","event":" Previous state of the Task instance: TaskInstanceState.QUEUED","logger":"task.stdout"}
{"timestamp":"2025-11-17T22:35:01.559150Z","level":"info","event":"Current task name:generate_sensor_data","logger":"task.stdout"}
{"timestamp":"2025-11-17T22:35:01.560801Z","level":"info","event":"Dag name:iot_sensor_data_dag","logger":"task.stdout"}
{"timestamp":"2025-11-17T22:35:05.543333Z","level":"error","event":"%3|1763418905.543|FAIL|rdkafka#producer-1| [thrd:kafka:9092/bootstrap]: kafka:9092/bootstrap: Failed to resolve 'kafka:9092': Name or service not known (after 3982ms in state CONNECT)","logger":"task.stderr"}
{"timestamp":"2025-11-17T22:35:14.567894Z","level":"error","event":"%3|1763418914.567|FAIL|rdkafka#producer-1| [thrd:kafka:9092/bootstrap]: kafka:9092/bootstrap: Failed to resolve 'kafka:9092': Temporary failure in name resolution (after 8003ms in state CONNECT)","logger":"task.stderr"}
{"timestamp":"2025-11-17T22:35:19.517392Z","level":"error","event":"%3|1763418919.517|FAIL|rdkafka#producer-1| [thrd:kafka:9092/bootstrap]: kafka:9092/bootstrap: Failed to resolve 'kafka:9092': Name or service not known (after 3948ms in state CONNECT)","logger":"task.stderr"}
{"timestamp":"2025-11-17T22:35:24.520291Z","level":"error","event":"%3|1763418924.520|FAIL|rdkafka#producer-1| [thrd:kafka:9092/bootstrap]: kafka:9092/bootstrap: Failed to resolve 'kafka:9092': Name or service not known (after 3949ms in state CONNECT, 1 identical error(s) suppressed)","logger":"task.stderr"}
{"timestamp":"2025-11-17T22:35:57.592586Z","level":"error","event":"%3|1763418957.592|FAIL|rdkafka#producer-1| [thrd:kafka:9092/bootstrap]: kafka:9092/bootstrap: Failed to resolve 'kafka:9092': Name or service not known (after 7975ms in state CONNECT, 5 identical error(s) suppressed)","logger":"task.stderr"}
{"timestamp":"2025-11-17T22:36:16.630265Z","level":"error","event":"%3|1763418976.630|FAIL|rdkafka#producer-1| [thrd:kafka:9092/bootstrap]: kafka:9092/bootstrap: Failed to resolve 'kafka:9092': Temporary failure in name resolution (after 8002ms in state CONNECT)","logger":"task.stderr"}
{"timestamp":"2025-11-17T22:36:21.607651Z","level":"error","event":"%3|1763418981.607|FAIL|rdkafka#producer-1| [thrd:kafka:9092/bootstrap]: kafka:9092/bootstrap: Failed to resolve 'kafka:9092': Name or service not known (after 3976ms in state CONNECT)","logger":"task.stderr"}
{"timestamp":"2025-11-17T22:36:31.656409Z","level":"error","event":"%3|1763418991.656|FAIL|rdkafka#producer-1| [thrd:kafka:9092/bootstrap]: kafka:9092/bootstrap: Failed to resolve 'kafka:9092': Name or service not known (after 3984ms in state CONNECT, 2 identical error(s) suppressed)","logger":"task.stderr"}
{"timestamp":"2025-11-17T22:37:04.692919Z","level":"error","event":"%3|1763419024.692|FAIL|rdkafka#producer-1| [thrd:kafka:9092/bootstrap]: kafka:9092/bootstrap: Failed to resolve 'kafka:9092': Name or service not known (after 3985ms in state CONNECT, 5 identical error(s) suppressed)","logger":"task.stderr"}
{"timestamp":"2025-11-17T22:37:18.715421Z","level":"error","event":"%3|1763419038.715|FAIL|rdkafka#producer-1| [thrd:kafka:9092/bootstrap]: kafka:9092/bootstrap: Failed to resolve 'kafka:9092': Temporary failure in name resolution (after 8002ms in state CONNECT)","logger":"task.stderr"}
{"timestamp":"2025-11-17T22:37:23.666777Z","level":"error","event":"%3|1763419043.666|FAIL|rdkafka#producer-1| [thrd:kafka:9092/bootstrap]: kafka:9092/bootstrap: Failed to resolve 'kafka:9092': Name or service not known (after 3950ms in state CONNECT)","logger":"task.stderr"}
{"timestamp":"2025-11-17T22:37:42.686385Z","level":"error","event":"%3|1763419062.686|FAIL|rdkafka#producer-1| [thrd:kafka:9092/bootstrap]: kafka:9092/bootstrap: Failed to resolve 'kafka:9092': Name or service not known (after 7959ms in state CONNECT, 3 identical error(s) suppressed)","logger":"task.stderr"}
{"timestamp":"2025-11-17T22:38:20.708942Z","level":"error","event":"%3|1763419100.708|FAIL|rdkafka#producer-1| [thrd:kafka:9092/bootstrap]: kafka:9092/bootstrap: Failed to resolve 'kafka:9092': Name or service not known (after 7941ms in state CONNECT, 6 identical error(s) suppressed)","logger":"task.stderr"}
{"timestamp":"2025-11-17T22:38:57.394355Z","level":"error","event":"%3|1763419137.394|FAIL|rdkafka#producer-1| [thrd:kafka:9092/bootstrap]: kafka:9092/bootstrap: Failed to resolve 'kafka:9092': Name or service not known (after 6537ms in state CONNECT, 6 identical error(s) suppressed)","logger":"task.stderr"}
{"timestamp":"2025-11-17T22:39:31.534229Z","level":"error","event":"%3|1763419171.534|FAIL|rdkafka#producer-1| [thrd:kafka:9092/bootstrap]: kafka:9092/bootstrap: Failed to resolve 'kafka:9092': Name or service not known (after 3979ms in state CONNECT, 6 identical error(s) suppressed)","logger":"task.stderr"}
{"timestamp":"2025-11-17T22:40:01.907326Z","level":"info","event":"Message delivery failed: KafkaError{code=_MSG_TIMED_OUT,val=-192,str=\"Local: Message timed out\"}","logger":"task.stdout"}
{"timestamp":"2025-11-17T22:40:04.559841Z","level":"error","event":"%3|1763419204.559|FAIL|rdkafka#producer-1| [thrd:kafka:9092/bootstrap]: kafka:9092/bootstrap: Failed to resolve 'kafka:9092': Name or service not known (after 3968ms in state CONNECT, 5 identical error(s) suppressed)","logger":"task.stderr"}
{"timestamp":"2025-11-17T22:40:04.562823Z","level":"info","event":"Done. Returned value was: None","logger":"airflow.task.operators.airflow.providers.standard.operators.python.PythonOperator","filename":"python.py","lineno":215}
{"timestamp":"2025-11-17T22:40:04.579240Z","level":"info","event":"Task instance in success state","logger":"task.stdout"}
{"timestamp":"2025-11-17T22:40:04.579660Z","level":"info","event":" Previous state of the Task instance: TaskInstanceState.RUNNING","logger":"task.stdout"}
{"timestamp":"2025-11-17T22:40:04.579915Z","level":"info","event":"Task operator:<Task(PythonOperator): generate_sensor_data>","logger":"task.stdout"}
