[2025-11-13T18:53:46.562+0000] {local_task_job_runner.py:123} INFO - ::group::Pre task execution logs
[2025-11-13T18:53:46.575+0000] {taskinstance.py:2614} INFO - Dependencies all met for dep_context=non-requeueable deps ti=<TaskInstance: iot_sensor_data_dag.generate_sensor_data scheduled__2025-11-13T18:53:30+00:00 [queued]>
[2025-11-13T18:53:46.583+0000] {taskinstance.py:2614} INFO - Dependencies all met for dep_context=requeueable deps ti=<TaskInstance: iot_sensor_data_dag.generate_sensor_data scheduled__2025-11-13T18:53:30+00:00 [queued]>
[2025-11-13T18:53:46.584+0000] {taskinstance.py:2867} INFO - Starting attempt 1 of 1
[2025-11-13T18:53:46.705+0000] {taskinstance.py:2890} INFO - Executing <Task(PythonOperator): generate_sensor_data> on 2025-11-13 18:53:30+00:00
[2025-11-13T18:53:46.712+0000] {warnings.py:112} WARNING - /home/***/.local/lib/python3.12/site-packages/***/task/task_runner/standard_task_runner.py:70: DeprecationWarning: This process (pid=4128) is multi-threaded, use of fork() may lead to deadlocks in the child.
  pid = os.fork()

[2025-11-13T18:53:46.715+0000] {standard_task_runner.py:72} INFO - Started process 4130 to run task
[2025-11-13T18:53:46.714+0000] {standard_task_runner.py:104} INFO - Running: ['***', 'tasks', 'run', 'iot_sensor_data_dag', 'generate_sensor_data', 'scheduled__2025-11-13T18:53:30+00:00', '--job-id', '608', '--raw', '--subdir', 'DAGS_FOLDER/DEPI.py', '--cfg-path', '/tmp/tmp8xayjghl']
[2025-11-13T18:53:46.716+0000] {standard_task_runner.py:105} INFO - Job 608: Subtask generate_sensor_data
[2025-11-13T18:53:46.754+0000] {task_command.py:467} INFO - Running <TaskInstance: iot_sensor_data_dag.generate_sensor_data scheduled__2025-11-13T18:53:30+00:00 [running]> on host 4f76d54186b6
[2025-11-13T18:53:46.815+0000] {taskinstance.py:3134} INFO - Exporting env vars: AIRFLOW_CTX_DAG_OWNER='***' AIRFLOW_CTX_DAG_ID='iot_sensor_data_dag' AIRFLOW_CTX_TASK_ID='generate_sensor_data' AIRFLOW_CTX_EXECUTION_DATE='2025-11-13T18:53:30+00:00' AIRFLOW_CTX_TRY_NUMBER='1' AIRFLOW_CTX_DAG_RUN_ID='scheduled__2025-11-13T18:53:30+00:00'
[2025-11-13T18:53:46.817+0000] {logging_mixin.py:190} INFO - Task instance is in running state
[2025-11-13T18:53:46.817+0000] {logging_mixin.py:190} INFO -  Previous state of the Task instance: queued
[2025-11-13T18:53:46.818+0000] {logging_mixin.py:190} INFO - Current task name:generate_sensor_data state:running start_date:2025-11-13 18:53:46.578174+00:00
[2025-11-13T18:53:46.818+0000] {logging_mixin.py:190} INFO - Dag name:iot_sensor_data_dag and current dag run status:running
[2025-11-13T18:53:46.819+0000] {taskinstance.py:732} INFO - ::endgroup::
[2025-11-13T18:53:46.854+0000] {logging_mixin.py:190} INFO - [2025-11-13 18:53:46.831760] Inserted sensor data: {'time': datetime.datetime(2025, 11, 13, 18, 53, 46, 831760), 'temperature': 27.402863717108644, 'Dissolved_oxygen': 6.061003565752299, 'PH': 7.478564489211253, 'Ammonia': 0.009464970391576306, 'Nitrite': 0.0489122592950965, 'Turbidty': 39.06657698986613, '_id': ObjectId('6916293a79232399ec5fefbe')}
[2025-11-13T18:53:46.857+0000] {python.py:218} INFO - Done. Returned value was: None
[2025-11-13T18:53:46.869+0000] {taskinstance.py:341} INFO - ::group::Post task execution logs
[2025-11-13T18:53:46.870+0000] {taskinstance.py:353} INFO - Marking task as SUCCESS. dag_id=iot_sensor_data_dag, task_id=generate_sensor_data, run_id=scheduled__2025-11-13T18:53:30+00:00, execution_date=20251113T185330, start_date=20251113T185346, end_date=20251113T185346
[2025-11-13T18:53:46.890+0000] {logging_mixin.py:190} INFO - Task instance in success state
[2025-11-13T18:53:46.891+0000] {logging_mixin.py:190} INFO -  Previous state of the Task instance: running
[2025-11-13T18:53:46.892+0000] {logging_mixin.py:190} INFO - Dag name:iot_sensor_data_dag queued_at:2025-11-13 18:53:45.289349+00:00
[2025-11-13T18:53:46.892+0000] {logging_mixin.py:190} INFO - Task hostname:4f76d54186b6 operator:PythonOperator
[2025-11-13T18:53:46.933+0000] {local_task_job_runner.py:266} INFO - Task exited with return code 0
[2025-11-13T18:53:46.953+0000] {taskinstance.py:3901} INFO - 0 downstream tasks scheduled from follow-on schedule check
[2025-11-13T18:53:46.957+0000] {local_task_job_runner.py:245} INFO - ::endgroup::
