{"timestamp":"2025-11-17T22:36:16.048781Z","level":"info","event":"DAG bundles loaded: dags-folder, example_dags","logger":"airflow.dag_processing.bundles.manager.DagBundlesManager","filename":"manager.py","lineno":179}
{"timestamp":"2025-11-17T22:36:16.050195Z","level":"info","event":"Filling up the DagBag from /opt/airflow/dags/DEPI.py","logger":"airflow.models.dagbag.DagBag","filename":"dagbag.py","lineno":593}
{"timestamp":"2025-11-17T22:36:16.144833Z","level":"info","event":"Task instance is in running state","logger":"task.stdout"}
{"timestamp":"2025-11-17T22:36:16.145417Z","level":"info","event":" Previous state of the Task instance: TaskInstanceState.QUEUED","logger":"task.stdout"}
{"timestamp":"2025-11-17T22:36:16.145654Z","level":"info","event":"Current task name:generate_sensor_data","logger":"task.stdout"}
{"timestamp":"2025-11-17T22:36:16.145865Z","level":"info","event":"Dag name:iot_sensor_data_dag","logger":"task.stdout"}
{"timestamp":"2025-11-17T22:36:20.104114Z","level":"error","event":"%3|1763418980.103|FAIL|rdkafka#producer-1| [thrd:kafka:9092/bootstrap]: kafka:9092/bootstrap: Failed to resolve 'kafka:9092': Name or service not known (after 3954ms in state CONNECT)","logger":"task.stderr"}
{"timestamp":"2025-11-17T22:36:25.102767Z","level":"error","event":"%3|1763418985.102|FAIL|rdkafka#producer-1| [thrd:kafka:9092/bootstrap]: kafka:9092/bootstrap: Failed to resolve 'kafka:9092': Name or service not known (after 3950ms in state CONNECT, 1 identical error(s) suppressed)","logger":"task.stderr"}
{"timestamp":"2025-11-17T22:36:58.226408Z","level":"error","event":"%3|1763419018.226|FAIL|rdkafka#producer-1| [thrd:kafka:9092/bootstrap]: kafka:9092/bootstrap: Failed to resolve 'kafka:9092': Temporary failure in name resolution (after 8005ms in state CONNECT)","logger":"task.stderr"}
{"timestamp":"2025-11-17T22:37:03.227564Z","level":"error","event":"%3|1763419023.227|FAIL|rdkafka#producer-1| [thrd:kafka:9092/bootstrap]: kafka:9092/bootstrap: Failed to resolve 'kafka:9092': Name or service not known (after 3994ms in state CONNECT)","logger":"task.stderr"}
{"timestamp":"2025-11-17T22:37:08.226402Z","level":"error","event":"%3|1763419028.226|FAIL|rdkafka#producer-1| [thrd:kafka:9092/bootstrap]: kafka:9092/bootstrap: Failed to resolve 'kafka:9092': Name or service not known (after 3987ms in state CONNECT, 1 identical error(s) suppressed)","logger":"task.stderr"}
{"timestamp":"2025-11-17T22:37:41.228509Z","level":"error","event":"%3|1763419061.228|FAIL|rdkafka#producer-1| [thrd:kafka:9092/bootstrap]: kafka:9092/bootstrap: Failed to resolve 'kafka:9092': Name or service not known (after 7970ms in state CONNECT, 5 identical error(s) suppressed)","logger":"task.stderr"}
{"timestamp":"2025-11-17T22:38:19.240830Z","level":"error","event":"%3|1763419099.240|FAIL|rdkafka#producer-1| [thrd:kafka:9092/bootstrap]: kafka:9092/bootstrap: Failed to resolve 'kafka:9092': Name or service not known (after 7944ms in state CONNECT, 6 identical error(s) suppressed)","logger":"task.stderr"}
{"timestamp":"2025-11-17T22:38:38.341383Z","level":"error","event":"%3|1763419118.341|FAIL|rdkafka#producer-1| [thrd:kafka:9092/bootstrap]: kafka:9092/bootstrap: Failed to resolve 'kafka:9092': Temporary failure in name resolution (after 8002ms in state CONNECT)","logger":"task.stderr"}
{"timestamp":"2025-11-17T22:38:43.303524Z","level":"error","event":"%3|1763419123.303|FAIL|rdkafka#producer-1| [thrd:kafka:9092/bootstrap]: kafka:9092/bootstrap: Failed to resolve 'kafka:9092': Name or service not known (after 3961ms in state CONNECT)","logger":"task.stderr"}
{"timestamp":"2025-11-17T22:38:53.316866Z","level":"error","event":"%3|1763419133.316|FAIL|rdkafka#producer-1| [thrd:kafka:9092/bootstrap]: kafka:9092/bootstrap: Failed to resolve 'kafka:9092': Name or service not known (after 3971ms in state CONNECT, 2 identical error(s) suppressed)","logger":"task.stderr"}
{"timestamp":"2025-11-17T22:39:26.944111Z","level":"error","event":"%3|1763419166.943|FAIL|rdkafka#producer-1| [thrd:kafka:9092/bootstrap]: kafka:9092/bootstrap: Failed to resolve 'kafka:9092': Name or service not known (after 3953ms in state CONNECT, 6 identical error(s) suppressed)","logger":"task.stderr"}
{"timestamp":"2025-11-17T22:40:00.034648Z","level":"error","event":"%3|1763419200.034|FAIL|rdkafka#producer-1| [thrd:kafka:9092/bootstrap]: kafka:9092/bootstrap: Failed to resolve 'kafka:9092': Temporary failure in name resolution (after 8002ms in state CONNECT)","logger":"task.stderr"}
{"timestamp":"2025-11-17T22:40:05.011451Z","level":"error","event":"%3|1763419205.011|FAIL|rdkafka#producer-1| [thrd:kafka:9092/bootstrap]: kafka:9092/bootstrap: Failed to resolve 'kafka:9092': Name or service not known (after 3974ms in state CONNECT)","logger":"task.stderr"}
{"timestamp":"2025-11-17T22:40:10.007676Z","level":"error","event":"%3|1763419210.007|FAIL|rdkafka#producer-1| [thrd:kafka:9092/bootstrap]: kafka:9092/bootstrap: Failed to resolve 'kafka:9092': Name or service not known (after 3968ms in state CONNECT, 1 identical error(s) suppressed)","logger":"task.stderr"}
{"timestamp":"2025-11-17T22:40:43.033168Z","level":"error","event":"%3|1763419243.033|FAIL|rdkafka#producer-1| [thrd:kafka:9092/bootstrap]: kafka:9092/bootstrap: Failed to resolve 'kafka:9092': Name or service not known (after 3958ms in state CONNECT, 5 identical error(s) suppressed)","logger":"task.stderr"}
{"timestamp":"2025-11-17T22:41:15.637134Z","level":"error","event":"%3|1763419275.637|FAIL|rdkafka#producer-1| [thrd:kafka:9092/bootstrap]: kafka:9092/bootstrap: Failed to resolve 'kafka:9092': Name or service not known (after 2516ms in state CONNECT, 7 identical error(s) suppressed)","logger":"task.stderr"}
{"timestamp":"2025-11-17T22:41:16.526799Z","level":"info","event":"Message delivery failed: KafkaError{code=_MSG_TIMED_OUT,val=-192,str=\"Local: Message timed out\"}","logger":"task.stdout"}
{"timestamp":"2025-11-17T22:41:16.528899Z","level":"info","event":"Done. Returned value was: None","logger":"airflow.task.operators.airflow.providers.standard.operators.python.PythonOperator","filename":"python.py","lineno":215}
{"timestamp":"2025-11-17T22:41:16.543876Z","level":"info","event":"Task instance in success state","logger":"task.stdout"}
{"timestamp":"2025-11-17T22:41:16.544469Z","level":"info","event":" Previous state of the Task instance: TaskInstanceState.RUNNING","logger":"task.stdout"}
{"timestamp":"2025-11-17T22:41:16.545078Z","level":"info","event":"Task operator:<Task(PythonOperator): generate_sensor_data>","logger":"task.stdout"}
