[2025-11-15T12:04:46.527+0000] {local_task_job_runner.py:123} INFO - ::group::Pre task execution logs
[2025-11-15T12:04:46.539+0000] {taskinstance.py:2614} INFO - Dependencies all met for dep_context=non-requeueable deps ti=<TaskInstance: iot_sensor_data_dag.generate_sensor_data scheduled__2025-11-15T12:04:30+00:00 [queued]>
[2025-11-15T12:04:46.546+0000] {taskinstance.py:2614} INFO - Dependencies all met for dep_context=requeueable deps ti=<TaskInstance: iot_sensor_data_dag.generate_sensor_data scheduled__2025-11-15T12:04:30+00:00 [queued]>
[2025-11-15T12:04:46.547+0000] {taskinstance.py:2867} INFO - Starting attempt 1 of 1
[2025-11-15T12:04:46.557+0000] {taskinstance.py:2890} INFO - Executing <Task(PythonOperator): generate_sensor_data> on 2025-11-15 12:04:30+00:00
[2025-11-15T12:04:46.564+0000] {warnings.py:112} WARNING - /home/***/.local/lib/python3.12/site-packages/***/task/task_runner/standard_task_runner.py:70: DeprecationWarning: This process (pid=422) is multi-threaded, use of fork() may lead to deadlocks in the child.
  pid = os.fork()

[2025-11-15T12:04:46.567+0000] {standard_task_runner.py:72} INFO - Started process 424 to run task
[2025-11-15T12:04:46.567+0000] {standard_task_runner.py:104} INFO - Running: ['***', 'tasks', 'run', 'iot_sensor_data_dag', 'generate_sensor_data', 'scheduled__2025-11-15T12:04:30+00:00', '--job-id', '1206', '--raw', '--subdir', 'DAGS_FOLDER/DEPI.py', '--cfg-path', '/tmp/tmpffoqgwj0']
[2025-11-15T12:04:46.568+0000] {standard_task_runner.py:105} INFO - Job 1206: Subtask generate_sensor_data
[2025-11-15T12:04:46.801+0000] {task_command.py:467} INFO - Running <TaskInstance: iot_sensor_data_dag.generate_sensor_data scheduled__2025-11-15T12:04:30+00:00 [running]> on host 4f76d54186b6
[2025-11-15T12:04:46.854+0000] {taskinstance.py:3134} INFO - Exporting env vars: AIRFLOW_CTX_DAG_OWNER='***' AIRFLOW_CTX_DAG_ID='iot_sensor_data_dag' AIRFLOW_CTX_TASK_ID='generate_sensor_data' AIRFLOW_CTX_EXECUTION_DATE='2025-11-15T12:04:30+00:00' AIRFLOW_CTX_TRY_NUMBER='1' AIRFLOW_CTX_DAG_RUN_ID='scheduled__2025-11-15T12:04:30+00:00'
[2025-11-15T12:04:46.855+0000] {logging_mixin.py:190} INFO - Task instance is in running state
[2025-11-15T12:04:46.856+0000] {logging_mixin.py:190} INFO -  Previous state of the Task instance: queued
[2025-11-15T12:04:46.857+0000] {logging_mixin.py:190} INFO - Current task name:generate_sensor_data state:running start_date:2025-11-15 12:04:46.540880+00:00
[2025-11-15T12:04:46.857+0000] {logging_mixin.py:190} INFO - Dag name:iot_sensor_data_dag and current dag run status:running
[2025-11-15T12:04:46.858+0000] {taskinstance.py:732} INFO - ::endgroup::
[2025-11-15T12:04:46.889+0000] {logging_mixin.py:190} INFO - [2025-11-15 12:04:46.873909] Inserted sensor data: {'time': '2025-11-15T12:04:46.873909', 'temperature': 27.495044884181844, 'Dissolved_oxygen': 6.008881590057691, 'PH': 7.479165645317597, 'Ammonia': 0.009409941089632078, 'Nitrite': 0.05256465129146479, 'Turbidty': 40.74385144424057, '_id': '69186c5ec5286635d69062f4'}
[2025-11-15T12:09:40.052+0000] {python.py:218} INFO - Done. Returned value was: None
[2025-11-15T12:09:40.080+0000] {taskinstance.py:341} INFO - ::group::Post task execution logs
[2025-11-15T12:09:40.081+0000] {taskinstance.py:353} INFO - Marking task as SUCCESS. dag_id=iot_sensor_data_dag, task_id=generate_sensor_data, run_id=scheduled__2025-11-15T12:04:30+00:00, execution_date=20251115T120430, start_date=20251115T120446, end_date=20251115T120940
[2025-11-15T12:09:40.106+0000] {logging_mixin.py:190} INFO - Task instance in success state
[2025-11-15T12:09:40.107+0000] {logging_mixin.py:190} INFO -  Previous state of the Task instance: running
[2025-11-15T12:09:40.107+0000] {logging_mixin.py:190} INFO - Dag name:iot_sensor_data_dag queued_at:2025-11-15 12:04:45.295901+00:00
[2025-11-15T12:09:40.107+0000] {logging_mixin.py:190} INFO - Task hostname:4f76d54186b6 operator:PythonOperator
[2025-11-15T12:09:40.158+0000] {local_task_job_runner.py:266} INFO - Task exited with return code 0
[2025-11-15T12:09:40.226+0000] {taskinstance.py:3901} INFO - 0 downstream tasks scheduled from follow-on schedule check
[2025-11-15T12:09:40.232+0000] {local_task_job_runner.py:245} INFO - ::endgroup::
