[2025-11-14T14:22:15.784+0000] {local_task_job_runner.py:123} INFO - ::group::Pre task execution logs
[2025-11-14T14:22:15.906+0000] {taskinstance.py:2614} INFO - Dependencies all met for dep_context=non-requeueable deps ti=<TaskInstance: iot_sensor_data_dag.generate_sensor_data scheduled__2025-11-14T14:22:00+00:00 [queued]>
[2025-11-14T14:22:15.913+0000] {taskinstance.py:2614} INFO - Dependencies all met for dep_context=requeueable deps ti=<TaskInstance: iot_sensor_data_dag.generate_sensor_data scheduled__2025-11-14T14:22:00+00:00 [queued]>
[2025-11-14T14:22:15.915+0000] {taskinstance.py:2867} INFO - Starting attempt 1 of 1
[2025-11-14T14:22:15.926+0000] {taskinstance.py:2890} INFO - Executing <Task(PythonOperator): generate_sensor_data> on 2025-11-14 14:22:00+00:00
[2025-11-14T14:22:15.932+0000] {warnings.py:112} WARNING - /home/***/.local/lib/python3.12/site-packages/***/task/task_runner/standard_task_runner.py:70: DeprecationWarning: This process (pid=214) is multi-threaded, use of fork() may lead to deadlocks in the child.
  pid = os.fork()

[2025-11-14T14:22:15.934+0000] {standard_task_runner.py:72} INFO - Started process 216 to run task
[2025-11-14T14:22:15.934+0000] {standard_task_runner.py:104} INFO - Running: ['***', 'tasks', 'run', 'iot_sensor_data_dag', 'generate_sensor_data', 'scheduled__2025-11-14T14:22:00+00:00', '--job-id', '772', '--raw', '--subdir', 'DAGS_FOLDER/DEPI.py', '--cfg-path', '/tmp/tmpu1c836ix']
[2025-11-14T14:22:15.936+0000] {standard_task_runner.py:105} INFO - Job 772: Subtask generate_sensor_data
[2025-11-14T14:22:15.974+0000] {task_command.py:467} INFO - Running <TaskInstance: iot_sensor_data_dag.generate_sensor_data scheduled__2025-11-14T14:22:00+00:00 [running]> on host 4f76d54186b6
[2025-11-14T14:22:16.035+0000] {taskinstance.py:3134} INFO - Exporting env vars: AIRFLOW_CTX_DAG_OWNER='***' AIRFLOW_CTX_DAG_ID='iot_sensor_data_dag' AIRFLOW_CTX_TASK_ID='generate_sensor_data' AIRFLOW_CTX_EXECUTION_DATE='2025-11-14T14:22:00+00:00' AIRFLOW_CTX_TRY_NUMBER='1' AIRFLOW_CTX_DAG_RUN_ID='scheduled__2025-11-14T14:22:00+00:00'
[2025-11-14T14:22:16.037+0000] {logging_mixin.py:190} INFO - Task instance is in running state
[2025-11-14T14:22:16.037+0000] {logging_mixin.py:190} INFO -  Previous state of the Task instance: queued
[2025-11-14T14:22:16.038+0000] {logging_mixin.py:190} INFO - Current task name:generate_sensor_data state:running start_date:2025-11-14 14:22:15.907738+00:00
[2025-11-14T14:22:16.038+0000] {logging_mixin.py:190} INFO - Dag name:iot_sensor_data_dag and current dag run status:running
[2025-11-14T14:22:16.038+0000] {taskinstance.py:732} INFO - ::endgroup::
[2025-11-14T14:22:16.061+0000] {logging_mixin.py:190} INFO - [2025-11-14 14:22:16.049302] Inserted sensor data: {'time': datetime.datetime(2025, 11, 14, 14, 22, 16, 49302), 'temperature': 27.601477034786264, 'Dissolved_oxygen': 6.073037813775057, 'PH': 7.599964057031654, 'Ammonia': 0.009474429660204856, 'Nitrite': 0.05027405036221731, 'Turbidty': 39.745162910638356, '_id': ObjectId('69173b18ca45bd2372a6a875')}
[2025-11-14T14:22:16.063+0000] {python.py:218} INFO - Done. Returned value was: None
[2025-11-14T14:22:16.071+0000] {taskinstance.py:341} INFO - ::group::Post task execution logs
[2025-11-14T14:22:16.072+0000] {taskinstance.py:353} INFO - Marking task as SUCCESS. dag_id=iot_sensor_data_dag, task_id=generate_sensor_data, run_id=scheduled__2025-11-14T14:22:00+00:00, execution_date=20251114T142200, start_date=20251114T142215, end_date=20251114T142216
[2025-11-14T14:22:16.088+0000] {logging_mixin.py:190} INFO - Task instance in success state
[2025-11-14T14:22:16.089+0000] {logging_mixin.py:190} INFO -  Previous state of the Task instance: running
[2025-11-14T14:22:16.089+0000] {logging_mixin.py:190} INFO - Dag name:iot_sensor_data_dag queued_at:2025-11-14 14:22:15.689751+00:00
[2025-11-14T14:22:16.090+0000] {logging_mixin.py:190} INFO - Task hostname:4f76d54186b6 operator:PythonOperator
[2025-11-14T14:22:16.111+0000] {local_task_job_runner.py:266} INFO - Task exited with return code 0
[2025-11-14T14:22:16.129+0000] {taskinstance.py:3901} INFO - 0 downstream tasks scheduled from follow-on schedule check
[2025-11-14T14:22:16.133+0000] {local_task_job_runner.py:245} INFO - ::endgroup::
