[2025-11-15T12:19:19.548+0000] {local_task_job_runner.py:123} INFO - ::group::Pre task execution logs
[2025-11-15T12:19:19.562+0000] {taskinstance.py:2614} INFO - Dependencies all met for dep_context=non-requeueable deps ti=<TaskInstance: iot_sensor_data_dag.generate_sensor_data scheduled__2025-11-15T12:19:00+00:00 [queued]>
[2025-11-15T12:19:19.568+0000] {taskinstance.py:2614} INFO - Dependencies all met for dep_context=requeueable deps ti=<TaskInstance: iot_sensor_data_dag.generate_sensor_data scheduled__2025-11-15T12:19:00+00:00 [queued]>
[2025-11-15T12:19:19.569+0000] {taskinstance.py:2867} INFO - Starting attempt 1 of 1
[2025-11-15T12:19:19.580+0000] {taskinstance.py:2890} INFO - Executing <Task(PythonOperator): generate_sensor_data> on 2025-11-15 12:19:00+00:00
[2025-11-15T12:19:19.591+0000] {warnings.py:112} WARNING - /home/***/.local/lib/python3.12/site-packages/***/task/task_runner/standard_task_runner.py:70: DeprecationWarning: This process (pid=1008) is multi-threaded, use of fork() may lead to deadlocks in the child.
  pid = os.fork()

[2025-11-15T12:19:19.592+0000] {standard_task_runner.py:104} INFO - Running: ['***', 'tasks', 'run', 'iot_sensor_data_dag', 'generate_sensor_data', 'scheduled__2025-11-15T12:19:00+00:00', '--job-id', '1248', '--raw', '--subdir', 'DAGS_FOLDER/DEPI.py', '--cfg-path', '/tmp/tmpq0hwngn1']
[2025-11-15T12:19:19.593+0000] {standard_task_runner.py:72} INFO - Started process 1010 to run task
[2025-11-15T12:19:19.593+0000] {standard_task_runner.py:105} INFO - Job 1248: Subtask generate_sensor_data
[2025-11-15T12:19:19.839+0000] {task_command.py:467} INFO - Running <TaskInstance: iot_sensor_data_dag.generate_sensor_data scheduled__2025-11-15T12:19:00+00:00 [running]> on host 4f76d54186b6
[2025-11-15T12:19:19.899+0000] {taskinstance.py:3134} INFO - Exporting env vars: AIRFLOW_CTX_DAG_OWNER='***' AIRFLOW_CTX_DAG_ID='iot_sensor_data_dag' AIRFLOW_CTX_TASK_ID='generate_sensor_data' AIRFLOW_CTX_EXECUTION_DATE='2025-11-15T12:19:00+00:00' AIRFLOW_CTX_TRY_NUMBER='1' AIRFLOW_CTX_DAG_RUN_ID='scheduled__2025-11-15T12:19:00+00:00'
[2025-11-15T12:19:19.900+0000] {logging_mixin.py:190} INFO - Task instance is in running state
[2025-11-15T12:19:19.900+0000] {logging_mixin.py:190} INFO -  Previous state of the Task instance: queued
[2025-11-15T12:19:19.901+0000] {logging_mixin.py:190} INFO - Current task name:generate_sensor_data state:running start_date:2025-11-15 12:19:19.562707+00:00
[2025-11-15T12:19:19.901+0000] {logging_mixin.py:190} INFO - Dag name:iot_sensor_data_dag and current dag run status:running
[2025-11-15T12:19:19.902+0000] {taskinstance.py:732} INFO - ::endgroup::
[2025-11-15T12:19:19.929+0000] {logging_mixin.py:190} INFO - [2025-11-15 12:19:19.916149] Inserted sensor data: {'time': '2025-11-15T12:19:19.916149', 'temperature': 27.3666103869483, 'Dissolved_oxygen': 6.0971350012187875, 'PH': 7.5102882716732315, 'Ammonia': 0.010307746058730865, 'Nitrite': 0.054572238079119616, 'Turbidty': 40.074497989805735, '_id': '69186fc7bcc88f4c19b09985'}
[2025-11-15T12:24:09.840+0000] {job.py:229} INFO - Heartbeat recovered after 163.98 seconds
[2025-11-15T12:24:13.269+0000] {python.py:218} INFO - Done. Returned value was: None
[2025-11-15T12:24:13.281+0000] {taskinstance.py:341} INFO - ::group::Post task execution logs
[2025-11-15T12:24:13.282+0000] {taskinstance.py:353} INFO - Marking task as SUCCESS. dag_id=iot_sensor_data_dag, task_id=generate_sensor_data, run_id=scheduled__2025-11-15T12:19:00+00:00, execution_date=20251115T121900, start_date=20251115T121919, end_date=20251115T122413
[2025-11-15T12:24:13.304+0000] {logging_mixin.py:190} INFO - Task instance in success state
[2025-11-15T12:24:13.304+0000] {logging_mixin.py:190} INFO -  Previous state of the Task instance: running
[2025-11-15T12:24:13.305+0000] {logging_mixin.py:190} INFO - Dag name:iot_sensor_data_dag queued_at:2025-11-15 12:19:16.077295+00:00
[2025-11-15T12:24:13.306+0000] {logging_mixin.py:190} INFO - Task hostname:4f76d54186b6 operator:PythonOperator
[2025-11-15T12:24:13.328+0000] {local_task_job_runner.py:266} INFO - Task exited with return code 0
[2025-11-15T12:24:13.346+0000] {taskinstance.py:3901} INFO - 0 downstream tasks scheduled from follow-on schedule check
[2025-11-15T12:24:13.349+0000] {local_task_job_runner.py:245} INFO - ::endgroup::
