[2025-11-13T19:05:16.904+0000] {local_task_job_runner.py:123} INFO - ::group::Pre task execution logs
[2025-11-13T19:05:16.928+0000] {taskinstance.py:2614} INFO - Dependencies all met for dep_context=non-requeueable deps ti=<TaskInstance: iot_sensor_data_dag.generate_sensor_data scheduled__2025-11-13T19:05:00+00:00 [queued]>
[2025-11-13T19:05:16.939+0000] {taskinstance.py:2614} INFO - Dependencies all met for dep_context=requeueable deps ti=<TaskInstance: iot_sensor_data_dag.generate_sensor_data scheduled__2025-11-13T19:05:00+00:00 [queued]>
[2025-11-13T19:05:16.941+0000] {taskinstance.py:2867} INFO - Starting attempt 1 of 1
[2025-11-13T19:05:17.128+0000] {taskinstance.py:2890} INFO - Executing <Task(PythonOperator): generate_sensor_data> on 2025-11-13 19:05:00+00:00
[2025-11-13T19:05:17.140+0000] {warnings.py:112} WARNING - /home/***/.local/lib/python3.12/site-packages/***/task/task_runner/standard_task_runner.py:70: DeprecationWarning: This process (pid=4610) is multi-threaded, use of fork() may lead to deadlocks in the child.
  pid = os.fork()

[2025-11-13T19:05:17.141+0000] {standard_task_runner.py:104} INFO - Running: ['***', 'tasks', 'run', 'iot_sensor_data_dag', 'generate_sensor_data', 'scheduled__2025-11-13T19:05:00+00:00', '--job-id', '654', '--raw', '--subdir', 'DAGS_FOLDER/DEPI.py', '--cfg-path', '/tmp/tmpxgzvjymm']
[2025-11-13T19:05:17.143+0000] {standard_task_runner.py:72} INFO - Started process 4612 to run task
[2025-11-13T19:05:17.143+0000] {standard_task_runner.py:105} INFO - Job 654: Subtask generate_sensor_data
[2025-11-13T19:05:17.199+0000] {task_command.py:467} INFO - Running <TaskInstance: iot_sensor_data_dag.generate_sensor_data scheduled__2025-11-13T19:05:00+00:00 [running]> on host 4f76d54186b6
[2025-11-13T19:05:17.280+0000] {taskinstance.py:3134} INFO - Exporting env vars: AIRFLOW_CTX_DAG_OWNER='***' AIRFLOW_CTX_DAG_ID='iot_sensor_data_dag' AIRFLOW_CTX_TASK_ID='generate_sensor_data' AIRFLOW_CTX_EXECUTION_DATE='2025-11-13T19:05:00+00:00' AIRFLOW_CTX_TRY_NUMBER='1' AIRFLOW_CTX_DAG_RUN_ID='scheduled__2025-11-13T19:05:00+00:00'
[2025-11-13T19:05:17.283+0000] {logging_mixin.py:190} INFO - Task instance is in running state
[2025-11-13T19:05:17.284+0000] {logging_mixin.py:190} INFO -  Previous state of the Task instance: queued
[2025-11-13T19:05:17.284+0000] {logging_mixin.py:190} INFO - Current task name:generate_sensor_data state:running start_date:2025-11-13 19:05:16.929868+00:00
[2025-11-13T19:05:17.285+0000] {logging_mixin.py:190} INFO - Dag name:iot_sensor_data_dag and current dag run status:running
[2025-11-13T19:05:17.286+0000] {taskinstance.py:732} INFO - ::endgroup::
[2025-11-13T19:05:17.322+0000] {logging_mixin.py:190} INFO - [2025-11-13 19:05:17.303452] Inserted sensor data: {'time': datetime.datetime(2025, 11, 13, 19, 5, 17, 303452), 'temperature': 27.63925091432356, 'Dissolved_oxygen': 5.975216759867629, 'PH': 7.599261941751085, 'Ammonia': 0.009592498692901434, 'Nitrite': 0.04753562075056908, 'Turbidty': 39.59081020592448, '_id': ObjectId('69162bed945d3d2b59d23be7')}
[2025-11-13T19:05:17.327+0000] {python.py:218} INFO - Done. Returned value was: None
[2025-11-13T19:05:17.341+0000] {taskinstance.py:341} INFO - ::group::Post task execution logs
[2025-11-13T19:05:17.342+0000] {taskinstance.py:353} INFO - Marking task as SUCCESS. dag_id=iot_sensor_data_dag, task_id=generate_sensor_data, run_id=scheduled__2025-11-13T19:05:00+00:00, execution_date=20251113T190500, start_date=20251113T190516, end_date=20251113T190517
[2025-11-13T19:05:17.367+0000] {logging_mixin.py:190} INFO - Task instance in success state
[2025-11-13T19:05:17.368+0000] {logging_mixin.py:190} INFO -  Previous state of the Task instance: running
[2025-11-13T19:05:17.369+0000] {logging_mixin.py:190} INFO - Dag name:iot_sensor_data_dag queued_at:2025-11-13 19:05:15.292444+00:00
[2025-11-13T19:05:17.370+0000] {logging_mixin.py:190} INFO - Task hostname:4f76d54186b6 operator:PythonOperator
[2025-11-13T19:05:17.402+0000] {local_task_job_runner.py:266} INFO - Task exited with return code 0
[2025-11-13T19:05:17.429+0000] {taskinstance.py:3901} INFO - 0 downstream tasks scheduled from follow-on schedule check
[2025-11-13T19:05:17.434+0000] {local_task_job_runner.py:245} INFO - ::endgroup::
