[2025-11-15T12:15:31.082+0000] {local_task_job_runner.py:123} INFO - ::group::Pre task execution logs
[2025-11-15T12:15:31.094+0000] {taskinstance.py:2614} INFO - Dependencies all met for dep_context=non-requeueable deps ti=<TaskInstance: iot_sensor_data_dag.generate_sensor_data scheduled__2025-11-15T12:15:00+00:00 [queued]>
[2025-11-15T12:15:31.099+0000] {taskinstance.py:2614} INFO - Dependencies all met for dep_context=requeueable deps ti=<TaskInstance: iot_sensor_data_dag.generate_sensor_data scheduled__2025-11-15T12:15:00+00:00 [queued]>
[2025-11-15T12:15:31.100+0000] {taskinstance.py:2867} INFO - Starting attempt 1 of 1
[2025-11-15T12:15:31.110+0000] {taskinstance.py:2890} INFO - Executing <Task(PythonOperator): generate_sensor_data> on 2025-11-15 12:15:00+00:00
[2025-11-15T12:15:31.117+0000] {warnings.py:112} WARNING - /home/***/.local/lib/python3.12/site-packages/***/task/task_runner/standard_task_runner.py:70: DeprecationWarning: This process (pid=900) is multi-threaded, use of fork() may lead to deadlocks in the child.
  pid = os.fork()

[2025-11-15T12:15:31.119+0000] {standard_task_runner.py:72} INFO - Started process 902 to run task
[2025-11-15T12:15:31.119+0000] {standard_task_runner.py:104} INFO - Running: ['***', 'tasks', 'run', 'iot_sensor_data_dag', 'generate_sensor_data', 'scheduled__2025-11-15T12:15:00+00:00', '--job-id', '1241', '--raw', '--subdir', 'DAGS_FOLDER/DEPI.py', '--cfg-path', '/tmp/tmph29bq40d']
[2025-11-15T12:15:31.120+0000] {standard_task_runner.py:105} INFO - Job 1241: Subtask generate_sensor_data
[2025-11-15T12:15:31.354+0000] {task_command.py:467} INFO - Running <TaskInstance: iot_sensor_data_dag.generate_sensor_data scheduled__2025-11-15T12:15:00+00:00 [running]> on host 4f76d54186b6
[2025-11-15T12:15:31.406+0000] {taskinstance.py:3134} INFO - Exporting env vars: AIRFLOW_CTX_DAG_OWNER='***' AIRFLOW_CTX_DAG_ID='iot_sensor_data_dag' AIRFLOW_CTX_TASK_ID='generate_sensor_data' AIRFLOW_CTX_EXECUTION_DATE='2025-11-15T12:15:00+00:00' AIRFLOW_CTX_TRY_NUMBER='1' AIRFLOW_CTX_DAG_RUN_ID='scheduled__2025-11-15T12:15:00+00:00'
[2025-11-15T12:15:31.407+0000] {logging_mixin.py:190} INFO - Task instance is in running state
[2025-11-15T12:15:31.408+0000] {logging_mixin.py:190} INFO -  Previous state of the Task instance: queued
[2025-11-15T12:15:31.408+0000] {logging_mixin.py:190} INFO - Current task name:generate_sensor_data state:running start_date:2025-11-15 12:15:31.095045+00:00
[2025-11-15T12:15:31.409+0000] {logging_mixin.py:190} INFO - Dag name:iot_sensor_data_dag and current dag run status:running
[2025-11-15T12:15:31.409+0000] {taskinstance.py:732} INFO - ::endgroup::
[2025-11-15T12:15:31.478+0000] {logging_mixin.py:190} INFO - [2025-11-15 12:15:31.435576] Inserted sensor data: {'time': '2025-11-15T12:15:31.435576', 'temperature': 27.62239333022881, 'Dissolved_oxygen': 6.044689118247054, 'PH': 7.413250627637698, 'Ammonia': 0.009312107298599822, 'Nitrite': 0.047764362757540986, 'Turbidty': 40.27905734857646, '_id': '69186ee38a93fcbf7e0189e6'}
[2025-11-15T12:17:05.981+0000] {job.py:229} INFO - Heartbeat recovered after 89.94 seconds
[2025-11-15T12:20:25.102+0000] {python.py:218} INFO - Done. Returned value was: None
[2025-11-15T12:20:25.113+0000] {taskinstance.py:341} INFO - ::group::Post task execution logs
[2025-11-15T12:20:25.114+0000] {taskinstance.py:353} INFO - Marking task as SUCCESS. dag_id=iot_sensor_data_dag, task_id=generate_sensor_data, run_id=scheduled__2025-11-15T12:15:00+00:00, execution_date=20251115T121500, start_date=20251115T121531, end_date=20251115T122025
[2025-11-15T12:20:25.137+0000] {logging_mixin.py:190} INFO - Task instance in success state
[2025-11-15T12:20:25.138+0000] {logging_mixin.py:190} INFO -  Previous state of the Task instance: running
[2025-11-15T12:20:25.138+0000] {logging_mixin.py:190} INFO - Dag name:iot_sensor_data_dag queued_at:2025-11-15 12:15:26.729268+00:00
[2025-11-15T12:20:25.139+0000] {logging_mixin.py:190} INFO - Task hostname:4f76d54186b6 operator:PythonOperator
[2025-11-15T12:20:25.171+0000] {local_task_job_runner.py:266} INFO - Task exited with return code 0
[2025-11-15T12:20:25.190+0000] {taskinstance.py:3901} INFO - 0 downstream tasks scheduled from follow-on schedule check
[2025-11-15T12:20:25.194+0000] {local_task_job_runner.py:245} INFO - ::endgroup::
