[2025-11-13T18:51:31.923+0000] {local_task_job_runner.py:123} INFO - ::group::Pre task execution logs
[2025-11-13T18:51:31.937+0000] {taskinstance.py:2614} INFO - Dependencies all met for dep_context=non-requeueable deps ti=<TaskInstance: iot_sensor_data_dag.generate_sensor_data scheduled__2025-11-13T18:51:15+00:00 [queued]>
[2025-11-13T18:51:31.943+0000] {taskinstance.py:2614} INFO - Dependencies all met for dep_context=requeueable deps ti=<TaskInstance: iot_sensor_data_dag.generate_sensor_data scheduled__2025-11-13T18:51:15+00:00 [queued]>
[2025-11-13T18:51:31.944+0000] {taskinstance.py:2867} INFO - Starting attempt 1 of 1
[2025-11-13T18:51:32.065+0000] {taskinstance.py:2890} INFO - Executing <Task(PythonOperator): generate_sensor_data> on 2025-11-13 18:51:15+00:00
[2025-11-13T18:51:32.072+0000] {warnings.py:112} WARNING - /home/***/.local/lib/python3.12/site-packages/***/task/task_runner/standard_task_runner.py:70: DeprecationWarning: This process (pid=4037) is multi-threaded, use of fork() may lead to deadlocks in the child.
  pid = os.fork()

[2025-11-13T18:51:32.074+0000] {standard_task_runner.py:72} INFO - Started process 4039 to run task
[2025-11-13T18:51:32.074+0000] {standard_task_runner.py:104} INFO - Running: ['***', 'tasks', 'run', 'iot_sensor_data_dag', 'generate_sensor_data', 'scheduled__2025-11-13T18:51:15+00:00', '--job-id', '599', '--raw', '--subdir', 'DAGS_FOLDER/DEPI.py', '--cfg-path', '/tmp/tmp669mwkz0']
[2025-11-13T18:51:32.075+0000] {standard_task_runner.py:105} INFO - Job 599: Subtask generate_sensor_data
[2025-11-13T18:51:32.118+0000] {task_command.py:467} INFO - Running <TaskInstance: iot_sensor_data_dag.generate_sensor_data scheduled__2025-11-13T18:51:15+00:00 [running]> on host 4f76d54186b6
[2025-11-13T18:51:32.184+0000] {taskinstance.py:3134} INFO - Exporting env vars: AIRFLOW_CTX_DAG_OWNER='***' AIRFLOW_CTX_DAG_ID='iot_sensor_data_dag' AIRFLOW_CTX_TASK_ID='generate_sensor_data' AIRFLOW_CTX_EXECUTION_DATE='2025-11-13T18:51:15+00:00' AIRFLOW_CTX_TRY_NUMBER='1' AIRFLOW_CTX_DAG_RUN_ID='scheduled__2025-11-13T18:51:15+00:00'
[2025-11-13T18:51:32.186+0000] {logging_mixin.py:190} INFO - Task instance is in running state
[2025-11-13T18:51:32.187+0000] {logging_mixin.py:190} INFO -  Previous state of the Task instance: queued
[2025-11-13T18:51:32.187+0000] {logging_mixin.py:190} INFO - Current task name:generate_sensor_data state:running start_date:2025-11-13 18:51:31.938361+00:00
[2025-11-13T18:51:32.188+0000] {logging_mixin.py:190} INFO - Dag name:iot_sensor_data_dag and current dag run status:running
[2025-11-13T18:51:32.189+0000] {taskinstance.py:732} INFO - ::endgroup::
[2025-11-13T18:51:32.219+0000] {logging_mixin.py:190} INFO - [2025-11-13 18:51:32.204471] Inserted sensor data: {'time': datetime.datetime(2025, 11, 13, 18, 51, 32, 204471), 'temperature': 27.504743799886, 'Dissolved_oxygen': 5.9367654258477645, 'PH': 7.465105067636914, 'Ammonia': 0.009817125181993128, 'Nitrite': 0.05140365585295787, 'Turbidty': 40.41834498092397, '_id': ObjectId('691628b4344ba41afd95efe4')}
[2025-11-13T18:51:32.223+0000] {python.py:218} INFO - Done. Returned value was: None
[2025-11-13T18:51:32.238+0000] {taskinstance.py:341} INFO - ::group::Post task execution logs
[2025-11-13T18:51:32.239+0000] {taskinstance.py:353} INFO - Marking task as SUCCESS. dag_id=iot_sensor_data_dag, task_id=generate_sensor_data, run_id=scheduled__2025-11-13T18:51:15+00:00, execution_date=20251113T185115, start_date=20251113T185131, end_date=20251113T185132
[2025-11-13T18:51:32.257+0000] {logging_mixin.py:190} INFO - Task instance in success state
[2025-11-13T18:51:32.257+0000] {logging_mixin.py:190} INFO -  Previous state of the Task instance: running
[2025-11-13T18:51:32.258+0000] {logging_mixin.py:190} INFO - Dag name:iot_sensor_data_dag queued_at:2025-11-13 18:51:30.406612+00:00
[2025-11-13T18:51:32.259+0000] {logging_mixin.py:190} INFO - Task hostname:4f76d54186b6 operator:PythonOperator
[2025-11-13T18:51:32.290+0000] {local_task_job_runner.py:266} INFO - Task exited with return code 0
[2025-11-13T18:51:32.312+0000] {taskinstance.py:3901} INFO - 0 downstream tasks scheduled from follow-on schedule check
[2025-11-13T18:51:32.316+0000] {local_task_job_runner.py:245} INFO - ::endgroup::
