[2025-11-13T18:30:32.139+0000] {local_task_job_runner.py:123} INFO - ::group::Pre task execution logs
[2025-11-13T18:30:32.152+0000] {taskinstance.py:2614} INFO - Dependencies all met for dep_context=non-requeueable deps ti=<TaskInstance: iot_sensor_data_dag.generate_sensor_data scheduled__2025-11-13T18:30:15+00:00 [queued]>
[2025-11-13T18:30:32.158+0000] {taskinstance.py:2614} INFO - Dependencies all met for dep_context=requeueable deps ti=<TaskInstance: iot_sensor_data_dag.generate_sensor_data scheduled__2025-11-13T18:30:15+00:00 [queued]>
[2025-11-13T18:30:32.159+0000] {taskinstance.py:2867} INFO - Starting attempt 1 of 1
[2025-11-13T18:30:32.276+0000] {taskinstance.py:2890} INFO - Executing <Task(PythonOperator): generate_sensor_data> on 2025-11-13 18:30:15+00:00
[2025-11-13T18:30:32.283+0000] {warnings.py:112} WARNING - /home/***/.local/lib/python3.12/site-packages/***/task/task_runner/standard_task_runner.py:70: DeprecationWarning: This process (pid=3157) is multi-threaded, use of fork() may lead to deadlocks in the child.
  pid = os.fork()

[2025-11-13T18:30:32.285+0000] {standard_task_runner.py:104} INFO - Running: ['***', 'tasks', 'run', 'iot_sensor_data_dag', 'generate_sensor_data', 'scheduled__2025-11-13T18:30:15+00:00', '--job-id', '515', '--raw', '--subdir', 'DAGS_FOLDER/DEPI.py', '--cfg-path', '/tmp/tmpj4keoz7b']
[2025-11-13T18:30:32.286+0000] {standard_task_runner.py:72} INFO - Started process 3159 to run task
[2025-11-13T18:30:32.286+0000] {standard_task_runner.py:105} INFO - Job 515: Subtask generate_sensor_data
[2025-11-13T18:30:32.336+0000] {task_command.py:467} INFO - Running <TaskInstance: iot_sensor_data_dag.generate_sensor_data scheduled__2025-11-13T18:30:15+00:00 [running]> on host 4f76d54186b6
[2025-11-13T18:30:32.409+0000] {taskinstance.py:3134} INFO - Exporting env vars: AIRFLOW_CTX_DAG_OWNER='***' AIRFLOW_CTX_DAG_ID='iot_sensor_data_dag' AIRFLOW_CTX_TASK_ID='generate_sensor_data' AIRFLOW_CTX_EXECUTION_DATE='2025-11-13T18:30:15+00:00' AIRFLOW_CTX_TRY_NUMBER='1' AIRFLOW_CTX_DAG_RUN_ID='scheduled__2025-11-13T18:30:15+00:00'
[2025-11-13T18:30:32.411+0000] {logging_mixin.py:190} INFO - Task instance is in running state
[2025-11-13T18:30:32.412+0000] {logging_mixin.py:190} INFO -  Previous state of the Task instance: queued
[2025-11-13T18:30:32.412+0000] {logging_mixin.py:190} INFO - Current task name:generate_sensor_data state:running start_date:2025-11-13 18:30:32.154044+00:00
[2025-11-13T18:30:32.413+0000] {logging_mixin.py:190} INFO - Dag name:iot_sensor_data_dag and current dag run status:running
[2025-11-13T18:30:32.414+0000] {taskinstance.py:732} INFO - ::endgroup::
[2025-11-13T18:30:32.454+0000] {logging_mixin.py:190} INFO - [2025-11-13 18:30:32.433248] Inserted sensor data: {'time': datetime.datetime(2025, 11, 13, 18, 30, 32, 433248), 'temperature': 27.303114346285714, 'Dissolved_oxygen': 6.071949579637305, 'PH': 7.486740627782129, 'Ammonia': 0.009341453502558827, 'Nitrite': 0.04628253801537365, 'Turbidty': 39.11752382799916, '_id': ObjectId('691623c8159f30be9917b63c')}
[2025-11-13T18:30:32.457+0000] {python.py:218} INFO - Done. Returned value was: None
[2025-11-13T18:30:32.468+0000] {taskinstance.py:341} INFO - ::group::Post task execution logs
[2025-11-13T18:30:32.469+0000] {taskinstance.py:353} INFO - Marking task as SUCCESS. dag_id=iot_sensor_data_dag, task_id=generate_sensor_data, run_id=scheduled__2025-11-13T18:30:15+00:00, execution_date=20251113T183015, start_date=20251113T183032, end_date=20251113T183032
[2025-11-13T18:30:32.490+0000] {logging_mixin.py:190} INFO - Task instance in success state
[2025-11-13T18:30:32.492+0000] {logging_mixin.py:190} INFO -  Previous state of the Task instance: running
[2025-11-13T18:30:32.493+0000] {logging_mixin.py:190} INFO - Dag name:iot_sensor_data_dag queued_at:2025-11-13 18:30:30.965250+00:00
[2025-11-13T18:30:32.494+0000] {logging_mixin.py:190} INFO - Task hostname:4f76d54186b6 operator:PythonOperator
[2025-11-13T18:30:32.514+0000] {local_task_job_runner.py:266} INFO - Task exited with return code 0
[2025-11-13T18:30:32.538+0000] {taskinstance.py:3901} INFO - 0 downstream tasks scheduled from follow-on schedule check
[2025-11-13T18:30:32.543+0000] {local_task_job_runner.py:245} INFO - ::endgroup::
