[2025-11-13T18:34:02.017+0000] {local_task_job_runner.py:123} INFO - ::group::Pre task execution logs
[2025-11-13T18:34:02.032+0000] {taskinstance.py:2614} INFO - Dependencies all met for dep_context=non-requeueable deps ti=<TaskInstance: iot_sensor_data_dag.generate_sensor_data scheduled__2025-11-13T18:33:45+00:00 [queued]>
[2025-11-13T18:34:02.040+0000] {taskinstance.py:2614} INFO - Dependencies all met for dep_context=requeueable deps ti=<TaskInstance: iot_sensor_data_dag.generate_sensor_data scheduled__2025-11-13T18:33:45+00:00 [queued]>
[2025-11-13T18:34:02.041+0000] {taskinstance.py:2867} INFO - Starting attempt 1 of 1
[2025-11-13T18:34:02.226+0000] {taskinstance.py:2890} INFO - Executing <Task(PythonOperator): generate_sensor_data> on 2025-11-13 18:33:45+00:00
[2025-11-13T18:34:02.233+0000] {warnings.py:112} WARNING - /home/***/.local/lib/python3.12/site-packages/***/task/task_runner/standard_task_runner.py:70: DeprecationWarning: This process (pid=3304) is multi-threaded, use of fork() may lead to deadlocks in the child.
  pid = os.fork()

[2025-11-13T18:34:02.236+0000] {standard_task_runner.py:72} INFO - Started process 3306 to run task
[2025-11-13T18:34:02.236+0000] {standard_task_runner.py:104} INFO - Running: ['***', 'tasks', 'run', 'iot_sensor_data_dag', 'generate_sensor_data', 'scheduled__2025-11-13T18:33:45+00:00', '--job-id', '529', '--raw', '--subdir', 'DAGS_FOLDER/DEPI.py', '--cfg-path', '/tmp/tmp9uf30mzp']
[2025-11-13T18:34:02.237+0000] {standard_task_runner.py:105} INFO - Job 529: Subtask generate_sensor_data
[2025-11-13T18:34:02.285+0000] {task_command.py:467} INFO - Running <TaskInstance: iot_sensor_data_dag.generate_sensor_data scheduled__2025-11-13T18:33:45+00:00 [running]> on host 4f76d54186b6
[2025-11-13T18:34:02.352+0000] {taskinstance.py:3134} INFO - Exporting env vars: AIRFLOW_CTX_DAG_OWNER='***' AIRFLOW_CTX_DAG_ID='iot_sensor_data_dag' AIRFLOW_CTX_TASK_ID='generate_sensor_data' AIRFLOW_CTX_EXECUTION_DATE='2025-11-13T18:33:45+00:00' AIRFLOW_CTX_TRY_NUMBER='1' AIRFLOW_CTX_DAG_RUN_ID='scheduled__2025-11-13T18:33:45+00:00'
[2025-11-13T18:34:02.354+0000] {logging_mixin.py:190} INFO - Task instance is in running state
[2025-11-13T18:34:02.354+0000] {logging_mixin.py:190} INFO -  Previous state of the Task instance: queued
[2025-11-13T18:34:02.355+0000] {logging_mixin.py:190} INFO - Current task name:generate_sensor_data state:running start_date:2025-11-13 18:34:02.032833+00:00
[2025-11-13T18:34:02.355+0000] {logging_mixin.py:190} INFO - Dag name:iot_sensor_data_dag and current dag run status:running
[2025-11-13T18:34:02.356+0000] {taskinstance.py:732} INFO - ::endgroup::
[2025-11-13T18:34:02.392+0000] {logging_mixin.py:190} INFO - [2025-11-13 18:34:02.373190] Inserted sensor data: {'time': datetime.datetime(2025, 11, 13, 18, 34, 2, 373190), 'temperature': 27.54520420950573, 'Dissolved_oxygen': 5.95310815315392, 'PH': 7.5703921539882915, 'Ammonia': 0.010437048250587277, 'Nitrite': 0.05054578889662523, 'Turbidty': 39.17900275759154, '_id': ObjectId('6916249aec80277656254b64')}
[2025-11-13T18:34:02.394+0000] {python.py:218} INFO - Done. Returned value was: None
[2025-11-13T18:34:02.403+0000] {taskinstance.py:341} INFO - ::group::Post task execution logs
[2025-11-13T18:34:02.403+0000] {taskinstance.py:353} INFO - Marking task as SUCCESS. dag_id=iot_sensor_data_dag, task_id=generate_sensor_data, run_id=scheduled__2025-11-13T18:33:45+00:00, execution_date=20251113T183345, start_date=20251113T183402, end_date=20251113T183402
[2025-11-13T18:34:02.421+0000] {logging_mixin.py:190} INFO - Task instance in success state
[2025-11-13T18:34:02.422+0000] {logging_mixin.py:190} INFO -  Previous state of the Task instance: running
[2025-11-13T18:34:02.423+0000] {logging_mixin.py:190} INFO - Dag name:iot_sensor_data_dag queued_at:2025-11-13 18:34:00.730852+00:00
[2025-11-13T18:34:02.423+0000] {logging_mixin.py:190} INFO - Task hostname:4f76d54186b6 operator:PythonOperator
[2025-11-13T18:34:02.462+0000] {local_task_job_runner.py:266} INFO - Task exited with return code 0
[2025-11-13T18:34:02.482+0000] {taskinstance.py:3901} INFO - 0 downstream tasks scheduled from follow-on schedule check
[2025-11-13T18:34:02.485+0000] {local_task_job_runner.py:245} INFO - ::endgroup::
