[2025-11-13T18:50:31.872+0000] {local_task_job_runner.py:123} INFO - ::group::Pre task execution logs
[2025-11-13T18:50:31.886+0000] {taskinstance.py:2614} INFO - Dependencies all met for dep_context=non-requeueable deps ti=<TaskInstance: iot_sensor_data_dag.generate_sensor_data scheduled__2025-11-13T18:50:15+00:00 [queued]>
[2025-11-13T18:50:31.893+0000] {taskinstance.py:2614} INFO - Dependencies all met for dep_context=requeueable deps ti=<TaskInstance: iot_sensor_data_dag.generate_sensor_data scheduled__2025-11-13T18:50:15+00:00 [queued]>
[2025-11-13T18:50:31.901+0000] {taskinstance.py:2867} INFO - Starting attempt 1 of 1
[2025-11-13T18:50:31.412+0000] {taskinstance.py:2890} INFO - Executing <Task(PythonOperator): generate_sensor_data> on 2025-11-13 18:50:15+00:00
[2025-11-13T18:50:31.418+0000] {warnings.py:112} WARNING - /home/***/.local/lib/python3.12/site-packages/***/task/task_runner/standard_task_runner.py:70: DeprecationWarning: This process (pid=3995) is multi-threaded, use of fork() may lead to deadlocks in the child.
  pid = os.fork()

[2025-11-13T18:50:31.419+0000] {standard_task_runner.py:72} INFO - Started process 3997 to run task
[2025-11-13T18:50:31.420+0000] {standard_task_runner.py:104} INFO - Running: ['***', 'tasks', 'run', 'iot_sensor_data_dag', 'generate_sensor_data', 'scheduled__2025-11-13T18:50:15+00:00', '--job-id', '595', '--raw', '--subdir', 'DAGS_FOLDER/DEPI.py', '--cfg-path', '/tmp/tmpjtntvbw5']
[2025-11-13T18:50:31.421+0000] {standard_task_runner.py:105} INFO - Job 595: Subtask generate_sensor_data
[2025-11-13T18:50:31.459+0000] {task_command.py:467} INFO - Running <TaskInstance: iot_sensor_data_dag.generate_sensor_data scheduled__2025-11-13T18:50:15+00:00 [running]> on host 4f76d54186b6
[2025-11-13T18:50:30.357+0000] {taskinstance.py:3134} INFO - Exporting env vars: AIRFLOW_CTX_DAG_OWNER='***' AIRFLOW_CTX_DAG_ID='iot_sensor_data_dag' AIRFLOW_CTX_TASK_ID='generate_sensor_data' AIRFLOW_CTX_EXECUTION_DATE='2025-11-13T18:50:15+00:00' AIRFLOW_CTX_TRY_NUMBER='1' AIRFLOW_CTX_DAG_RUN_ID='scheduled__2025-11-13T18:50:15+00:00'
[2025-11-13T18:50:30.358+0000] {logging_mixin.py:190} INFO - Task instance is in running state
[2025-11-13T18:50:30.359+0000] {logging_mixin.py:190} INFO -  Previous state of the Task instance: queued
[2025-11-13T18:50:30.363+0000] {logging_mixin.py:190} INFO - Current task name:generate_sensor_data state:running start_date:2025-11-13 18:50:31.887615+00:00
[2025-11-13T18:50:30.364+0000] {logging_mixin.py:190} INFO - Dag name:iot_sensor_data_dag and current dag run status:running
[2025-11-13T18:50:30.365+0000] {taskinstance.py:732} INFO - ::endgroup::
[2025-11-13T18:50:30.402+0000] {logging_mixin.py:190} INFO - [2025-11-13 18:50:30.386460] Inserted sensor data: {'time': datetime.datetime(2025, 11, 13, 18, 50, 30, 386460), 'temperature': 27.458760847609078, 'Dissolved_oxygen': 6.055508905900715, 'PH': 7.490844781524265, 'Ammonia': 0.00998287743593807, 'Nitrite': 0.05386722388729047, 'Turbidty': 39.88648481584035, '_id': ObjectId('691628764ff7941373991a37')}
[2025-11-13T18:50:30.404+0000] {python.py:218} INFO - Done. Returned value was: None
[2025-11-13T18:50:30.414+0000] {taskinstance.py:341} INFO - ::group::Post task execution logs
[2025-11-13T18:50:30.415+0000] {taskinstance.py:353} INFO - Marking task as SUCCESS. dag_id=iot_sensor_data_dag, task_id=generate_sensor_data, run_id=scheduled__2025-11-13T18:50:15+00:00, execution_date=20251113T185015, start_date=20251113T185031, end_date=20251113T185030
[2025-11-13T18:50:30.433+0000] {logging_mixin.py:190} INFO - Task instance in success state
[2025-11-13T18:50:30.433+0000] {logging_mixin.py:190} INFO -  Previous state of the Task instance: running
[2025-11-13T18:50:30.434+0000] {logging_mixin.py:190} INFO - Dag name:iot_sensor_data_dag queued_at:2025-11-13 18:50:30.504473+00:00
[2025-11-13T18:50:30.434+0000] {logging_mixin.py:190} INFO - Task hostname:4f76d54186b6 operator:PythonOperator
[2025-11-13T18:50:30.453+0000] {local_task_job_runner.py:266} INFO - Task exited with return code 0
[2025-11-13T18:50:30.475+0000] {taskinstance.py:3901} INFO - 0 downstream tasks scheduled from follow-on schedule check
[2025-11-13T18:50:30.496+0000] {local_task_job_runner.py:245} INFO - ::endgroup::
