[2025-11-15T18:45:25.997+0000] {local_task_job_runner.py:123} INFO - ::group::Pre task execution logs
[2025-11-15T18:45:26.007+0000] {taskinstance.py:2614} INFO - Dependencies all met for dep_context=non-requeueable deps ti=<TaskInstance: iot_sensor_data_dag.generate_sensor_data scheduled__2025-11-15T18:45:00+00:00 [queued]>
[2025-11-15T18:45:26.012+0000] {taskinstance.py:2614} INFO - Dependencies all met for dep_context=requeueable deps ti=<TaskInstance: iot_sensor_data_dag.generate_sensor_data scheduled__2025-11-15T18:45:00+00:00 [queued]>
[2025-11-15T18:45:26.013+0000] {taskinstance.py:2867} INFO - Starting attempt 1 of 1
[2025-11-15T18:45:26.023+0000] {taskinstance.py:2890} INFO - Executing <Task(PythonOperator): generate_sensor_data> on 2025-11-15 18:45:00+00:00
[2025-11-15T18:45:26.028+0000] {warnings.py:112} WARNING - /home/***/.local/lib/python3.12/site-packages/***/task/task_runner/standard_task_runner.py:70: DeprecationWarning: This process (pid=1824) is multi-threaded, use of fork() may lead to deadlocks in the child.
  pid = os.fork()

[2025-11-15T18:45:26.031+0000] {standard_task_runner.py:72} INFO - Started process 1827 to run task
[2025-11-15T18:45:26.031+0000] {standard_task_runner.py:104} INFO - Running: ['***', 'tasks', 'run', 'iot_sensor_data_dag', 'generate_sensor_data', 'scheduled__2025-11-15T18:45:00+00:00', '--job-id', '1331', '--raw', '--subdir', 'DAGS_FOLDER/DEPI.py', '--cfg-path', '/tmp/tmp55d3y5fb']
[2025-11-15T18:45:26.032+0000] {standard_task_runner.py:105} INFO - Job 1331: Subtask generate_sensor_data
[2025-11-15T18:45:26.268+0000] {task_command.py:467} INFO - Running <TaskInstance: iot_sensor_data_dag.generate_sensor_data scheduled__2025-11-15T18:45:00+00:00 [running]> on host 4f76d54186b6
[2025-11-15T18:45:26.322+0000] {taskinstance.py:3134} INFO - Exporting env vars: AIRFLOW_CTX_DAG_OWNER='***' AIRFLOW_CTX_DAG_ID='iot_sensor_data_dag' AIRFLOW_CTX_TASK_ID='generate_sensor_data' AIRFLOW_CTX_EXECUTION_DATE='2025-11-15T18:45:00+00:00' AIRFLOW_CTX_TRY_NUMBER='1' AIRFLOW_CTX_DAG_RUN_ID='scheduled__2025-11-15T18:45:00+00:00'
[2025-11-15T18:45:26.323+0000] {logging_mixin.py:190} INFO - Task instance is in running state
[2025-11-15T18:45:26.324+0000] {logging_mixin.py:190} INFO -  Previous state of the Task instance: queued
[2025-11-15T18:45:26.324+0000] {logging_mixin.py:190} INFO - Current task name:generate_sensor_data state:running start_date:2025-11-15 18:45:26.008366+00:00
[2025-11-15T18:45:26.325+0000] {logging_mixin.py:190} INFO - Dag name:iot_sensor_data_dag and current dag run status:running
[2025-11-15T18:45:26.325+0000] {taskinstance.py:732} INFO - ::endgroup::
[2025-11-15T18:45:26.355+0000] {logging_mixin.py:190} INFO - [2025-11-15 18:45:26.342522] Inserted sensor data: {'time': '2025-11-15T18:45:26.342522', 'temperature': 27.663005394437157, 'Dissolved_oxygen': 5.969861076898463, 'PH': 7.4548072667708185, 'Ammonia': 0.009439576796413482, 'Nitrite': 0.05350561831584267, 'Turbidty': 40.632014427684915, '_id': '6918ca468ce84675ea88f296'}
[2025-11-16T19:14:22.541+0000] {local_task_job_runner.py:123} INFO - ::group::Pre task execution logs
[2025-11-16T19:14:22.566+0000] {taskinstance.py:2604} INFO - Dependencies not met for <TaskInstance: iot_sensor_data_dag.generate_sensor_data scheduled__2025-11-15T18:45:00+00:00 [failed]>, dependency 'Task Instance State' FAILED: Task is in the 'failed' state.
[2025-11-16T19:14:22.576+0000] {local_task_job_runner.py:166} INFO - Task is not able to be run
