[2025-11-13T17:52:02.658+0000] {local_task_job_runner.py:123} INFO - ::group::Pre task execution logs
[2025-11-13T17:52:02.686+0000] {taskinstance.py:2614} INFO - Dependencies all met for dep_context=non-requeueable deps ti=<TaskInstance: iot_sensor_data_dag.generate_sensor_data scheduled__2025-11-13T17:51:45+00:00 [queued]>
[2025-11-13T17:52:02.698+0000] {taskinstance.py:2614} INFO - Dependencies all met for dep_context=requeueable deps ti=<TaskInstance: iot_sensor_data_dag.generate_sensor_data scheduled__2025-11-13T17:51:45+00:00 [queued]>
[2025-11-13T17:52:02.700+0000] {taskinstance.py:2867} INFO - Starting attempt 1 of 1
[2025-11-13T17:52:02.923+0000] {taskinstance.py:2890} INFO - Executing <Task(PythonOperator): generate_sensor_data> on 2025-11-13 17:51:45+00:00
[2025-11-13T17:52:02.936+0000] {warnings.py:112} WARNING - /home/***/.local/lib/python3.12/site-packages/***/task/task_runner/standard_task_runner.py:70: DeprecationWarning: This process (pid=1543) is multi-threaded, use of fork() may lead to deadlocks in the child.
  pid = os.fork()

[2025-11-13T17:52:02.939+0000] {standard_task_runner.py:104} INFO - Running: ['***', 'tasks', 'run', 'iot_sensor_data_dag', 'generate_sensor_data', 'scheduled__2025-11-13T17:51:45+00:00', '--job-id', '361', '--raw', '--subdir', 'DAGS_FOLDER/DEPI.py', '--cfg-path', '/tmp/tmphi16h45q']
[2025-11-13T17:52:02.943+0000] {standard_task_runner.py:72} INFO - Started process 1545 to run task
[2025-11-13T17:52:02.945+0000] {standard_task_runner.py:105} INFO - Job 361: Subtask generate_sensor_data
[2025-11-13T17:52:03.011+0000] {task_command.py:467} INFO - Running <TaskInstance: iot_sensor_data_dag.generate_sensor_data scheduled__2025-11-13T17:51:45+00:00 [running]> on host 4f76d54186b6
[2025-11-13T17:52:03.113+0000] {taskinstance.py:3134} INFO - Exporting env vars: AIRFLOW_CTX_DAG_OWNER='***' AIRFLOW_CTX_DAG_ID='iot_sensor_data_dag' AIRFLOW_CTX_TASK_ID='generate_sensor_data' AIRFLOW_CTX_EXECUTION_DATE='2025-11-13T17:51:45+00:00' AIRFLOW_CTX_TRY_NUMBER='1' AIRFLOW_CTX_DAG_RUN_ID='scheduled__2025-11-13T17:51:45+00:00'
[2025-11-13T17:52:03.115+0000] {logging_mixin.py:190} INFO - Task instance is in running state
[2025-11-13T17:52:03.116+0000] {logging_mixin.py:190} INFO -  Previous state of the Task instance: queued
[2025-11-13T17:52:03.117+0000] {logging_mixin.py:190} INFO - Current task name:generate_sensor_data state:running start_date:2025-11-13 17:52:02.688211+00:00
[2025-11-13T17:52:03.118+0000] {logging_mixin.py:190} INFO - Dag name:iot_sensor_data_dag and current dag run status:running
[2025-11-13T17:52:03.120+0000] {taskinstance.py:732} INFO - ::endgroup::
[2025-11-13T17:52:03.169+0000] {logging_mixin.py:190} INFO - [2025-11-13 17:52:03.147221] Inserted sensor data: {'time': datetime.datetime(2025, 11, 13, 17, 52, 3, 147221), 'temperature': 27.566447177684843, 'Dissolved_oxygen': 6.023721932346724, 'PH': 7.464308299029916, 'Ammonia': 0.010720243654513252, 'Nitrite': 0.048055522601739384, 'Turbidty': 39.55275000686132, '_id': ObjectId('69161ac38c60be3c4552c3a5')}
[2025-11-13T17:52:03.173+0000] {python.py:218} INFO - Done. Returned value was: None
[2025-11-13T17:52:03.190+0000] {taskinstance.py:341} INFO - ::group::Post task execution logs
[2025-11-13T17:52:03.191+0000] {taskinstance.py:353} INFO - Marking task as SUCCESS. dag_id=iot_sensor_data_dag, task_id=generate_sensor_data, run_id=scheduled__2025-11-13T17:51:45+00:00, execution_date=20251113T175145, start_date=20251113T175202, end_date=20251113T175203
[2025-11-13T17:52:03.223+0000] {logging_mixin.py:190} INFO - Task instance in success state
[2025-11-13T17:52:03.224+0000] {logging_mixin.py:190} INFO -  Previous state of the Task instance: running
[2025-11-13T17:52:03.225+0000] {logging_mixin.py:190} INFO - Dag name:iot_sensor_data_dag queued_at:2025-11-13 17:52:00.440582+00:00
[2025-11-13T17:52:03.226+0000] {logging_mixin.py:190} INFO - Task hostname:4f76d54186b6 operator:PythonOperator
[2025-11-13T17:52:03.247+0000] {local_task_job_runner.py:266} INFO - Task exited with return code 0
[2025-11-13T17:52:03.284+0000] {taskinstance.py:3901} INFO - 0 downstream tasks scheduled from follow-on schedule check
[2025-11-13T17:52:03.291+0000] {local_task_job_runner.py:245} INFO - ::endgroup::
