[2025-11-13T17:41:32.642+0000] {local_task_job_runner.py:123} INFO - ::group::Pre task execution logs
[2025-11-13T17:41:32.667+0000] {taskinstance.py:2614} INFO - Dependencies all met for dep_context=non-requeueable deps ti=<TaskInstance: iot_sensor_data_dag.generate_sensor_data scheduled__2025-11-13T17:41:15+00:00 [queued]>
[2025-11-13T17:41:32.680+0000] {taskinstance.py:2614} INFO - Dependencies all met for dep_context=requeueable deps ti=<TaskInstance: iot_sensor_data_dag.generate_sensor_data scheduled__2025-11-13T17:41:15+00:00 [queued]>
[2025-11-13T17:41:32.682+0000] {taskinstance.py:2867} INFO - Starting attempt 1 of 1
[2025-11-13T17:41:32.874+0000] {taskinstance.py:2890} INFO - Executing <Task(PythonOperator): generate_sensor_data> on 2025-11-13 17:41:15+00:00
[2025-11-13T17:41:32.886+0000] {warnings.py:112} WARNING - /home/***/.local/lib/python3.12/site-packages/***/task/task_runner/standard_task_runner.py:70: DeprecationWarning: This process (pid=1108) is multi-threaded, use of fork() may lead to deadlocks in the child.
  pid = os.fork()

[2025-11-13T17:41:32.889+0000] {standard_task_runner.py:72} INFO - Started process 1110 to run task
[2025-11-13T17:41:32.889+0000] {standard_task_runner.py:104} INFO - Running: ['***', 'tasks', 'run', 'iot_sensor_data_dag', 'generate_sensor_data', 'scheduled__2025-11-13T17:41:15+00:00', '--job-id', '319', '--raw', '--subdir', 'DAGS_FOLDER/DEPI.py', '--cfg-path', '/tmp/tmpfrp78pwg']
[2025-11-13T17:41:32.891+0000] {standard_task_runner.py:105} INFO - Job 319: Subtask generate_sensor_data
[2025-11-13T17:41:32.969+0000] {task_command.py:467} INFO - Running <TaskInstance: iot_sensor_data_dag.generate_sensor_data scheduled__2025-11-13T17:41:15+00:00 [running]> on host 4f76d54186b6
[2025-11-13T17:41:33.099+0000] {taskinstance.py:3134} INFO - Exporting env vars: AIRFLOW_CTX_DAG_OWNER='***' AIRFLOW_CTX_DAG_ID='iot_sensor_data_dag' AIRFLOW_CTX_TASK_ID='generate_sensor_data' AIRFLOW_CTX_EXECUTION_DATE='2025-11-13T17:41:15+00:00' AIRFLOW_CTX_TRY_NUMBER='1' AIRFLOW_CTX_DAG_RUN_ID='scheduled__2025-11-13T17:41:15+00:00'
[2025-11-13T17:41:33.104+0000] {logging_mixin.py:190} INFO - Task instance is in running state
[2025-11-13T17:41:33.105+0000] {logging_mixin.py:190} INFO -  Previous state of the Task instance: queued
[2025-11-13T17:41:33.107+0000] {logging_mixin.py:190} INFO - Current task name:generate_sensor_data state:running start_date:2025-11-13 17:41:32.669293+00:00
[2025-11-13T17:41:33.108+0000] {logging_mixin.py:190} INFO - Dag name:iot_sensor_data_dag and current dag run status:running
[2025-11-13T17:41:33.109+0000] {taskinstance.py:732} INFO - ::endgroup::
[2025-11-13T17:41:33.168+0000] {logging_mixin.py:190} INFO - [2025-11-13 17:41:33.138249] Inserted sensor data: {'time': datetime.datetime(2025, 11, 13, 17, 41, 33, 138249), 'temperature': 27.422707823033477, 'Dissolved_oxygen': 6.062673819769917, 'PH': 7.463153155245522, 'Ammonia': 0.010491900782050624, 'Nitrite': 0.05266091696974071, 'Turbidty': 40.08257643988224, '_id': ObjectId('6916184d1b12217f764665ab')}
[2025-11-13T17:41:33.173+0000] {python.py:218} INFO - Done. Returned value was: None
[2025-11-13T17:41:33.193+0000] {taskinstance.py:341} INFO - ::group::Post task execution logs
[2025-11-13T17:41:33.195+0000] {taskinstance.py:353} INFO - Marking task as SUCCESS. dag_id=iot_sensor_data_dag, task_id=generate_sensor_data, run_id=scheduled__2025-11-13T17:41:15+00:00, execution_date=20251113T174115, start_date=20251113T174132, end_date=20251113T174133
[2025-11-13T17:41:33.234+0000] {logging_mixin.py:190} INFO - Task instance in success state
[2025-11-13T17:41:33.235+0000] {logging_mixin.py:190} INFO -  Previous state of the Task instance: running
[2025-11-13T17:41:33.236+0000] {logging_mixin.py:190} INFO - Dag name:iot_sensor_data_dag queued_at:2025-11-13 17:41:30.427479+00:00
[2025-11-13T17:41:33.237+0000] {logging_mixin.py:190} INFO - Task hostname:4f76d54186b6 operator:PythonOperator
[2025-11-13T17:41:33.279+0000] {local_task_job_runner.py:266} INFO - Task exited with return code 0
[2025-11-13T17:41:33.317+0000] {taskinstance.py:3901} INFO - 0 downstream tasks scheduled from follow-on schedule check
[2025-11-13T17:41:33.323+0000] {local_task_job_runner.py:245} INFO - ::endgroup::
