[2025-11-17T19:47:06.449+0000] {local_task_job_runner.py:123} INFO - ::group::Pre task execution logs
[2025-11-17T19:47:06.564+0000] {taskinstance.py:2614} INFO - Dependencies all met for dep_context=non-requeueable deps ti=<TaskInstance: iot_kafka_with_env.generate_data scheduled__2025-11-17T19:46:40+00:00 [queued]>
[2025-11-17T19:47:06.570+0000] {taskinstance.py:2614} INFO - Dependencies all met for dep_context=requeueable deps ti=<TaskInstance: iot_kafka_with_env.generate_data scheduled__2025-11-17T19:46:40+00:00 [queued]>
[2025-11-17T19:47:06.571+0000] {taskinstance.py:2867} INFO - Starting attempt 1 of 1
[2025-11-17T19:47:06.581+0000] {taskinstance.py:2890} INFO - Executing <Task(PythonOperator): generate_data> on 2025-11-17 19:46:40+00:00
[2025-11-17T19:47:06.586+0000] {warnings.py:112} WARNING - /home/***/.local/lib/python3.12/site-packages/***/task/task_runner/standard_task_runner.py:70: DeprecationWarning: This process (pid=530) is multi-threaded, use of fork() may lead to deadlocks in the child.
  pid = os.fork()

[2025-11-17T19:47:06.588+0000] {standard_task_runner.py:72} INFO - Started process 532 to run task
[2025-11-17T19:47:06.588+0000] {standard_task_runner.py:104} INFO - Running: ['***', 'tasks', 'run', 'iot_kafka_with_env', 'generate_data', 'scheduled__2025-11-17T19:46:40+00:00', '--job-id', '2572', '--raw', '--subdir', 'DAGS_FOLDER/IOT.py', '--cfg-path', '/tmp/tmpm8_i_q_8']
[2025-11-17T19:47:06.589+0000] {standard_task_runner.py:105} INFO - Job 2572: Subtask generate_data
[2025-11-17T19:47:06.627+0000] {task_command.py:467} INFO - Running <TaskInstance: iot_kafka_with_env.generate_data scheduled__2025-11-17T19:46:40+00:00 [running]> on host 4f76d54186b6
[2025-11-17T19:47:06.678+0000] {taskinstance.py:3134} INFO - Exporting env vars: AIRFLOW_CTX_DAG_OWNER='***' AIRFLOW_CTX_DAG_ID='iot_kafka_with_env' AIRFLOW_CTX_TASK_ID='generate_data' AIRFLOW_CTX_EXECUTION_DATE='2025-11-17T19:46:40+00:00' AIRFLOW_CTX_TRY_NUMBER='1' AIRFLOW_CTX_DAG_RUN_ID='scheduled__2025-11-17T19:46:40+00:00'
[2025-11-17T19:47:06.680+0000] {logging_mixin.py:190} INFO - Task instance is in running state
[2025-11-17T19:47:06.681+0000] {logging_mixin.py:190} INFO -  Previous state of the Task instance: queued
[2025-11-17T19:47:06.681+0000] {logging_mixin.py:190} INFO - Current task name:generate_data state:running start_date:2025-11-17 19:47:06.565321+00:00
[2025-11-17T19:47:06.682+0000] {logging_mixin.py:190} INFO - Dag name:iot_kafka_with_env and current dag run status:running
[2025-11-17T19:47:06.682+0000] {taskinstance.py:732} INFO - ::endgroup::
[2025-11-17T19:47:06.683+0000] {python.py:218} INFO - Done. Returned value was: {'time': '2025-11-17T19:47:06.683326', 'temperature': 27.36112565447909, 'Dissolved_oxygen': 5.922515138866611, 'PH': 7.464707398958616, 'Ammonia': 0.00991211569919379, 'Nitrite': 0.05447682494095413, 'Turbidty': 40.07991553085232}
[2025-11-17T19:47:06.698+0000] {taskinstance.py:341} INFO - ::group::Post task execution logs
[2025-11-17T19:47:06.699+0000] {taskinstance.py:353} INFO - Marking task as SUCCESS. dag_id=iot_kafka_with_env, task_id=generate_data, run_id=scheduled__2025-11-17T19:46:40+00:00, execution_date=20251117T194640, start_date=20251117T194706, end_date=20251117T194706
[2025-11-17T19:47:06.715+0000] {logging_mixin.py:190} INFO - Task instance in success state
[2025-11-17T19:47:06.716+0000] {logging_mixin.py:190} INFO -  Previous state of the Task instance: running
[2025-11-17T19:47:06.716+0000] {logging_mixin.py:190} INFO - Dag name:iot_kafka_with_env queued_at:2025-11-17 19:47:05.476518+00:00
[2025-11-17T19:47:06.716+0000] {logging_mixin.py:190} INFO - Task hostname:4f76d54186b6 operator:PythonOperator
[2025-11-17T19:47:06.723+0000] {local_task_job_runner.py:266} INFO - Task exited with return code 0
[2025-11-17T19:47:06.738+0000] {taskinstance.py:3901} INFO - 1 downstream tasks scheduled from follow-on schedule check
[2025-11-17T19:47:06.740+0000] {local_task_job_runner.py:245} INFO - ::endgroup::
