[2025-11-13T17:34:02.295+0000] {local_task_job_runner.py:123} INFO - ::group::Pre task execution logs
[2025-11-13T17:34:02.309+0000] {taskinstance.py:2614} INFO - Dependencies all met for dep_context=non-requeueable deps ti=<TaskInstance: iot_sensor_data_dag.generate_sensor_data scheduled__2025-11-13T17:33:45+00:00 [queued]>
[2025-11-13T17:34:02.316+0000] {taskinstance.py:2614} INFO - Dependencies all met for dep_context=requeueable deps ti=<TaskInstance: iot_sensor_data_dag.generate_sensor_data scheduled__2025-11-13T17:33:45+00:00 [queued]>
[2025-11-13T17:34:02.318+0000] {taskinstance.py:2867} INFO - Starting attempt 1 of 1
[2025-11-13T17:34:02.479+0000] {taskinstance.py:2890} INFO - Executing <Task(PythonOperator): generate_sensor_data> on 2025-11-13 17:33:45+00:00
[2025-11-13T17:34:02.486+0000] {warnings.py:112} WARNING - /home/***/.local/lib/python3.12/site-packages/***/task/task_runner/standard_task_runner.py:70: DeprecationWarning: This process (pid=801) is multi-threaded, use of fork() may lead to deadlocks in the child.
  pid = os.fork()

[2025-11-13T17:34:02.489+0000] {standard_task_runner.py:72} INFO - Started process 803 to run task
[2025-11-13T17:34:02.489+0000] {standard_task_runner.py:104} INFO - Running: ['***', 'tasks', 'run', 'iot_sensor_data_dag', 'generate_sensor_data', 'scheduled__2025-11-13T17:33:45+00:00', '--job-id', '289', '--raw', '--subdir', 'DAGS_FOLDER/DEPI.py', '--cfg-path', '/tmp/tmpy1kqgalp']
[2025-11-13T17:34:02.490+0000] {standard_task_runner.py:105} INFO - Job 289: Subtask generate_sensor_data
[2025-11-13T17:34:02.536+0000] {task_command.py:467} INFO - Running <TaskInstance: iot_sensor_data_dag.generate_sensor_data scheduled__2025-11-13T17:33:45+00:00 [running]> on host 4f76d54186b6
[2025-11-13T17:34:02.615+0000] {taskinstance.py:3134} INFO - Exporting env vars: AIRFLOW_CTX_DAG_OWNER='***' AIRFLOW_CTX_DAG_ID='iot_sensor_data_dag' AIRFLOW_CTX_TASK_ID='generate_sensor_data' AIRFLOW_CTX_EXECUTION_DATE='2025-11-13T17:33:45+00:00' AIRFLOW_CTX_TRY_NUMBER='1' AIRFLOW_CTX_DAG_RUN_ID='scheduled__2025-11-13T17:33:45+00:00'
[2025-11-13T17:34:02.616+0000] {logging_mixin.py:190} INFO - Task instance is in running state
[2025-11-13T17:34:02.617+0000] {logging_mixin.py:190} INFO -  Previous state of the Task instance: queued
[2025-11-13T17:34:02.618+0000] {logging_mixin.py:190} INFO - Current task name:generate_sensor_data state:running start_date:2025-11-13 17:34:02.310253+00:00
[2025-11-13T17:34:02.619+0000] {logging_mixin.py:190} INFO - Dag name:iot_sensor_data_dag and current dag run status:running
[2025-11-13T17:34:02.620+0000] {taskinstance.py:732} INFO - ::endgroup::
[2025-11-13T17:34:02.657+0000] {logging_mixin.py:190} INFO - [2025-11-13 17:34:02.634840] Inserted sensor data: {'time': datetime.datetime(2025, 11, 13, 17, 34, 2, 634840), 'temperature': 27.62509612155069, 'Dissolved_oxygen': 6.05687014646851, 'PH': 7.519934541036909, 'Ammonia': 0.009384649759412002, 'Nitrite': 0.051141612244348995, 'Turbidty': 40.31245670494423, '_id': ObjectId('6916168afd72295955a09d0e')}
[2025-11-13T17:34:02.659+0000] {python.py:218} INFO - Done. Returned value was: None
[2025-11-13T17:34:02.669+0000] {taskinstance.py:341} INFO - ::group::Post task execution logs
[2025-11-13T17:34:02.670+0000] {taskinstance.py:353} INFO - Marking task as SUCCESS. dag_id=iot_sensor_data_dag, task_id=generate_sensor_data, run_id=scheduled__2025-11-13T17:33:45+00:00, execution_date=20251113T173345, start_date=20251113T173402, end_date=20251113T173402
[2025-11-13T17:34:02.695+0000] {logging_mixin.py:190} INFO - Task instance in success state
[2025-11-13T17:34:02.696+0000] {logging_mixin.py:190} INFO -  Previous state of the Task instance: running
[2025-11-13T17:34:02.697+0000] {logging_mixin.py:190} INFO - Dag name:iot_sensor_data_dag queued_at:2025-11-13 17:34:00.687358+00:00
[2025-11-13T17:34:02.698+0000] {logging_mixin.py:190} INFO - Task hostname:4f76d54186b6 operator:PythonOperator
[2025-11-13T17:34:02.717+0000] {local_task_job_runner.py:266} INFO - Task exited with return code 0
[2025-11-13T17:34:02.739+0000] {taskinstance.py:3901} INFO - 0 downstream tasks scheduled from follow-on schedule check
[2025-11-13T17:34:02.746+0000] {local_task_job_runner.py:245} INFO - ::endgroup::
