[2025-11-17T19:37:07.026+0000] {local_task_job_runner.py:123} INFO - ::group::Pre task execution logs
[2025-11-17T19:37:07.126+0000] {taskinstance.py:2614} INFO - Dependencies all met for dep_context=non-requeueable deps ti=<TaskInstance: iot_kafka_with_env.generate_data scheduled__2025-11-17T19:36:40+00:00 [queued]>
[2025-11-17T19:37:07.131+0000] {taskinstance.py:2614} INFO - Dependencies all met for dep_context=requeueable deps ti=<TaskInstance: iot_kafka_with_env.generate_data scheduled__2025-11-17T19:36:40+00:00 [queued]>
[2025-11-17T19:37:07.132+0000] {taskinstance.py:2867} INFO - Starting attempt 1 of 1
[2025-11-17T19:37:07.142+0000] {taskinstance.py:2890} INFO - Executing <Task(PythonOperator): generate_data> on 2025-11-17 19:36:40+00:00
[2025-11-17T19:37:07.148+0000] {warnings.py:112} WARNING - /home/***/.local/lib/python3.12/site-packages/***/task/task_runner/standard_task_runner.py:70: DeprecationWarning: This process (pid=154) is multi-threaded, use of fork() may lead to deadlocks in the child.
  pid = os.fork()

[2025-11-17T19:37:07.150+0000] {standard_task_runner.py:72} INFO - Started process 163 to run task
[2025-11-17T19:37:07.150+0000] {standard_task_runner.py:104} INFO - Running: ['***', 'tasks', 'run', 'iot_kafka_with_env', 'generate_data', 'scheduled__2025-11-17T19:36:40+00:00', '--job-id', '2519', '--raw', '--subdir', 'DAGS_FOLDER/IOT.py', '--cfg-path', '/tmp/tmp5ir1qn0l']
[2025-11-17T19:37:07.151+0000] {standard_task_runner.py:105} INFO - Job 2519: Subtask generate_data
[2025-11-17T19:37:07.191+0000] {task_command.py:467} INFO - Running <TaskInstance: iot_kafka_with_env.generate_data scheduled__2025-11-17T19:36:40+00:00 [running]> on host 4f76d54186b6
[2025-11-17T19:37:07.246+0000] {taskinstance.py:3134} INFO - Exporting env vars: AIRFLOW_CTX_DAG_OWNER='***' AIRFLOW_CTX_DAG_ID='iot_kafka_with_env' AIRFLOW_CTX_TASK_ID='generate_data' AIRFLOW_CTX_EXECUTION_DATE='2025-11-17T19:36:40+00:00' AIRFLOW_CTX_TRY_NUMBER='1' AIRFLOW_CTX_DAG_RUN_ID='scheduled__2025-11-17T19:36:40+00:00'
[2025-11-17T19:37:07.247+0000] {logging_mixin.py:190} INFO - Task instance is in running state
[2025-11-17T19:37:07.248+0000] {logging_mixin.py:190} INFO -  Previous state of the Task instance: queued
[2025-11-17T19:37:07.249+0000] {logging_mixin.py:190} INFO - Current task name:generate_data state:running start_date:2025-11-17 19:37:07.127316+00:00
[2025-11-17T19:37:07.250+0000] {logging_mixin.py:190} INFO - Dag name:iot_kafka_with_env and current dag run status:running
[2025-11-17T19:37:07.250+0000] {taskinstance.py:732} INFO - ::endgroup::
[2025-11-17T19:37:07.251+0000] {python.py:218} INFO - Done. Returned value was: {'time': '2025-11-17T19:37:07.251807', 'temperature': 27.696348085619455, 'Dissolved_oxygen': 5.991630777812391, 'PH': 7.412550538771295, 'Ammonia': 0.010475021446332935, 'Nitrite': 0.04869593500698798, 'Turbidty': 40.89044124485359}
[2025-11-17T19:37:07.267+0000] {taskinstance.py:341} INFO - ::group::Post task execution logs
[2025-11-17T19:37:07.268+0000] {taskinstance.py:353} INFO - Marking task as SUCCESS. dag_id=iot_kafka_with_env, task_id=generate_data, run_id=scheduled__2025-11-17T19:36:40+00:00, execution_date=20251117T193640, start_date=20251117T193707, end_date=20251117T193707
[2025-11-17T19:37:07.284+0000] {logging_mixin.py:190} INFO - Task instance in success state
[2025-11-17T19:37:07.285+0000] {logging_mixin.py:190} INFO -  Previous state of the Task instance: running
[2025-11-17T19:37:07.285+0000] {logging_mixin.py:190} INFO - Dag name:iot_kafka_with_env queued_at:2025-11-17 19:37:06.036145+00:00
[2025-11-17T19:37:07.285+0000] {logging_mixin.py:190} INFO - Task hostname:4f76d54186b6 operator:PythonOperator
[2025-11-17T19:37:07.324+0000] {local_task_job_runner.py:266} INFO - Task exited with return code 0
[2025-11-17T19:37:07.341+0000] {taskinstance.py:3901} INFO - 1 downstream tasks scheduled from follow-on schedule check
[2025-11-17T19:37:07.344+0000] {local_task_job_runner.py:245} INFO - ::endgroup::
