[2025-11-13T18:10:01.776+0000] {local_task_job_runner.py:123} INFO - ::group::Pre task execution logs
[2025-11-13T18:10:01.790+0000] {taskinstance.py:2614} INFO - Dependencies all met for dep_context=non-requeueable deps ti=<TaskInstance: iot_sensor_data_dag.generate_sensor_data scheduled__2025-11-13T18:09:45+00:00 [queued]>
[2025-11-13T18:10:01.797+0000] {taskinstance.py:2614} INFO - Dependencies all met for dep_context=requeueable deps ti=<TaskInstance: iot_sensor_data_dag.generate_sensor_data scheduled__2025-11-13T18:09:45+00:00 [queued]>
[2025-11-13T18:10:01.798+0000] {taskinstance.py:2867} INFO - Starting attempt 1 of 1
[2025-11-13T18:10:01.925+0000] {taskinstance.py:2890} INFO - Executing <Task(PythonOperator): generate_sensor_data> on 2025-11-13 18:09:45+00:00
[2025-11-13T18:10:01.930+0000] {warnings.py:112} WARNING - /home/***/.local/lib/python3.12/site-packages/***/task/task_runner/standard_task_runner.py:70: DeprecationWarning: This process (pid=2297) is multi-threaded, use of fork() may lead to deadlocks in the child.
  pid = os.fork()

[2025-11-13T18:10:01.932+0000] {standard_task_runner.py:72} INFO - Started process 2299 to run task
[2025-11-13T18:10:01.933+0000] {standard_task_runner.py:104} INFO - Running: ['***', 'tasks', 'run', 'iot_sensor_data_dag', 'generate_sensor_data', 'scheduled__2025-11-13T18:09:45+00:00', '--job-id', '433', '--raw', '--subdir', 'DAGS_FOLDER/DEPI.py', '--cfg-path', '/tmp/tmpdkygg19p']
[2025-11-13T18:10:01.934+0000] {standard_task_runner.py:105} INFO - Job 433: Subtask generate_sensor_data
[2025-11-13T18:10:01.975+0000] {task_command.py:467} INFO - Running <TaskInstance: iot_sensor_data_dag.generate_sensor_data scheduled__2025-11-13T18:09:45+00:00 [running]> on host 4f76d54186b6
[2025-11-13T18:10:02.036+0000] {taskinstance.py:3134} INFO - Exporting env vars: AIRFLOW_CTX_DAG_OWNER='***' AIRFLOW_CTX_DAG_ID='iot_sensor_data_dag' AIRFLOW_CTX_TASK_ID='generate_sensor_data' AIRFLOW_CTX_EXECUTION_DATE='2025-11-13T18:09:45+00:00' AIRFLOW_CTX_TRY_NUMBER='1' AIRFLOW_CTX_DAG_RUN_ID='scheduled__2025-11-13T18:09:45+00:00'
[2025-11-13T18:10:02.037+0000] {logging_mixin.py:190} INFO - Task instance is in running state
[2025-11-13T18:10:02.038+0000] {logging_mixin.py:190} INFO -  Previous state of the Task instance: queued
[2025-11-13T18:10:02.038+0000] {logging_mixin.py:190} INFO - Current task name:generate_sensor_data state:running start_date:2025-11-13 18:10:01.791052+00:00
[2025-11-13T18:10:02.039+0000] {logging_mixin.py:190} INFO - Dag name:iot_sensor_data_dag and current dag run status:running
[2025-11-13T18:10:02.039+0000] {taskinstance.py:732} INFO - ::endgroup::
[2025-11-13T18:10:02.064+0000] {logging_mixin.py:190} INFO - [2025-11-13 18:10:02.052410] Inserted sensor data: {'time': datetime.datetime(2025, 11, 13, 18, 10, 2, 52410), 'temperature': 27.574255013782622, 'Dissolved_oxygen': 5.96276397684723, 'PH': 7.5477220698990966, 'Ammonia': 0.010781229393265727, 'Nitrite': 0.05199026349698914, 'Turbidty': 39.004717207290476, '_id': ObjectId('69161efa1fe409e90a24401f')}
[2025-11-13T18:10:02.066+0000] {python.py:218} INFO - Done. Returned value was: None
[2025-11-13T18:10:02.076+0000] {taskinstance.py:341} INFO - ::group::Post task execution logs
[2025-11-13T18:10:02.077+0000] {taskinstance.py:353} INFO - Marking task as SUCCESS. dag_id=iot_sensor_data_dag, task_id=generate_sensor_data, run_id=scheduled__2025-11-13T18:09:45+00:00, execution_date=20251113T180945, start_date=20251113T181001, end_date=20251113T181002
[2025-11-13T18:10:02.095+0000] {logging_mixin.py:190} INFO - Task instance in success state
[2025-11-13T18:10:02.096+0000] {logging_mixin.py:190} INFO -  Previous state of the Task instance: running
[2025-11-13T18:10:02.097+0000] {logging_mixin.py:190} INFO - Dag name:iot_sensor_data_dag queued_at:2025-11-13 18:10:00.556218+00:00
[2025-11-13T18:10:02.097+0000] {logging_mixin.py:190} INFO - Task hostname:4f76d54186b6 operator:PythonOperator
[2025-11-13T18:10:02.111+0000] {local_task_job_runner.py:266} INFO - Task exited with return code 0
[2025-11-13T18:10:02.133+0000] {taskinstance.py:3901} INFO - 0 downstream tasks scheduled from follow-on schedule check
[2025-11-13T18:10:02.136+0000] {local_task_job_runner.py:245} INFO - ::endgroup::
