[2025-11-14T14:23:01.438+0000] {local_task_job_runner.py:123} INFO - ::group::Pre task execution logs
[2025-11-14T14:23:01.569+0000] {taskinstance.py:2614} INFO - Dependencies all met for dep_context=non-requeueable deps ti=<TaskInstance: iot_sensor_data_dag.generate_sensor_data scheduled__2025-11-14T14:22:45+00:00 [queued]>
[2025-11-14T14:23:01.577+0000] {taskinstance.py:2614} INFO - Dependencies all met for dep_context=requeueable deps ti=<TaskInstance: iot_sensor_data_dag.generate_sensor_data scheduled__2025-11-14T14:22:45+00:00 [queued]>
[2025-11-14T14:23:01.577+0000] {taskinstance.py:2867} INFO - Starting attempt 1 of 1
[2025-11-14T14:23:01.588+0000] {taskinstance.py:2890} INFO - Executing <Task(PythonOperator): generate_sensor_data> on 2025-11-14 14:22:45+00:00
[2025-11-14T14:23:01.595+0000] {warnings.py:112} WARNING - /home/***/.local/lib/python3.12/site-packages/***/task/task_runner/standard_task_runner.py:70: DeprecationWarning: This process (pid=242) is multi-threaded, use of fork() may lead to deadlocks in the child.
  pid = os.fork()

[2025-11-14T14:23:01.597+0000] {standard_task_runner.py:72} INFO - Started process 244 to run task
[2025-11-14T14:23:01.597+0000] {standard_task_runner.py:104} INFO - Running: ['***', 'tasks', 'run', 'iot_sensor_data_dag', 'generate_sensor_data', 'scheduled__2025-11-14T14:22:45+00:00', '--job-id', '775', '--raw', '--subdir', 'DAGS_FOLDER/DEPI.py', '--cfg-path', '/tmp/tmpuul1i6oj']
[2025-11-14T14:23:01.598+0000] {standard_task_runner.py:105} INFO - Job 775: Subtask generate_sensor_data
[2025-11-14T14:23:01.638+0000] {task_command.py:467} INFO - Running <TaskInstance: iot_sensor_data_dag.generate_sensor_data scheduled__2025-11-14T14:22:45+00:00 [running]> on host 4f76d54186b6
[2025-11-14T14:23:01.702+0000] {taskinstance.py:3134} INFO - Exporting env vars: AIRFLOW_CTX_DAG_OWNER='***' AIRFLOW_CTX_DAG_ID='iot_sensor_data_dag' AIRFLOW_CTX_TASK_ID='generate_sensor_data' AIRFLOW_CTX_EXECUTION_DATE='2025-11-14T14:22:45+00:00' AIRFLOW_CTX_TRY_NUMBER='1' AIRFLOW_CTX_DAG_RUN_ID='scheduled__2025-11-14T14:22:45+00:00'
[2025-11-14T14:23:01.704+0000] {logging_mixin.py:190} INFO - Task instance is in running state
[2025-11-14T14:23:01.705+0000] {logging_mixin.py:190} INFO -  Previous state of the Task instance: queued
[2025-11-14T14:23:01.707+0000] {logging_mixin.py:190} INFO - Current task name:generate_sensor_data state:running start_date:2025-11-14 14:23:01.569779+00:00
[2025-11-14T14:23:01.709+0000] {logging_mixin.py:190} INFO - Dag name:iot_sensor_data_dag and current dag run status:running
[2025-11-14T14:23:01.710+0000] {taskinstance.py:732} INFO - ::endgroup::
[2025-11-14T14:23:01.796+0000] {logging_mixin.py:190} INFO - [2025-11-14 14:23:01.758694] Inserted sensor data: {'time': datetime.datetime(2025, 11, 14, 14, 23, 1, 758694), 'temperature': 27.67068864628061, 'Dissolved_oxygen': 5.927175320489311, 'PH': 7.448748295304637, 'Ammonia': 0.010643425520681425, 'Nitrite': 0.04954648771552239, 'Turbidty': 39.20439029361141, '_id': ObjectId('69173b45584fd06e814027bd')}
[2025-11-14T14:23:01.806+0000] {python.py:218} INFO - Done. Returned value was: None
[2025-11-14T14:23:01.815+0000] {taskinstance.py:341} INFO - ::group::Post task execution logs
[2025-11-14T14:23:01.817+0000] {taskinstance.py:353} INFO - Marking task as SUCCESS. dag_id=iot_sensor_data_dag, task_id=generate_sensor_data, run_id=scheduled__2025-11-14T14:22:45+00:00, execution_date=20251114T142245, start_date=20251114T142301, end_date=20251114T142301
[2025-11-14T14:23:01.836+0000] {logging_mixin.py:190} INFO - Task instance in success state
[2025-11-14T14:23:01.837+0000] {logging_mixin.py:190} INFO -  Previous state of the Task instance: running
[2025-11-14T14:23:01.838+0000] {logging_mixin.py:190} INFO - Dag name:iot_sensor_data_dag queued_at:2025-11-14 14:23:00.063334+00:00
[2025-11-14T14:23:01.839+0000] {logging_mixin.py:190} INFO - Task hostname:4f76d54186b6 operator:PythonOperator
[2025-11-14T14:23:01.854+0000] {local_task_job_runner.py:266} INFO - Task exited with return code 0
[2025-11-14T14:23:01.874+0000] {taskinstance.py:3901} INFO - 0 downstream tasks scheduled from follow-on schedule check
[2025-11-14T14:23:01.879+0000] {local_task_job_runner.py:245} INFO - ::endgroup::
