[2025-11-15T12:27:34.371+0000] {local_task_job_runner.py:123} INFO - ::group::Pre task execution logs
[2025-11-15T12:27:34.383+0000] {taskinstance.py:2614} INFO - Dependencies all met for dep_context=non-requeueable deps ti=<TaskInstance: iot_sensor_data_dag.generate_sensor_data scheduled__2025-11-15T12:27:15+00:00 [queued]>
[2025-11-15T12:27:34.389+0000] {taskinstance.py:2614} INFO - Dependencies all met for dep_context=requeueable deps ti=<TaskInstance: iot_sensor_data_dag.generate_sensor_data scheduled__2025-11-15T12:27:15+00:00 [queued]>
[2025-11-15T12:27:34.390+0000] {taskinstance.py:2867} INFO - Starting attempt 1 of 1
[2025-11-15T12:27:34.401+0000] {taskinstance.py:2890} INFO - Executing <Task(PythonOperator): generate_sensor_data> on 2025-11-15 12:27:15+00:00
[2025-11-15T12:27:34.407+0000] {warnings.py:112} WARNING - /home/***/.local/lib/python3.12/site-packages/***/task/task_runner/standard_task_runner.py:70: DeprecationWarning: This process (pid=1201) is multi-threaded, use of fork() may lead to deadlocks in the child.
  pid = os.fork()

[2025-11-15T12:27:34.410+0000] {standard_task_runner.py:72} INFO - Started process 1203 to run task
[2025-11-15T12:27:34.410+0000] {standard_task_runner.py:104} INFO - Running: ['***', 'tasks', 'run', 'iot_sensor_data_dag', 'generate_sensor_data', 'scheduled__2025-11-15T12:27:15+00:00', '--job-id', '1261', '--raw', '--subdir', 'DAGS_FOLDER/DEPI.py', '--cfg-path', '/tmp/tmp1zmgza5l']
[2025-11-15T12:27:34.411+0000] {standard_task_runner.py:105} INFO - Job 1261: Subtask generate_sensor_data
[2025-11-15T12:27:34.618+0000] {task_command.py:467} INFO - Running <TaskInstance: iot_sensor_data_dag.generate_sensor_data scheduled__2025-11-15T12:27:15+00:00 [running]> on host 4f76d54186b6
[2025-11-15T12:27:34.670+0000] {taskinstance.py:3134} INFO - Exporting env vars: AIRFLOW_CTX_DAG_OWNER='***' AIRFLOW_CTX_DAG_ID='iot_sensor_data_dag' AIRFLOW_CTX_TASK_ID='generate_sensor_data' AIRFLOW_CTX_EXECUTION_DATE='2025-11-15T12:27:15+00:00' AIRFLOW_CTX_TRY_NUMBER='1' AIRFLOW_CTX_DAG_RUN_ID='scheduled__2025-11-15T12:27:15+00:00'
[2025-11-15T12:27:34.672+0000] {logging_mixin.py:190} INFO - Task instance is in running state
[2025-11-15T12:27:34.672+0000] {logging_mixin.py:190} INFO -  Previous state of the Task instance: queued
[2025-11-15T12:27:34.673+0000] {logging_mixin.py:190} INFO - Current task name:generate_sensor_data state:running start_date:2025-11-15 12:27:34.384345+00:00
[2025-11-15T12:27:34.673+0000] {logging_mixin.py:190} INFO - Dag name:iot_sensor_data_dag and current dag run status:running
[2025-11-15T12:27:34.674+0000] {taskinstance.py:732} INFO - ::endgroup::
[2025-11-15T12:27:34.697+0000] {logging_mixin.py:190} INFO - [2025-11-15 12:27:34.686364] Inserted sensor data: {'time': '2025-11-15T12:27:34.686364', 'temperature': 27.409252770329307, 'Dissolved_oxygen': 5.9608470140586585, 'PH': 7.501989157061132, 'Ammonia': 0.010101565817787733, 'Nitrite': 0.053408605245293075, 'Turbidty': 39.751976644685286, '_id': '691871b6e7f81a2d34687cda'}
[2025-11-15T12:30:18.327+0000] {job.py:229} INFO - Heartbeat recovered after 19.93 seconds
[2025-11-15T12:30:35.972+0000] {job.py:229} INFO - Heartbeat recovered after 17.66 seconds
[2025-11-15T12:31:17.568+0000] {job.py:229} INFO - Heartbeat recovered after 41.63 seconds
[2025-11-16T19:14:19.910+0000] {local_task_job_runner.py:123} INFO - ::group::Pre task execution logs
[2025-11-16T19:14:19.937+0000] {taskinstance.py:2604} INFO - Dependencies not met for <TaskInstance: iot_sensor_data_dag.generate_sensor_data scheduled__2025-11-15T12:27:15+00:00 [failed]>, dependency 'Task Instance State' FAILED: Task is in the 'failed' state.
[2025-11-16T19:14:19.940+0000] {local_task_job_runner.py:166} INFO - Task is not able to be run
