[2025-11-13T19:05:47.447+0000] {local_task_job_runner.py:123} INFO - ::group::Pre task execution logs
[2025-11-13T19:05:47.467+0000] {taskinstance.py:2614} INFO - Dependencies all met for dep_context=non-requeueable deps ti=<TaskInstance: iot_sensor_data_dag.generate_sensor_data scheduled__2025-11-13T19:05:30+00:00 [queued]>
[2025-11-13T19:05:47.475+0000] {taskinstance.py:2614} INFO - Dependencies all met for dep_context=requeueable deps ti=<TaskInstance: iot_sensor_data_dag.generate_sensor_data scheduled__2025-11-13T19:05:30+00:00 [queued]>
[2025-11-13T19:05:47.477+0000] {taskinstance.py:2867} INFO - Starting attempt 1 of 1
[2025-11-13T19:05:47.652+0000] {taskinstance.py:2890} INFO - Executing <Task(PythonOperator): generate_sensor_data> on 2025-11-13 19:05:30+00:00
[2025-11-13T19:05:47.662+0000] {warnings.py:112} WARNING - /home/***/.local/lib/python3.12/site-packages/***/task/task_runner/standard_task_runner.py:70: DeprecationWarning: This process (pid=4632) is multi-threaded, use of fork() may lead to deadlocks in the child.
  pid = os.fork()

[2025-11-13T19:05:47.664+0000] {standard_task_runner.py:72} INFO - Started process 4634 to run task
[2025-11-13T19:05:47.664+0000] {standard_task_runner.py:104} INFO - Running: ['***', 'tasks', 'run', 'iot_sensor_data_dag', 'generate_sensor_data', 'scheduled__2025-11-13T19:05:30+00:00', '--job-id', '656', '--raw', '--subdir', 'DAGS_FOLDER/DEPI.py', '--cfg-path', '/tmp/tmp63pgzhq4']
[2025-11-13T19:05:47.665+0000] {standard_task_runner.py:105} INFO - Job 656: Subtask generate_sensor_data
[2025-11-13T19:05:47.715+0000] {task_command.py:467} INFO - Running <TaskInstance: iot_sensor_data_dag.generate_sensor_data scheduled__2025-11-13T19:05:30+00:00 [running]> on host 4f76d54186b6
[2025-11-13T19:05:47.791+0000] {taskinstance.py:3134} INFO - Exporting env vars: AIRFLOW_CTX_DAG_OWNER='***' AIRFLOW_CTX_DAG_ID='iot_sensor_data_dag' AIRFLOW_CTX_TASK_ID='generate_sensor_data' AIRFLOW_CTX_EXECUTION_DATE='2025-11-13T19:05:30+00:00' AIRFLOW_CTX_TRY_NUMBER='1' AIRFLOW_CTX_DAG_RUN_ID='scheduled__2025-11-13T19:05:30+00:00'
[2025-11-13T19:05:47.793+0000] {logging_mixin.py:190} INFO - Task instance is in running state
[2025-11-13T19:05:47.794+0000] {logging_mixin.py:190} INFO -  Previous state of the Task instance: queued
[2025-11-13T19:05:47.795+0000] {logging_mixin.py:190} INFO - Current task name:generate_sensor_data state:running start_date:2025-11-13 19:05:47.469024+00:00
[2025-11-13T19:05:47.796+0000] {logging_mixin.py:190} INFO - Dag name:iot_sensor_data_dag and current dag run status:running
[2025-11-13T19:05:47.797+0000] {taskinstance.py:732} INFO - ::endgroup::
[2025-11-13T19:05:47.833+0000] {logging_mixin.py:190} INFO - [2025-11-13 19:05:47.813448] Inserted sensor data: {'time': datetime.datetime(2025, 11, 13, 19, 5, 47, 813448), 'temperature': 27.614718590609034, 'Dissolved_oxygen': 5.970282688414157, 'PH': 7.573712024493836, 'Ammonia': 0.010687404957519644, 'Nitrite': 0.052276566731675626, 'Turbidty': 40.18353682291217, '_id': ObjectId('69162c0be3a3e93a4846135f')}
[2025-11-13T19:05:47.835+0000] {python.py:218} INFO - Done. Returned value was: None
[2025-11-13T19:05:47.847+0000] {taskinstance.py:341} INFO - ::group::Post task execution logs
[2025-11-13T19:05:47.848+0000] {taskinstance.py:353} INFO - Marking task as SUCCESS. dag_id=iot_sensor_data_dag, task_id=generate_sensor_data, run_id=scheduled__2025-11-13T19:05:30+00:00, execution_date=20251113T190530, start_date=20251113T190547, end_date=20251113T190547
[2025-11-13T19:05:47.870+0000] {logging_mixin.py:190} INFO - Task instance in success state
[2025-11-13T19:05:47.871+0000] {logging_mixin.py:190} INFO -  Previous state of the Task instance: running
[2025-11-13T19:05:47.872+0000] {logging_mixin.py:190} INFO - Dag name:iot_sensor_data_dag queued_at:2025-11-13 19:05:45.806373+00:00
[2025-11-13T19:05:47.872+0000] {logging_mixin.py:190} INFO - Task hostname:4f76d54186b6 operator:PythonOperator
[2025-11-13T19:05:47.883+0000] {local_task_job_runner.py:266} INFO - Task exited with return code 0
[2025-11-13T19:05:47.906+0000] {taskinstance.py:3901} INFO - 0 downstream tasks scheduled from follow-on schedule check
[2025-11-13T19:05:47.912+0000] {local_task_job_runner.py:245} INFO - ::endgroup::
