[2025-11-13T17:29:17.588+0000] {local_task_job_runner.py:123} INFO - ::group::Pre task execution logs
[2025-11-13T17:29:17.613+0000] {taskinstance.py:2614} INFO - Dependencies all met for dep_context=non-requeueable deps ti=<TaskInstance: iot_sensor_data_dag.generate_sensor_data scheduled__2025-11-13T17:29:00+00:00 [queued]>
[2025-11-13T17:29:17.622+0000] {taskinstance.py:2614} INFO - Dependencies all met for dep_context=requeueable deps ti=<TaskInstance: iot_sensor_data_dag.generate_sensor_data scheduled__2025-11-13T17:29:00+00:00 [queued]>
[2025-11-13T17:29:17.629+0000] {taskinstance.py:2867} INFO - Starting attempt 1 of 1
[2025-11-13T17:29:17.799+0000] {taskinstance.py:2890} INFO - Executing <Task(PythonOperator): generate_sensor_data> on 2025-11-13 17:29:00+00:00
[2025-11-13T17:29:17.808+0000] {warnings.py:112} WARNING - /home/***/.local/lib/python3.12/site-packages/***/task/task_runner/standard_task_runner.py:70: DeprecationWarning: This process (pid=598) is multi-threaded, use of fork() may lead to deadlocks in the child.
  pid = os.fork()

[2025-11-13T17:29:17.810+0000] {standard_task_runner.py:72} INFO - Started process 600 to run task
[2025-11-13T17:29:17.810+0000] {standard_task_runner.py:104} INFO - Running: ['***', 'tasks', 'run', 'iot_sensor_data_dag', 'generate_sensor_data', 'scheduled__2025-11-13T17:29:00+00:00', '--job-id', '270', '--raw', '--subdir', 'DAGS_FOLDER/DEPI.py', '--cfg-path', '/tmp/tmp36tf0vrv']
[2025-11-13T17:29:17.816+0000] {standard_task_runner.py:105} INFO - Job 270: Subtask generate_sensor_data
[2025-11-13T17:29:17.876+0000] {task_command.py:467} INFO - Running <TaskInstance: iot_sensor_data_dag.generate_sensor_data scheduled__2025-11-13T17:29:00+00:00 [running]> on host 4f76d54186b6
[2025-11-13T17:29:17.956+0000] {taskinstance.py:3134} INFO - Exporting env vars: AIRFLOW_CTX_DAG_OWNER='***' AIRFLOW_CTX_DAG_ID='iot_sensor_data_dag' AIRFLOW_CTX_TASK_ID='generate_sensor_data' AIRFLOW_CTX_EXECUTION_DATE='2025-11-13T17:29:00+00:00' AIRFLOW_CTX_TRY_NUMBER='1' AIRFLOW_CTX_DAG_RUN_ID='scheduled__2025-11-13T17:29:00+00:00'
[2025-11-13T17:29:17.958+0000] {logging_mixin.py:190} INFO - Task instance is in running state
[2025-11-13T17:29:17.959+0000] {logging_mixin.py:190} INFO -  Previous state of the Task instance: queued
[2025-11-13T17:29:17.960+0000] {logging_mixin.py:190} INFO - Current task name:generate_sensor_data state:running start_date:2025-11-13 17:29:17.615310+00:00
[2025-11-13T17:29:17.961+0000] {logging_mixin.py:190} INFO - Dag name:iot_sensor_data_dag and current dag run status:running
[2025-11-13T17:29:17.962+0000] {taskinstance.py:732} INFO - ::endgroup::
[2025-11-13T17:29:18.009+0000] {logging_mixin.py:190} INFO - [2025-11-13 17:29:17.986587] Inserted sensor data: {'time': datetime.datetime(2025, 11, 13, 17, 29, 17, 986587), 'temperature': 27.60297410655548, 'Dissolved_oxygen': 5.932203586802605, 'PH': 7.597665151791506, 'Ammonia': 0.009678827953741278, 'Nitrite': 0.04774505505165109, 'Turbidty': 39.00796234212583, '_id': ObjectId('6916156d5839ccbefeda1455')}
[2025-11-13T17:29:18.012+0000] {python.py:218} INFO - Done. Returned value was: None
[2025-11-13T17:29:18.024+0000] {taskinstance.py:341} INFO - ::group::Post task execution logs
[2025-11-13T17:29:18.025+0000] {taskinstance.py:353} INFO - Marking task as SUCCESS. dag_id=iot_sensor_data_dag, task_id=generate_sensor_data, run_id=scheduled__2025-11-13T17:29:00+00:00, execution_date=20251113T172900, start_date=20251113T172917, end_date=20251113T172918
[2025-11-13T17:29:18.049+0000] {logging_mixin.py:190} INFO - Task instance in success state
[2025-11-13T17:29:18.050+0000] {logging_mixin.py:190} INFO -  Previous state of the Task instance: running
[2025-11-13T17:29:18.051+0000] {logging_mixin.py:190} INFO - Dag name:iot_sensor_data_dag queued_at:2025-11-13 17:29:15.829456+00:00
[2025-11-13T17:29:18.052+0000] {logging_mixin.py:190} INFO - Task hostname:4f76d54186b6 operator:PythonOperator
[2025-11-13T17:29:18.071+0000] {local_task_job_runner.py:266} INFO - Task exited with return code 0
[2025-11-13T17:29:18.094+0000] {taskinstance.py:3901} INFO - 0 downstream tasks scheduled from follow-on schedule check
[2025-11-13T17:29:18.099+0000] {local_task_job_runner.py:245} INFO - ::endgroup::
