[2025-11-13T18:58:01.643+0000] {local_task_job_runner.py:123} INFO - ::group::Pre task execution logs
[2025-11-13T18:58:01.656+0000] {taskinstance.py:2614} INFO - Dependencies all met for dep_context=non-requeueable deps ti=<TaskInstance: iot_sensor_data_dag.generate_sensor_data scheduled__2025-11-13T18:57:45+00:00 [queued]>
[2025-11-13T18:58:01.662+0000] {taskinstance.py:2614} INFO - Dependencies all met for dep_context=requeueable deps ti=<TaskInstance: iot_sensor_data_dag.generate_sensor_data scheduled__2025-11-13T18:57:45+00:00 [queued]>
[2025-11-13T18:58:01.663+0000] {taskinstance.py:2867} INFO - Starting attempt 1 of 1
[2025-11-13T18:58:01.793+0000] {taskinstance.py:2890} INFO - Executing <Task(PythonOperator): generate_sensor_data> on 2025-11-13 18:57:45+00:00
[2025-11-13T18:58:01.800+0000] {warnings.py:112} WARNING - /home/***/.local/lib/python3.12/site-packages/***/task/task_runner/standard_task_runner.py:70: DeprecationWarning: This process (pid=4303) is multi-threaded, use of fork() may lead to deadlocks in the child.
  pid = os.fork()

[2025-11-13T18:58:01.802+0000] {standard_task_runner.py:72} INFO - Started process 4312 to run task
[2025-11-13T18:58:01.802+0000] {standard_task_runner.py:104} INFO - Running: ['***', 'tasks', 'run', 'iot_sensor_data_dag', 'generate_sensor_data', 'scheduled__2025-11-13T18:57:45+00:00', '--job-id', '625', '--raw', '--subdir', 'DAGS_FOLDER/DEPI.py', '--cfg-path', '/tmp/tmpxv8kwksc']
[2025-11-13T18:58:01.804+0000] {standard_task_runner.py:105} INFO - Job 625: Subtask generate_sensor_data
[2025-11-13T18:58:01.846+0000] {task_command.py:467} INFO - Running <TaskInstance: iot_sensor_data_dag.generate_sensor_data scheduled__2025-11-13T18:57:45+00:00 [running]> on host 4f76d54186b6
[2025-11-13T18:58:01.908+0000] {taskinstance.py:3134} INFO - Exporting env vars: AIRFLOW_CTX_DAG_OWNER='***' AIRFLOW_CTX_DAG_ID='iot_sensor_data_dag' AIRFLOW_CTX_TASK_ID='generate_sensor_data' AIRFLOW_CTX_EXECUTION_DATE='2025-11-13T18:57:45+00:00' AIRFLOW_CTX_TRY_NUMBER='1' AIRFLOW_CTX_DAG_RUN_ID='scheduled__2025-11-13T18:57:45+00:00'
[2025-11-13T18:58:01.913+0000] {logging_mixin.py:190} INFO - Task instance is in running state
[2025-11-13T18:58:01.914+0000] {logging_mixin.py:190} INFO -  Previous state of the Task instance: queued
[2025-11-13T18:58:01.915+0000] {logging_mixin.py:190} INFO - Current task name:generate_sensor_data state:running start_date:2025-11-13 18:58:01.657283+00:00
[2025-11-13T18:58:01.916+0000] {logging_mixin.py:190} INFO - Dag name:iot_sensor_data_dag and current dag run status:running
[2025-11-13T18:58:01.916+0000] {taskinstance.py:732} INFO - ::endgroup::
[2025-11-13T18:58:01.946+0000] {logging_mixin.py:190} INFO - [2025-11-13 18:58:01.929534] Inserted sensor data: {'time': datetime.datetime(2025, 11, 13, 18, 58, 1, 929534), 'temperature': 27.30505185494919, 'Dissolved_oxygen': 5.920869732954185, 'PH': 7.478469334160741, 'Ammonia': 0.009881952747450289, 'Nitrite': 0.05129587459579315, 'Turbidty': 39.129383696075735, '_id': ObjectId('69162a39c518e956bde6ca5b')}
[2025-11-13T18:58:01.949+0000] {python.py:218} INFO - Done. Returned value was: None
[2025-11-13T18:58:01.958+0000] {taskinstance.py:341} INFO - ::group::Post task execution logs
[2025-11-13T18:58:01.959+0000] {taskinstance.py:353} INFO - Marking task as SUCCESS. dag_id=iot_sensor_data_dag, task_id=generate_sensor_data, run_id=scheduled__2025-11-13T18:57:45+00:00, execution_date=20251113T185745, start_date=20251113T185801, end_date=20251113T185801
[2025-11-13T18:58:01.975+0000] {logging_mixin.py:190} INFO - Task instance in success state
[2025-11-13T18:58:01.976+0000] {logging_mixin.py:190} INFO -  Previous state of the Task instance: running
[2025-11-13T18:58:01.976+0000] {logging_mixin.py:190} INFO - Dag name:iot_sensor_data_dag queued_at:2025-11-13 18:58:00.397654+00:00
[2025-11-13T18:58:01.977+0000] {logging_mixin.py:190} INFO - Task hostname:4f76d54186b6 operator:PythonOperator
[2025-11-13T18:58:01.985+0000] {local_task_job_runner.py:266} INFO - Task exited with return code 0
[2025-11-13T18:58:02.005+0000] {taskinstance.py:3901} INFO - 0 downstream tasks scheduled from follow-on schedule check
[2025-11-13T18:58:02.009+0000] {local_task_job_runner.py:245} INFO - ::endgroup::
