[2025-11-14T14:26:46.768+0000] {local_task_job_runner.py:123} INFO - ::group::Pre task execution logs
[2025-11-14T14:26:46.887+0000] {taskinstance.py:2614} INFO - Dependencies all met for dep_context=non-requeueable deps ti=<TaskInstance: iot_sensor_data_dag.generate_sensor_data scheduled__2025-11-14T14:26:30+00:00 [queued]>
[2025-11-14T14:26:46.893+0000] {taskinstance.py:2614} INFO - Dependencies all met for dep_context=requeueable deps ti=<TaskInstance: iot_sensor_data_dag.generate_sensor_data scheduled__2025-11-14T14:26:30+00:00 [queued]>
[2025-11-14T14:26:46.894+0000] {taskinstance.py:2867} INFO - Starting attempt 1 of 1
[2025-11-14T14:26:46.904+0000] {taskinstance.py:2890} INFO - Executing <Task(PythonOperator): generate_sensor_data> on 2025-11-14 14:26:30+00:00
[2025-11-14T14:26:46.910+0000] {warnings.py:112} WARNING - /home/***/.local/lib/python3.12/site-packages/***/task/task_runner/standard_task_runner.py:70: DeprecationWarning: This process (pid=402) is multi-threaded, use of fork() may lead to deadlocks in the child.
  pid = os.fork()

[2025-11-14T14:26:46.912+0000] {standard_task_runner.py:72} INFO - Started process 404 to run task
[2025-11-14T14:26:46.912+0000] {standard_task_runner.py:104} INFO - Running: ['***', 'tasks', 'run', 'iot_sensor_data_dag', 'generate_sensor_data', 'scheduled__2025-11-14T14:26:30+00:00', '--job-id', '790', '--raw', '--subdir', 'DAGS_FOLDER/DEPI.py', '--cfg-path', '/tmp/tmpcs3je22h']
[2025-11-14T14:26:46.913+0000] {standard_task_runner.py:105} INFO - Job 790: Subtask generate_sensor_data
[2025-11-14T14:26:46.952+0000] {task_command.py:467} INFO - Running <TaskInstance: iot_sensor_data_dag.generate_sensor_data scheduled__2025-11-14T14:26:30+00:00 [running]> on host 4f76d54186b6
[2025-11-14T14:26:47.013+0000] {taskinstance.py:3134} INFO - Exporting env vars: AIRFLOW_CTX_DAG_OWNER='***' AIRFLOW_CTX_DAG_ID='iot_sensor_data_dag' AIRFLOW_CTX_TASK_ID='generate_sensor_data' AIRFLOW_CTX_EXECUTION_DATE='2025-11-14T14:26:30+00:00' AIRFLOW_CTX_TRY_NUMBER='1' AIRFLOW_CTX_DAG_RUN_ID='scheduled__2025-11-14T14:26:30+00:00'
[2025-11-14T14:26:47.014+0000] {logging_mixin.py:190} INFO - Task instance is in running state
[2025-11-14T14:26:47.015+0000] {logging_mixin.py:190} INFO -  Previous state of the Task instance: queued
[2025-11-14T14:26:47.015+0000] {logging_mixin.py:190} INFO - Current task name:generate_sensor_data state:running start_date:2025-11-14 14:26:46.888519+00:00
[2025-11-14T14:26:47.015+0000] {logging_mixin.py:190} INFO - Dag name:iot_sensor_data_dag and current dag run status:running
[2025-11-14T14:26:47.016+0000] {taskinstance.py:732} INFO - ::endgroup::
[2025-11-14T14:26:47.040+0000] {logging_mixin.py:190} INFO - [2025-11-14 14:26:47.027462] Inserted sensor data: {'time': datetime.datetime(2025, 11, 14, 14, 26, 47, 27462), 'temperature': 27.65607148536863, 'Dissolved_oxygen': 6.0630767427677394, 'PH': 7.405175862117529, 'Ammonia': 0.009955838724227386, 'Nitrite': 0.050327174908207505, 'Turbidty': 39.69126298081937, '_id': ObjectId('69173c270a44fc82c2899b18')}
[2025-11-14T14:26:47.042+0000] {python.py:218} INFO - Done. Returned value was: None
[2025-11-14T14:26:47.050+0000] {taskinstance.py:341} INFO - ::group::Post task execution logs
[2025-11-14T14:26:47.051+0000] {taskinstance.py:353} INFO - Marking task as SUCCESS. dag_id=iot_sensor_data_dag, task_id=generate_sensor_data, run_id=scheduled__2025-11-14T14:26:30+00:00, execution_date=20251114T142630, start_date=20251114T142646, end_date=20251114T142647
[2025-11-14T14:26:47.067+0000] {logging_mixin.py:190} INFO - Task instance in success state
[2025-11-14T14:26:47.068+0000] {logging_mixin.py:190} INFO -  Previous state of the Task instance: running
[2025-11-14T14:26:47.068+0000] {logging_mixin.py:190} INFO - Dag name:iot_sensor_data_dag queued_at:2025-11-14 14:26:45.609542+00:00
[2025-11-14T14:26:47.069+0000] {logging_mixin.py:190} INFO - Task hostname:4f76d54186b6 operator:PythonOperator
[2025-11-14T14:26:47.088+0000] {local_task_job_runner.py:266} INFO - Task exited with return code 0
[2025-11-14T14:26:47.105+0000] {taskinstance.py:3901} INFO - 0 downstream tasks scheduled from follow-on schedule check
[2025-11-14T14:26:47.109+0000] {local_task_job_runner.py:245} INFO - ::endgroup::
