[2025-11-16T22:14:36.816+0000] {local_task_job_runner.py:123} INFO - ::group::Pre task execution logs
[2025-11-16T22:14:36.829+0000] {taskinstance.py:2614} INFO - Dependencies all met for dep_context=non-requeueable deps ti=<TaskInstance: iot_sensor_data_dag.generate_sensor_data scheduled__2025-11-16T22:14:10+00:00 [queued]>
[2025-11-16T22:14:36.835+0000] {taskinstance.py:2614} INFO - Dependencies all met for dep_context=requeueable deps ti=<TaskInstance: iot_sensor_data_dag.generate_sensor_data scheduled__2025-11-16T22:14:10+00:00 [queued]>
[2025-11-16T22:14:36.836+0000] {taskinstance.py:2867} INFO - Starting attempt 1 of 1
[2025-11-16T22:14:36.947+0000] {taskinstance.py:2890} INFO - Executing <Task(PythonOperator): generate_sensor_data> on 2025-11-16 22:14:10+00:00
[2025-11-16T22:14:36.953+0000] {warnings.py:112} WARNING - /home/***/.local/lib/python3.12/site-packages/***/task/task_runner/standard_task_runner.py:70: DeprecationWarning: This process (pid=9184) is multi-threaded, use of fork() may lead to deadlocks in the child.
  pid = os.fork()

[2025-11-16T22:14:36.956+0000] {standard_task_runner.py:72} INFO - Started process 9186 to run task
[2025-11-16T22:14:36.955+0000] {standard_task_runner.py:104} INFO - Running: ['***', 'tasks', 'run', 'iot_sensor_data_dag', 'generate_sensor_data', 'scheduled__2025-11-16T22:14:10+00:00', '--job-id', '2006', '--raw', '--subdir', 'DAGS_FOLDER/DEPI.py', '--cfg-path', '/tmp/tmpfnwzs8x8']
[2025-11-16T22:14:36.957+0000] {standard_task_runner.py:105} INFO - Job 2006: Subtask generate_sensor_data
[2025-11-16T22:14:37.002+0000] {task_command.py:467} INFO - Running <TaskInstance: iot_sensor_data_dag.generate_sensor_data scheduled__2025-11-16T22:14:10+00:00 [running]> on host 4f76d54186b6
[2025-11-16T22:14:37.065+0000] {taskinstance.py:3134} INFO - Exporting env vars: AIRFLOW_CTX_DAG_OWNER='***' AIRFLOW_CTX_DAG_ID='iot_sensor_data_dag' AIRFLOW_CTX_TASK_ID='generate_sensor_data' AIRFLOW_CTX_EXECUTION_DATE='2025-11-16T22:14:10+00:00' AIRFLOW_CTX_TRY_NUMBER='1' AIRFLOW_CTX_DAG_RUN_ID='scheduled__2025-11-16T22:14:10+00:00'
[2025-11-16T22:14:37.068+0000] {logging_mixin.py:190} INFO - Task instance is in running state
[2025-11-16T22:14:37.068+0000] {logging_mixin.py:190} INFO -  Previous state of the Task instance: queued
[2025-11-16T22:14:37.069+0000] {logging_mixin.py:190} INFO - Current task name:generate_sensor_data state:running start_date:2025-11-16 22:14:36.830334+00:00
[2025-11-16T22:14:37.070+0000] {logging_mixin.py:190} INFO - Dag name:iot_sensor_data_dag and current dag run status:running
[2025-11-16T22:14:37.071+0000] {taskinstance.py:732} INFO - ::endgroup::
[2025-11-16T22:19:43.404+0000] {python.py:218} INFO - Done. Returned value was: None
[2025-11-16T22:19:43.414+0000] {taskinstance.py:341} INFO - ::group::Post task execution logs
[2025-11-16T22:19:43.415+0000] {taskinstance.py:353} INFO - Marking task as SUCCESS. dag_id=iot_sensor_data_dag, task_id=generate_sensor_data, run_id=scheduled__2025-11-16T22:14:10+00:00, execution_date=20251116T221410, start_date=20251116T221436, end_date=20251116T221943
[2025-11-16T22:19:43.435+0000] {logging_mixin.py:190} INFO - Task instance in success state
[2025-11-16T22:19:43.437+0000] {logging_mixin.py:190} INFO -  Previous state of the Task instance: running
[2025-11-16T22:19:43.437+0000] {logging_mixin.py:190} INFO - Dag name:iot_sensor_data_dag queued_at:2025-11-16 22:14:35.591926+00:00
[2025-11-16T22:19:43.438+0000] {logging_mixin.py:190} INFO - Task hostname:4f76d54186b6 operator:PythonOperator
[2025-11-16T22:19:43.481+0000] {local_task_job_runner.py:266} INFO - Task exited with return code 0
[2025-11-16T22:19:43.500+0000] {taskinstance.py:3901} INFO - 1 downstream tasks scheduled from follow-on schedule check
[2025-11-16T22:19:43.502+0000] {local_task_job_runner.py:245} INFO - ::endgroup::
