[2025-11-13T18:15:32.135+0000] {local_task_job_runner.py:123} INFO - ::group::Pre task execution logs
[2025-11-13T18:15:32.150+0000] {taskinstance.py:2614} INFO - Dependencies all met for dep_context=non-requeueable deps ti=<TaskInstance: iot_sensor_data_dag.generate_sensor_data scheduled__2025-11-13T18:15:15+00:00 [queued]>
[2025-11-13T18:15:32.157+0000] {taskinstance.py:2614} INFO - Dependencies all met for dep_context=requeueable deps ti=<TaskInstance: iot_sensor_data_dag.generate_sensor_data scheduled__2025-11-13T18:15:15+00:00 [queued]>
[2025-11-13T18:15:32.158+0000] {taskinstance.py:2867} INFO - Starting attempt 1 of 1
[2025-11-13T18:15:32.277+0000] {taskinstance.py:2890} INFO - Executing <Task(PythonOperator): generate_sensor_data> on 2025-11-13 18:15:15+00:00
[2025-11-13T18:15:32.283+0000] {warnings.py:112} WARNING - /home/***/.local/lib/python3.12/site-packages/***/task/task_runner/standard_task_runner.py:70: DeprecationWarning: This process (pid=2528) is multi-threaded, use of fork() may lead to deadlocks in the child.
  pid = os.fork()

[2025-11-13T18:15:32.285+0000] {standard_task_runner.py:72} INFO - Started process 2530 to run task
[2025-11-13T18:15:32.285+0000] {standard_task_runner.py:104} INFO - Running: ['***', 'tasks', 'run', 'iot_sensor_data_dag', 'generate_sensor_data', 'scheduled__2025-11-13T18:15:15+00:00', '--job-id', '455', '--raw', '--subdir', 'DAGS_FOLDER/DEPI.py', '--cfg-path', '/tmp/tmpg1f9sqh6']
[2025-11-13T18:15:32.286+0000] {standard_task_runner.py:105} INFO - Job 455: Subtask generate_sensor_data
[2025-11-13T18:15:32.326+0000] {task_command.py:467} INFO - Running <TaskInstance: iot_sensor_data_dag.generate_sensor_data scheduled__2025-11-13T18:15:15+00:00 [running]> on host 4f76d54186b6
[2025-11-13T18:15:32.385+0000] {taskinstance.py:3134} INFO - Exporting env vars: AIRFLOW_CTX_DAG_OWNER='***' AIRFLOW_CTX_DAG_ID='iot_sensor_data_dag' AIRFLOW_CTX_TASK_ID='generate_sensor_data' AIRFLOW_CTX_EXECUTION_DATE='2025-11-13T18:15:15+00:00' AIRFLOW_CTX_TRY_NUMBER='1' AIRFLOW_CTX_DAG_RUN_ID='scheduled__2025-11-13T18:15:15+00:00'
[2025-11-13T18:15:32.386+0000] {logging_mixin.py:190} INFO - Task instance is in running state
[2025-11-13T18:15:32.387+0000] {logging_mixin.py:190} INFO -  Previous state of the Task instance: queued
[2025-11-13T18:15:32.387+0000] {logging_mixin.py:190} INFO - Current task name:generate_sensor_data state:running start_date:2025-11-13 18:15:32.151317+00:00
[2025-11-13T18:15:32.388+0000] {logging_mixin.py:190} INFO - Dag name:iot_sensor_data_dag and current dag run status:running
[2025-11-13T18:15:32.388+0000] {taskinstance.py:732} INFO - ::endgroup::
[2025-11-13T18:15:32.416+0000] {logging_mixin.py:190} INFO - [2025-11-13 18:15:32.399467] Inserted sensor data: {'time': datetime.datetime(2025, 11, 13, 18, 15, 32, 399467), 'temperature': 27.420939440523828, 'Dissolved_oxygen': 6.002409171856768, 'PH': 7.556333994164858, 'Ammonia': 0.009827318490877252, 'Nitrite': 0.04714205780581829, 'Turbidty': 40.877503984152774, '_id': ObjectId('69162044dddc2d0746832994')}
[2025-11-13T18:15:32.418+0000] {python.py:218} INFO - Done. Returned value was: None
[2025-11-13T18:15:32.429+0000] {taskinstance.py:341} INFO - ::group::Post task execution logs
[2025-11-13T18:15:32.430+0000] {taskinstance.py:353} INFO - Marking task as SUCCESS. dag_id=iot_sensor_data_dag, task_id=generate_sensor_data, run_id=scheduled__2025-11-13T18:15:15+00:00, execution_date=20251113T181515, start_date=20251113T181532, end_date=20251113T181532
[2025-11-13T18:15:32.450+0000] {logging_mixin.py:190} INFO - Task instance in success state
[2025-11-13T18:15:32.451+0000] {logging_mixin.py:190} INFO -  Previous state of the Task instance: running
[2025-11-13T18:15:32.451+0000] {logging_mixin.py:190} INFO - Dag name:iot_sensor_data_dag queued_at:2025-11-13 18:15:30.891135+00:00
[2025-11-13T18:15:32.452+0000] {logging_mixin.py:190} INFO - Task hostname:4f76d54186b6 operator:PythonOperator
[2025-11-13T18:15:32.462+0000] {local_task_job_runner.py:266} INFO - Task exited with return code 0
[2025-11-13T18:15:32.482+0000] {taskinstance.py:3901} INFO - 0 downstream tasks scheduled from follow-on schedule check
[2025-11-13T18:15:32.486+0000] {local_task_job_runner.py:245} INFO - ::endgroup::
