[2025-11-14T14:30:01.299+0000] {local_task_job_runner.py:123} INFO - ::group::Pre task execution logs
[2025-11-14T14:30:01.422+0000] {taskinstance.py:2614} INFO - Dependencies all met for dep_context=non-requeueable deps ti=<TaskInstance: iot_sensor_data_dag.generate_sensor_data scheduled__2025-11-14T14:29:45+00:00 [queued]>
[2025-11-14T14:30:01.428+0000] {taskinstance.py:2614} INFO - Dependencies all met for dep_context=requeueable deps ti=<TaskInstance: iot_sensor_data_dag.generate_sensor_data scheduled__2025-11-14T14:29:45+00:00 [queued]>
[2025-11-14T14:30:01.430+0000] {taskinstance.py:2867} INFO - Starting attempt 1 of 1
[2025-11-14T14:30:01.441+0000] {taskinstance.py:2890} INFO - Executing <Task(PythonOperator): generate_sensor_data> on 2025-11-14 14:29:45+00:00
[2025-11-14T14:30:01.447+0000] {warnings.py:112} WARNING - /home/***/.local/lib/python3.12/site-packages/***/task/task_runner/standard_task_runner.py:70: DeprecationWarning: This process (pid=535) is multi-threaded, use of fork() may lead to deadlocks in the child.
  pid = os.fork()

[2025-11-14T14:30:01.449+0000] {standard_task_runner.py:104} INFO - Running: ['***', 'tasks', 'run', 'iot_sensor_data_dag', 'generate_sensor_data', 'scheduled__2025-11-14T14:29:45+00:00', '--job-id', '803', '--raw', '--subdir', 'DAGS_FOLDER/DEPI.py', '--cfg-path', '/tmp/tmpomvnyfr3']
[2025-11-14T14:30:01.450+0000] {standard_task_runner.py:72} INFO - Started process 537 to run task
[2025-11-14T14:30:01.450+0000] {standard_task_runner.py:105} INFO - Job 803: Subtask generate_sensor_data
[2025-11-14T14:30:01.488+0000] {task_command.py:467} INFO - Running <TaskInstance: iot_sensor_data_dag.generate_sensor_data scheduled__2025-11-14T14:29:45+00:00 [running]> on host 4f76d54186b6
[2025-11-14T14:30:01.552+0000] {taskinstance.py:3134} INFO - Exporting env vars: AIRFLOW_CTX_DAG_OWNER='***' AIRFLOW_CTX_DAG_ID='iot_sensor_data_dag' AIRFLOW_CTX_TASK_ID='generate_sensor_data' AIRFLOW_CTX_EXECUTION_DATE='2025-11-14T14:29:45+00:00' AIRFLOW_CTX_TRY_NUMBER='1' AIRFLOW_CTX_DAG_RUN_ID='scheduled__2025-11-14T14:29:45+00:00'
[2025-11-14T14:30:01.553+0000] {logging_mixin.py:190} INFO - Task instance is in running state
[2025-11-14T14:30:01.554+0000] {logging_mixin.py:190} INFO -  Previous state of the Task instance: queued
[2025-11-14T14:30:01.554+0000] {logging_mixin.py:190} INFO - Current task name:generate_sensor_data state:running start_date:2025-11-14 14:30:01.423117+00:00
[2025-11-14T14:30:01.555+0000] {logging_mixin.py:190} INFO - Dag name:iot_sensor_data_dag and current dag run status:running
[2025-11-14T14:30:01.555+0000] {taskinstance.py:732} INFO - ::endgroup::
[2025-11-14T14:30:01.583+0000] {logging_mixin.py:190} INFO - [2025-11-14 14:30:01.568266] Inserted sensor data: {'time': datetime.datetime(2025, 11, 14, 14, 30, 1, 568266), 'temperature': 27.60893300314235, 'Dissolved_oxygen': 5.976061561629868, 'PH': 7.539837814755395, 'Ammonia': 0.010339828197591197, 'Nitrite': 0.05003522498695027, 'Turbidty': 40.09452895849568, '_id': ObjectId('69173ce9fa4a207367c79c06')}
[2025-11-14T14:30:01.585+0000] {python.py:218} INFO - Done. Returned value was: None
[2025-11-14T14:30:01.594+0000] {taskinstance.py:341} INFO - ::group::Post task execution logs
[2025-11-14T14:30:01.595+0000] {taskinstance.py:353} INFO - Marking task as SUCCESS. dag_id=iot_sensor_data_dag, task_id=generate_sensor_data, run_id=scheduled__2025-11-14T14:29:45+00:00, execution_date=20251114T142945, start_date=20251114T143001, end_date=20251114T143001
[2025-11-14T14:30:01.614+0000] {logging_mixin.py:190} INFO - Task instance in success state
[2025-11-14T14:30:01.619+0000] {logging_mixin.py:190} INFO -  Previous state of the Task instance: running
[2025-11-14T14:30:01.626+0000] {logging_mixin.py:190} INFO - Dag name:iot_sensor_data_dag queued_at:2025-11-14 14:30:00.066574+00:00
[2025-11-14T14:30:01.629+0000] {logging_mixin.py:190} INFO - Task hostname:4f76d54186b6 operator:PythonOperator
[2025-11-14T14:30:01.668+0000] {local_task_job_runner.py:266} INFO - Task exited with return code 0
[2025-11-14T14:30:01.687+0000] {taskinstance.py:3901} INFO - 0 downstream tasks scheduled from follow-on schedule check
[2025-11-14T14:30:01.690+0000] {local_task_job_runner.py:245} INFO - ::endgroup::
