[2025-11-13T19:02:15.947+0000] {local_task_job_runner.py:123} INFO - ::group::Pre task execution logs
[2025-11-13T19:02:15.977+0000] {taskinstance.py:2614} INFO - Dependencies all met for dep_context=non-requeueable deps ti=<TaskInstance: iot_sensor_data_dag.generate_sensor_data scheduled__2025-11-13T19:02:00+00:00 [queued]>
[2025-11-13T19:02:15.989+0000] {taskinstance.py:2614} INFO - Dependencies all met for dep_context=requeueable deps ti=<TaskInstance: iot_sensor_data_dag.generate_sensor_data scheduled__2025-11-13T19:02:00+00:00 [queued]>
[2025-11-13T19:02:15.994+0000] {taskinstance.py:2867} INFO - Starting attempt 1 of 1
[2025-11-13T19:02:16.153+0000] {taskinstance.py:2890} INFO - Executing <Task(PythonOperator): generate_sensor_data> on 2025-11-13 19:02:00+00:00
[2025-11-13T19:02:16.166+0000] {warnings.py:112} WARNING - /home/***/.local/lib/python3.12/site-packages/***/task/task_runner/standard_task_runner.py:70: DeprecationWarning: This process (pid=4484) is multi-threaded, use of fork() may lead to deadlocks in the child.
  pid = os.fork()

[2025-11-13T19:02:16.170+0000] {standard_task_runner.py:104} INFO - Running: ['***', 'tasks', 'run', 'iot_sensor_data_dag', 'generate_sensor_data', 'scheduled__2025-11-13T19:02:00+00:00', '--job-id', '642', '--raw', '--subdir', 'DAGS_FOLDER/DEPI.py', '--cfg-path', '/tmp/tmp6vjt4rp0']
[2025-11-13T19:02:16.179+0000] {standard_task_runner.py:72} INFO - Started process 4486 to run task
[2025-11-13T19:02:16.187+0000] {standard_task_runner.py:105} INFO - Job 642: Subtask generate_sensor_data
[2025-11-13T19:02:16.285+0000] {task_command.py:467} INFO - Running <TaskInstance: iot_sensor_data_dag.generate_sensor_data scheduled__2025-11-13T19:02:00+00:00 [running]> on host 4f76d54186b6
[2025-11-13T19:02:16.425+0000] {taskinstance.py:3134} INFO - Exporting env vars: AIRFLOW_CTX_DAG_OWNER='***' AIRFLOW_CTX_DAG_ID='iot_sensor_data_dag' AIRFLOW_CTX_TASK_ID='generate_sensor_data' AIRFLOW_CTX_EXECUTION_DATE='2025-11-13T19:02:00+00:00' AIRFLOW_CTX_TRY_NUMBER='1' AIRFLOW_CTX_DAG_RUN_ID='scheduled__2025-11-13T19:02:00+00:00'
[2025-11-13T19:02:16.428+0000] {logging_mixin.py:190} INFO - Task instance is in running state
[2025-11-13T19:02:16.429+0000] {logging_mixin.py:190} INFO -  Previous state of the Task instance: queued
[2025-11-13T19:02:16.430+0000] {logging_mixin.py:190} INFO - Current task name:generate_sensor_data state:running start_date:2025-11-13 19:02:15.980458+00:00
[2025-11-13T19:02:16.433+0000] {logging_mixin.py:190} INFO - Dag name:iot_sensor_data_dag and current dag run status:running
[2025-11-13T19:02:16.436+0000] {taskinstance.py:732} INFO - ::endgroup::
[2025-11-13T19:02:16.540+0000] {logging_mixin.py:190} INFO - [2025-11-13 19:02:16.487497] Inserted sensor data: {'time': datetime.datetime(2025, 11, 13, 19, 2, 16, 487497), 'temperature': 27.583719936712917, 'Dissolved_oxygen': 6.047260007993782, 'PH': 7.59973107269666, 'Ammonia': 0.01078513772849965, 'Nitrite': 0.048194864052547665, 'Turbidty': 40.789182904631176, '_id': ObjectId('69162b3840713a3c35124178')}
[2025-11-13T19:02:16.550+0000] {python.py:218} INFO - Done. Returned value was: None
[2025-11-13T19:02:16.569+0000] {taskinstance.py:341} INFO - ::group::Post task execution logs
[2025-11-13T19:02:16.571+0000] {taskinstance.py:353} INFO - Marking task as SUCCESS. dag_id=iot_sensor_data_dag, task_id=generate_sensor_data, run_id=scheduled__2025-11-13T19:02:00+00:00, execution_date=20251113T190200, start_date=20251113T190215, end_date=20251113T190216
[2025-11-13T19:02:16.604+0000] {logging_mixin.py:190} INFO - Task instance in success state
[2025-11-13T19:02:16.607+0000] {logging_mixin.py:190} INFO -  Previous state of the Task instance: running
[2025-11-13T19:02:16.609+0000] {logging_mixin.py:190} INFO - Dag name:iot_sensor_data_dag queued_at:2025-11-13 19:02:15.537569+00:00
[2025-11-13T19:02:16.613+0000] {logging_mixin.py:190} INFO - Task hostname:4f76d54186b6 operator:PythonOperator
[2025-11-13T19:02:16.668+0000] {local_task_job_runner.py:266} INFO - Task exited with return code 0
[2025-11-13T19:02:16.710+0000] {taskinstance.py:3901} INFO - 0 downstream tasks scheduled from follow-on schedule check
[2025-11-13T19:02:16.720+0000] {local_task_job_runner.py:245} INFO - ::endgroup::
