[2025-11-13T17:51:32.418+0000] {local_task_job_runner.py:123} INFO - ::group::Pre task execution logs
[2025-11-13T17:51:32.444+0000] {taskinstance.py:2614} INFO - Dependencies all met for dep_context=non-requeueable deps ti=<TaskInstance: iot_sensor_data_dag.generate_sensor_data scheduled__2025-11-13T17:51:15+00:00 [queued]>
[2025-11-13T17:51:32.456+0000] {taskinstance.py:2614} INFO - Dependencies all met for dep_context=requeueable deps ti=<TaskInstance: iot_sensor_data_dag.generate_sensor_data scheduled__2025-11-13T17:51:15+00:00 [queued]>
[2025-11-13T17:51:32.458+0000] {taskinstance.py:2867} INFO - Starting attempt 1 of 1
[2025-11-13T17:51:32.682+0000] {taskinstance.py:2890} INFO - Executing <Task(PythonOperator): generate_sensor_data> on 2025-11-13 17:51:15+00:00
[2025-11-13T17:51:32.698+0000] {warnings.py:112} WARNING - /home/***/.local/lib/python3.12/site-packages/***/task/task_runner/standard_task_runner.py:70: DeprecationWarning: This process (pid=1522) is multi-threaded, use of fork() may lead to deadlocks in the child.
  pid = os.fork()

[2025-11-13T17:51:32.701+0000] {standard_task_runner.py:104} INFO - Running: ['***', 'tasks', 'run', 'iot_sensor_data_dag', 'generate_sensor_data', 'scheduled__2025-11-13T17:51:15+00:00', '--job-id', '359', '--raw', '--subdir', 'DAGS_FOLDER/DEPI.py', '--cfg-path', '/tmp/tmpt52pqcm5']
[2025-11-13T17:51:32.703+0000] {standard_task_runner.py:72} INFO - Started process 1524 to run task
[2025-11-13T17:51:32.704+0000] {standard_task_runner.py:105} INFO - Job 359: Subtask generate_sensor_data
[2025-11-13T17:51:32.786+0000] {task_command.py:467} INFO - Running <TaskInstance: iot_sensor_data_dag.generate_sensor_data scheduled__2025-11-13T17:51:15+00:00 [running]> on host 4f76d54186b6
[2025-11-13T17:51:32.906+0000] {taskinstance.py:3134} INFO - Exporting env vars: AIRFLOW_CTX_DAG_OWNER='***' AIRFLOW_CTX_DAG_ID='iot_sensor_data_dag' AIRFLOW_CTX_TASK_ID='generate_sensor_data' AIRFLOW_CTX_EXECUTION_DATE='2025-11-13T17:51:15+00:00' AIRFLOW_CTX_TRY_NUMBER='1' AIRFLOW_CTX_DAG_RUN_ID='scheduled__2025-11-13T17:51:15+00:00'
[2025-11-13T17:51:32.909+0000] {logging_mixin.py:190} INFO - Task instance is in running state
[2025-11-13T17:51:32.910+0000] {logging_mixin.py:190} INFO -  Previous state of the Task instance: queued
[2025-11-13T17:51:32.911+0000] {logging_mixin.py:190} INFO - Current task name:generate_sensor_data state:running start_date:2025-11-13 17:51:32.445558+00:00
[2025-11-13T17:51:32.911+0000] {logging_mixin.py:190} INFO - Dag name:iot_sensor_data_dag and current dag run status:running
[2025-11-13T17:51:32.912+0000] {taskinstance.py:732} INFO - ::endgroup::
[2025-11-13T17:51:32.959+0000] {logging_mixin.py:190} INFO - [2025-11-13 17:51:32.935189] Inserted sensor data: {'time': datetime.datetime(2025, 11, 13, 17, 51, 32, 935189), 'temperature': 27.41169241066467, 'Dissolved_oxygen': 5.907057178720912, 'PH': 7.434120662971674, 'Ammonia': 0.010738672688439362, 'Nitrite': 0.0532291229581485, 'Turbidty': 39.76045208147978, '_id': ObjectId('69161aa439622152a2fbf346')}
[2025-11-13T17:51:32.963+0000] {python.py:218} INFO - Done. Returned value was: None
[2025-11-13T17:51:32.982+0000] {taskinstance.py:341} INFO - ::group::Post task execution logs
[2025-11-13T17:51:32.983+0000] {taskinstance.py:353} INFO - Marking task as SUCCESS. dag_id=iot_sensor_data_dag, task_id=generate_sensor_data, run_id=scheduled__2025-11-13T17:51:15+00:00, execution_date=20251113T175115, start_date=20251113T175132, end_date=20251113T175132
[2025-11-13T17:51:33.016+0000] {logging_mixin.py:190} INFO - Task instance in success state
[2025-11-13T17:51:33.018+0000] {logging_mixin.py:190} INFO -  Previous state of the Task instance: running
[2025-11-13T17:51:33.019+0000] {logging_mixin.py:190} INFO - Dag name:iot_sensor_data_dag queued_at:2025-11-13 17:51:30.149476+00:00
[2025-11-13T17:51:33.020+0000] {logging_mixin.py:190} INFO - Task hostname:4f76d54186b6 operator:PythonOperator
[2025-11-13T17:51:33.049+0000] {local_task_job_runner.py:266} INFO - Task exited with return code 0
[2025-11-13T17:51:33.093+0000] {taskinstance.py:3901} INFO - 0 downstream tasks scheduled from follow-on schedule check
[2025-11-13T17:51:33.100+0000] {local_task_job_runner.py:245} INFO - ::endgroup::
