[2025-11-13T17:53:02.766+0000] {local_task_job_runner.py:123} INFO - ::group::Pre task execution logs
[2025-11-13T17:53:02.799+0000] {taskinstance.py:2614} INFO - Dependencies all met for dep_context=non-requeueable deps ti=<TaskInstance: iot_sensor_data_dag.generate_sensor_data scheduled__2025-11-13T17:52:45+00:00 [queued]>
[2025-11-13T17:53:02.817+0000] {taskinstance.py:2614} INFO - Dependencies all met for dep_context=requeueable deps ti=<TaskInstance: iot_sensor_data_dag.generate_sensor_data scheduled__2025-11-13T17:52:45+00:00 [queued]>
[2025-11-13T17:53:02.822+0000] {taskinstance.py:2867} INFO - Starting attempt 1 of 1
[2025-11-13T17:53:03.007+0000] {taskinstance.py:2890} INFO - Executing <Task(PythonOperator): generate_sensor_data> on 2025-11-13 17:52:45+00:00
[2025-11-13T17:53:03.018+0000] {warnings.py:112} WARNING - /home/***/.local/lib/python3.12/site-packages/***/task/task_runner/standard_task_runner.py:70: DeprecationWarning: This process (pid=1585) is multi-threaded, use of fork() may lead to deadlocks in the child.
  pid = os.fork()

[2025-11-13T17:53:03.022+0000] {standard_task_runner.py:104} INFO - Running: ['***', 'tasks', 'run', 'iot_sensor_data_dag', 'generate_sensor_data', 'scheduled__2025-11-13T17:52:45+00:00', '--job-id', '365', '--raw', '--subdir', 'DAGS_FOLDER/DEPI.py', '--cfg-path', '/tmp/tmp74fnln81']
[2025-11-13T17:53:03.023+0000] {standard_task_runner.py:72} INFO - Started process 1587 to run task
[2025-11-13T17:53:03.027+0000] {standard_task_runner.py:105} INFO - Job 365: Subtask generate_sensor_data
[2025-11-13T17:53:03.131+0000] {task_command.py:467} INFO - Running <TaskInstance: iot_sensor_data_dag.generate_sensor_data scheduled__2025-11-13T17:52:45+00:00 [running]> on host 4f76d54186b6
[2025-11-13T17:53:03.317+0000] {taskinstance.py:3134} INFO - Exporting env vars: AIRFLOW_CTX_DAG_OWNER='***' AIRFLOW_CTX_DAG_ID='iot_sensor_data_dag' AIRFLOW_CTX_TASK_ID='generate_sensor_data' AIRFLOW_CTX_EXECUTION_DATE='2025-11-13T17:52:45+00:00' AIRFLOW_CTX_TRY_NUMBER='1' AIRFLOW_CTX_DAG_RUN_ID='scheduled__2025-11-13T17:52:45+00:00'
[2025-11-13T17:53:03.322+0000] {logging_mixin.py:190} INFO - Task instance is in running state
[2025-11-13T17:53:03.324+0000] {logging_mixin.py:190} INFO -  Previous state of the Task instance: queued
[2025-11-13T17:53:03.327+0000] {logging_mixin.py:190} INFO - Current task name:generate_sensor_data state:running start_date:2025-11-13 17:53:02.801179+00:00
[2025-11-13T17:53:03.329+0000] {logging_mixin.py:190} INFO - Dag name:iot_sensor_data_dag and current dag run status:running
[2025-11-13T17:53:03.331+0000] {taskinstance.py:732} INFO - ::endgroup::
[2025-11-13T17:53:03.427+0000] {logging_mixin.py:190} INFO - [2025-11-13 17:53:03.390223] Inserted sensor data: {'time': datetime.datetime(2025, 11, 13, 17, 53, 3, 390223), 'temperature': 27.46216127840227, 'Dissolved_oxygen': 6.097093187169743, 'PH': 7.511532510756002, 'Ammonia': 0.009454464087906709, 'Nitrite': 0.047847930682750735, 'Turbidty': 39.72494812622128, '_id': ObjectId('69161aff026f52a44765f2ea')}
[2025-11-13T17:53:03.431+0000] {python.py:218} INFO - Done. Returned value was: None
[2025-11-13T17:53:03.450+0000] {taskinstance.py:341} INFO - ::group::Post task execution logs
[2025-11-13T17:53:03.451+0000] {taskinstance.py:353} INFO - Marking task as SUCCESS. dag_id=iot_sensor_data_dag, task_id=generate_sensor_data, run_id=scheduled__2025-11-13T17:52:45+00:00, execution_date=20251113T175245, start_date=20251113T175302, end_date=20251113T175303
[2025-11-13T17:53:03.481+0000] {logging_mixin.py:190} INFO - Task instance in success state
[2025-11-13T17:53:03.483+0000] {logging_mixin.py:190} INFO -  Previous state of the Task instance: running
[2025-11-13T17:53:03.484+0000] {logging_mixin.py:190} INFO - Dag name:iot_sensor_data_dag queued_at:2025-11-13 17:53:00.180511+00:00
[2025-11-13T17:53:03.485+0000] {logging_mixin.py:190} INFO - Task hostname:4f76d54186b6 operator:PythonOperator
[2025-11-13T17:53:03.509+0000] {local_task_job_runner.py:266} INFO - Task exited with return code 0
[2025-11-13T17:53:03.544+0000] {taskinstance.py:3901} INFO - 0 downstream tasks scheduled from follow-on schedule check
[2025-11-13T17:53:03.552+0000] {local_task_job_runner.py:245} INFO - ::endgroup::
