[2025-11-13T19:08:32.220+0000] {local_task_job_runner.py:123} INFO - ::group::Pre task execution logs
[2025-11-13T19:08:32.237+0000] {taskinstance.py:2614} INFO - Dependencies all met for dep_context=non-requeueable deps ti=<TaskInstance: iot_sensor_data_dag.generate_sensor_data scheduled__2025-11-13T19:08:15+00:00 [queued]>
[2025-11-13T19:08:32.245+0000] {taskinstance.py:2614} INFO - Dependencies all met for dep_context=requeueable deps ti=<TaskInstance: iot_sensor_data_dag.generate_sensor_data scheduled__2025-11-13T19:08:15+00:00 [queued]>
[2025-11-13T19:08:32.279+0000] {taskinstance.py:2867} INFO - Starting attempt 1 of 1
[2025-11-13T19:08:32.416+0000] {taskinstance.py:2890} INFO - Executing <Task(PythonOperator): generate_sensor_data> on 2025-11-13 19:08:15+00:00
[2025-11-13T19:08:32.422+0000] {warnings.py:112} WARNING - /home/***/.local/lib/python3.12/site-packages/***/task/task_runner/standard_task_runner.py:70: DeprecationWarning: This process (pid=4743) is multi-threaded, use of fork() may lead to deadlocks in the child.
  pid = os.fork()

[2025-11-13T19:08:32.424+0000] {standard_task_runner.py:72} INFO - Started process 4745 to run task
[2025-11-13T19:08:32.425+0000] {standard_task_runner.py:104} INFO - Running: ['***', 'tasks', 'run', 'iot_sensor_data_dag', 'generate_sensor_data', 'scheduled__2025-11-13T19:08:15+00:00', '--job-id', '667', '--raw', '--subdir', 'DAGS_FOLDER/DEPI.py', '--cfg-path', '/tmp/tmpg4tbyjs2']
[2025-11-13T19:08:32.426+0000] {standard_task_runner.py:105} INFO - Job 667: Subtask generate_sensor_data
[2025-11-13T19:08:32.476+0000] {task_command.py:467} INFO - Running <TaskInstance: iot_sensor_data_dag.generate_sensor_data scheduled__2025-11-13T19:08:15+00:00 [running]> on host 4f76d54186b6
[2025-11-13T19:08:32.553+0000] {taskinstance.py:3134} INFO - Exporting env vars: AIRFLOW_CTX_DAG_OWNER='***' AIRFLOW_CTX_DAG_ID='iot_sensor_data_dag' AIRFLOW_CTX_TASK_ID='generate_sensor_data' AIRFLOW_CTX_EXECUTION_DATE='2025-11-13T19:08:15+00:00' AIRFLOW_CTX_TRY_NUMBER='1' AIRFLOW_CTX_DAG_RUN_ID='scheduled__2025-11-13T19:08:15+00:00'
[2025-11-13T19:08:32.555+0000] {logging_mixin.py:190} INFO - Task instance is in running state
[2025-11-13T19:08:32.556+0000] {logging_mixin.py:190} INFO -  Previous state of the Task instance: queued
[2025-11-13T19:08:32.557+0000] {logging_mixin.py:190} INFO - Current task name:generate_sensor_data state:running start_date:2025-11-13 19:08:32.238721+00:00
[2025-11-13T19:08:32.557+0000] {logging_mixin.py:190} INFO - Dag name:iot_sensor_data_dag and current dag run status:running
[2025-11-13T19:08:32.558+0000] {taskinstance.py:732} INFO - ::endgroup::
[2025-11-13T19:08:32.594+0000] {logging_mixin.py:190} INFO - [2025-11-13 19:08:32.575648] Inserted sensor data: {'time': datetime.datetime(2025, 11, 13, 19, 8, 32, 575648), 'temperature': 27.4618298782233, 'Dissolved_oxygen': 5.980300303916827, 'PH': 7.508562256824768, 'Ammonia': 0.01039387603191205, 'Nitrite': 0.048295490901464025, 'Turbidty': 39.43197822024846, '_id': ObjectId('69162cb05cd67e01ce35939b')}
[2025-11-13T19:08:32.597+0000] {python.py:218} INFO - Done. Returned value was: None
[2025-11-13T19:08:32.608+0000] {taskinstance.py:341} INFO - ::group::Post task execution logs
[2025-11-13T19:08:32.609+0000] {taskinstance.py:353} INFO - Marking task as SUCCESS. dag_id=iot_sensor_data_dag, task_id=generate_sensor_data, run_id=scheduled__2025-11-13T19:08:15+00:00, execution_date=20251113T190815, start_date=20251113T190832, end_date=20251113T190832
[2025-11-13T19:08:32.631+0000] {logging_mixin.py:190} INFO - Task instance in success state
[2025-11-13T19:08:32.633+0000] {logging_mixin.py:190} INFO -  Previous state of the Task instance: running
[2025-11-13T19:08:32.633+0000] {logging_mixin.py:190} INFO - Dag name:iot_sensor_data_dag queued_at:2025-11-13 19:08:30.504886+00:00
[2025-11-13T19:08:32.634+0000] {logging_mixin.py:190} INFO - Task hostname:4f76d54186b6 operator:PythonOperator
[2025-11-13T19:08:32.682+0000] {local_task_job_runner.py:266} INFO - Task exited with return code 0
[2025-11-13T19:08:32.718+0000] {taskinstance.py:3901} INFO - 0 downstream tasks scheduled from follow-on schedule check
[2025-11-13T19:08:32.725+0000] {local_task_job_runner.py:245} INFO - ::endgroup::
