[2025-11-15T12:06:17.590+0000] {local_task_job_runner.py:123} INFO - ::group::Pre task execution logs
[2025-11-15T12:06:17.602+0000] {taskinstance.py:2614} INFO - Dependencies all met for dep_context=non-requeueable deps ti=<TaskInstance: iot_sensor_data_dag.generate_sensor_data scheduled__2025-11-15T12:06:00+00:00 [queued]>
[2025-11-15T12:06:17.608+0000] {taskinstance.py:2614} INFO - Dependencies all met for dep_context=requeueable deps ti=<TaskInstance: iot_sensor_data_dag.generate_sensor_data scheduled__2025-11-15T12:06:00+00:00 [queued]>
[2025-11-15T12:06:17.608+0000] {taskinstance.py:2867} INFO - Starting attempt 1 of 1
[2025-11-15T12:06:17.619+0000] {taskinstance.py:2890} INFO - Executing <Task(PythonOperator): generate_sensor_data> on 2025-11-15 12:06:00+00:00
[2025-11-15T12:06:17.626+0000] {warnings.py:112} WARNING - /home/***/.local/lib/python3.12/site-packages/***/task/task_runner/standard_task_runner.py:70: DeprecationWarning: This process (pid=504) is multi-threaded, use of fork() may lead to deadlocks in the child.
  pid = os.fork()

[2025-11-15T12:06:17.628+0000] {standard_task_runner.py:72} INFO - Started process 506 to run task
[2025-11-15T12:06:17.629+0000] {standard_task_runner.py:104} INFO - Running: ['***', 'tasks', 'run', 'iot_sensor_data_dag', 'generate_sensor_data', 'scheduled__2025-11-15T12:06:00+00:00', '--job-id', '1212', '--raw', '--subdir', 'DAGS_FOLDER/DEPI.py', '--cfg-path', '/tmp/tmpfk21f0hh']
[2025-11-15T12:06:17.630+0000] {standard_task_runner.py:105} INFO - Job 1212: Subtask generate_sensor_data
[2025-11-15T12:06:17.877+0000] {task_command.py:467} INFO - Running <TaskInstance: iot_sensor_data_dag.generate_sensor_data scheduled__2025-11-15T12:06:00+00:00 [running]> on host 4f76d54186b6
[2025-11-15T12:06:17.935+0000] {taskinstance.py:3134} INFO - Exporting env vars: AIRFLOW_CTX_DAG_OWNER='***' AIRFLOW_CTX_DAG_ID='iot_sensor_data_dag' AIRFLOW_CTX_TASK_ID='generate_sensor_data' AIRFLOW_CTX_EXECUTION_DATE='2025-11-15T12:06:00+00:00' AIRFLOW_CTX_TRY_NUMBER='1' AIRFLOW_CTX_DAG_RUN_ID='scheduled__2025-11-15T12:06:00+00:00'
[2025-11-15T12:06:17.936+0000] {logging_mixin.py:190} INFO - Task instance is in running state
[2025-11-15T12:06:17.937+0000] {logging_mixin.py:190} INFO -  Previous state of the Task instance: queued
[2025-11-15T12:06:17.937+0000] {logging_mixin.py:190} INFO - Current task name:generate_sensor_data state:running start_date:2025-11-15 12:06:17.603060+00:00
[2025-11-15T12:06:17.938+0000] {logging_mixin.py:190} INFO - Dag name:iot_sensor_data_dag and current dag run status:running
[2025-11-15T12:06:17.938+0000] {taskinstance.py:732} INFO - ::endgroup::
[2025-11-15T12:06:17.963+0000] {logging_mixin.py:190} INFO - [2025-11-15 12:06:17.951577] Inserted sensor data: {'time': '2025-11-15T12:06:17.951577', 'temperature': 27.51357775275668, 'Dissolved_oxygen': 5.915163247994483, 'PH': 7.572900035790879, 'Ammonia': 0.010163822150720864, 'Nitrite': 0.04748267800339958, 'Turbidty': 39.84941045341009, '_id': '69186cb95a1e27585bc14ab5'}
[2025-11-15T12:11:11.489+0000] {python.py:218} INFO - Done. Returned value was: None
[2025-11-15T12:11:11.859+0000] {taskinstance.py:341} INFO - ::group::Post task execution logs
[2025-11-15T12:11:11.868+0000] {taskinstance.py:353} INFO - Marking task as SUCCESS. dag_id=iot_sensor_data_dag, task_id=generate_sensor_data, run_id=scheduled__2025-11-15T12:06:00+00:00, execution_date=20251115T120600, start_date=20251115T120617, end_date=20251115T121111
[2025-11-15T12:11:12.103+0000] {logging_mixin.py:190} INFO - Task instance in success state
[2025-11-15T12:11:12.104+0000] {logging_mixin.py:190} INFO -  Previous state of the Task instance: running
[2025-11-15T12:11:12.104+0000] {logging_mixin.py:190} INFO - Dag name:iot_sensor_data_dag queued_at:2025-11-15 12:06:16.013070+00:00
[2025-11-15T12:11:12.105+0000] {logging_mixin.py:190} INFO - Task hostname:4f76d54186b6 operator:PythonOperator
[2025-11-15T12:11:12.143+0000] {local_task_job_runner.py:266} INFO - Task exited with return code 0
[2025-11-15T12:11:12.166+0000] {taskinstance.py:3901} INFO - 0 downstream tasks scheduled from follow-on schedule check
[2025-11-15T12:11:12.170+0000] {local_task_job_runner.py:245} INFO - ::endgroup::
