[2025-11-13T18:52:01.603+0000] {local_task_job_runner.py:123} INFO - ::group::Pre task execution logs
[2025-11-13T18:52:01.617+0000] {taskinstance.py:2614} INFO - Dependencies all met for dep_context=non-requeueable deps ti=<TaskInstance: iot_sensor_data_dag.generate_sensor_data scheduled__2025-11-13T18:51:45+00:00 [queued]>
[2025-11-13T18:52:01.628+0000] {taskinstance.py:2614} INFO - Dependencies all met for dep_context=requeueable deps ti=<TaskInstance: iot_sensor_data_dag.generate_sensor_data scheduled__2025-11-13T18:51:45+00:00 [queued]>
[2025-11-13T18:52:01.635+0000] {taskinstance.py:2867} INFO - Starting attempt 1 of 1
[2025-11-13T18:52:01.763+0000] {taskinstance.py:2890} INFO - Executing <Task(PythonOperator): generate_sensor_data> on 2025-11-13 18:51:45+00:00
[2025-11-13T18:52:01.780+0000] {warnings.py:112} WARNING - /home/***/.local/lib/python3.12/site-packages/***/task/task_runner/standard_task_runner.py:70: DeprecationWarning: This process (pid=4058) is multi-threaded, use of fork() may lead to deadlocks in the child.
  pid = os.fork()

[2025-11-13T18:52:01.785+0000] {standard_task_runner.py:104} INFO - Running: ['***', 'tasks', 'run', 'iot_sensor_data_dag', 'generate_sensor_data', 'scheduled__2025-11-13T18:51:45+00:00', '--job-id', '601', '--raw', '--subdir', 'DAGS_FOLDER/DEPI.py', '--cfg-path', '/tmp/tmpqett2pcj']
[2025-11-13T18:52:01.787+0000] {standard_task_runner.py:72} INFO - Started process 4060 to run task
[2025-11-13T18:52:01.787+0000] {standard_task_runner.py:105} INFO - Job 601: Subtask generate_sensor_data
[2025-11-13T18:52:01.871+0000] {task_command.py:467} INFO - Running <TaskInstance: iot_sensor_data_dag.generate_sensor_data scheduled__2025-11-13T18:51:45+00:00 [running]> on host 4f76d54186b6
[2025-11-13T18:52:01.969+0000] {taskinstance.py:3134} INFO - Exporting env vars: AIRFLOW_CTX_DAG_OWNER='***' AIRFLOW_CTX_DAG_ID='iot_sensor_data_dag' AIRFLOW_CTX_TASK_ID='generate_sensor_data' AIRFLOW_CTX_EXECUTION_DATE='2025-11-13T18:51:45+00:00' AIRFLOW_CTX_TRY_NUMBER='1' AIRFLOW_CTX_DAG_RUN_ID='scheduled__2025-11-13T18:51:45+00:00'
[2025-11-13T18:52:01.971+0000] {logging_mixin.py:190} INFO - Task instance is in running state
[2025-11-13T18:52:01.972+0000] {logging_mixin.py:190} INFO -  Previous state of the Task instance: queued
[2025-11-13T18:52:01.973+0000] {logging_mixin.py:190} INFO - Current task name:generate_sensor_data state:running start_date:2025-11-13 18:52:01.622915+00:00
[2025-11-13T18:52:01.974+0000] {logging_mixin.py:190} INFO - Dag name:iot_sensor_data_dag and current dag run status:running
[2025-11-13T18:52:01.975+0000] {taskinstance.py:732} INFO - ::endgroup::
[2025-11-13T18:52:02.020+0000] {logging_mixin.py:190} INFO - [2025-11-13 18:52:02.001750] Inserted sensor data: {'time': datetime.datetime(2025, 11, 13, 18, 52, 2, 1750), 'temperature': 27.397125773791423, 'Dissolved_oxygen': 6.08893577704303, 'PH': 7.43002421217249, 'Ammonia': 0.010601999482599172, 'Nitrite': 0.04808143177804453, 'Turbidty': 39.100480122511996, '_id': ObjectId('691628d2a86f335287af23cb')}
[2025-11-13T18:52:02.023+0000] {python.py:218} INFO - Done. Returned value was: None
[2025-11-13T18:52:02.043+0000] {taskinstance.py:341} INFO - ::group::Post task execution logs
[2025-11-13T18:52:02.044+0000] {taskinstance.py:353} INFO - Marking task as SUCCESS. dag_id=iot_sensor_data_dag, task_id=generate_sensor_data, run_id=scheduled__2025-11-13T18:51:45+00:00, execution_date=20251113T185145, start_date=20251113T185201, end_date=20251113T185202
[2025-11-13T18:52:02.069+0000] {logging_mixin.py:190} INFO - Task instance in success state
[2025-11-13T18:52:02.070+0000] {logging_mixin.py:190} INFO -  Previous state of the Task instance: running
[2025-11-13T18:52:02.070+0000] {logging_mixin.py:190} INFO - Dag name:iot_sensor_data_dag queued_at:2025-11-13 18:52:00.226669+00:00
[2025-11-13T18:52:02.072+0000] {logging_mixin.py:190} INFO - Task hostname:4f76d54186b6 operator:PythonOperator
[2025-11-13T18:52:02.092+0000] {local_task_job_runner.py:266} INFO - Task exited with return code 0
[2025-11-13T18:52:02.116+0000] {taskinstance.py:3901} INFO - 0 downstream tasks scheduled from follow-on schedule check
[2025-11-13T18:52:02.121+0000] {local_task_job_runner.py:245} INFO - ::endgroup::
