[2025-11-15T12:08:02.998+0000] {local_task_job_runner.py:123} INFO - ::group::Pre task execution logs
[2025-11-15T12:08:03.010+0000] {taskinstance.py:2614} INFO - Dependencies all met for dep_context=non-requeueable deps ti=<TaskInstance: iot_sensor_data_dag.generate_sensor_data scheduled__2025-11-15T12:07:45+00:00 [queued]>
[2025-11-15T12:08:03.015+0000] {taskinstance.py:2614} INFO - Dependencies all met for dep_context=requeueable deps ti=<TaskInstance: iot_sensor_data_dag.generate_sensor_data scheduled__2025-11-15T12:07:45+00:00 [queued]>
[2025-11-15T12:08:03.016+0000] {taskinstance.py:2867} INFO - Starting attempt 1 of 1
[2025-11-15T12:08:03.025+0000] {taskinstance.py:2890} INFO - Executing <Task(PythonOperator): generate_sensor_data> on 2025-11-15 12:07:45+00:00
[2025-11-15T12:08:03.033+0000] {warnings.py:112} WARNING - /home/***/.local/lib/python3.12/site-packages/***/task/task_runner/standard_task_runner.py:70: DeprecationWarning: This process (pid=595) is multi-threaded, use of fork() may lead to deadlocks in the child.
  pid = os.fork()

[2025-11-15T12:08:03.035+0000] {standard_task_runner.py:104} INFO - Running: ['***', 'tasks', 'run', 'iot_sensor_data_dag', 'generate_sensor_data', 'scheduled__2025-11-15T12:07:45+00:00', '--job-id', '1219', '--raw', '--subdir', 'DAGS_FOLDER/DEPI.py', '--cfg-path', '/tmp/tmp_8s_bld9']
[2025-11-15T12:08:03.036+0000] {standard_task_runner.py:72} INFO - Started process 597 to run task
[2025-11-15T12:08:03.036+0000] {standard_task_runner.py:105} INFO - Job 1219: Subtask generate_sensor_data
[2025-11-15T12:08:03.348+0000] {task_command.py:467} INFO - Running <TaskInstance: iot_sensor_data_dag.generate_sensor_data scheduled__2025-11-15T12:07:45+00:00 [running]> on host 4f76d54186b6
[2025-11-15T12:08:03.405+0000] {taskinstance.py:3134} INFO - Exporting env vars: AIRFLOW_CTX_DAG_OWNER='***' AIRFLOW_CTX_DAG_ID='iot_sensor_data_dag' AIRFLOW_CTX_TASK_ID='generate_sensor_data' AIRFLOW_CTX_EXECUTION_DATE='2025-11-15T12:07:45+00:00' AIRFLOW_CTX_TRY_NUMBER='1' AIRFLOW_CTX_DAG_RUN_ID='scheduled__2025-11-15T12:07:45+00:00'
[2025-11-15T12:08:03.408+0000] {logging_mixin.py:190} INFO - Task instance is in running state
[2025-11-15T12:08:03.408+0000] {logging_mixin.py:190} INFO -  Previous state of the Task instance: queued
[2025-11-15T12:08:03.409+0000] {logging_mixin.py:190} INFO - Current task name:generate_sensor_data state:running start_date:2025-11-15 12:08:03.010814+00:00
[2025-11-15T12:08:03.409+0000] {logging_mixin.py:190} INFO - Dag name:iot_sensor_data_dag and current dag run status:running
[2025-11-15T12:08:03.409+0000] {taskinstance.py:732} INFO - ::endgroup::
[2025-11-15T12:08:03.443+0000] {logging_mixin.py:190} INFO - [2025-11-15 12:08:03.431680] Inserted sensor data: {'time': '2025-11-15T12:08:03.431680', 'temperature': 27.572058074279454, 'Dissolved_oxygen': 6.076929143123145, 'PH': 7.596575474205514, 'Ammonia': 0.00965199323503161, 'Nitrite': 0.04934099997779981, 'Turbidty': 39.503655939579915, '_id': '69186d23d12f5ed4b6f0cfeb'}
[2025-11-15T12:11:43.631+0000] {job.py:229} INFO - Heartbeat recovered after 11.65 seconds
[2025-11-15T12:12:46.220+0000] {job.py:229} INFO - Heartbeat recovered after 32.55 seconds
[2025-11-15T12:12:55.913+0000] {python.py:218} INFO - Done. Returned value was: None
[2025-11-15T12:12:55.996+0000] {taskinstance.py:341} INFO - ::group::Post task execution logs
[2025-11-15T12:12:56.000+0000] {taskinstance.py:353} INFO - Marking task as SUCCESS. dag_id=iot_sensor_data_dag, task_id=generate_sensor_data, run_id=scheduled__2025-11-15T12:07:45+00:00, execution_date=20251115T120745, start_date=20251115T120803, end_date=20251115T121255
[2025-11-15T12:12:56.121+0000] {logging_mixin.py:190} INFO - Task instance in success state
[2025-11-15T12:12:56.122+0000] {logging_mixin.py:190} INFO -  Previous state of the Task instance: running
[2025-11-15T12:12:56.123+0000] {logging_mixin.py:190} INFO - Dag name:iot_sensor_data_dag queued_at:2025-11-15 12:08:00.146276+00:00
[2025-11-15T12:12:56.124+0000] {logging_mixin.py:190} INFO - Task hostname:4f76d54186b6 operator:PythonOperator
[2025-11-15T12:12:56.165+0000] {local_task_job_runner.py:266} INFO - Task exited with return code 0
[2025-11-15T12:12:56.187+0000] {taskinstance.py:3901} INFO - 0 downstream tasks scheduled from follow-on schedule check
[2025-11-15T12:12:56.192+0000] {local_task_job_runner.py:245} INFO - ::endgroup::
