[2025-11-16T23:40:38.136+0000] {local_task_job_runner.py:123} INFO - ::group::Pre task execution logs
[2025-11-16T23:40:38.152+0000] {taskinstance.py:2614} INFO - Dependencies all met for dep_context=non-requeueable deps ti=<TaskInstance: iot_sensor_data_dag.consume_kafka scheduled__2025-11-16T23:35:00+00:00 [queued]>
[2025-11-16T23:40:38.159+0000] {taskinstance.py:2614} INFO - Dependencies all met for dep_context=requeueable deps ti=<TaskInstance: iot_sensor_data_dag.consume_kafka scheduled__2025-11-16T23:35:00+00:00 [queued]>
[2025-11-16T23:40:38.160+0000] {taskinstance.py:2867} INFO - Starting attempt 1 of 1
[2025-11-16T23:40:38.292+0000] {taskinstance.py:2890} INFO - Executing <Task(PythonOperator): consume_kafka> on 2025-11-16 23:35:00+00:00
[2025-11-16T23:40:38.300+0000] {warnings.py:112} WARNING - /home/***/.local/lib/python3.12/site-packages/***/task/task_runner/standard_task_runner.py:70: DeprecationWarning: This process (pid=2745) is multi-threaded, use of fork() may lead to deadlocks in the child.
  pid = os.fork()

[2025-11-16T23:40:38.302+0000] {standard_task_runner.py:72} INFO - Started process 2756 to run task
[2025-11-16T23:40:38.303+0000] {standard_task_runner.py:104} INFO - Running: ['***', 'tasks', 'run', 'iot_sensor_data_dag', 'consume_kafka', 'scheduled__2025-11-16T23:35:00+00:00', '--job-id', '2203', '--raw', '--subdir', 'DAGS_FOLDER/DEPI.py', '--cfg-path', '/tmp/tmpj337n5wz']
[2025-11-16T23:40:38.304+0000] {standard_task_runner.py:105} INFO - Job 2203: Subtask consume_kafka
[2025-11-16T23:40:38.351+0000] {task_command.py:467} INFO - Running <TaskInstance: iot_sensor_data_dag.consume_kafka scheduled__2025-11-16T23:35:00+00:00 [running]> on host 4f76d54186b6
[2025-11-16T23:40:38.434+0000] {taskinstance.py:3134} INFO - Exporting env vars: AIRFLOW_CTX_DAG_OWNER='***' AIRFLOW_CTX_DAG_ID='iot_sensor_data_dag' AIRFLOW_CTX_TASK_ID='consume_kafka' AIRFLOW_CTX_EXECUTION_DATE='2025-11-16T23:35:00+00:00' AIRFLOW_CTX_TRY_NUMBER='1' AIRFLOW_CTX_DAG_RUN_ID='scheduled__2025-11-16T23:35:00+00:00'
[2025-11-16T23:40:38.436+0000] {logging_mixin.py:190} INFO - Task instance is in running state
[2025-11-16T23:40:38.437+0000] {logging_mixin.py:190} INFO -  Previous state of the Task instance: queued
[2025-11-16T23:40:38.437+0000] {logging_mixin.py:190} INFO - Current task name:consume_kafka state:running start_date:2025-11-16 23:40:38.152833+00:00
[2025-11-16T23:40:38.438+0000] {logging_mixin.py:190} INFO - Dag name:iot_sensor_data_dag and current dag run status:running
[2025-11-16T23:40:38.438+0000] {taskinstance.py:732} INFO - ::endgroup::
[2025-11-16T23:40:38.489+0000] {logging_mixin.py:190} INFO - Starting to poll...
[2025-11-16T23:40:39.490+0000] {logging_mixin.py:190} INFO - No messages consumed.
[2025-11-16T23:40:39.494+0000] {python.py:218} INFO - Done. Returned value was: None
[2025-11-16T23:40:39.503+0000] {taskinstance.py:341} INFO - ::group::Post task execution logs
[2025-11-16T23:40:39.504+0000] {taskinstance.py:353} INFO - Marking task as SUCCESS. dag_id=iot_sensor_data_dag, task_id=consume_kafka, run_id=scheduled__2025-11-16T23:35:00+00:00, execution_date=20251116T233500, start_date=20251116T234038, end_date=20251116T234039
[2025-11-16T23:40:39.527+0000] {logging_mixin.py:190} INFO - Task instance in success state
[2025-11-16T23:40:39.528+0000] {logging_mixin.py:190} INFO -  Previous state of the Task instance: running
[2025-11-16T23:40:39.529+0000] {logging_mixin.py:190} INFO - Dag name:iot_sensor_data_dag queued_at:2025-11-16 23:35:25.222162+00:00
[2025-11-16T23:40:39.529+0000] {logging_mixin.py:190} INFO - Task hostname:4f76d54186b6 operator:PythonOperator
[2025-11-16T23:40:39.562+0000] {local_task_job_runner.py:266} INFO - Task exited with return code 0
[2025-11-16T23:40:39.574+0000] {taskinstance.py:3901} INFO - 0 downstream tasks scheduled from follow-on schedule check
[2025-11-16T23:40:39.576+0000] {local_task_job_runner.py:245} INFO - ::endgroup::
