[2025-11-13T17:27:02.369+0000] {local_task_job_runner.py:123} INFO - ::group::Pre task execution logs
[2025-11-13T17:27:02.384+0000] {taskinstance.py:2614} INFO - Dependencies all met for dep_context=non-requeueable deps ti=<TaskInstance: iot_sensor_data_dag.generate_sensor_data scheduled__2025-11-13T17:26:45+00:00 [queued]>
[2025-11-13T17:27:02.391+0000] {taskinstance.py:2614} INFO - Dependencies all met for dep_context=requeueable deps ti=<TaskInstance: iot_sensor_data_dag.generate_sensor_data scheduled__2025-11-13T17:26:45+00:00 [queued]>
[2025-11-13T17:27:02.393+0000] {taskinstance.py:2867} INFO - Starting attempt 1 of 1
[2025-11-13T17:27:02.559+0000] {taskinstance.py:2890} INFO - Executing <Task(PythonOperator): generate_sensor_data> on 2025-11-13 17:26:45+00:00
[2025-11-13T17:27:02.566+0000] {warnings.py:112} WARNING - /home/***/.local/lib/python3.12/site-packages/***/task/task_runner/standard_task_runner.py:70: DeprecationWarning: This process (pid=506) is multi-threaded, use of fork() may lead to deadlocks in the child.
  pid = os.fork()

[2025-11-13T17:27:02.569+0000] {standard_task_runner.py:72} INFO - Started process 508 to run task
[2025-11-13T17:27:02.569+0000] {standard_task_runner.py:104} INFO - Running: ['***', 'tasks', 'run', 'iot_sensor_data_dag', 'generate_sensor_data', 'scheduled__2025-11-13T17:26:45+00:00', '--job-id', '261', '--raw', '--subdir', 'DAGS_FOLDER/DEPI.py', '--cfg-path', '/tmp/tmplgapzlrb']
[2025-11-13T17:27:02.571+0000] {standard_task_runner.py:105} INFO - Job 261: Subtask generate_sensor_data
[2025-11-13T17:27:02.625+0000] {task_command.py:467} INFO - Running <TaskInstance: iot_sensor_data_dag.generate_sensor_data scheduled__2025-11-13T17:26:45+00:00 [running]> on host 4f76d54186b6
[2025-11-13T17:27:02.706+0000] {taskinstance.py:3134} INFO - Exporting env vars: AIRFLOW_CTX_DAG_OWNER='***' AIRFLOW_CTX_DAG_ID='iot_sensor_data_dag' AIRFLOW_CTX_TASK_ID='generate_sensor_data' AIRFLOW_CTX_EXECUTION_DATE='2025-11-13T17:26:45+00:00' AIRFLOW_CTX_TRY_NUMBER='1' AIRFLOW_CTX_DAG_RUN_ID='scheduled__2025-11-13T17:26:45+00:00'
[2025-11-13T17:27:02.708+0000] {logging_mixin.py:190} INFO - Task instance is in running state
[2025-11-13T17:27:02.709+0000] {logging_mixin.py:190} INFO -  Previous state of the Task instance: queued
[2025-11-13T17:27:02.710+0000] {logging_mixin.py:190} INFO - Current task name:generate_sensor_data state:running start_date:2025-11-13 17:27:02.385669+00:00
[2025-11-13T17:27:02.711+0000] {logging_mixin.py:190} INFO - Dag name:iot_sensor_data_dag and current dag run status:running
[2025-11-13T17:27:02.712+0000] {taskinstance.py:732} INFO - ::endgroup::
[2025-11-13T17:27:02.755+0000] {logging_mixin.py:190} INFO - [2025-11-13 17:27:02.731795] Inserted sensor data: {'time': datetime.datetime(2025, 11, 13, 17, 27, 2, 731795), 'temperature': 27.49384156673237, 'Dissolved_oxygen': 6.0171903101479565, 'PH': 7.552769432999931, 'Ammonia': 0.00921619026889295, 'Nitrite': 0.04917243071941805, 'Turbidty': 39.23844094289289, '_id': ObjectId('691614e6f4adc32df871bf45')}
[2025-11-13T17:27:02.760+0000] {python.py:218} INFO - Done. Returned value was: None
[2025-11-13T17:27:02.771+0000] {taskinstance.py:341} INFO - ::group::Post task execution logs
[2025-11-13T17:27:02.772+0000] {taskinstance.py:353} INFO - Marking task as SUCCESS. dag_id=iot_sensor_data_dag, task_id=generate_sensor_data, run_id=scheduled__2025-11-13T17:26:45+00:00, execution_date=20251113T172645, start_date=20251113T172702, end_date=20251113T172702
[2025-11-13T17:27:02.794+0000] {logging_mixin.py:190} INFO - Task instance in success state
[2025-11-13T17:27:02.795+0000] {logging_mixin.py:190} INFO -  Previous state of the Task instance: running
[2025-11-13T17:27:02.795+0000] {logging_mixin.py:190} INFO - Dag name:iot_sensor_data_dag queued_at:2025-11-13 17:27:00.825101+00:00
[2025-11-13T17:27:02.796+0000] {logging_mixin.py:190} INFO - Task hostname:4f76d54186b6 operator:PythonOperator
[2025-11-13T17:27:02.837+0000] {local_task_job_runner.py:266} INFO - Task exited with return code 0
[2025-11-13T17:27:02.864+0000] {taskinstance.py:3901} INFO - 0 downstream tasks scheduled from follow-on schedule check
[2025-11-13T17:27:02.870+0000] {local_task_job_runner.py:245} INFO - ::endgroup::
