[2025-11-16T23:34:12.071+0000] {local_task_job_runner.py:123} INFO - ::group::Pre task execution logs
[2025-11-16T23:34:12.081+0000] {taskinstance.py:2614} INFO - Dependencies all met for dep_context=non-requeueable deps ti=<TaskInstance: iot_sensor_data_dag.generate_sensor_data scheduled__2025-11-16T23:33:45+00:00 [queued]>
[2025-11-16T23:34:12.087+0000] {taskinstance.py:2614} INFO - Dependencies all met for dep_context=requeueable deps ti=<TaskInstance: iot_sensor_data_dag.generate_sensor_data scheduled__2025-11-16T23:33:45+00:00 [queued]>
[2025-11-16T23:34:12.088+0000] {taskinstance.py:2867} INFO - Starting attempt 1 of 1
[2025-11-16T23:34:12.098+0000] {taskinstance.py:2890} INFO - Executing <Task(PythonOperator): generate_sensor_data> on 2025-11-16 23:33:45+00:00
[2025-11-16T23:34:12.104+0000] {warnings.py:112} WARNING - /home/***/.local/lib/python3.12/site-packages/***/task/task_runner/standard_task_runner.py:70: DeprecationWarning: This process (pid=1656) is multi-threaded, use of fork() may lead to deadlocks in the child.
  pid = os.fork()

[2025-11-16T23:34:12.106+0000] {standard_task_runner.py:72} INFO - Started process 1665 to run task
[2025-11-16T23:34:12.106+0000] {standard_task_runner.py:104} INFO - Running: ['***', 'tasks', 'run', 'iot_sensor_data_dag', 'generate_sensor_data', 'scheduled__2025-11-16T23:33:45+00:00', '--job-id', '2172', '--raw', '--subdir', 'DAGS_FOLDER/DEPI.py', '--cfg-path', '/tmp/tmpf5kq6qw4']
[2025-11-16T23:34:12.107+0000] {standard_task_runner.py:105} INFO - Job 2172: Subtask generate_sensor_data
[2025-11-16T23:34:12.300+0000] {task_command.py:467} INFO - Running <TaskInstance: iot_sensor_data_dag.generate_sensor_data scheduled__2025-11-16T23:33:45+00:00 [running]> on host 4f76d54186b6
[2025-11-16T23:34:12.348+0000] {taskinstance.py:3134} INFO - Exporting env vars: AIRFLOW_CTX_DAG_OWNER='***' AIRFLOW_CTX_DAG_ID='iot_sensor_data_dag' AIRFLOW_CTX_TASK_ID='generate_sensor_data' AIRFLOW_CTX_EXECUTION_DATE='2025-11-16T23:33:45+00:00' AIRFLOW_CTX_TRY_NUMBER='1' AIRFLOW_CTX_DAG_RUN_ID='scheduled__2025-11-16T23:33:45+00:00'
[2025-11-16T23:34:12.348+0000] {logging_mixin.py:190} INFO - Task instance is in running state
[2025-11-16T23:34:12.349+0000] {logging_mixin.py:190} INFO -  Previous state of the Task instance: queued
[2025-11-16T23:34:12.349+0000] {logging_mixin.py:190} INFO - Current task name:generate_sensor_data state:running start_date:2025-11-16 23:34:12.082497+00:00
[2025-11-16T23:34:12.350+0000] {logging_mixin.py:190} INFO - Dag name:iot_sensor_data_dag and current dag run status:running
[2025-11-16T23:34:12.350+0000] {taskinstance.py:732} INFO - ::endgroup::
[2025-11-16T23:39:17.694+0000] {python.py:218} INFO - Done. Returned value was: None
[2025-11-16T23:39:17.705+0000] {taskinstance.py:341} INFO - ::group::Post task execution logs
[2025-11-16T23:39:17.706+0000] {taskinstance.py:353} INFO - Marking task as SUCCESS. dag_id=iot_sensor_data_dag, task_id=generate_sensor_data, run_id=scheduled__2025-11-16T23:33:45+00:00, execution_date=20251116T233345, start_date=20251116T233412, end_date=20251116T233917
[2025-11-16T23:39:17.723+0000] {logging_mixin.py:190} INFO - Task instance in success state
[2025-11-16T23:39:17.723+0000] {logging_mixin.py:190} INFO -  Previous state of the Task instance: running
[2025-11-16T23:39:17.724+0000] {logging_mixin.py:190} INFO - Dag name:iot_sensor_data_dag queued_at:2025-11-16 23:34:10.963918+00:00
[2025-11-16T23:39:17.724+0000] {logging_mixin.py:190} INFO - Task hostname:4f76d54186b6 operator:PythonOperator
[2025-11-16T23:39:17.763+0000] {local_task_job_runner.py:266} INFO - Task exited with return code 0
[2025-11-16T23:39:17.779+0000] {taskinstance.py:3901} INFO - 1 downstream tasks scheduled from follow-on schedule check
[2025-11-16T23:39:17.782+0000] {local_task_job_runner.py:245} INFO - ::endgroup::
