[2025-11-13T18:24:31.611+0000] {local_task_job_runner.py:123} INFO - ::group::Pre task execution logs
[2025-11-13T18:24:31.625+0000] {taskinstance.py:2614} INFO - Dependencies all met for dep_context=non-requeueable deps ti=<TaskInstance: iot_sensor_data_dag.generate_sensor_data scheduled__2025-11-13T18:24:15+00:00 [queued]>
[2025-11-13T18:24:31.631+0000] {taskinstance.py:2614} INFO - Dependencies all met for dep_context=requeueable deps ti=<TaskInstance: iot_sensor_data_dag.generate_sensor_data scheduled__2025-11-13T18:24:15+00:00 [queued]>
[2025-11-13T18:24:31.633+0000] {taskinstance.py:2867} INFO - Starting attempt 1 of 1
[2025-11-13T18:24:31.779+0000] {taskinstance.py:2890} INFO - Executing <Task(PythonOperator): generate_sensor_data> on 2025-11-13 18:24:15+00:00
[2025-11-13T18:24:31.785+0000] {warnings.py:112} WARNING - /home/***/.local/lib/python3.12/site-packages/***/task/task_runner/standard_task_runner.py:70: DeprecationWarning: This process (pid=2905) is multi-threaded, use of fork() may lead to deadlocks in the child.
  pid = os.fork()

[2025-11-13T18:24:31.787+0000] {standard_task_runner.py:104} INFO - Running: ['***', 'tasks', 'run', 'iot_sensor_data_dag', 'generate_sensor_data', 'scheduled__2025-11-13T18:24:15+00:00', '--job-id', '491', '--raw', '--subdir', 'DAGS_FOLDER/DEPI.py', '--cfg-path', '/tmp/tmp7ckdr180']
[2025-11-13T18:24:31.788+0000] {standard_task_runner.py:72} INFO - Started process 2907 to run task
[2025-11-13T18:24:31.789+0000] {standard_task_runner.py:105} INFO - Job 491: Subtask generate_sensor_data
[2025-11-13T18:24:31.834+0000] {task_command.py:467} INFO - Running <TaskInstance: iot_sensor_data_dag.generate_sensor_data scheduled__2025-11-13T18:24:15+00:00 [running]> on host 4f76d54186b6
[2025-11-13T18:24:31.906+0000] {taskinstance.py:3134} INFO - Exporting env vars: AIRFLOW_CTX_DAG_OWNER='***' AIRFLOW_CTX_DAG_ID='iot_sensor_data_dag' AIRFLOW_CTX_TASK_ID='generate_sensor_data' AIRFLOW_CTX_EXECUTION_DATE='2025-11-13T18:24:15+00:00' AIRFLOW_CTX_TRY_NUMBER='1' AIRFLOW_CTX_DAG_RUN_ID='scheduled__2025-11-13T18:24:15+00:00'
[2025-11-13T18:24:31.908+0000] {logging_mixin.py:190} INFO - Task instance is in running state
[2025-11-13T18:24:31.909+0000] {logging_mixin.py:190} INFO -  Previous state of the Task instance: queued
[2025-11-13T18:24:31.910+0000] {logging_mixin.py:190} INFO - Current task name:generate_sensor_data state:running start_date:2025-11-13 18:24:31.626401+00:00
[2025-11-13T18:24:31.911+0000] {logging_mixin.py:190} INFO - Dag name:iot_sensor_data_dag and current dag run status:running
[2025-11-13T18:24:31.912+0000] {taskinstance.py:732} INFO - ::endgroup::
[2025-11-13T18:24:31.950+0000] {logging_mixin.py:190} INFO - [2025-11-13 18:24:31.929062] Inserted sensor data: {'time': datetime.datetime(2025, 11, 13, 18, 24, 31, 929062), 'temperature': 27.555925507125664, 'Dissolved_oxygen': 6.06350415490791, 'PH': 7.5771573408321915, 'Ammonia': 0.01079159504950199, 'Nitrite': 0.048925252683083634, 'Turbidty': 40.60812618193347, '_id': ObjectId('6916225fce6666e867c22fc0')}
[2025-11-13T18:24:31.953+0000] {python.py:218} INFO - Done. Returned value was: None
[2025-11-13T18:24:31.963+0000] {taskinstance.py:341} INFO - ::group::Post task execution logs
[2025-11-13T18:24:31.964+0000] {taskinstance.py:353} INFO - Marking task as SUCCESS. dag_id=iot_sensor_data_dag, task_id=generate_sensor_data, run_id=scheduled__2025-11-13T18:24:15+00:00, execution_date=20251113T182415, start_date=20251113T182431, end_date=20251113T182431
[2025-11-13T18:24:31.985+0000] {logging_mixin.py:190} INFO - Task instance in success state
[2025-11-13T18:24:31.986+0000] {logging_mixin.py:190} INFO -  Previous state of the Task instance: running
[2025-11-13T18:24:31.987+0000] {logging_mixin.py:190} INFO - Dag name:iot_sensor_data_dag queued_at:2025-11-13 18:24:30.363089+00:00
[2025-11-13T18:24:31.987+0000] {logging_mixin.py:190} INFO - Task hostname:4f76d54186b6 operator:PythonOperator
[2025-11-13T18:24:32.008+0000] {local_task_job_runner.py:266} INFO - Task exited with return code 0
[2025-11-13T18:24:32.029+0000] {taskinstance.py:3901} INFO - 0 downstream tasks scheduled from follow-on schedule check
[2025-11-13T18:24:32.035+0000] {local_task_job_runner.py:245} INFO - ::endgroup::
