[2025-11-13T18:07:01.324+0000] {local_task_job_runner.py:123} INFO - ::group::Pre task execution logs
[2025-11-13T18:07:01.337+0000] {taskinstance.py:2614} INFO - Dependencies all met for dep_context=non-requeueable deps ti=<TaskInstance: iot_sensor_data_dag.generate_sensor_data scheduled__2025-11-13T18:06:45+00:00 [queued]>
[2025-11-13T18:07:01.342+0000] {taskinstance.py:2614} INFO - Dependencies all met for dep_context=requeueable deps ti=<TaskInstance: iot_sensor_data_dag.generate_sensor_data scheduled__2025-11-13T18:06:45+00:00 [queued]>
[2025-11-13T18:07:01.343+0000] {taskinstance.py:2867} INFO - Starting attempt 1 of 1
[2025-11-13T18:07:01.464+0000] {taskinstance.py:2890} INFO - Executing <Task(PythonOperator): generate_sensor_data> on 2025-11-13 18:06:45+00:00
[2025-11-13T18:07:01.470+0000] {warnings.py:112} WARNING - /home/***/.local/lib/python3.12/site-packages/***/task/task_runner/standard_task_runner.py:70: DeprecationWarning: This process (pid=2171) is multi-threaded, use of fork() may lead to deadlocks in the child.
  pid = os.fork()

[2025-11-13T18:07:01.472+0000] {standard_task_runner.py:72} INFO - Started process 2173 to run task
[2025-11-13T18:07:01.472+0000] {standard_task_runner.py:104} INFO - Running: ['***', 'tasks', 'run', 'iot_sensor_data_dag', 'generate_sensor_data', 'scheduled__2025-11-13T18:06:45+00:00', '--job-id', '421', '--raw', '--subdir', 'DAGS_FOLDER/DEPI.py', '--cfg-path', '/tmp/tmpl416m0d6']
[2025-11-13T18:07:01.475+0000] {standard_task_runner.py:105} INFO - Job 421: Subtask generate_sensor_data
[2025-11-13T18:07:01.516+0000] {task_command.py:467} INFO - Running <TaskInstance: iot_sensor_data_dag.generate_sensor_data scheduled__2025-11-13T18:06:45+00:00 [running]> on host 4f76d54186b6
[2025-11-13T18:07:01.576+0000] {taskinstance.py:3134} INFO - Exporting env vars: AIRFLOW_CTX_DAG_OWNER='***' AIRFLOW_CTX_DAG_ID='iot_sensor_data_dag' AIRFLOW_CTX_TASK_ID='generate_sensor_data' AIRFLOW_CTX_EXECUTION_DATE='2025-11-13T18:06:45+00:00' AIRFLOW_CTX_TRY_NUMBER='1' AIRFLOW_CTX_DAG_RUN_ID='scheduled__2025-11-13T18:06:45+00:00'
[2025-11-13T18:07:01.579+0000] {logging_mixin.py:190} INFO - Task instance is in running state
[2025-11-13T18:07:01.580+0000] {logging_mixin.py:190} INFO -  Previous state of the Task instance: queued
[2025-11-13T18:07:01.581+0000] {logging_mixin.py:190} INFO - Current task name:generate_sensor_data state:running start_date:2025-11-13 18:07:01.337739+00:00
[2025-11-13T18:07:01.581+0000] {logging_mixin.py:190} INFO - Dag name:iot_sensor_data_dag and current dag run status:running
[2025-11-13T18:07:01.581+0000] {taskinstance.py:732} INFO - ::endgroup::
[2025-11-13T18:07:01.609+0000] {logging_mixin.py:190} INFO - [2025-11-13 18:07:01.594580] Inserted sensor data: {'time': datetime.datetime(2025, 11, 13, 18, 7, 1, 594580), 'temperature': 27.421539121451357, 'Dissolved_oxygen': 5.941833774192702, 'PH': 7.471390489485541, 'Ammonia': 0.010204976008159722, 'Nitrite': 0.05308004708610219, 'Turbidty': 40.65719597774922, '_id': ObjectId('69161e456ecb196d684f45d6')}
[2025-11-13T18:07:01.611+0000] {python.py:218} INFO - Done. Returned value was: None
[2025-11-13T18:07:01.622+0000] {taskinstance.py:341} INFO - ::group::Post task execution logs
[2025-11-13T18:07:01.622+0000] {taskinstance.py:353} INFO - Marking task as SUCCESS. dag_id=iot_sensor_data_dag, task_id=generate_sensor_data, run_id=scheduled__2025-11-13T18:06:45+00:00, execution_date=20251113T180645, start_date=20251113T180701, end_date=20251113T180701
[2025-11-13T18:07:01.640+0000] {logging_mixin.py:190} INFO - Task instance in success state
[2025-11-13T18:07:01.641+0000] {logging_mixin.py:190} INFO -  Previous state of the Task instance: running
[2025-11-13T18:07:01.641+0000] {logging_mixin.py:190} INFO - Dag name:iot_sensor_data_dag queued_at:2025-11-13 18:07:00.108824+00:00
[2025-11-13T18:07:01.642+0000] {logging_mixin.py:190} INFO - Task hostname:4f76d54186b6 operator:PythonOperator
[2025-11-13T18:07:01.664+0000] {local_task_job_runner.py:266} INFO - Task exited with return code 0
[2025-11-13T18:07:01.683+0000] {taskinstance.py:3901} INFO - 0 downstream tasks scheduled from follow-on schedule check
[2025-11-13T18:07:01.687+0000] {local_task_job_runner.py:245} INFO - ::endgroup::
