[2025-11-13T18:12:16.426+0000] {local_task_job_runner.py:123} INFO - ::group::Pre task execution logs
[2025-11-13T18:12:16.438+0000] {taskinstance.py:2614} INFO - Dependencies all met for dep_context=non-requeueable deps ti=<TaskInstance: iot_sensor_data_dag.generate_sensor_data scheduled__2025-11-13T18:12:00+00:00 [queued]>
[2025-11-13T18:12:16.444+0000] {taskinstance.py:2614} INFO - Dependencies all met for dep_context=requeueable deps ti=<TaskInstance: iot_sensor_data_dag.generate_sensor_data scheduled__2025-11-13T18:12:00+00:00 [queued]>
[2025-11-13T18:12:16.445+0000] {taskinstance.py:2867} INFO - Starting attempt 1 of 1
[2025-11-13T18:12:16.561+0000] {taskinstance.py:2890} INFO - Executing <Task(PythonOperator): generate_sensor_data> on 2025-11-13 18:12:00+00:00
[2025-11-13T18:12:16.568+0000] {warnings.py:112} WARNING - /home/***/.local/lib/python3.12/site-packages/***/task/task_runner/standard_task_runner.py:70: DeprecationWarning: This process (pid=2388) is multi-threaded, use of fork() may lead to deadlocks in the child.
  pid = os.fork()

[2025-11-13T18:12:16.570+0000] {standard_task_runner.py:72} INFO - Started process 2390 to run task
[2025-11-13T18:12:16.570+0000] {standard_task_runner.py:104} INFO - Running: ['***', 'tasks', 'run', 'iot_sensor_data_dag', 'generate_sensor_data', 'scheduled__2025-11-13T18:12:00+00:00', '--job-id', '442', '--raw', '--subdir', 'DAGS_FOLDER/DEPI.py', '--cfg-path', '/tmp/tmpzlz45tk9']
[2025-11-13T18:12:16.571+0000] {standard_task_runner.py:105} INFO - Job 442: Subtask generate_sensor_data
[2025-11-13T18:12:16.611+0000] {task_command.py:467} INFO - Running <TaskInstance: iot_sensor_data_dag.generate_sensor_data scheduled__2025-11-13T18:12:00+00:00 [running]> on host 4f76d54186b6
[2025-11-13T18:12:16.674+0000] {taskinstance.py:3134} INFO - Exporting env vars: AIRFLOW_CTX_DAG_OWNER='***' AIRFLOW_CTX_DAG_ID='iot_sensor_data_dag' AIRFLOW_CTX_TASK_ID='generate_sensor_data' AIRFLOW_CTX_EXECUTION_DATE='2025-11-13T18:12:00+00:00' AIRFLOW_CTX_TRY_NUMBER='1' AIRFLOW_CTX_DAG_RUN_ID='scheduled__2025-11-13T18:12:00+00:00'
[2025-11-13T18:12:16.676+0000] {logging_mixin.py:190} INFO - Task instance is in running state
[2025-11-13T18:12:16.676+0000] {logging_mixin.py:190} INFO -  Previous state of the Task instance: queued
[2025-11-13T18:12:16.677+0000] {logging_mixin.py:190} INFO - Current task name:generate_sensor_data state:running start_date:2025-11-13 18:12:16.439438+00:00
[2025-11-13T18:12:16.678+0000] {logging_mixin.py:190} INFO - Dag name:iot_sensor_data_dag and current dag run status:running
[2025-11-13T18:12:16.678+0000] {taskinstance.py:732} INFO - ::endgroup::
[2025-11-13T18:12:16.706+0000] {logging_mixin.py:190} INFO - [2025-11-13 18:12:16.694460] Inserted sensor data: {'time': datetime.datetime(2025, 11, 13, 18, 12, 16, 694460), 'temperature': 27.52045819132977, 'Dissolved_oxygen': 6.055280794408496, 'PH': 7.590894352327541, 'Ammonia': 0.010399963435955286, 'Nitrite': 0.04949313464539769, 'Turbidty': 39.09327301685165, '_id': ObjectId('69161f8069d2cfac07ab45a2')}
[2025-11-13T18:12:16.708+0000] {python.py:218} INFO - Done. Returned value was: None
[2025-11-13T18:12:16.719+0000] {taskinstance.py:341} INFO - ::group::Post task execution logs
[2025-11-13T18:12:16.719+0000] {taskinstance.py:353} INFO - Marking task as SUCCESS. dag_id=iot_sensor_data_dag, task_id=generate_sensor_data, run_id=scheduled__2025-11-13T18:12:00+00:00, execution_date=20251113T181200, start_date=20251113T181216, end_date=20251113T181216
[2025-11-13T18:12:16.737+0000] {logging_mixin.py:190} INFO - Task instance in success state
[2025-11-13T18:12:16.737+0000] {logging_mixin.py:190} INFO -  Previous state of the Task instance: running
[2025-11-13T18:12:16.738+0000] {logging_mixin.py:190} INFO - Dag name:iot_sensor_data_dag queued_at:2025-11-13 18:12:15.239909+00:00
[2025-11-13T18:12:16.738+0000] {logging_mixin.py:190} INFO - Task hostname:4f76d54186b6 operator:PythonOperator
[2025-11-13T18:12:16.755+0000] {local_task_job_runner.py:266} INFO - Task exited with return code 0
[2025-11-13T18:12:16.773+0000] {taskinstance.py:3901} INFO - 0 downstream tasks scheduled from follow-on schedule check
[2025-11-13T18:12:16.777+0000] {local_task_job_runner.py:245} INFO - ::endgroup::
