[2025-11-13T19:00:31.609+0000] {local_task_job_runner.py:123} INFO - ::group::Pre task execution logs
[2025-11-13T19:00:31.623+0000] {taskinstance.py:2614} INFO - Dependencies all met for dep_context=non-requeueable deps ti=<TaskInstance: iot_sensor_data_dag.generate_sensor_data scheduled__2025-11-13T19:00:15+00:00 [queued]>
[2025-11-13T19:00:31.630+0000] {taskinstance.py:2614} INFO - Dependencies all met for dep_context=requeueable deps ti=<TaskInstance: iot_sensor_data_dag.generate_sensor_data scheduled__2025-11-13T19:00:15+00:00 [queued]>
[2025-11-13T19:00:31.631+0000] {taskinstance.py:2867} INFO - Starting attempt 1 of 1
[2025-11-13T19:00:31.757+0000] {taskinstance.py:2890} INFO - Executing <Task(PythonOperator): generate_sensor_data> on 2025-11-13 19:00:15+00:00
[2025-11-13T19:00:31.763+0000] {warnings.py:112} WARNING - /home/***/.local/lib/python3.12/site-packages/***/task/task_runner/standard_task_runner.py:70: DeprecationWarning: This process (pid=4415) is multi-threaded, use of fork() may lead to deadlocks in the child.
  pid = os.fork()

[2025-11-13T19:00:31.765+0000] {standard_task_runner.py:104} INFO - Running: ['***', 'tasks', 'run', 'iot_sensor_data_dag', 'generate_sensor_data', 'scheduled__2025-11-13T19:00:15+00:00', '--job-id', '635', '--raw', '--subdir', 'DAGS_FOLDER/DEPI.py', '--cfg-path', '/tmp/tmp6pdtddx1']
[2025-11-13T19:00:31.766+0000] {standard_task_runner.py:72} INFO - Started process 4417 to run task
[2025-11-13T19:00:31.767+0000] {standard_task_runner.py:105} INFO - Job 635: Subtask generate_sensor_data
[2025-11-13T19:00:31.803+0000] {task_command.py:467} INFO - Running <TaskInstance: iot_sensor_data_dag.generate_sensor_data scheduled__2025-11-13T19:00:15+00:00 [running]> on host 4f76d54186b6
[2025-11-13T19:00:31.864+0000] {taskinstance.py:3134} INFO - Exporting env vars: AIRFLOW_CTX_DAG_OWNER='***' AIRFLOW_CTX_DAG_ID='iot_sensor_data_dag' AIRFLOW_CTX_TASK_ID='generate_sensor_data' AIRFLOW_CTX_EXECUTION_DATE='2025-11-13T19:00:15+00:00' AIRFLOW_CTX_TRY_NUMBER='1' AIRFLOW_CTX_DAG_RUN_ID='scheduled__2025-11-13T19:00:15+00:00'
[2025-11-13T19:00:31.879+0000] {logging_mixin.py:190} INFO - Task instance is in running state
[2025-11-13T19:00:31.890+0000] {logging_mixin.py:190} INFO -  Previous state of the Task instance: queued
[2025-11-13T19:00:31.891+0000] {logging_mixin.py:190} INFO - Current task name:generate_sensor_data state:running start_date:2025-11-13 19:00:31.624604+00:00
[2025-11-13T19:00:31.892+0000] {logging_mixin.py:190} INFO - Dag name:iot_sensor_data_dag and current dag run status:running
[2025-11-13T19:00:31.893+0000] {taskinstance.py:732} INFO - ::endgroup::
[2025-11-13T19:00:31.946+0000] {logging_mixin.py:190} INFO - [2025-11-13 19:00:31.927009] Inserted sensor data: {'time': datetime.datetime(2025, 11, 13, 19, 0, 31, 927009), 'temperature': 27.481888930386646, 'Dissolved_oxygen': 5.944586947841313, 'PH': 7.523620441418418, 'Ammonia': 0.009452945641958243, 'Nitrite': 0.047132229990020785, 'Turbidty': 40.11055541248517, '_id': ObjectId('69162acf51209af5c0960c56')}
[2025-11-13T19:00:31.948+0000] {python.py:218} INFO - Done. Returned value was: None
[2025-11-13T19:00:31.958+0000] {taskinstance.py:341} INFO - ::group::Post task execution logs
[2025-11-13T19:00:31.959+0000] {taskinstance.py:353} INFO - Marking task as SUCCESS. dag_id=iot_sensor_data_dag, task_id=generate_sensor_data, run_id=scheduled__2025-11-13T19:00:15+00:00, execution_date=20251113T190015, start_date=20251113T190031, end_date=20251113T190031
[2025-11-13T19:00:31.976+0000] {logging_mixin.py:190} INFO - Task instance in success state
[2025-11-13T19:00:31.977+0000] {logging_mixin.py:190} INFO -  Previous state of the Task instance: running
[2025-11-13T19:00:31.978+0000] {logging_mixin.py:190} INFO - Dag name:iot_sensor_data_dag queued_at:2025-11-13 19:00:30.310566+00:00
[2025-11-13T19:00:31.978+0000] {logging_mixin.py:190} INFO - Task hostname:4f76d54186b6 operator:PythonOperator
[2025-11-13T19:00:32.024+0000] {local_task_job_runner.py:266} INFO - Task exited with return code 0
[2025-11-13T19:00:32.044+0000] {taskinstance.py:3901} INFO - 0 downstream tasks scheduled from follow-on schedule check
[2025-11-13T19:00:32.048+0000] {local_task_job_runner.py:245} INFO - ::endgroup::
