[2025-11-13T17:53:47.314+0000] {local_task_job_runner.py:123} INFO - ::group::Pre task execution logs
[2025-11-13T17:53:47.339+0000] {taskinstance.py:2614} INFO - Dependencies all met for dep_context=non-requeueable deps ti=<TaskInstance: iot_sensor_data_dag.generate_sensor_data scheduled__2025-11-13T17:53:30+00:00 [queued]>
[2025-11-13T17:53:47.348+0000] {taskinstance.py:2614} INFO - Dependencies all met for dep_context=requeueable deps ti=<TaskInstance: iot_sensor_data_dag.generate_sensor_data scheduled__2025-11-13T17:53:30+00:00 [queued]>
[2025-11-13T17:53:47.350+0000] {taskinstance.py:2867} INFO - Starting attempt 1 of 1
[2025-11-13T17:53:47.527+0000] {taskinstance.py:2890} INFO - Executing <Task(PythonOperator): generate_sensor_data> on 2025-11-13 17:53:30+00:00
[2025-11-13T17:53:47.538+0000] {warnings.py:112} WARNING - /home/***/.local/lib/python3.12/site-packages/***/task/task_runner/standard_task_runner.py:70: DeprecationWarning: This process (pid=1620) is multi-threaded, use of fork() may lead to deadlocks in the child.
  pid = os.fork()

[2025-11-13T17:53:47.541+0000] {standard_task_runner.py:72} INFO - Started process 1622 to run task
[2025-11-13T17:53:47.542+0000] {standard_task_runner.py:104} INFO - Running: ['***', 'tasks', 'run', 'iot_sensor_data_dag', 'generate_sensor_data', 'scheduled__2025-11-13T17:53:30+00:00', '--job-id', '368', '--raw', '--subdir', 'DAGS_FOLDER/DEPI.py', '--cfg-path', '/tmp/tmpyga6hj8j']
[2025-11-13T17:53:47.543+0000] {standard_task_runner.py:105} INFO - Job 368: Subtask generate_sensor_data
[2025-11-13T17:53:47.614+0000] {task_command.py:467} INFO - Running <TaskInstance: iot_sensor_data_dag.generate_sensor_data scheduled__2025-11-13T17:53:30+00:00 [running]> on host 4f76d54186b6
[2025-11-13T17:53:47.733+0000] {taskinstance.py:3134} INFO - Exporting env vars: AIRFLOW_CTX_DAG_OWNER='***' AIRFLOW_CTX_DAG_ID='iot_sensor_data_dag' AIRFLOW_CTX_TASK_ID='generate_sensor_data' AIRFLOW_CTX_EXECUTION_DATE='2025-11-13T17:53:30+00:00' AIRFLOW_CTX_TRY_NUMBER='1' AIRFLOW_CTX_DAG_RUN_ID='scheduled__2025-11-13T17:53:30+00:00'
[2025-11-13T17:53:47.736+0000] {logging_mixin.py:190} INFO - Task instance is in running state
[2025-11-13T17:53:47.737+0000] {logging_mixin.py:190} INFO -  Previous state of the Task instance: queued
[2025-11-13T17:53:47.738+0000] {logging_mixin.py:190} INFO - Current task name:generate_sensor_data state:running start_date:2025-11-13 17:53:47.340862+00:00
[2025-11-13T17:53:47.739+0000] {logging_mixin.py:190} INFO - Dag name:iot_sensor_data_dag and current dag run status:running
[2025-11-13T17:53:47.740+0000] {taskinstance.py:732} INFO - ::endgroup::
[2025-11-13T17:53:47.790+0000] {logging_mixin.py:190} INFO - [2025-11-13 17:53:47.764002] Inserted sensor data: {'time': datetime.datetime(2025, 11, 13, 17, 53, 47, 764002), 'temperature': 27.35740636834434, 'Dissolved_oxygen': 5.9512639450034, 'PH': 7.5570704579731505, 'Ammonia': 0.01046663164107164, 'Nitrite': 0.05207832717480813, 'Turbidty': 39.027873483142336, '_id': ObjectId('69161b2b19cfa9d51e7afe12')}
[2025-11-13T17:53:47.794+0000] {python.py:218} INFO - Done. Returned value was: None
[2025-11-13T17:53:47.815+0000] {taskinstance.py:341} INFO - ::group::Post task execution logs
[2025-11-13T17:53:47.816+0000] {taskinstance.py:353} INFO - Marking task as SUCCESS. dag_id=iot_sensor_data_dag, task_id=generate_sensor_data, run_id=scheduled__2025-11-13T17:53:30+00:00, execution_date=20251113T175330, start_date=20251113T175347, end_date=20251113T175347
[2025-11-13T17:53:47.855+0000] {logging_mixin.py:190} INFO - Task instance in success state
[2025-11-13T17:53:47.856+0000] {logging_mixin.py:190} INFO -  Previous state of the Task instance: running
[2025-11-13T17:53:47.857+0000] {logging_mixin.py:190} INFO - Dag name:iot_sensor_data_dag queued_at:2025-11-13 17:53:45.066775+00:00
[2025-11-13T17:53:47.859+0000] {logging_mixin.py:190} INFO - Task hostname:4f76d54186b6 operator:PythonOperator
[2025-11-13T17:53:47.892+0000] {local_task_job_runner.py:266} INFO - Task exited with return code 0
[2025-11-13T17:53:47.932+0000] {taskinstance.py:3901} INFO - 0 downstream tasks scheduled from follow-on schedule check
[2025-11-13T17:53:47.940+0000] {local_task_job_runner.py:245} INFO - ::endgroup::
