[2025-11-13T19:18:01.608+0000] {local_task_job_runner.py:123} INFO - ::group::Pre task execution logs
[2025-11-13T19:18:01.623+0000] {taskinstance.py:2614} INFO - Dependencies all met for dep_context=non-requeueable deps ti=<TaskInstance: iot_sensor_data_dag.generate_sensor_data scheduled__2025-11-13T19:17:45+00:00 [queued]>
[2025-11-13T19:18:01.630+0000] {taskinstance.py:2614} INFO - Dependencies all met for dep_context=requeueable deps ti=<TaskInstance: iot_sensor_data_dag.generate_sensor_data scheduled__2025-11-13T19:17:45+00:00 [queued]>
[2025-11-13T19:18:01.632+0000] {taskinstance.py:2867} INFO - Starting attempt 1 of 1
[2025-11-13T19:18:01.765+0000] {taskinstance.py:2890} INFO - Executing <Task(PythonOperator): generate_sensor_data> on 2025-11-13 19:17:45+00:00
[2025-11-13T19:18:01.772+0000] {warnings.py:112} WARNING - /home/***/.local/lib/python3.12/site-packages/***/task/task_runner/standard_task_runner.py:70: DeprecationWarning: This process (pid=5142) is multi-threaded, use of fork() may lead to deadlocks in the child.
  pid = os.fork()

[2025-11-13T19:18:01.774+0000] {standard_task_runner.py:72} INFO - Started process 5144 to run task
[2025-11-13T19:18:01.774+0000] {standard_task_runner.py:104} INFO - Running: ['***', 'tasks', 'run', 'iot_sensor_data_dag', 'generate_sensor_data', 'scheduled__2025-11-13T19:17:45+00:00', '--job-id', '705', '--raw', '--subdir', 'DAGS_FOLDER/DEPI.py', '--cfg-path', '/tmp/tmpufkn6l6e']
[2025-11-13T19:18:01.776+0000] {standard_task_runner.py:105} INFO - Job 705: Subtask generate_sensor_data
[2025-11-13T19:18:01.826+0000] {task_command.py:467} INFO - Running <TaskInstance: iot_sensor_data_dag.generate_sensor_data scheduled__2025-11-13T19:17:45+00:00 [running]> on host 4f76d54186b6
[2025-11-13T19:18:01.902+0000] {taskinstance.py:3134} INFO - Exporting env vars: AIRFLOW_CTX_DAG_OWNER='***' AIRFLOW_CTX_DAG_ID='iot_sensor_data_dag' AIRFLOW_CTX_TASK_ID='generate_sensor_data' AIRFLOW_CTX_EXECUTION_DATE='2025-11-13T19:17:45+00:00' AIRFLOW_CTX_TRY_NUMBER='1' AIRFLOW_CTX_DAG_RUN_ID='scheduled__2025-11-13T19:17:45+00:00'
[2025-11-13T19:18:01.904+0000] {logging_mixin.py:190} INFO - Task instance is in running state
[2025-11-13T19:18:01.905+0000] {logging_mixin.py:190} INFO -  Previous state of the Task instance: queued
[2025-11-13T19:18:01.906+0000] {logging_mixin.py:190} INFO - Current task name:generate_sensor_data state:running start_date:2025-11-13 19:18:01.624593+00:00
[2025-11-13T19:18:01.907+0000] {logging_mixin.py:190} INFO - Dag name:iot_sensor_data_dag and current dag run status:running
[2025-11-13T19:18:01.908+0000] {taskinstance.py:732} INFO - ::endgroup::
[2025-11-13T19:18:01.949+0000] {logging_mixin.py:190} INFO - [2025-11-13 19:18:01.927241] Inserted sensor data: {'time': datetime.datetime(2025, 11, 13, 19, 18, 1, 927241), 'temperature': 27.317751233672944, 'Dissolved_oxygen': 5.9768309700060245, 'PH': 7.414356698063055, 'Ammonia': 0.01011012604829377, 'Nitrite': 0.0545046784858666, 'Turbidty': 39.94232900177079, '_id': ObjectId('69162ee91550b21a497d79d5')}
[2025-11-13T19:18:01.952+0000] {python.py:218} INFO - Done. Returned value was: None
[2025-11-13T19:18:01.964+0000] {taskinstance.py:341} INFO - ::group::Post task execution logs
[2025-11-13T19:18:01.965+0000] {taskinstance.py:353} INFO - Marking task as SUCCESS. dag_id=iot_sensor_data_dag, task_id=generate_sensor_data, run_id=scheduled__2025-11-13T19:17:45+00:00, execution_date=20251113T191745, start_date=20251113T191801, end_date=20251113T191801
[2025-11-13T19:18:01.987+0000] {logging_mixin.py:190} INFO - Task instance in success state
[2025-11-13T19:18:01.988+0000] {logging_mixin.py:190} INFO -  Previous state of the Task instance: running
[2025-11-13T19:18:01.988+0000] {logging_mixin.py:190} INFO - Dag name:iot_sensor_data_dag queued_at:2025-11-13 19:18:00.062098+00:00
[2025-11-13T19:18:01.989+0000] {logging_mixin.py:190} INFO - Task hostname:4f76d54186b6 operator:PythonOperator
[2025-11-13T19:18:02.001+0000] {local_task_job_runner.py:266} INFO - Task exited with return code 0
[2025-11-13T19:18:02.024+0000] {taskinstance.py:3901} INFO - 0 downstream tasks scheduled from follow-on schedule check
[2025-11-13T19:18:02.028+0000] {local_task_job_runner.py:245} INFO - ::endgroup::
