[2025-11-16T23:39:37.141+0000] {local_task_job_runner.py:123} INFO - ::group::Pre task execution logs
[2025-11-16T23:39:37.155+0000] {taskinstance.py:2614} INFO - Dependencies all met for dep_context=non-requeueable deps ti=<TaskInstance: iot_sensor_data_dag.generate_sensor_data scheduled__2025-11-16T23:39:10+00:00 [queued]>
[2025-11-16T23:39:37.161+0000] {taskinstance.py:2614} INFO - Dependencies all met for dep_context=requeueable deps ti=<TaskInstance: iot_sensor_data_dag.generate_sensor_data scheduled__2025-11-16T23:39:10+00:00 [queued]>
[2025-11-16T23:39:37.161+0000] {taskinstance.py:2867} INFO - Starting attempt 1 of 1
[2025-11-16T23:39:37.173+0000] {taskinstance.py:2890} INFO - Executing <Task(PythonOperator): generate_sensor_data> on 2025-11-16 23:39:10+00:00
[2025-11-16T23:39:37.181+0000] {warnings.py:112} WARNING - /home/***/.local/lib/python3.12/site-packages/***/task/task_runner/standard_task_runner.py:70: DeprecationWarning: This process (pid=2581) is multi-threaded, use of fork() may lead to deadlocks in the child.
  pid = os.fork()

[2025-11-16T23:39:37.182+0000] {standard_task_runner.py:72} INFO - Started process 2584 to run task
[2025-11-16T23:39:37.183+0000] {standard_task_runner.py:104} INFO - Running: ['***', 'tasks', 'run', 'iot_sensor_data_dag', 'generate_sensor_data', 'scheduled__2025-11-16T23:39:10+00:00', '--job-id', '2198', '--raw', '--subdir', 'DAGS_FOLDER/DEPI.py', '--cfg-path', '/tmp/tmp06h8fhe3']
[2025-11-16T23:39:37.184+0000] {standard_task_runner.py:105} INFO - Job 2198: Subtask generate_sensor_data
[2025-11-16T23:39:37.497+0000] {task_command.py:467} INFO - Running <TaskInstance: iot_sensor_data_dag.generate_sensor_data scheduled__2025-11-16T23:39:10+00:00 [running]> on host 4f76d54186b6
[2025-11-16T23:39:37.568+0000] {taskinstance.py:3134} INFO - Exporting env vars: AIRFLOW_CTX_DAG_OWNER='***' AIRFLOW_CTX_DAG_ID='iot_sensor_data_dag' AIRFLOW_CTX_TASK_ID='generate_sensor_data' AIRFLOW_CTX_EXECUTION_DATE='2025-11-16T23:39:10+00:00' AIRFLOW_CTX_TRY_NUMBER='1' AIRFLOW_CTX_DAG_RUN_ID='scheduled__2025-11-16T23:39:10+00:00'
[2025-11-16T23:39:37.569+0000] {logging_mixin.py:190} INFO - Task instance is in running state
[2025-11-16T23:39:37.570+0000] {logging_mixin.py:190} INFO -  Previous state of the Task instance: queued
[2025-11-16T23:39:37.570+0000] {logging_mixin.py:190} INFO - Current task name:generate_sensor_data state:running start_date:2025-11-16 23:39:37.155685+00:00
[2025-11-16T23:39:37.571+0000] {logging_mixin.py:190} INFO - Dag name:iot_sensor_data_dag and current dag run status:running
[2025-11-16T23:39:37.571+0000] {taskinstance.py:732} INFO - ::endgroup::
[2025-11-16T23:44:45.817+0000] {python.py:218} INFO - Done. Returned value was: None
[2025-11-16T23:44:45.828+0000] {taskinstance.py:341} INFO - ::group::Post task execution logs
[2025-11-16T23:44:45.830+0000] {taskinstance.py:353} INFO - Marking task as SUCCESS. dag_id=iot_sensor_data_dag, task_id=generate_sensor_data, run_id=scheduled__2025-11-16T23:39:10+00:00, execution_date=20251116T233910, start_date=20251116T233937, end_date=20251116T234445
[2025-11-16T23:44:45.854+0000] {logging_mixin.py:190} INFO - Task instance in success state
[2025-11-16T23:44:45.855+0000] {logging_mixin.py:190} INFO -  Previous state of the Task instance: running
[2025-11-16T23:44:45.856+0000] {logging_mixin.py:190} INFO - Dag name:iot_sensor_data_dag queued_at:2025-11-16 23:39:35.700417+00:00
[2025-11-16T23:44:45.856+0000] {logging_mixin.py:190} INFO - Task hostname:4f76d54186b6 operator:PythonOperator
[2025-11-16T23:44:45.908+0000] {local_task_job_runner.py:266} INFO - Task exited with return code 0
[2025-11-16T23:44:45.919+0000] {taskinstance.py:3901} INFO - 0 downstream tasks scheduled from follow-on schedule check
[2025-11-16T23:44:45.922+0000] {local_task_job_runner.py:245} INFO - ::endgroup::
