[2025-11-13T17:21:01.875+0000] {local_task_job_runner.py:123} INFO - ::group::Pre task execution logs
[2025-11-13T17:21:01.889+0000] {taskinstance.py:2614} INFO - Dependencies all met for dep_context=non-requeueable deps ti=<TaskInstance: iot_sensor_data_dag.generate_sensor_data scheduled__2025-11-13T17:20:45+00:00 [queued]>
[2025-11-13T17:21:01.897+0000] {taskinstance.py:2614} INFO - Dependencies all met for dep_context=requeueable deps ti=<TaskInstance: iot_sensor_data_dag.generate_sensor_data scheduled__2025-11-13T17:20:45+00:00 [queued]>
[2025-11-13T17:21:01.898+0000] {taskinstance.py:2867} INFO - Starting attempt 1 of 1
[2025-11-13T17:21:02.074+0000] {taskinstance.py:2890} INFO - Executing <Task(PythonOperator): generate_sensor_data> on 2025-11-13 17:20:45+00:00
[2025-11-13T17:21:02.083+0000] {warnings.py:112} WARNING - /home/***/.local/lib/python3.12/site-packages/***/task/task_runner/standard_task_runner.py:70: DeprecationWarning: This process (pid=254) is multi-threaded, use of fork() may lead to deadlocks in the child.
  pid = os.fork()

[2025-11-13T17:21:02.086+0000] {standard_task_runner.py:72} INFO - Started process 256 to run task
[2025-11-13T17:21:02.086+0000] {standard_task_runner.py:104} INFO - Running: ['***', 'tasks', 'run', 'iot_sensor_data_dag', 'generate_sensor_data', 'scheduled__2025-11-13T17:20:45+00:00', '--job-id', '237', '--raw', '--subdir', 'DAGS_FOLDER/DEPI.py', '--cfg-path', '/tmp/tmp1gvm_gxo']
[2025-11-13T17:21:02.088+0000] {standard_task_runner.py:105} INFO - Job 237: Subtask generate_sensor_data
[2025-11-13T17:21:02.136+0000] {task_command.py:467} INFO - Running <TaskInstance: iot_sensor_data_dag.generate_sensor_data scheduled__2025-11-13T17:20:45+00:00 [running]> on host 4f76d54186b6
[2025-11-13T17:21:02.213+0000] {taskinstance.py:3134} INFO - Exporting env vars: AIRFLOW_CTX_DAG_OWNER='***' AIRFLOW_CTX_DAG_ID='iot_sensor_data_dag' AIRFLOW_CTX_TASK_ID='generate_sensor_data' AIRFLOW_CTX_EXECUTION_DATE='2025-11-13T17:20:45+00:00' AIRFLOW_CTX_TRY_NUMBER='1' AIRFLOW_CTX_DAG_RUN_ID='scheduled__2025-11-13T17:20:45+00:00'
[2025-11-13T17:21:02.215+0000] {logging_mixin.py:190} INFO - Task instance is in running state
[2025-11-13T17:21:02.215+0000] {logging_mixin.py:190} INFO -  Previous state of the Task instance: queued
[2025-11-13T17:21:02.216+0000] {logging_mixin.py:190} INFO - Current task name:generate_sensor_data state:running start_date:2025-11-13 17:21:01.890510+00:00
[2025-11-13T17:21:02.216+0000] {logging_mixin.py:190} INFO - Dag name:iot_sensor_data_dag and current dag run status:running
[2025-11-13T17:21:02.217+0000] {taskinstance.py:732} INFO - ::endgroup::
[2025-11-13T17:21:02.248+0000] {logging_mixin.py:190} INFO - [2025-11-13 17:21:02.234348] Inserted sensor data: {'time': datetime.datetime(2025, 11, 13, 17, 21, 2, 234348), 'temperature': 27.47055670766797, 'Dissolved_oxygen': 6.02403665233128, 'PH': 7.581343561447196, 'Ammonia': 0.009328085393612295, 'Nitrite': 0.04784209951591038, 'Turbidty': 40.97993924413185, '_id': ObjectId('6916137ecd6364e9e8df23a2')}
[2025-11-13T17:21:02.250+0000] {python.py:218} INFO - Done. Returned value was: None
[2025-11-13T17:21:02.260+0000] {taskinstance.py:341} INFO - ::group::Post task execution logs
[2025-11-13T17:21:02.261+0000] {taskinstance.py:353} INFO - Marking task as SUCCESS. dag_id=iot_sensor_data_dag, task_id=generate_sensor_data, run_id=scheduled__2025-11-13T17:20:45+00:00, execution_date=20251113T172045, start_date=20251113T172101, end_date=20251113T172102
[2025-11-13T17:21:02.283+0000] {logging_mixin.py:190} INFO - Task instance in success state
[2025-11-13T17:21:02.284+0000] {logging_mixin.py:190} INFO -  Previous state of the Task instance: running
[2025-11-13T17:21:02.284+0000] {logging_mixin.py:190} INFO - Dag name:iot_sensor_data_dag queued_at:2025-11-13 17:21:00.363178+00:00
[2025-11-13T17:21:02.285+0000] {logging_mixin.py:190} INFO - Task hostname:4f76d54186b6 operator:PythonOperator
[2025-11-13T17:21:02.306+0000] {local_task_job_runner.py:266} INFO - Task exited with return code 0
[2025-11-13T17:21:02.330+0000] {taskinstance.py:3901} INFO - 0 downstream tasks scheduled from follow-on schedule check
[2025-11-13T17:21:02.334+0000] {local_task_job_runner.py:245} INFO - ::endgroup::
