[2025-11-15T12:30:48.605+0000] {local_task_job_runner.py:123} INFO - ::group::Pre task execution logs
[2025-11-15T12:30:48.631+0000] {taskinstance.py:2614} INFO - Dependencies all met for dep_context=non-requeueable deps ti=<TaskInstance: iot_sensor_data_dag.generate_sensor_data scheduled__2025-11-15T12:29:45+00:00 [queued]>
[2025-11-15T12:30:48.637+0000] {taskinstance.py:2614} INFO - Dependencies all met for dep_context=requeueable deps ti=<TaskInstance: iot_sensor_data_dag.generate_sensor_data scheduled__2025-11-15T12:29:45+00:00 [queued]>
[2025-11-15T12:30:48.638+0000] {taskinstance.py:2867} INFO - Starting attempt 1 of 1
[2025-11-15T12:30:48.650+0000] {taskinstance.py:2890} INFO - Executing <Task(PythonOperator): generate_sensor_data> on 2025-11-15 12:29:45+00:00
[2025-11-15T12:30:48.660+0000] {warnings.py:112} WARNING - /home/***/.local/lib/python3.12/site-packages/***/task/task_runner/standard_task_runner.py:70: DeprecationWarning: This process (pid=1343) is multi-threaded, use of fork() may lead to deadlocks in the child.
  pid = os.fork()

[2025-11-15T12:30:48.661+0000] {standard_task_runner.py:104} INFO - Running: ['***', 'tasks', 'run', 'iot_sensor_data_dag', 'generate_sensor_data', 'scheduled__2025-11-15T12:29:45+00:00', '--job-id', '1271', '--raw', '--subdir', 'DAGS_FOLDER/DEPI.py', '--cfg-path', '/tmp/tmpkmqat77c']
[2025-11-15T12:30:48.663+0000] {standard_task_runner.py:72} INFO - Started process 1348 to run task
[2025-11-15T12:30:48.663+0000] {standard_task_runner.py:105} INFO - Job 1271: Subtask generate_sensor_data
[2025-11-15T12:31:17.618+0000] {task_command.py:467} INFO - Running <TaskInstance: iot_sensor_data_dag.generate_sensor_data scheduled__2025-11-15T12:29:45+00:00 [running]> on host 4f76d54186b6
[2025-11-15T12:31:17.737+0000] {taskinstance.py:3134} INFO - Exporting env vars: AIRFLOW_CTX_DAG_OWNER='***' AIRFLOW_CTX_DAG_ID='iot_sensor_data_dag' AIRFLOW_CTX_TASK_ID='generate_sensor_data' AIRFLOW_CTX_EXECUTION_DATE='2025-11-15T12:29:45+00:00' AIRFLOW_CTX_TRY_NUMBER='1' AIRFLOW_CTX_DAG_RUN_ID='scheduled__2025-11-15T12:29:45+00:00'
[2025-11-15T12:31:17.739+0000] {logging_mixin.py:190} INFO - Task instance is in running state
[2025-11-15T12:31:17.739+0000] {logging_mixin.py:190} INFO -  Previous state of the Task instance: queued
[2025-11-15T12:31:17.740+0000] {logging_mixin.py:190} INFO - Current task name:generate_sensor_data state:running start_date:2025-11-15 12:30:48.632126+00:00
[2025-11-15T12:31:17.743+0000] {logging_mixin.py:190} INFO - Dag name:iot_sensor_data_dag and current dag run status:running
[2025-11-15T12:31:17.745+0000] {taskinstance.py:732} INFO - ::endgroup::
[2025-11-15T12:31:17.790+0000] {job.py:229} INFO - Heartbeat recovered after 29.25 seconds
[2025-11-15T12:31:17.854+0000] {logging_mixin.py:190} INFO - [2025-11-15 12:31:17.833341] Inserted sensor data: {'time': '2025-11-15T12:31:17.833341', 'temperature': 27.366468355644546, 'Dissolved_oxygen': 6.08306082973326, 'PH': 7.4206427084446105, 'Ammonia': 0.009395966593608467, 'Nitrite': 0.054477519293087306, 'Turbidty': 39.814616584140936, '_id': '6918729526b7e765b628c416'}
[2025-11-16T19:14:19.892+0000] {local_task_job_runner.py:123} INFO - ::group::Pre task execution logs
[2025-11-16T19:14:19.918+0000] {taskinstance.py:2604} INFO - Dependencies not met for <TaskInstance: iot_sensor_data_dag.generate_sensor_data scheduled__2025-11-15T12:29:45+00:00 [failed]>, dependency 'Task Instance State' FAILED: Task is in the 'failed' state.
[2025-11-16T19:14:19.921+0000] {local_task_job_runner.py:166} INFO - Task is not able to be run
