[2025-11-14T14:21:02.198+0000] {local_task_job_runner.py:123} INFO - ::group::Pre task execution logs
[2025-11-14T14:21:02.210+0000] {taskinstance.py:2614} INFO - Dependencies all met for dep_context=non-requeueable deps ti=<TaskInstance: iot_sensor_data_dag.generate_sensor_data scheduled__2025-11-14T14:20:45+00:00 [queued]>
[2025-11-14T14:21:02.215+0000] {taskinstance.py:2614} INFO - Dependencies all met for dep_context=requeueable deps ti=<TaskInstance: iot_sensor_data_dag.generate_sensor_data scheduled__2025-11-14T14:20:45+00:00 [queued]>
[2025-11-14T14:21:02.216+0000] {taskinstance.py:2867} INFO - Starting attempt 1 of 1
[2025-11-14T14:21:02.335+0000] {taskinstance.py:2890} INFO - Executing <Task(PythonOperator): generate_sensor_data> on 2025-11-14 14:20:45+00:00
[2025-11-14T14:21:02.341+0000] {warnings.py:112} WARNING - /home/***/.local/lib/python3.12/site-packages/***/task/task_runner/standard_task_runner.py:70: DeprecationWarning: This process (pid=141) is multi-threaded, use of fork() may lead to deadlocks in the child.
  pid = os.fork()

[2025-11-14T14:21:02.343+0000] {standard_task_runner.py:72} INFO - Started process 143 to run task
[2025-11-14T14:21:02.343+0000] {standard_task_runner.py:104} INFO - Running: ['***', 'tasks', 'run', 'iot_sensor_data_dag', 'generate_sensor_data', 'scheduled__2025-11-14T14:20:45+00:00', '--job-id', '766', '--raw', '--subdir', 'DAGS_FOLDER/DEPI.py', '--cfg-path', '/tmp/tmpdvykye7m']
[2025-11-14T14:21:02.344+0000] {standard_task_runner.py:105} INFO - Job 766: Subtask generate_sensor_data
[2025-11-14T14:21:02.386+0000] {task_command.py:467} INFO - Running <TaskInstance: iot_sensor_data_dag.generate_sensor_data scheduled__2025-11-14T14:20:45+00:00 [running]> on host 4f76d54186b6
[2025-11-14T14:21:02.443+0000] {taskinstance.py:3134} INFO - Exporting env vars: AIRFLOW_CTX_DAG_OWNER='***' AIRFLOW_CTX_DAG_ID='iot_sensor_data_dag' AIRFLOW_CTX_TASK_ID='generate_sensor_data' AIRFLOW_CTX_EXECUTION_DATE='2025-11-14T14:20:45+00:00' AIRFLOW_CTX_TRY_NUMBER='1' AIRFLOW_CTX_DAG_RUN_ID='scheduled__2025-11-14T14:20:45+00:00'
[2025-11-14T14:21:02.444+0000] {logging_mixin.py:190} INFO - Task instance is in running state
[2025-11-14T14:21:02.445+0000] {logging_mixin.py:190} INFO -  Previous state of the Task instance: queued
[2025-11-14T14:21:02.446+0000] {logging_mixin.py:190} INFO - Current task name:generate_sensor_data state:running start_date:2025-11-14 14:21:02.210851+00:00
[2025-11-14T14:21:02.446+0000] {logging_mixin.py:190} INFO - Dag name:iot_sensor_data_dag and current dag run status:running
[2025-11-14T14:21:02.446+0000] {taskinstance.py:732} INFO - ::endgroup::
[2025-11-14T14:21:02.473+0000] {logging_mixin.py:190} INFO - [2025-11-14 14:21:02.458827] Inserted sensor data: {'time': datetime.datetime(2025, 11, 14, 14, 21, 2, 458827), 'temperature': 27.480265215422016, 'Dissolved_oxygen': 6.095511391948252, 'PH': 7.483106793918802, 'Ammonia': 0.009711159129043044, 'Nitrite': 0.047010833957236896, 'Turbidty': 39.936343603495175, '_id': ObjectId('69173acece8ccdf69354a06a')}
[2025-11-14T14:21:02.474+0000] {python.py:218} INFO - Done. Returned value was: None
[2025-11-14T14:21:02.483+0000] {taskinstance.py:341} INFO - ::group::Post task execution logs
[2025-11-14T14:21:02.484+0000] {taskinstance.py:353} INFO - Marking task as SUCCESS. dag_id=iot_sensor_data_dag, task_id=generate_sensor_data, run_id=scheduled__2025-11-14T14:20:45+00:00, execution_date=20251114T142045, start_date=20251114T142102, end_date=20251114T142102
[2025-11-14T14:21:02.501+0000] {logging_mixin.py:190} INFO - Task instance in success state
[2025-11-14T14:21:02.513+0000] {logging_mixin.py:190} INFO -  Previous state of the Task instance: running
[2025-11-14T14:21:02.515+0000] {logging_mixin.py:190} INFO - Dag name:iot_sensor_data_dag queued_at:2025-11-14 14:21:01.020738+00:00
[2025-11-14T14:21:02.517+0000] {logging_mixin.py:190} INFO - Task hostname:4f76d54186b6 operator:PythonOperator
[2025-11-14T14:21:02.565+0000] {local_task_job_runner.py:266} INFO - Task exited with return code 0
[2025-11-14T14:21:02.591+0000] {taskinstance.py:3901} INFO - 0 downstream tasks scheduled from follow-on schedule check
[2025-11-14T14:21:02.595+0000] {local_task_job_runner.py:245} INFO - ::endgroup::
