[2025-11-13T17:34:16.589+0000] {local_task_job_runner.py:123} INFO - ::group::Pre task execution logs
[2025-11-13T17:34:16.603+0000] {taskinstance.py:2614} INFO - Dependencies all met for dep_context=non-requeueable deps ti=<TaskInstance: iot_sensor_data_dag.generate_sensor_data scheduled__2025-11-13T17:34:00+00:00 [queued]>
[2025-11-13T17:34:16.610+0000] {taskinstance.py:2614} INFO - Dependencies all met for dep_context=requeueable deps ti=<TaskInstance: iot_sensor_data_dag.generate_sensor_data scheduled__2025-11-13T17:34:00+00:00 [queued]>
[2025-11-13T17:34:16.612+0000] {taskinstance.py:2867} INFO - Starting attempt 1 of 1
[2025-11-13T17:34:16.776+0000] {taskinstance.py:2890} INFO - Executing <Task(PythonOperator): generate_sensor_data> on 2025-11-13 17:34:00+00:00
[2025-11-13T17:34:16.783+0000] {warnings.py:112} WARNING - /home/***/.local/lib/python3.12/site-packages/***/task/task_runner/standard_task_runner.py:70: DeprecationWarning: This process (pid=808) is multi-threaded, use of fork() may lead to deadlocks in the child.
  pid = os.fork()

[2025-11-13T17:34:16.785+0000] {standard_task_runner.py:72} INFO - Started process 810 to run task
[2025-11-13T17:34:16.785+0000] {standard_task_runner.py:104} INFO - Running: ['***', 'tasks', 'run', 'iot_sensor_data_dag', 'generate_sensor_data', 'scheduled__2025-11-13T17:34:00+00:00', '--job-id', '290', '--raw', '--subdir', 'DAGS_FOLDER/DEPI.py', '--cfg-path', '/tmp/tmp_yod9sp3']
[2025-11-13T17:34:16.787+0000] {standard_task_runner.py:105} INFO - Job 290: Subtask generate_sensor_data
[2025-11-13T17:34:16.832+0000] {task_command.py:467} INFO - Running <TaskInstance: iot_sensor_data_dag.generate_sensor_data scheduled__2025-11-13T17:34:00+00:00 [running]> on host 4f76d54186b6
[2025-11-13T17:34:16.910+0000] {taskinstance.py:3134} INFO - Exporting env vars: AIRFLOW_CTX_DAG_OWNER='***' AIRFLOW_CTX_DAG_ID='iot_sensor_data_dag' AIRFLOW_CTX_TASK_ID='generate_sensor_data' AIRFLOW_CTX_EXECUTION_DATE='2025-11-13T17:34:00+00:00' AIRFLOW_CTX_TRY_NUMBER='1' AIRFLOW_CTX_DAG_RUN_ID='scheduled__2025-11-13T17:34:00+00:00'
[2025-11-13T17:34:16.912+0000] {logging_mixin.py:190} INFO - Task instance is in running state
[2025-11-13T17:34:16.913+0000] {logging_mixin.py:190} INFO -  Previous state of the Task instance: queued
[2025-11-13T17:34:16.914+0000] {logging_mixin.py:190} INFO - Current task name:generate_sensor_data state:running start_date:2025-11-13 17:34:16.605351+00:00
[2025-11-13T17:34:16.915+0000] {logging_mixin.py:190} INFO - Dag name:iot_sensor_data_dag and current dag run status:running
[2025-11-13T17:34:16.916+0000] {taskinstance.py:732} INFO - ::endgroup::
[2025-11-13T17:34:16.951+0000] {logging_mixin.py:190} INFO - [2025-11-13 17:34:16.933446] Inserted sensor data: {'time': datetime.datetime(2025, 11, 13, 17, 34, 16, 933446), 'temperature': 27.370113970324233, 'Dissolved_oxygen': 6.024997474843528, 'PH': 7.48465519160031, 'Ammonia': 0.01058614349707602, 'Nitrite': 0.04642066996542478, 'Turbidty': 40.256363360996055, '_id': ObjectId('691616989113c693ebcc2ffe')}
[2025-11-13T17:34:16.954+0000] {python.py:218} INFO - Done. Returned value was: None
[2025-11-13T17:34:16.964+0000] {taskinstance.py:341} INFO - ::group::Post task execution logs
[2025-11-13T17:34:16.965+0000] {taskinstance.py:353} INFO - Marking task as SUCCESS. dag_id=iot_sensor_data_dag, task_id=generate_sensor_data, run_id=scheduled__2025-11-13T17:34:00+00:00, execution_date=20251113T173400, start_date=20251113T173416, end_date=20251113T173416
[2025-11-13T17:34:16.988+0000] {logging_mixin.py:190} INFO - Task instance in success state
[2025-11-13T17:34:16.989+0000] {logging_mixin.py:190} INFO -  Previous state of the Task instance: running
[2025-11-13T17:34:16.990+0000] {logging_mixin.py:190} INFO - Dag name:iot_sensor_data_dag queued_at:2025-11-13 17:34:15.107525+00:00
[2025-11-13T17:34:16.991+0000] {logging_mixin.py:190} INFO - Task hostname:4f76d54186b6 operator:PythonOperator
[2025-11-13T17:34:17.000+0000] {local_task_job_runner.py:266} INFO - Task exited with return code 0
[2025-11-13T17:34:17.022+0000] {taskinstance.py:3901} INFO - 0 downstream tasks scheduled from follow-on schedule check
[2025-11-13T17:34:17.028+0000] {local_task_job_runner.py:245} INFO - ::endgroup::
