[2025-11-13T18:26:17.238+0000] {local_task_job_runner.py:123} INFO - ::group::Pre task execution logs
[2025-11-13T18:26:17.250+0000] {taskinstance.py:2614} INFO - Dependencies all met for dep_context=non-requeueable deps ti=<TaskInstance: iot_sensor_data_dag.generate_sensor_data scheduled__2025-11-13T18:26:00+00:00 [queued]>
[2025-11-13T18:26:17.256+0000] {taskinstance.py:2614} INFO - Dependencies all met for dep_context=requeueable deps ti=<TaskInstance: iot_sensor_data_dag.generate_sensor_data scheduled__2025-11-13T18:26:00+00:00 [queued]>
[2025-11-13T18:26:17.257+0000] {taskinstance.py:2867} INFO - Starting attempt 1 of 1
[2025-11-13T18:26:17.370+0000] {taskinstance.py:2890} INFO - Executing <Task(PythonOperator): generate_sensor_data> on 2025-11-13 18:26:00+00:00
[2025-11-13T18:26:17.377+0000] {warnings.py:112} WARNING - /home/***/.local/lib/python3.12/site-packages/***/task/task_runner/standard_task_runner.py:70: DeprecationWarning: This process (pid=2975) is multi-threaded, use of fork() may lead to deadlocks in the child.
  pid = os.fork()

[2025-11-13T18:26:17.379+0000] {standard_task_runner.py:72} INFO - Started process 2977 to run task
[2025-11-13T18:26:17.379+0000] {standard_task_runner.py:104} INFO - Running: ['***', 'tasks', 'run', 'iot_sensor_data_dag', 'generate_sensor_data', 'scheduled__2025-11-13T18:26:00+00:00', '--job-id', '498', '--raw', '--subdir', 'DAGS_FOLDER/DEPI.py', '--cfg-path', '/tmp/tmp4k270q1v']
[2025-11-13T18:26:17.380+0000] {standard_task_runner.py:105} INFO - Job 498: Subtask generate_sensor_data
[2025-11-13T18:26:17.422+0000] {task_command.py:467} INFO - Running <TaskInstance: iot_sensor_data_dag.generate_sensor_data scheduled__2025-11-13T18:26:00+00:00 [running]> on host 4f76d54186b6
[2025-11-13T18:26:17.487+0000] {taskinstance.py:3134} INFO - Exporting env vars: AIRFLOW_CTX_DAG_OWNER='***' AIRFLOW_CTX_DAG_ID='iot_sensor_data_dag' AIRFLOW_CTX_TASK_ID='generate_sensor_data' AIRFLOW_CTX_EXECUTION_DATE='2025-11-13T18:26:00+00:00' AIRFLOW_CTX_TRY_NUMBER='1' AIRFLOW_CTX_DAG_RUN_ID='scheduled__2025-11-13T18:26:00+00:00'
[2025-11-13T18:26:17.488+0000] {logging_mixin.py:190} INFO - Task instance is in running state
[2025-11-13T18:26:17.489+0000] {logging_mixin.py:190} INFO -  Previous state of the Task instance: queued
[2025-11-13T18:26:17.489+0000] {logging_mixin.py:190} INFO - Current task name:generate_sensor_data state:running start_date:2025-11-13 18:26:17.251697+00:00
[2025-11-13T18:26:17.490+0000] {logging_mixin.py:190} INFO - Dag name:iot_sensor_data_dag and current dag run status:running
[2025-11-13T18:26:17.490+0000] {taskinstance.py:732} INFO - ::endgroup::
[2025-11-13T18:26:17.516+0000] {logging_mixin.py:190} INFO - [2025-11-13 18:26:17.503173] Inserted sensor data: {'time': datetime.datetime(2025, 11, 13, 18, 26, 17, 503173), 'temperature': 27.647664962161503, 'Dissolved_oxygen': 5.936543064856395, 'PH': 7.593661764645693, 'Ammonia': 0.00977102616268042, 'Nitrite': 0.04701856853365821, 'Turbidty': 40.36797165771367, '_id': ObjectId('691622c9211593e8e5dde4d4')}
[2025-11-13T18:26:17.518+0000] {python.py:218} INFO - Done. Returned value was: None
[2025-11-13T18:26:17.528+0000] {taskinstance.py:341} INFO - ::group::Post task execution logs
[2025-11-13T18:26:17.529+0000] {taskinstance.py:353} INFO - Marking task as SUCCESS. dag_id=iot_sensor_data_dag, task_id=generate_sensor_data, run_id=scheduled__2025-11-13T18:26:00+00:00, execution_date=20251113T182600, start_date=20251113T182617, end_date=20251113T182617
[2025-11-13T18:26:17.547+0000] {logging_mixin.py:190} INFO - Task instance in success state
[2025-11-13T18:26:17.548+0000] {logging_mixin.py:190} INFO -  Previous state of the Task instance: running
[2025-11-13T18:26:17.549+0000] {logging_mixin.py:190} INFO - Dag name:iot_sensor_data_dag queued_at:2025-11-13 18:26:16.043366+00:00
[2025-11-13T18:26:17.549+0000] {logging_mixin.py:190} INFO - Task hostname:4f76d54186b6 operator:PythonOperator
[2025-11-13T18:26:17.565+0000] {local_task_job_runner.py:266} INFO - Task exited with return code 0
[2025-11-13T18:26:17.584+0000] {taskinstance.py:3901} INFO - 0 downstream tasks scheduled from follow-on schedule check
[2025-11-13T18:26:17.589+0000] {local_task_job_runner.py:245} INFO - ::endgroup::
