[2025-11-13T17:49:02.790+0000] {local_task_job_runner.py:123} INFO - ::group::Pre task execution logs
[2025-11-13T17:49:02.812+0000] {taskinstance.py:2614} INFO - Dependencies all met for dep_context=non-requeueable deps ti=<TaskInstance: iot_sensor_data_dag.generate_sensor_data scheduled__2025-11-13T17:48:45+00:00 [queued]>
[2025-11-13T17:49:02.823+0000] {taskinstance.py:2614} INFO - Dependencies all met for dep_context=requeueable deps ti=<TaskInstance: iot_sensor_data_dag.generate_sensor_data scheduled__2025-11-13T17:48:45+00:00 [queued]>
[2025-11-13T17:49:02.824+0000] {taskinstance.py:2867} INFO - Starting attempt 1 of 1
[2025-11-13T17:49:02.997+0000] {taskinstance.py:2890} INFO - Executing <Task(PythonOperator): generate_sensor_data> on 2025-11-13 17:48:45+00:00
[2025-11-13T17:49:03.006+0000] {warnings.py:112} WARNING - /home/***/.local/lib/python3.12/site-packages/***/task/task_runner/standard_task_runner.py:70: DeprecationWarning: This process (pid=1424) is multi-threaded, use of fork() may lead to deadlocks in the child.
  pid = os.fork()

[2025-11-13T17:49:03.009+0000] {standard_task_runner.py:72} INFO - Started process 1426 to run task
[2025-11-13T17:49:03.010+0000] {standard_task_runner.py:104} INFO - Running: ['***', 'tasks', 'run', 'iot_sensor_data_dag', 'generate_sensor_data', 'scheduled__2025-11-13T17:48:45+00:00', '--job-id', '349', '--raw', '--subdir', 'DAGS_FOLDER/DEPI.py', '--cfg-path', '/tmp/tmpudp1680g']
[2025-11-13T17:49:03.011+0000] {standard_task_runner.py:105} INFO - Job 349: Subtask generate_sensor_data
[2025-11-13T17:49:03.076+0000] {task_command.py:467} INFO - Running <TaskInstance: iot_sensor_data_dag.generate_sensor_data scheduled__2025-11-13T17:48:45+00:00 [running]> on host 4f76d54186b6
[2025-11-13T17:49:03.184+0000] {taskinstance.py:3134} INFO - Exporting env vars: AIRFLOW_CTX_DAG_OWNER='***' AIRFLOW_CTX_DAG_ID='iot_sensor_data_dag' AIRFLOW_CTX_TASK_ID='generate_sensor_data' AIRFLOW_CTX_EXECUTION_DATE='2025-11-13T17:48:45+00:00' AIRFLOW_CTX_TRY_NUMBER='1' AIRFLOW_CTX_DAG_RUN_ID='scheduled__2025-11-13T17:48:45+00:00'
[2025-11-13T17:49:03.187+0000] {logging_mixin.py:190} INFO - Task instance is in running state
[2025-11-13T17:49:03.188+0000] {logging_mixin.py:190} INFO -  Previous state of the Task instance: queued
[2025-11-13T17:49:03.189+0000] {logging_mixin.py:190} INFO - Current task name:generate_sensor_data state:running start_date:2025-11-13 17:49:02.814257+00:00
[2025-11-13T17:49:03.190+0000] {logging_mixin.py:190} INFO - Dag name:iot_sensor_data_dag and current dag run status:running
[2025-11-13T17:49:03.191+0000] {taskinstance.py:732} INFO - ::endgroup::
[2025-11-13T17:49:03.237+0000] {logging_mixin.py:190} INFO - [2025-11-13 17:49:03.215651] Inserted sensor data: {'time': datetime.datetime(2025, 11, 13, 17, 49, 3, 215651), 'temperature': 27.50659326017533, 'Dissolved_oxygen': 6.096814449946228, 'PH': 7.494436158497054, 'Ammonia': 0.009260142984042883, 'Nitrite': 0.05145329286506872, 'Turbidty': 39.43774170598748, '_id': ObjectId('69161a0f4137c84136e4502f')}
[2025-11-13T17:49:03.240+0000] {python.py:218} INFO - Done. Returned value was: None
[2025-11-13T17:49:03.257+0000] {taskinstance.py:341} INFO - ::group::Post task execution logs
[2025-11-13T17:49:03.258+0000] {taskinstance.py:353} INFO - Marking task as SUCCESS. dag_id=iot_sensor_data_dag, task_id=generate_sensor_data, run_id=scheduled__2025-11-13T17:48:45+00:00, execution_date=20251113T174845, start_date=20251113T174902, end_date=20251113T174903
[2025-11-13T17:49:03.293+0000] {logging_mixin.py:190} INFO - Task instance in success state
[2025-11-13T17:49:03.294+0000] {logging_mixin.py:190} INFO -  Previous state of the Task instance: running
[2025-11-13T17:49:03.295+0000] {logging_mixin.py:190} INFO - Dag name:iot_sensor_data_dag queued_at:2025-11-13 17:49:00.471353+00:00
[2025-11-13T17:49:03.297+0000] {logging_mixin.py:190} INFO - Task hostname:4f76d54186b6 operator:PythonOperator
[2025-11-13T17:49:03.311+0000] {local_task_job_runner.py:266} INFO - Task exited with return code 0
[2025-11-13T17:49:03.346+0000] {taskinstance.py:3901} INFO - 0 downstream tasks scheduled from follow-on schedule check
[2025-11-13T17:49:03.353+0000] {local_task_job_runner.py:245} INFO - ::endgroup::
