[2025-11-13T17:55:48.069+0000] {local_task_job_runner.py:123} INFO - ::group::Pre task execution logs
[2025-11-13T17:55:48.092+0000] {taskinstance.py:2614} INFO - Dependencies all met for dep_context=non-requeueable deps ti=<TaskInstance: iot_sensor_data_dag.generate_sensor_data scheduled__2025-11-13T17:55:30+00:00 [queued]>
[2025-11-13T17:55:48.102+0000] {taskinstance.py:2614} INFO - Dependencies all met for dep_context=requeueable deps ti=<TaskInstance: iot_sensor_data_dag.generate_sensor_data scheduled__2025-11-13T17:55:30+00:00 [queued]>
[2025-11-13T17:55:48.104+0000] {taskinstance.py:2867} INFO - Starting attempt 1 of 1
[2025-11-13T17:55:48.286+0000] {taskinstance.py:2890} INFO - Executing <Task(PythonOperator): generate_sensor_data> on 2025-11-13 17:55:30+00:00
[2025-11-13T17:55:48.296+0000] {warnings.py:112} WARNING - /home/***/.local/lib/python3.12/site-packages/***/task/task_runner/standard_task_runner.py:70: DeprecationWarning: This process (pid=1696) is multi-threaded, use of fork() may lead to deadlocks in the child.
  pid = os.fork()

[2025-11-13T17:55:48.299+0000] {standard_task_runner.py:72} INFO - Started process 1698 to run task
[2025-11-13T17:55:48.300+0000] {standard_task_runner.py:104} INFO - Running: ['***', 'tasks', 'run', 'iot_sensor_data_dag', 'generate_sensor_data', 'scheduled__2025-11-13T17:55:30+00:00', '--job-id', '376', '--raw', '--subdir', 'DAGS_FOLDER/DEPI.py', '--cfg-path', '/tmp/tmp1qtqajos']
[2025-11-13T17:55:48.302+0000] {standard_task_runner.py:105} INFO - Job 376: Subtask generate_sensor_data
[2025-11-13T17:55:48.371+0000] {task_command.py:467} INFO - Running <TaskInstance: iot_sensor_data_dag.generate_sensor_data scheduled__2025-11-13T17:55:30+00:00 [running]> on host 4f76d54186b6
[2025-11-13T17:55:48.479+0000] {taskinstance.py:3134} INFO - Exporting env vars: AIRFLOW_CTX_DAG_OWNER='***' AIRFLOW_CTX_DAG_ID='iot_sensor_data_dag' AIRFLOW_CTX_TASK_ID='generate_sensor_data' AIRFLOW_CTX_EXECUTION_DATE='2025-11-13T17:55:30+00:00' AIRFLOW_CTX_TRY_NUMBER='1' AIRFLOW_CTX_DAG_RUN_ID='scheduled__2025-11-13T17:55:30+00:00'
[2025-11-13T17:55:48.482+0000] {logging_mixin.py:190} INFO - Task instance is in running state
[2025-11-13T17:55:48.483+0000] {logging_mixin.py:190} INFO -  Previous state of the Task instance: queued
[2025-11-13T17:55:48.484+0000] {logging_mixin.py:190} INFO - Current task name:generate_sensor_data state:running start_date:2025-11-13 17:55:48.093804+00:00
[2025-11-13T17:55:48.484+0000] {logging_mixin.py:190} INFO - Dag name:iot_sensor_data_dag and current dag run status:running
[2025-11-13T17:55:48.485+0000] {taskinstance.py:732} INFO - ::endgroup::
[2025-11-13T17:55:48.527+0000] {logging_mixin.py:190} INFO - [2025-11-13 17:55:48.507495] Inserted sensor data: {'time': datetime.datetime(2025, 11, 13, 17, 55, 48, 507495), 'temperature': 27.639622213081573, 'Dissolved_oxygen': 5.96284552810994, 'PH': 7.580500933724273, 'Ammonia': 0.010726003032537864, 'Nitrite': 0.048627034346548886, 'Turbidty': 40.01379907946428, '_id': ObjectId('69161ba4192bc788253c8f46')}
[2025-11-13T17:55:48.531+0000] {python.py:218} INFO - Done. Returned value was: None
[2025-11-13T17:55:48.548+0000] {taskinstance.py:341} INFO - ::group::Post task execution logs
[2025-11-13T17:55:48.550+0000] {taskinstance.py:353} INFO - Marking task as SUCCESS. dag_id=iot_sensor_data_dag, task_id=generate_sensor_data, run_id=scheduled__2025-11-13T17:55:30+00:00, execution_date=20251113T175530, start_date=20251113T175548, end_date=20251113T175548
[2025-11-13T17:55:48.580+0000] {logging_mixin.py:190} INFO - Task instance in success state
[2025-11-13T17:55:48.581+0000] {logging_mixin.py:190} INFO -  Previous state of the Task instance: running
[2025-11-13T17:55:48.583+0000] {logging_mixin.py:190} INFO - Dag name:iot_sensor_data_dag queued_at:2025-11-13 17:55:45.838071+00:00
[2025-11-13T17:55:48.584+0000] {logging_mixin.py:190} INFO - Task hostname:4f76d54186b6 operator:PythonOperator
[2025-11-13T17:55:48.612+0000] {local_task_job_runner.py:266} INFO - Task exited with return code 0
[2025-11-13T17:55:48.654+0000] {taskinstance.py:3901} INFO - 0 downstream tasks scheduled from follow-on schedule check
[2025-11-13T17:55:48.661+0000] {local_task_job_runner.py:245} INFO - ::endgroup::
