[2025-11-13T17:53:17.366+0000] {local_task_job_runner.py:123} INFO - ::group::Pre task execution logs
[2025-11-13T17:53:17.386+0000] {taskinstance.py:2614} INFO - Dependencies all met for dep_context=non-requeueable deps ti=<TaskInstance: iot_sensor_data_dag.generate_sensor_data scheduled__2025-11-13T17:53:00+00:00 [queued]>
[2025-11-13T17:53:17.396+0000] {taskinstance.py:2614} INFO - Dependencies all met for dep_context=requeueable deps ti=<TaskInstance: iot_sensor_data_dag.generate_sensor_data scheduled__2025-11-13T17:53:00+00:00 [queued]>
[2025-11-13T17:53:17.398+0000] {taskinstance.py:2867} INFO - Starting attempt 1 of 1
[2025-11-13T17:53:17.570+0000] {taskinstance.py:2890} INFO - Executing <Task(PythonOperator): generate_sensor_data> on 2025-11-13 17:53:00+00:00
[2025-11-13T17:53:17.579+0000] {warnings.py:112} WARNING - /home/***/.local/lib/python3.12/site-packages/***/task/task_runner/standard_task_runner.py:70: DeprecationWarning: This process (pid=1599) is multi-threaded, use of fork() may lead to deadlocks in the child.
  pid = os.fork()

[2025-11-13T17:53:17.581+0000] {standard_task_runner.py:72} INFO - Started process 1601 to run task
[2025-11-13T17:53:17.582+0000] {standard_task_runner.py:104} INFO - Running: ['***', 'tasks', 'run', 'iot_sensor_data_dag', 'generate_sensor_data', 'scheduled__2025-11-13T17:53:00+00:00', '--job-id', '366', '--raw', '--subdir', 'DAGS_FOLDER/DEPI.py', '--cfg-path', '/tmp/tmp9983joti']
[2025-11-13T17:53:17.584+0000] {standard_task_runner.py:105} INFO - Job 366: Subtask generate_sensor_data
[2025-11-13T17:53:17.647+0000] {task_command.py:467} INFO - Running <TaskInstance: iot_sensor_data_dag.generate_sensor_data scheduled__2025-11-13T17:53:00+00:00 [running]> on host 4f76d54186b6
[2025-11-13T17:53:17.748+0000] {taskinstance.py:3134} INFO - Exporting env vars: AIRFLOW_CTX_DAG_OWNER='***' AIRFLOW_CTX_DAG_ID='iot_sensor_data_dag' AIRFLOW_CTX_TASK_ID='generate_sensor_data' AIRFLOW_CTX_EXECUTION_DATE='2025-11-13T17:53:00+00:00' AIRFLOW_CTX_TRY_NUMBER='1' AIRFLOW_CTX_DAG_RUN_ID='scheduled__2025-11-13T17:53:00+00:00'
[2025-11-13T17:53:17.751+0000] {logging_mixin.py:190} INFO - Task instance is in running state
[2025-11-13T17:53:17.752+0000] {logging_mixin.py:190} INFO -  Previous state of the Task instance: queued
[2025-11-13T17:53:17.753+0000] {logging_mixin.py:190} INFO - Current task name:generate_sensor_data state:running start_date:2025-11-13 17:53:17.387603+00:00
[2025-11-13T17:53:17.754+0000] {logging_mixin.py:190} INFO - Dag name:iot_sensor_data_dag and current dag run status:running
[2025-11-13T17:53:17.755+0000] {taskinstance.py:732} INFO - ::endgroup::
[2025-11-13T17:53:17.799+0000] {logging_mixin.py:190} INFO - [2025-11-13 17:53:17.776082] Inserted sensor data: {'time': datetime.datetime(2025, 11, 13, 17, 53, 17, 776082), 'temperature': 27.324777770642577, 'Dissolved_oxygen': 6.094535868603578, 'PH': 7.516387000011701, 'Ammonia': 0.010729205252409056, 'Nitrite': 0.05482273736521012, 'Turbidty': 40.23017782545483, '_id': ObjectId('69161b0db734d37bc5b71f0f')}
[2025-11-13T17:53:17.803+0000] {python.py:218} INFO - Done. Returned value was: None
[2025-11-13T17:53:17.821+0000] {taskinstance.py:341} INFO - ::group::Post task execution logs
[2025-11-13T17:53:17.823+0000] {taskinstance.py:353} INFO - Marking task as SUCCESS. dag_id=iot_sensor_data_dag, task_id=generate_sensor_data, run_id=scheduled__2025-11-13T17:53:00+00:00, execution_date=20251113T175300, start_date=20251113T175317, end_date=20251113T175317
[2025-11-13T17:53:17.859+0000] {logging_mixin.py:190} INFO - Task instance in success state
[2025-11-13T17:53:17.861+0000] {logging_mixin.py:190} INFO -  Previous state of the Task instance: running
[2025-11-13T17:53:17.862+0000] {logging_mixin.py:190} INFO - Dag name:iot_sensor_data_dag queued_at:2025-11-13 17:53:15.192350+00:00
[2025-11-13T17:53:17.864+0000] {logging_mixin.py:190} INFO - Task hostname:4f76d54186b6 operator:PythonOperator
[2025-11-13T17:53:17.884+0000] {local_task_job_runner.py:266} INFO - Task exited with return code 0
[2025-11-13T17:53:17.926+0000] {taskinstance.py:3901} INFO - 0 downstream tasks scheduled from follow-on schedule check
[2025-11-13T17:53:17.936+0000] {local_task_job_runner.py:245} INFO - ::endgroup::
