[2025-11-14T14:28:01.489+0000] {local_task_job_runner.py:123} INFO - ::group::Pre task execution logs
[2025-11-14T14:28:01.615+0000] {taskinstance.py:2614} INFO - Dependencies all met for dep_context=non-requeueable deps ti=<TaskInstance: iot_sensor_data_dag.generate_sensor_data scheduled__2025-11-14T14:27:45+00:00 [queued]>
[2025-11-14T14:28:01.624+0000] {taskinstance.py:2614} INFO - Dependencies all met for dep_context=requeueable deps ti=<TaskInstance: iot_sensor_data_dag.generate_sensor_data scheduled__2025-11-14T14:27:45+00:00 [queued]>
[2025-11-14T14:28:01.626+0000] {taskinstance.py:2867} INFO - Starting attempt 1 of 1
[2025-11-14T14:28:01.636+0000] {taskinstance.py:2890} INFO - Executing <Task(PythonOperator): generate_sensor_data> on 2025-11-14 14:27:45+00:00
[2025-11-14T14:28:01.643+0000] {warnings.py:112} WARNING - /home/***/.local/lib/python3.12/site-packages/***/task/task_runner/standard_task_runner.py:70: DeprecationWarning: This process (pid=451) is multi-threaded, use of fork() may lead to deadlocks in the child.
  pid = os.fork()

[2025-11-14T14:28:01.644+0000] {standard_task_runner.py:72} INFO - Started process 453 to run task
[2025-11-14T14:28:01.645+0000] {standard_task_runner.py:104} INFO - Running: ['***', 'tasks', 'run', 'iot_sensor_data_dag', 'generate_sensor_data', 'scheduled__2025-11-14T14:27:45+00:00', '--job-id', '795', '--raw', '--subdir', 'DAGS_FOLDER/DEPI.py', '--cfg-path', '/tmp/tmpr5vpno5n']
[2025-11-14T14:28:01.646+0000] {standard_task_runner.py:105} INFO - Job 795: Subtask generate_sensor_data
[2025-11-14T14:28:01.684+0000] {task_command.py:467} INFO - Running <TaskInstance: iot_sensor_data_dag.generate_sensor_data scheduled__2025-11-14T14:27:45+00:00 [running]> on host 4f76d54186b6
[2025-11-14T14:28:01.751+0000] {taskinstance.py:3134} INFO - Exporting env vars: AIRFLOW_CTX_DAG_OWNER='***' AIRFLOW_CTX_DAG_ID='iot_sensor_data_dag' AIRFLOW_CTX_TASK_ID='generate_sensor_data' AIRFLOW_CTX_EXECUTION_DATE='2025-11-14T14:27:45+00:00' AIRFLOW_CTX_TRY_NUMBER='1' AIRFLOW_CTX_DAG_RUN_ID='scheduled__2025-11-14T14:27:45+00:00'
[2025-11-14T14:28:01.753+0000] {logging_mixin.py:190} INFO - Task instance is in running state
[2025-11-14T14:28:01.753+0000] {logging_mixin.py:190} INFO -  Previous state of the Task instance: queued
[2025-11-14T14:28:01.754+0000] {logging_mixin.py:190} INFO - Current task name:generate_sensor_data state:running start_date:2025-11-14 14:28:01.618280+00:00
[2025-11-14T14:28:01.754+0000] {logging_mixin.py:190} INFO - Dag name:iot_sensor_data_dag and current dag run status:running
[2025-11-14T14:28:01.755+0000] {taskinstance.py:732} INFO - ::endgroup::
[2025-11-14T14:28:01.782+0000] {logging_mixin.py:190} INFO - [2025-11-14 14:28:01.766689] Inserted sensor data: {'time': datetime.datetime(2025, 11, 14, 14, 28, 1, 766689), 'temperature': 27.37133897005238, 'Dissolved_oxygen': 6.023774564216638, 'PH': 7.510953755929474, 'Ammonia': 0.009843962217131156, 'Nitrite': 0.05437387286598644, 'Turbidty': 40.489063243553936, '_id': ObjectId('69173c71431ff92d0aa71d8f')}
[2025-11-14T14:28:01.784+0000] {python.py:218} INFO - Done. Returned value was: None
[2025-11-14T14:28:01.793+0000] {taskinstance.py:341} INFO - ::group::Post task execution logs
[2025-11-14T14:28:01.794+0000] {taskinstance.py:353} INFO - Marking task as SUCCESS. dag_id=iot_sensor_data_dag, task_id=generate_sensor_data, run_id=scheduled__2025-11-14T14:27:45+00:00, execution_date=20251114T142745, start_date=20251114T142801, end_date=20251114T142801
[2025-11-14T14:28:01.813+0000] {logging_mixin.py:190} INFO - Task instance in success state
[2025-11-14T14:28:01.813+0000] {logging_mixin.py:190} INFO -  Previous state of the Task instance: running
[2025-11-14T14:28:01.814+0000] {logging_mixin.py:190} INFO - Dag name:iot_sensor_data_dag queued_at:2025-11-14 14:28:00.210117+00:00
[2025-11-14T14:28:01.815+0000] {logging_mixin.py:190} INFO - Task hostname:4f76d54186b6 operator:PythonOperator
[2025-11-14T14:28:01.862+0000] {local_task_job_runner.py:266} INFO - Task exited with return code 0
[2025-11-14T14:28:01.882+0000] {taskinstance.py:3901} INFO - 0 downstream tasks scheduled from follow-on schedule check
[2025-11-14T14:28:01.886+0000] {local_task_job_runner.py:245} INFO - ::endgroup::
