[2025-11-13T18:49:01.583+0000] {local_task_job_runner.py:123} INFO - ::group::Pre task execution logs
[2025-11-13T18:49:01.597+0000] {taskinstance.py:2614} INFO - Dependencies all met for dep_context=non-requeueable deps ti=<TaskInstance: iot_sensor_data_dag.generate_sensor_data scheduled__2025-11-13T18:48:45+00:00 [queued]>
[2025-11-13T18:49:01.603+0000] {taskinstance.py:2614} INFO - Dependencies all met for dep_context=requeueable deps ti=<TaskInstance: iot_sensor_data_dag.generate_sensor_data scheduled__2025-11-13T18:48:45+00:00 [queued]>
[2025-11-13T18:49:01.604+0000] {taskinstance.py:2867} INFO - Starting attempt 1 of 1
[2025-11-13T18:49:01.724+0000] {taskinstance.py:2890} INFO - Executing <Task(PythonOperator): generate_sensor_data> on 2025-11-13 18:48:45+00:00
[2025-11-13T18:49:01.730+0000] {warnings.py:112} WARNING - /home/***/.local/lib/python3.12/site-packages/***/task/task_runner/standard_task_runner.py:70: DeprecationWarning: This process (pid=3932) is multi-threaded, use of fork() may lead to deadlocks in the child.
  pid = os.fork()

[2025-11-13T18:49:01.732+0000] {standard_task_runner.py:72} INFO - Started process 3934 to run task
[2025-11-13T18:49:01.732+0000] {standard_task_runner.py:104} INFO - Running: ['***', 'tasks', 'run', 'iot_sensor_data_dag', 'generate_sensor_data', 'scheduled__2025-11-13T18:48:45+00:00', '--job-id', '589', '--raw', '--subdir', 'DAGS_FOLDER/DEPI.py', '--cfg-path', '/tmp/tmp5yfh8_u1']
[2025-11-13T18:49:01.734+0000] {standard_task_runner.py:105} INFO - Job 589: Subtask generate_sensor_data
[2025-11-13T18:49:01.772+0000] {task_command.py:467} INFO - Running <TaskInstance: iot_sensor_data_dag.generate_sensor_data scheduled__2025-11-13T18:48:45+00:00 [running]> on host 4f76d54186b6
[2025-11-13T18:49:01.833+0000] {taskinstance.py:3134} INFO - Exporting env vars: AIRFLOW_CTX_DAG_OWNER='***' AIRFLOW_CTX_DAG_ID='iot_sensor_data_dag' AIRFLOW_CTX_TASK_ID='generate_sensor_data' AIRFLOW_CTX_EXECUTION_DATE='2025-11-13T18:48:45+00:00' AIRFLOW_CTX_TRY_NUMBER='1' AIRFLOW_CTX_DAG_RUN_ID='scheduled__2025-11-13T18:48:45+00:00'
[2025-11-13T18:49:01.835+0000] {logging_mixin.py:190} INFO - Task instance is in running state
[2025-11-13T18:49:01.836+0000] {logging_mixin.py:190} INFO -  Previous state of the Task instance: queued
[2025-11-13T18:49:01.837+0000] {logging_mixin.py:190} INFO - Current task name:generate_sensor_data state:running start_date:2025-11-13 18:49:01.598557+00:00
[2025-11-13T18:49:01.837+0000] {logging_mixin.py:190} INFO - Dag name:iot_sensor_data_dag and current dag run status:running
[2025-11-13T18:49:01.838+0000] {taskinstance.py:732} INFO - ::endgroup::
[2025-11-13T18:49:01.869+0000] {logging_mixin.py:190} INFO - [2025-11-13 18:49:01.853344] Inserted sensor data: {'time': datetime.datetime(2025, 11, 13, 18, 49, 1, 853344), 'temperature': 27.4001944921771, 'Dissolved_oxygen': 6.037580345611491, 'PH': 7.504293838938599, 'Ammonia': 0.009647130275690698, 'Nitrite': 0.0523639034781578, 'Turbidty': 40.37434181122867, '_id': ObjectId('6916281dbe165963f89770a6')}
[2025-11-13T18:49:01.872+0000] {python.py:218} INFO - Done. Returned value was: None
[2025-11-13T18:49:01.883+0000] {taskinstance.py:341} INFO - ::group::Post task execution logs
[2025-11-13T18:49:01.884+0000] {taskinstance.py:353} INFO - Marking task as SUCCESS. dag_id=iot_sensor_data_dag, task_id=generate_sensor_data, run_id=scheduled__2025-11-13T18:48:45+00:00, execution_date=20251113T184845, start_date=20251113T184901, end_date=20251113T184901
[2025-11-13T18:49:01.902+0000] {logging_mixin.py:190} INFO - Task instance in success state
[2025-11-13T18:49:01.903+0000] {logging_mixin.py:190} INFO -  Previous state of the Task instance: running
[2025-11-13T18:49:01.904+0000] {logging_mixin.py:190} INFO - Dag name:iot_sensor_data_dag queued_at:2025-11-13 18:49:00.273345+00:00
[2025-11-13T18:49:01.904+0000] {logging_mixin.py:190} INFO - Task hostname:4f76d54186b6 operator:PythonOperator
[2025-11-13T18:49:01.949+0000] {local_task_job_runner.py:266} INFO - Task exited with return code 0
[2025-11-13T18:49:01.971+0000] {taskinstance.py:3901} INFO - 0 downstream tasks scheduled from follow-on schedule check
[2025-11-13T18:49:01.974+0000] {local_task_job_runner.py:245} INFO - ::endgroup::
