[2025-11-13T18:49:31.983+0000] {local_task_job_runner.py:123} INFO - ::group::Pre task execution logs
[2025-11-13T18:49:31.995+0000] {taskinstance.py:2614} INFO - Dependencies all met for dep_context=non-requeueable deps ti=<TaskInstance: iot_sensor_data_dag.generate_sensor_data scheduled__2025-11-13T18:49:15+00:00 [queued]>
[2025-11-13T18:49:32.000+0000] {taskinstance.py:2614} INFO - Dependencies all met for dep_context=requeueable deps ti=<TaskInstance: iot_sensor_data_dag.generate_sensor_data scheduled__2025-11-13T18:49:15+00:00 [queued]>
[2025-11-13T18:49:32.002+0000] {taskinstance.py:2867} INFO - Starting attempt 1 of 1
[2025-11-13T18:49:32.118+0000] {taskinstance.py:2890} INFO - Executing <Task(PythonOperator): generate_sensor_data> on 2025-11-13 18:49:15+00:00
[2025-11-13T18:49:32.125+0000] {warnings.py:112} WARNING - /home/***/.local/lib/python3.12/site-packages/***/task/task_runner/standard_task_runner.py:70: DeprecationWarning: This process (pid=3953) is multi-threaded, use of fork() may lead to deadlocks in the child.
  pid = os.fork()

[2025-11-13T18:49:32.126+0000] {standard_task_runner.py:72} INFO - Started process 3955 to run task
[2025-11-13T18:49:32.127+0000] {standard_task_runner.py:104} INFO - Running: ['***', 'tasks', 'run', 'iot_sensor_data_dag', 'generate_sensor_data', 'scheduled__2025-11-13T18:49:15+00:00', '--job-id', '591', '--raw', '--subdir', 'DAGS_FOLDER/DEPI.py', '--cfg-path', '/tmp/tmp9prgrb2t']
[2025-11-13T18:49:32.129+0000] {standard_task_runner.py:105} INFO - Job 591: Subtask generate_sensor_data
[2025-11-13T18:49:32.169+0000] {task_command.py:467} INFO - Running <TaskInstance: iot_sensor_data_dag.generate_sensor_data scheduled__2025-11-13T18:49:15+00:00 [running]> on host 4f76d54186b6
[2025-11-13T18:49:32.232+0000] {taskinstance.py:3134} INFO - Exporting env vars: AIRFLOW_CTX_DAG_OWNER='***' AIRFLOW_CTX_DAG_ID='iot_sensor_data_dag' AIRFLOW_CTX_TASK_ID='generate_sensor_data' AIRFLOW_CTX_EXECUTION_DATE='2025-11-13T18:49:15+00:00' AIRFLOW_CTX_TRY_NUMBER='1' AIRFLOW_CTX_DAG_RUN_ID='scheduled__2025-11-13T18:49:15+00:00'
[2025-11-13T18:49:32.234+0000] {logging_mixin.py:190} INFO - Task instance is in running state
[2025-11-13T18:49:32.235+0000] {logging_mixin.py:190} INFO -  Previous state of the Task instance: queued
[2025-11-13T18:49:32.235+0000] {logging_mixin.py:190} INFO - Current task name:generate_sensor_data state:running start_date:2025-11-13 18:49:31.996229+00:00
[2025-11-13T18:49:32.236+0000] {logging_mixin.py:190} INFO - Dag name:iot_sensor_data_dag and current dag run status:running
[2025-11-13T18:49:32.237+0000] {taskinstance.py:732} INFO - ::endgroup::
[2025-11-13T18:49:32.272+0000] {logging_mixin.py:190} INFO - [2025-11-13 18:49:32.251693] Inserted sensor data: {'time': datetime.datetime(2025, 11, 13, 18, 49, 32, 251693), 'temperature': 27.437254776312077, 'Dissolved_oxygen': 5.997161610015206, 'PH': 7.549046426865309, 'Ammonia': 0.01030647833095938, 'Nitrite': 0.047458233854668165, 'Turbidty': 39.68976347071737, '_id': ObjectId('6916283c5054dcb24ffa98fc')}
[2025-11-13T18:49:32.274+0000] {python.py:218} INFO - Done. Returned value was: None
[2025-11-13T18:49:32.283+0000] {taskinstance.py:341} INFO - ::group::Post task execution logs
[2025-11-13T18:49:32.284+0000] {taskinstance.py:353} INFO - Marking task as SUCCESS. dag_id=iot_sensor_data_dag, task_id=generate_sensor_data, run_id=scheduled__2025-11-13T18:49:15+00:00, execution_date=20251113T184915, start_date=20251113T184931, end_date=20251113T184932
[2025-11-13T18:49:32.301+0000] {logging_mixin.py:190} INFO - Task instance in success state
[2025-11-13T18:49:32.302+0000] {logging_mixin.py:190} INFO -  Previous state of the Task instance: running
[2025-11-13T18:49:32.302+0000] {logging_mixin.py:190} INFO - Dag name:iot_sensor_data_dag queued_at:2025-11-13 18:49:30.717723+00:00
[2025-11-13T18:49:32.303+0000] {logging_mixin.py:190} INFO - Task hostname:4f76d54186b6 operator:PythonOperator
[2025-11-13T18:49:32.345+0000] {local_task_job_runner.py:266} INFO - Task exited with return code 0
[2025-11-13T18:49:32.366+0000] {taskinstance.py:3901} INFO - 0 downstream tasks scheduled from follow-on schedule check
[2025-11-13T18:49:32.372+0000] {local_task_job_runner.py:245} INFO - ::endgroup::
