[2025-11-13T19:13:46.730+0000] {local_task_job_runner.py:123} INFO - ::group::Pre task execution logs
[2025-11-13T19:13:46.745+0000] {taskinstance.py:2614} INFO - Dependencies all met for dep_context=non-requeueable deps ti=<TaskInstance: iot_sensor_data_dag.generate_sensor_data scheduled__2025-11-13T19:13:30+00:00 [queued]>
[2025-11-13T19:13:46.752+0000] {taskinstance.py:2614} INFO - Dependencies all met for dep_context=requeueable deps ti=<TaskInstance: iot_sensor_data_dag.generate_sensor_data scheduled__2025-11-13T19:13:30+00:00 [queued]>
[2025-11-13T19:13:46.755+0000] {taskinstance.py:2867} INFO - Starting attempt 1 of 1
[2025-11-13T19:13:46.895+0000] {taskinstance.py:2890} INFO - Executing <Task(PythonOperator): generate_sensor_data> on 2025-11-13 19:13:30+00:00
[2025-11-13T19:13:46.903+0000] {warnings.py:112} WARNING - /home/***/.local/lib/python3.12/site-packages/***/task/task_runner/standard_task_runner.py:70: DeprecationWarning: This process (pid=4967) is multi-threaded, use of fork() may lead to deadlocks in the child.
  pid = os.fork()

[2025-11-13T19:13:46.906+0000] {standard_task_runner.py:72} INFO - Started process 4969 to run task
[2025-11-13T19:13:46.905+0000] {standard_task_runner.py:104} INFO - Running: ['***', 'tasks', 'run', 'iot_sensor_data_dag', 'generate_sensor_data', 'scheduled__2025-11-13T19:13:30+00:00', '--job-id', '688', '--raw', '--subdir', 'DAGS_FOLDER/DEPI.py', '--cfg-path', '/tmp/tmpmhd13mw9']
[2025-11-13T19:13:46.908+0000] {standard_task_runner.py:105} INFO - Job 688: Subtask generate_sensor_data
[2025-11-13T19:13:46.955+0000] {task_command.py:467} INFO - Running <TaskInstance: iot_sensor_data_dag.generate_sensor_data scheduled__2025-11-13T19:13:30+00:00 [running]> on host 4f76d54186b6
[2025-11-13T19:13:47.028+0000] {taskinstance.py:3134} INFO - Exporting env vars: AIRFLOW_CTX_DAG_OWNER='***' AIRFLOW_CTX_DAG_ID='iot_sensor_data_dag' AIRFLOW_CTX_TASK_ID='generate_sensor_data' AIRFLOW_CTX_EXECUTION_DATE='2025-11-13T19:13:30+00:00' AIRFLOW_CTX_TRY_NUMBER='1' AIRFLOW_CTX_DAG_RUN_ID='scheduled__2025-11-13T19:13:30+00:00'
[2025-11-13T19:13:47.031+0000] {logging_mixin.py:190} INFO - Task instance is in running state
[2025-11-13T19:13:47.031+0000] {logging_mixin.py:190} INFO -  Previous state of the Task instance: queued
[2025-11-13T19:13:47.033+0000] {logging_mixin.py:190} INFO - Current task name:generate_sensor_data state:running start_date:2025-11-13 19:13:46.746271+00:00
[2025-11-13T19:13:47.034+0000] {logging_mixin.py:190} INFO - Dag name:iot_sensor_data_dag and current dag run status:running
[2025-11-13T19:13:47.034+0000] {taskinstance.py:732} INFO - ::endgroup::
[2025-11-13T19:13:47.065+0000] {logging_mixin.py:190} INFO - [2025-11-13 19:13:47.051193] Inserted sensor data: {'time': datetime.datetime(2025, 11, 13, 19, 13, 47, 51193), 'temperature': 27.616978419429344, 'Dissolved_oxygen': 5.991295728623351, 'PH': 7.508354881837423, 'Ammonia': 0.009204249087741733, 'Nitrite': 0.05307140379387862, 'Turbidty': 40.983801077800315, '_id': ObjectId('69162debf2dc1dcdbcd29e8a')}
[2025-11-13T19:13:47.067+0000] {python.py:218} INFO - Done. Returned value was: None
[2025-11-13T19:13:47.080+0000] {taskinstance.py:341} INFO - ::group::Post task execution logs
[2025-11-13T19:13:47.080+0000] {taskinstance.py:353} INFO - Marking task as SUCCESS. dag_id=iot_sensor_data_dag, task_id=generate_sensor_data, run_id=scheduled__2025-11-13T19:13:30+00:00, execution_date=20251113T191330, start_date=20251113T191346, end_date=20251113T191347
[2025-11-13T19:13:47.103+0000] {logging_mixin.py:190} INFO - Task instance in success state
[2025-11-13T19:13:47.104+0000] {logging_mixin.py:190} INFO -  Previous state of the Task instance: running
[2025-11-13T19:13:47.105+0000] {logging_mixin.py:190} INFO - Dag name:iot_sensor_data_dag queued_at:2025-11-13 19:13:45.138172+00:00
[2025-11-13T19:13:47.106+0000] {logging_mixin.py:190} INFO - Task hostname:4f76d54186b6 operator:PythonOperator
[2025-11-13T19:13:47.127+0000] {local_task_job_runner.py:266} INFO - Task exited with return code 0
[2025-11-13T19:13:47.153+0000] {taskinstance.py:3901} INFO - 0 downstream tasks scheduled from follow-on schedule check
[2025-11-13T19:13:47.158+0000] {local_task_job_runner.py:245} INFO - ::endgroup::
