[2025-11-13T17:38:02.432+0000] {local_task_job_runner.py:123} INFO - ::group::Pre task execution logs
[2025-11-13T17:38:02.447+0000] {taskinstance.py:2614} INFO - Dependencies all met for dep_context=non-requeueable deps ti=<TaskInstance: iot_sensor_data_dag.generate_sensor_data scheduled__2025-11-13T17:37:45+00:00 [queued]>
[2025-11-13T17:38:02.454+0000] {taskinstance.py:2614} INFO - Dependencies all met for dep_context=requeueable deps ti=<TaskInstance: iot_sensor_data_dag.generate_sensor_data scheduled__2025-11-13T17:37:45+00:00 [queued]>
[2025-11-13T17:38:02.455+0000] {taskinstance.py:2867} INFO - Starting attempt 1 of 1
[2025-11-13T17:38:02.629+0000] {taskinstance.py:2890} INFO - Executing <Task(PythonOperator): generate_sensor_data> on 2025-11-13 17:37:45+00:00
[2025-11-13T17:38:02.636+0000] {warnings.py:112} WARNING - /home/***/.local/lib/python3.12/site-packages/***/task/task_runner/standard_task_runner.py:70: DeprecationWarning: This process (pid=962) is multi-threaded, use of fork() may lead to deadlocks in the child.
  pid = os.fork()

[2025-11-13T17:38:02.639+0000] {standard_task_runner.py:72} INFO - Started process 970 to run task
[2025-11-13T17:38:02.638+0000] {standard_task_runner.py:104} INFO - Running: ['***', 'tasks', 'run', 'iot_sensor_data_dag', 'generate_sensor_data', 'scheduled__2025-11-13T17:37:45+00:00', '--job-id', '305', '--raw', '--subdir', 'DAGS_FOLDER/DEPI.py', '--cfg-path', '/tmp/tmpnio6yvlm']
[2025-11-13T17:38:02.641+0000] {standard_task_runner.py:105} INFO - Job 305: Subtask generate_sensor_data
[2025-11-13T17:38:02.689+0000] {task_command.py:467} INFO - Running <TaskInstance: iot_sensor_data_dag.generate_sensor_data scheduled__2025-11-13T17:37:45+00:00 [running]> on host 4f76d54186b6
[2025-11-13T17:38:02.764+0000] {taskinstance.py:3134} INFO - Exporting env vars: AIRFLOW_CTX_DAG_OWNER='***' AIRFLOW_CTX_DAG_ID='iot_sensor_data_dag' AIRFLOW_CTX_TASK_ID='generate_sensor_data' AIRFLOW_CTX_EXECUTION_DATE='2025-11-13T17:37:45+00:00' AIRFLOW_CTX_TRY_NUMBER='1' AIRFLOW_CTX_DAG_RUN_ID='scheduled__2025-11-13T17:37:45+00:00'
[2025-11-13T17:38:02.766+0000] {logging_mixin.py:190} INFO - Task instance is in running state
[2025-11-13T17:38:02.767+0000] {logging_mixin.py:190} INFO -  Previous state of the Task instance: queued
[2025-11-13T17:38:02.767+0000] {logging_mixin.py:190} INFO - Current task name:generate_sensor_data state:running start_date:2025-11-13 17:38:02.448399+00:00
[2025-11-13T17:38:02.768+0000] {logging_mixin.py:190} INFO - Dag name:iot_sensor_data_dag and current dag run status:running
[2025-11-13T17:38:02.769+0000] {taskinstance.py:732} INFO - ::endgroup::
[2025-11-13T17:38:02.810+0000] {logging_mixin.py:190} INFO - [2025-11-13 17:38:02.790951] Inserted sensor data: {'time': datetime.datetime(2025, 11, 13, 17, 38, 2, 790951), 'temperature': 27.562979698751427, 'Dissolved_oxygen': 5.968223812713699, 'PH': 7.562524834515679, 'Ammonia': 0.009664956671248491, 'Nitrite': 0.05371165813534143, 'Turbidty': 40.02367582426139, '_id': ObjectId('6916177ae804f7995f1eb6a3')}
[2025-11-13T17:38:02.813+0000] {python.py:218} INFO - Done. Returned value was: None
[2025-11-13T17:38:02.823+0000] {taskinstance.py:341} INFO - ::group::Post task execution logs
[2025-11-13T17:38:02.824+0000] {taskinstance.py:353} INFO - Marking task as SUCCESS. dag_id=iot_sensor_data_dag, task_id=generate_sensor_data, run_id=scheduled__2025-11-13T17:37:45+00:00, execution_date=20251113T173745, start_date=20251113T173802, end_date=20251113T173802
[2025-11-13T17:38:02.847+0000] {logging_mixin.py:190} INFO - Task instance in success state
[2025-11-13T17:38:02.848+0000] {logging_mixin.py:190} INFO -  Previous state of the Task instance: running
[2025-11-13T17:38:02.849+0000] {logging_mixin.py:190} INFO - Dag name:iot_sensor_data_dag queued_at:2025-11-13 17:38:00.886237+00:00
[2025-11-13T17:38:02.850+0000] {logging_mixin.py:190} INFO - Task hostname:4f76d54186b6 operator:PythonOperator
[2025-11-13T17:38:02.900+0000] {local_task_job_runner.py:266} INFO - Task exited with return code 0
[2025-11-13T17:38:02.915+0000] {taskinstance.py:3901} INFO - 0 downstream tasks scheduled from follow-on schedule check
[2025-11-13T17:38:02.918+0000] {local_task_job_runner.py:245} INFO - ::endgroup::
