[2025-11-13T17:46:02.419+0000] {local_task_job_runner.py:123} INFO - ::group::Pre task execution logs
[2025-11-13T17:46:02.440+0000] {taskinstance.py:2614} INFO - Dependencies all met for dep_context=non-requeueable deps ti=<TaskInstance: iot_sensor_data_dag.generate_sensor_data scheduled__2025-11-13T17:45:45+00:00 [queued]>
[2025-11-13T17:46:02.449+0000] {taskinstance.py:2614} INFO - Dependencies all met for dep_context=requeueable deps ti=<TaskInstance: iot_sensor_data_dag.generate_sensor_data scheduled__2025-11-13T17:45:45+00:00 [queued]>
[2025-11-13T17:46:02.451+0000] {taskinstance.py:2867} INFO - Starting attempt 1 of 1
[2025-11-13T17:46:02.622+0000] {taskinstance.py:2890} INFO - Executing <Task(PythonOperator): generate_sensor_data> on 2025-11-13 17:45:45+00:00
[2025-11-13T17:46:02.632+0000] {warnings.py:112} WARNING - /home/***/.local/lib/python3.12/site-packages/***/task/task_runner/standard_task_runner.py:70: DeprecationWarning: This process (pid=1297) is multi-threaded, use of fork() may lead to deadlocks in the child.
  pid = os.fork()

[2025-11-13T17:46:02.635+0000] {standard_task_runner.py:72} INFO - Started process 1299 to run task
[2025-11-13T17:46:02.636+0000] {standard_task_runner.py:104} INFO - Running: ['***', 'tasks', 'run', 'iot_sensor_data_dag', 'generate_sensor_data', 'scheduled__2025-11-13T17:45:45+00:00', '--job-id', '337', '--raw', '--subdir', 'DAGS_FOLDER/DEPI.py', '--cfg-path', '/tmp/tmp14equ5vt']
[2025-11-13T17:46:02.638+0000] {standard_task_runner.py:105} INFO - Job 337: Subtask generate_sensor_data
[2025-11-13T17:46:02.701+0000] {task_command.py:467} INFO - Running <TaskInstance: iot_sensor_data_dag.generate_sensor_data scheduled__2025-11-13T17:45:45+00:00 [running]> on host 4f76d54186b6
[2025-11-13T17:46:02.803+0000] {taskinstance.py:3134} INFO - Exporting env vars: AIRFLOW_CTX_DAG_OWNER='***' AIRFLOW_CTX_DAG_ID='iot_sensor_data_dag' AIRFLOW_CTX_TASK_ID='generate_sensor_data' AIRFLOW_CTX_EXECUTION_DATE='2025-11-13T17:45:45+00:00' AIRFLOW_CTX_TRY_NUMBER='1' AIRFLOW_CTX_DAG_RUN_ID='scheduled__2025-11-13T17:45:45+00:00'
[2025-11-13T17:46:02.805+0000] {logging_mixin.py:190} INFO - Task instance is in running state
[2025-11-13T17:46:02.806+0000] {logging_mixin.py:190} INFO -  Previous state of the Task instance: queued
[2025-11-13T17:46:02.807+0000] {logging_mixin.py:190} INFO - Current task name:generate_sensor_data state:running start_date:2025-11-13 17:46:02.441256+00:00
[2025-11-13T17:46:02.808+0000] {logging_mixin.py:190} INFO - Dag name:iot_sensor_data_dag and current dag run status:running
[2025-11-13T17:46:02.809+0000] {taskinstance.py:732} INFO - ::endgroup::
[2025-11-13T17:46:02.865+0000] {logging_mixin.py:190} INFO - [2025-11-13 17:46:02.828967] Inserted sensor data: {'time': datetime.datetime(2025, 11, 13, 17, 46, 2, 828967), 'temperature': 27.390841386032747, 'Dissolved_oxygen': 5.9559480698251885, 'PH': 7.420523924497182, 'Ammonia': 0.010470023105553842, 'Nitrite': 0.05326115429998652, 'Turbidty': 39.47342734480938, '_id': ObjectId('6916195a9fc18624f3519931')}
[2025-11-13T17:46:02.871+0000] {python.py:218} INFO - Done. Returned value was: None
[2025-11-13T17:46:02.887+0000] {taskinstance.py:341} INFO - ::group::Post task execution logs
[2025-11-13T17:46:02.888+0000] {taskinstance.py:353} INFO - Marking task as SUCCESS. dag_id=iot_sensor_data_dag, task_id=generate_sensor_data, run_id=scheduled__2025-11-13T17:45:45+00:00, execution_date=20251113T174545, start_date=20251113T174602, end_date=20251113T174602
[2025-11-13T17:46:02.919+0000] {logging_mixin.py:190} INFO - Task instance in success state
[2025-11-13T17:46:02.921+0000] {logging_mixin.py:190} INFO -  Previous state of the Task instance: running
[2025-11-13T17:46:02.922+0000] {logging_mixin.py:190} INFO - Dag name:iot_sensor_data_dag queued_at:2025-11-13 17:46:00.016772+00:00
[2025-11-13T17:46:02.923+0000] {logging_mixin.py:190} INFO - Task hostname:4f76d54186b6 operator:PythonOperator
[2025-11-13T17:46:02.937+0000] {local_task_job_runner.py:266} INFO - Task exited with return code 0
[2025-11-13T17:46:02.969+0000] {taskinstance.py:3901} INFO - 0 downstream tasks scheduled from follow-on schedule check
[2025-11-13T17:46:02.976+0000] {local_task_job_runner.py:245} INFO - ::endgroup::
