[2025-11-17T12:14:12.423+0000] {local_task_job_runner.py:123} INFO - ::group::Pre task execution logs
[2025-11-17T12:14:12.536+0000] {taskinstance.py:2614} INFO - Dependencies all met for dep_context=non-requeueable deps ti=<TaskInstance: iot_kafka_produce_only.produce_sensor_data scheduled__2025-11-17T12:13:45+00:00 [queued]>
[2025-11-17T12:14:12.542+0000] {taskinstance.py:2614} INFO - Dependencies all met for dep_context=requeueable deps ti=<TaskInstance: iot_kafka_produce_only.produce_sensor_data scheduled__2025-11-17T12:13:45+00:00 [queued]>
[2025-11-17T12:14:12.543+0000] {taskinstance.py:2867} INFO - Starting attempt 1 of 1
[2025-11-17T12:14:12.553+0000] {taskinstance.py:2890} INFO - Executing <Task(PythonOperator): produce_sensor_data> on 2025-11-17 12:13:45+00:00
[2025-11-17T12:14:12.559+0000] {warnings.py:112} WARNING - /home/***/.local/lib/python3.12/site-packages/***/task/task_runner/standard_task_runner.py:70: DeprecationWarning: This process (pid=1522) is multi-threaded, use of fork() may lead to deadlocks in the child.
  pid = os.fork()

[2025-11-17T12:14:12.562+0000] {standard_task_runner.py:72} INFO - Started process 1525 to run task
[2025-11-17T12:14:12.561+0000] {standard_task_runner.py:104} INFO - Running: ['***', 'tasks', 'run', 'iot_kafka_produce_only', 'produce_sensor_data', 'scheduled__2025-11-17T12:13:45+00:00', '--job-id', '2357', '--raw', '--subdir', 'DAGS_FOLDER/IOT.py', '--cfg-path', '/tmp/tmp1ucrv6y7']
[2025-11-17T12:14:12.563+0000] {standard_task_runner.py:105} INFO - Job 2357: Subtask produce_sensor_data
[2025-11-17T12:14:12.601+0000] {task_command.py:467} INFO - Running <TaskInstance: iot_kafka_produce_only.produce_sensor_data scheduled__2025-11-17T12:13:45+00:00 [running]> on host 4f76d54186b6
[2025-11-17T12:14:12.664+0000] {taskinstance.py:3134} INFO - Exporting env vars: AIRFLOW_CTX_DAG_OWNER='***' AIRFLOW_CTX_DAG_ID='iot_kafka_produce_only' AIRFLOW_CTX_TASK_ID='produce_sensor_data' AIRFLOW_CTX_EXECUTION_DATE='2025-11-17T12:13:45+00:00' AIRFLOW_CTX_TRY_NUMBER='1' AIRFLOW_CTX_DAG_RUN_ID='scheduled__2025-11-17T12:13:45+00:00'
[2025-11-17T12:14:12.665+0000] {logging_mixin.py:190} INFO - Task instance is in running state
[2025-11-17T12:14:12.665+0000] {logging_mixin.py:190} INFO -  Previous state of the Task instance: queued
[2025-11-17T12:14:12.666+0000] {logging_mixin.py:190} INFO - Current task name:produce_sensor_data state:running start_date:2025-11-17 12:14:12.537434+00:00
[2025-11-17T12:14:12.666+0000] {logging_mixin.py:190} INFO - Dag name:iot_kafka_produce_only and current dag run status:running
[2025-11-17T12:14:12.667+0000] {taskinstance.py:732} INFO - ::endgroup::
[2025-11-17T12:18:55.969+0000] {logging_mixin.py:190} INFO - Message delivery failed: KafkaError{code=_MSG_TIMED_OUT,val=-192,str="Local: Message timed out"}
[2025-11-17T12:18:55.971+0000] {python.py:218} INFO - Done. Returned value was: None
[2025-11-17T12:18:55.981+0000] {taskinstance.py:341} INFO - ::group::Post task execution logs
[2025-11-17T12:18:55.982+0000] {taskinstance.py:353} INFO - Marking task as SUCCESS. dag_id=iot_kafka_produce_only, task_id=produce_sensor_data, run_id=scheduled__2025-11-17T12:13:45+00:00, execution_date=20251117T121345, start_date=20251117T121412, end_date=20251117T121855
[2025-11-17T12:18:56.006+0000] {logging_mixin.py:190} INFO - Task instance in success state
[2025-11-17T12:18:56.007+0000] {logging_mixin.py:190} INFO -  Previous state of the Task instance: running
[2025-11-17T12:18:56.008+0000] {logging_mixin.py:190} INFO - Dag name:iot_kafka_produce_only queued_at:2025-11-17 12:14:10.376756+00:00
[2025-11-17T12:18:56.010+0000] {logging_mixin.py:190} INFO - Task hostname:4f76d54186b6 operator:PythonOperator
[2025-11-17T12:18:56.047+0000] {local_task_job_runner.py:266} INFO - Task exited with return code 0
[2025-11-17T12:18:56.064+0000] {taskinstance.py:3901} INFO - 0 downstream tasks scheduled from follow-on schedule check
[2025-11-17T12:18:56.067+0000] {local_task_job_runner.py:245} INFO - ::endgroup::
