[2025-11-13T18:22:31.772+0000] {local_task_job_runner.py:123} INFO - ::group::Pre task execution logs
[2025-11-13T18:22:31.786+0000] {taskinstance.py:2614} INFO - Dependencies all met for dep_context=non-requeueable deps ti=<TaskInstance: iot_sensor_data_dag.generate_sensor_data scheduled__2025-11-13T18:22:15+00:00 [queued]>
[2025-11-13T18:22:31.792+0000] {taskinstance.py:2614} INFO - Dependencies all met for dep_context=requeueable deps ti=<TaskInstance: iot_sensor_data_dag.generate_sensor_data scheduled__2025-11-13T18:22:15+00:00 [queued]>
[2025-11-13T18:22:31.793+0000] {taskinstance.py:2867} INFO - Starting attempt 1 of 1
[2025-11-13T18:22:31.915+0000] {taskinstance.py:2890} INFO - Executing <Task(PythonOperator): generate_sensor_data> on 2025-11-13 18:22:15+00:00
[2025-11-13T18:22:31.921+0000] {warnings.py:112} WARNING - /home/***/.local/lib/python3.12/site-packages/***/task/task_runner/standard_task_runner.py:70: DeprecationWarning: This process (pid=2822) is multi-threaded, use of fork() may lead to deadlocks in the child.
  pid = os.fork()

[2025-11-13T18:22:31.923+0000] {standard_task_runner.py:104} INFO - Running: ['***', 'tasks', 'run', 'iot_sensor_data_dag', 'generate_sensor_data', 'scheduled__2025-11-13T18:22:15+00:00', '--job-id', '483', '--raw', '--subdir', 'DAGS_FOLDER/DEPI.py', '--cfg-path', '/tmp/tmpszz4fk67']
[2025-11-13T18:22:31.924+0000] {standard_task_runner.py:72} INFO - Started process 2824 to run task
[2025-11-13T18:22:31.924+0000] {standard_task_runner.py:105} INFO - Job 483: Subtask generate_sensor_data
[2025-11-13T18:22:31.967+0000] {task_command.py:467} INFO - Running <TaskInstance: iot_sensor_data_dag.generate_sensor_data scheduled__2025-11-13T18:22:15+00:00 [running]> on host 4f76d54186b6
[2025-11-13T18:22:32.033+0000] {taskinstance.py:3134} INFO - Exporting env vars: AIRFLOW_CTX_DAG_OWNER='***' AIRFLOW_CTX_DAG_ID='iot_sensor_data_dag' AIRFLOW_CTX_TASK_ID='generate_sensor_data' AIRFLOW_CTX_EXECUTION_DATE='2025-11-13T18:22:15+00:00' AIRFLOW_CTX_TRY_NUMBER='1' AIRFLOW_CTX_DAG_RUN_ID='scheduled__2025-11-13T18:22:15+00:00'
[2025-11-13T18:22:32.034+0000] {logging_mixin.py:190} INFO - Task instance is in running state
[2025-11-13T18:22:32.035+0000] {logging_mixin.py:190} INFO -  Previous state of the Task instance: queued
[2025-11-13T18:22:32.035+0000] {logging_mixin.py:190} INFO - Current task name:generate_sensor_data state:running start_date:2025-11-13 18:22:31.787047+00:00
[2025-11-13T18:22:32.036+0000] {logging_mixin.py:190} INFO - Dag name:iot_sensor_data_dag and current dag run status:running
[2025-11-13T18:22:32.036+0000] {taskinstance.py:732} INFO - ::endgroup::
[2025-11-13T18:22:32.059+0000] {logging_mixin.py:190} INFO - [2025-11-13 18:22:32.048003] Inserted sensor data: {'time': datetime.datetime(2025, 11, 13, 18, 22, 32, 48003), 'temperature': 27.43915532310886, 'Dissolved_oxygen': 5.967142735234885, 'PH': 7.5341802179955275, 'Ammonia': 0.00997685344266411, 'Nitrite': 0.05433701447792307, 'Turbidty': 40.04658876679238, '_id': ObjectId('691621e88c6c3d5bdb3cc791')}
[2025-11-13T18:22:32.061+0000] {python.py:218} INFO - Done. Returned value was: None
[2025-11-13T18:22:32.072+0000] {taskinstance.py:341} INFO - ::group::Post task execution logs
[2025-11-13T18:22:32.073+0000] {taskinstance.py:353} INFO - Marking task as SUCCESS. dag_id=iot_sensor_data_dag, task_id=generate_sensor_data, run_id=scheduled__2025-11-13T18:22:15+00:00, execution_date=20251113T182215, start_date=20251113T182231, end_date=20251113T182232
[2025-11-13T18:22:32.092+0000] {logging_mixin.py:190} INFO - Task instance in success state
[2025-11-13T18:22:32.092+0000] {logging_mixin.py:190} INFO -  Previous state of the Task instance: running
[2025-11-13T18:22:32.093+0000] {logging_mixin.py:190} INFO - Dag name:iot_sensor_data_dag queued_at:2025-11-13 18:22:30.530125+00:00
[2025-11-13T18:22:32.093+0000] {logging_mixin.py:190} INFO - Task hostname:4f76d54186b6 operator:PythonOperator
[2025-11-13T18:22:32.107+0000] {local_task_job_runner.py:266} INFO - Task exited with return code 0
[2025-11-13T18:22:32.128+0000] {taskinstance.py:3901} INFO - 0 downstream tasks scheduled from follow-on schedule check
[2025-11-13T18:22:32.133+0000] {local_task_job_runner.py:245} INFO - ::endgroup::
