[2025-11-13T17:54:02.428+0000] {local_task_job_runner.py:123} INFO - ::group::Pre task execution logs
[2025-11-13T17:54:02.451+0000] {taskinstance.py:2614} INFO - Dependencies all met for dep_context=non-requeueable deps ti=<TaskInstance: iot_sensor_data_dag.generate_sensor_data scheduled__2025-11-13T17:53:45+00:00 [queued]>
[2025-11-13T17:54:02.461+0000] {taskinstance.py:2614} INFO - Dependencies all met for dep_context=requeueable deps ti=<TaskInstance: iot_sensor_data_dag.generate_sensor_data scheduled__2025-11-13T17:53:45+00:00 [queued]>
[2025-11-13T17:54:02.462+0000] {taskinstance.py:2867} INFO - Starting attempt 1 of 1
[2025-11-13T17:54:02.649+0000] {taskinstance.py:2890} INFO - Executing <Task(PythonOperator): generate_sensor_data> on 2025-11-13 17:53:45+00:00
[2025-11-13T17:54:02.659+0000] {warnings.py:112} WARNING - /home/***/.local/lib/python3.12/site-packages/***/task/task_runner/standard_task_runner.py:70: DeprecationWarning: This process (pid=1627) is multi-threaded, use of fork() may lead to deadlocks in the child.
  pid = os.fork()

[2025-11-13T17:54:02.663+0000] {standard_task_runner.py:72} INFO - Started process 1629 to run task
[2025-11-13T17:54:02.664+0000] {standard_task_runner.py:104} INFO - Running: ['***', 'tasks', 'run', 'iot_sensor_data_dag', 'generate_sensor_data', 'scheduled__2025-11-13T17:53:45+00:00', '--job-id', '369', '--raw', '--subdir', 'DAGS_FOLDER/DEPI.py', '--cfg-path', '/tmp/tmpdnq0aa37']
[2025-11-13T17:54:02.667+0000] {standard_task_runner.py:105} INFO - Job 369: Subtask generate_sensor_data
[2025-11-13T17:54:02.735+0000] {task_command.py:467} INFO - Running <TaskInstance: iot_sensor_data_dag.generate_sensor_data scheduled__2025-11-13T17:53:45+00:00 [running]> on host 4f76d54186b6
[2025-11-13T17:54:02.845+0000] {taskinstance.py:3134} INFO - Exporting env vars: AIRFLOW_CTX_DAG_OWNER='***' AIRFLOW_CTX_DAG_ID='iot_sensor_data_dag' AIRFLOW_CTX_TASK_ID='generate_sensor_data' AIRFLOW_CTX_EXECUTION_DATE='2025-11-13T17:53:45+00:00' AIRFLOW_CTX_TRY_NUMBER='1' AIRFLOW_CTX_DAG_RUN_ID='scheduled__2025-11-13T17:53:45+00:00'
[2025-11-13T17:54:02.848+0000] {logging_mixin.py:190} INFO - Task instance is in running state
[2025-11-13T17:54:02.849+0000] {logging_mixin.py:190} INFO -  Previous state of the Task instance: queued
[2025-11-13T17:54:02.850+0000] {logging_mixin.py:190} INFO - Current task name:generate_sensor_data state:running start_date:2025-11-13 17:54:02.453000+00:00
[2025-11-13T17:54:02.851+0000] {logging_mixin.py:190} INFO - Dag name:iot_sensor_data_dag and current dag run status:running
[2025-11-13T17:54:02.852+0000] {taskinstance.py:732} INFO - ::endgroup::
[2025-11-13T17:54:02.899+0000] {logging_mixin.py:190} INFO - [2025-11-13 17:54:02.874473] Inserted sensor data: {'time': datetime.datetime(2025, 11, 13, 17, 54, 2, 874473), 'temperature': 27.6924821705534, 'Dissolved_oxygen': 5.909791178848367, 'PH': 7.59711682095936, 'Ammonia': 0.009807419670268892, 'Nitrite': 0.052842899335811544, 'Turbidty': 40.08031882661058, '_id': ObjectId('69161b3a7fad06bf1975cfea')}
[2025-11-13T17:54:02.903+0000] {python.py:218} INFO - Done. Returned value was: None
[2025-11-13T17:54:02.919+0000] {taskinstance.py:341} INFO - ::group::Post task execution logs
[2025-11-13T17:54:02.920+0000] {taskinstance.py:353} INFO - Marking task as SUCCESS. dag_id=iot_sensor_data_dag, task_id=generate_sensor_data, run_id=scheduled__2025-11-13T17:53:45+00:00, execution_date=20251113T175345, start_date=20251113T175402, end_date=20251113T175402
[2025-11-13T17:54:02.948+0000] {logging_mixin.py:190} INFO - Task instance in success state
[2025-11-13T17:54:02.949+0000] {logging_mixin.py:190} INFO -  Previous state of the Task instance: running
[2025-11-13T17:54:02.950+0000] {logging_mixin.py:190} INFO - Dag name:iot_sensor_data_dag queued_at:2025-11-13 17:54:00.114649+00:00
[2025-11-13T17:54:02.951+0000] {logging_mixin.py:190} INFO - Task hostname:4f76d54186b6 operator:PythonOperator
[2025-11-13T17:54:02.967+0000] {local_task_job_runner.py:266} INFO - Task exited with return code 0
[2025-11-13T17:54:03.002+0000] {taskinstance.py:3901} INFO - 0 downstream tasks scheduled from follow-on schedule check
[2025-11-13T17:54:03.009+0000] {local_task_job_runner.py:245} INFO - ::endgroup::
