[2025-11-15T12:20:31.393+0000] {local_task_job_runner.py:123} INFO - ::group::Pre task execution logs
[2025-11-15T12:20:31.404+0000] {taskinstance.py:2614} INFO - Dependencies all met for dep_context=non-requeueable deps ti=<TaskInstance: iot_sensor_data_dag.generate_sensor_data scheduled__2025-11-15T12:20:15+00:00 [queued]>
[2025-11-15T12:20:31.409+0000] {taskinstance.py:2614} INFO - Dependencies all met for dep_context=requeueable deps ti=<TaskInstance: iot_sensor_data_dag.generate_sensor_data scheduled__2025-11-15T12:20:15+00:00 [queued]>
[2025-11-15T12:20:31.417+0000] {taskinstance.py:2867} INFO - Starting attempt 1 of 1
[2025-11-15T12:20:31.426+0000] {taskinstance.py:2890} INFO - Executing <Task(PythonOperator): generate_sensor_data> on 2025-11-15 12:20:15+00:00
[2025-11-15T12:20:31.433+0000] {warnings.py:112} WARNING - /home/***/.local/lib/python3.12/site-packages/***/task/task_runner/standard_task_runner.py:70: DeprecationWarning: This process (pid=1072) is multi-threaded, use of fork() may lead to deadlocks in the child.
  pid = os.fork()

[2025-11-15T12:20:31.434+0000] {standard_task_runner.py:72} INFO - Started process 1074 to run task
[2025-11-15T12:20:31.435+0000] {standard_task_runner.py:104} INFO - Running: ['***', 'tasks', 'run', 'iot_sensor_data_dag', 'generate_sensor_data', 'scheduled__2025-11-15T12:20:15+00:00', '--job-id', '1253', '--raw', '--subdir', 'DAGS_FOLDER/DEPI.py', '--cfg-path', '/tmp/tmpd96kv01q']
[2025-11-15T12:20:31.436+0000] {standard_task_runner.py:105} INFO - Job 1253: Subtask generate_sensor_data
[2025-11-15T12:20:31.679+0000] {task_command.py:467} INFO - Running <TaskInstance: iot_sensor_data_dag.generate_sensor_data scheduled__2025-11-15T12:20:15+00:00 [running]> on host 4f76d54186b6
[2025-11-15T12:20:31.734+0000] {taskinstance.py:3134} INFO - Exporting env vars: AIRFLOW_CTX_DAG_OWNER='***' AIRFLOW_CTX_DAG_ID='iot_sensor_data_dag' AIRFLOW_CTX_TASK_ID='generate_sensor_data' AIRFLOW_CTX_EXECUTION_DATE='2025-11-15T12:20:15+00:00' AIRFLOW_CTX_TRY_NUMBER='1' AIRFLOW_CTX_DAG_RUN_ID='scheduled__2025-11-15T12:20:15+00:00'
[2025-11-15T12:20:31.736+0000] {logging_mixin.py:190} INFO - Task instance is in running state
[2025-11-15T12:20:31.736+0000] {logging_mixin.py:190} INFO -  Previous state of the Task instance: queued
[2025-11-15T12:20:31.736+0000] {logging_mixin.py:190} INFO - Current task name:generate_sensor_data state:running start_date:2025-11-15 12:20:31.405297+00:00
[2025-11-15T12:20:31.737+0000] {logging_mixin.py:190} INFO - Dag name:iot_sensor_data_dag and current dag run status:running
[2025-11-15T12:20:31.737+0000] {taskinstance.py:732} INFO - ::endgroup::
[2025-11-15T12:20:31.765+0000] {logging_mixin.py:190} INFO - [2025-11-15 12:20:31.754402] Inserted sensor data: {'time': '2025-11-15T12:20:31.754402', 'temperature': 27.499125528490417, 'Dissolved_oxygen': 6.088568943297714, 'PH': 7.412725874180445, 'Ammonia': 0.009846332603052082, 'Nitrite': 0.05157474803869594, 'Turbidty': 39.92108651212023, '_id': '6918700fd6508fee8d24c738'}
[2025-11-15T12:24:09.840+0000] {job.py:229} INFO - Heartbeat recovered after 163.98 seconds
[2025-11-15T12:25:24.630+0000] {python.py:218} INFO - Done. Returned value was: None
[2025-11-15T12:25:24.641+0000] {taskinstance.py:341} INFO - ::group::Post task execution logs
[2025-11-15T12:25:24.642+0000] {taskinstance.py:353} INFO - Marking task as SUCCESS. dag_id=iot_sensor_data_dag, task_id=generate_sensor_data, run_id=scheduled__2025-11-15T12:20:15+00:00, execution_date=20251115T122015, start_date=20251115T122031, end_date=20251115T122524
[2025-11-15T12:25:24.664+0000] {logging_mixin.py:190} INFO - Task instance in success state
[2025-11-15T12:25:24.665+0000] {logging_mixin.py:190} INFO -  Previous state of the Task instance: running
[2025-11-15T12:25:24.665+0000] {logging_mixin.py:190} INFO - Dag name:iot_sensor_data_dag queued_at:2025-11-15 12:20:30.398730+00:00
[2025-11-15T12:25:24.665+0000] {logging_mixin.py:190} INFO - Task hostname:4f76d54186b6 operator:PythonOperator
[2025-11-15T12:25:24.698+0000] {local_task_job_runner.py:266} INFO - Task exited with return code 0
[2025-11-15T12:25:24.718+0000] {taskinstance.py:3901} INFO - 0 downstream tasks scheduled from follow-on schedule check
[2025-11-15T12:25:24.722+0000] {local_task_job_runner.py:245} INFO - ::endgroup::
