[2025-11-15T19:01:17.511+0000] {local_task_job_runner.py:123} INFO - ::group::Pre task execution logs
[2025-11-15T19:01:17.522+0000] {taskinstance.py:2614} INFO - Dependencies all met for dep_context=non-requeueable deps ti=<TaskInstance: iot_sensor_data_dag.generate_sensor_data scheduled__2025-11-15T19:01:00+00:00 [queued]>
[2025-11-15T19:01:17.528+0000] {taskinstance.py:2614} INFO - Dependencies all met for dep_context=requeueable deps ti=<TaskInstance: iot_sensor_data_dag.generate_sensor_data scheduled__2025-11-15T19:01:00+00:00 [queued]>
[2025-11-15T19:01:17.529+0000] {taskinstance.py:2867} INFO - Starting attempt 1 of 1
[2025-11-15T19:01:17.539+0000] {taskinstance.py:2890} INFO - Executing <Task(PythonOperator): generate_sensor_data> on 2025-11-15 19:01:00+00:00
[2025-11-15T19:01:17.545+0000] {warnings.py:112} WARNING - /home/***/.local/lib/python3.12/site-packages/***/task/task_runner/standard_task_runner.py:70: DeprecationWarning: This process (pid=532) is multi-threaded, use of fork() may lead to deadlocks in the child.
  pid = os.fork()

[2025-11-15T19:01:17.547+0000] {standard_task_runner.py:72} INFO - Started process 536 to run task
[2025-11-15T19:01:17.547+0000] {standard_task_runner.py:104} INFO - Running: ['***', 'tasks', 'run', 'iot_sensor_data_dag', 'generate_sensor_data', 'scheduled__2025-11-15T19:01:00+00:00', '--job-id', '1366', '--raw', '--subdir', 'DAGS_FOLDER/DEPI.py', '--cfg-path', '/tmp/tmpaj1hcgr6']
[2025-11-15T19:01:17.549+0000] {standard_task_runner.py:105} INFO - Job 1366: Subtask generate_sensor_data
[2025-11-15T19:01:17.752+0000] {task_command.py:467} INFO - Running <TaskInstance: iot_sensor_data_dag.generate_sensor_data scheduled__2025-11-15T19:01:00+00:00 [running]> on host 4f76d54186b6
[2025-11-15T19:01:17.807+0000] {taskinstance.py:3134} INFO - Exporting env vars: AIRFLOW_CTX_DAG_OWNER='***' AIRFLOW_CTX_DAG_ID='iot_sensor_data_dag' AIRFLOW_CTX_TASK_ID='generate_sensor_data' AIRFLOW_CTX_EXECUTION_DATE='2025-11-15T19:01:00+00:00' AIRFLOW_CTX_TRY_NUMBER='1' AIRFLOW_CTX_DAG_RUN_ID='scheduled__2025-11-15T19:01:00+00:00'
[2025-11-15T19:01:17.809+0000] {logging_mixin.py:190} INFO - Task instance is in running state
[2025-11-15T19:01:17.811+0000] {logging_mixin.py:190} INFO -  Previous state of the Task instance: queued
[2025-11-15T19:01:17.815+0000] {logging_mixin.py:190} INFO - Current task name:generate_sensor_data state:running start_date:2025-11-15 19:01:17.523435+00:00
[2025-11-15T19:01:17.821+0000] {logging_mixin.py:190} INFO - Dag name:iot_sensor_data_dag and current dag run status:running
[2025-11-15T19:01:17.821+0000] {taskinstance.py:732} INFO - ::endgroup::
[2025-11-15T19:01:17.866+0000] {logging_mixin.py:190} INFO - [2025-11-15 19:01:17.851604] Inserted sensor data: {'time': '2025-11-15T19:01:17.851604', 'temperature': 27.340280075292767, 'Dissolved_oxygen': 5.993195827718282, 'PH': 7.543002832779639, 'Ammonia': 0.009907340043682428, 'Nitrite': 0.0501196329099232, 'Turbidty': 40.54357846693197, '_id': '6918cdfdc3f841fa6630b7c1'}
[2025-11-16T19:14:22.542+0000] {local_task_job_runner.py:123} INFO - ::group::Pre task execution logs
[2025-11-16T19:14:22.571+0000] {taskinstance.py:2604} INFO - Dependencies not met for <TaskInstance: iot_sensor_data_dag.generate_sensor_data scheduled__2025-11-15T19:01:00+00:00 [failed]>, dependency 'Task Instance State' FAILED: Task is in the 'failed' state.
[2025-11-16T19:14:22.574+0000] {local_task_job_runner.py:166} INFO - Task is not able to be run
