[2025-11-15T12:20:02.837+0000] {local_task_job_runner.py:123} INFO - ::group::Pre task execution logs
[2025-11-15T12:20:02.849+0000] {taskinstance.py:2614} INFO - Dependencies all met for dep_context=non-requeueable deps ti=<TaskInstance: iot_sensor_data_dag.generate_sensor_data scheduled__2025-11-15T12:19:45+00:00 [queued]>
[2025-11-15T12:20:02.856+0000] {taskinstance.py:2614} INFO - Dependencies all met for dep_context=requeueable deps ti=<TaskInstance: iot_sensor_data_dag.generate_sensor_data scheduled__2025-11-15T12:19:45+00:00 [queued]>
[2025-11-15T12:20:02.857+0000] {taskinstance.py:2867} INFO - Starting attempt 1 of 1
[2025-11-15T12:20:02.867+0000] {taskinstance.py:2890} INFO - Executing <Task(PythonOperator): generate_sensor_data> on 2025-11-15 12:19:45+00:00
[2025-11-15T12:20:02.874+0000] {warnings.py:112} WARNING - /home/***/.local/lib/python3.12/site-packages/***/task/task_runner/standard_task_runner.py:70: DeprecationWarning: This process (pid=1045) is multi-threaded, use of fork() may lead to deadlocks in the child.
  pid = os.fork()

[2025-11-15T12:20:02.876+0000] {standard_task_runner.py:104} INFO - Running: ['***', 'tasks', 'run', 'iot_sensor_data_dag', 'generate_sensor_data', 'scheduled__2025-11-15T12:19:45+00:00', '--job-id', '1251', '--raw', '--subdir', 'DAGS_FOLDER/DEPI.py', '--cfg-path', '/tmp/tmp9641hhso']
[2025-11-15T12:20:02.876+0000] {standard_task_runner.py:72} INFO - Started process 1047 to run task
[2025-11-15T12:20:02.877+0000] {standard_task_runner.py:105} INFO - Job 1251: Subtask generate_sensor_data
[2025-11-15T12:20:03.108+0000] {task_command.py:467} INFO - Running <TaskInstance: iot_sensor_data_dag.generate_sensor_data scheduled__2025-11-15T12:19:45+00:00 [running]> on host 4f76d54186b6
[2025-11-15T12:20:03.165+0000] {taskinstance.py:3134} INFO - Exporting env vars: AIRFLOW_CTX_DAG_OWNER='***' AIRFLOW_CTX_DAG_ID='iot_sensor_data_dag' AIRFLOW_CTX_TASK_ID='generate_sensor_data' AIRFLOW_CTX_EXECUTION_DATE='2025-11-15T12:19:45+00:00' AIRFLOW_CTX_TRY_NUMBER='1' AIRFLOW_CTX_DAG_RUN_ID='scheduled__2025-11-15T12:19:45+00:00'
[2025-11-15T12:20:03.167+0000] {logging_mixin.py:190} INFO - Task instance is in running state
[2025-11-15T12:20:03.167+0000] {logging_mixin.py:190} INFO -  Previous state of the Task instance: queued
[2025-11-15T12:20:03.168+0000] {logging_mixin.py:190} INFO - Current task name:generate_sensor_data state:running start_date:2025-11-15 12:20:02.851025+00:00
[2025-11-15T12:20:03.169+0000] {logging_mixin.py:190} INFO - Dag name:iot_sensor_data_dag and current dag run status:running
[2025-11-15T12:20:03.169+0000] {taskinstance.py:732} INFO - ::endgroup::
[2025-11-15T12:20:03.192+0000] {logging_mixin.py:190} INFO - [2025-11-15 12:20:03.182864] Inserted sensor data: {'time': '2025-11-15T12:20:03.182864', 'temperature': 27.512746851904744, 'Dissolved_oxygen': 6.048977617759791, 'PH': 7.486687315485941, 'Ammonia': 0.00959331484655949, 'Nitrite': 0.05048643309359837, 'Turbidty': 40.51018644241368, '_id': '69186ff35adc27d5a6c04039'}
[2025-11-15T12:21:25.879+0000] {job.py:229} INFO - Heartbeat recovered after 12.42 seconds
[2025-11-15T12:24:09.840+0000] {job.py:229} INFO - Heartbeat recovered after 163.98 seconds
[2025-11-15T12:24:56.297+0000] {python.py:218} INFO - Done. Returned value was: None
[2025-11-15T12:24:56.307+0000] {taskinstance.py:341} INFO - ::group::Post task execution logs
[2025-11-15T12:24:56.308+0000] {taskinstance.py:353} INFO - Marking task as SUCCESS. dag_id=iot_sensor_data_dag, task_id=generate_sensor_data, run_id=scheduled__2025-11-15T12:19:45+00:00, execution_date=20251115T121945, start_date=20251115T122002, end_date=20251115T122456
[2025-11-15T12:24:56.327+0000] {logging_mixin.py:190} INFO - Task instance in success state
[2025-11-15T12:24:56.328+0000] {logging_mixin.py:190} INFO -  Previous state of the Task instance: running
[2025-11-15T12:24:56.328+0000] {logging_mixin.py:190} INFO - Dag name:iot_sensor_data_dag queued_at:2025-11-15 12:20:00.281423+00:00
[2025-11-15T12:24:56.329+0000] {logging_mixin.py:190} INFO - Task hostname:4f76d54186b6 operator:PythonOperator
[2025-11-15T12:24:56.365+0000] {local_task_job_runner.py:266} INFO - Task exited with return code 0
[2025-11-15T12:24:56.382+0000] {taskinstance.py:3901} INFO - 0 downstream tasks scheduled from follow-on schedule check
[2025-11-15T12:24:56.386+0000] {local_task_job_runner.py:245} INFO - ::endgroup::
