[2025-11-16T19:37:31.934+0000] {local_task_job_runner.py:123} INFO - ::group::Pre task execution logs
[2025-11-16T19:37:31.945+0000] {taskinstance.py:2614} INFO - Dependencies all met for dep_context=non-requeueable deps ti=<TaskInstance: iot_sensor_data_dag.generate_sensor_data scheduled__2025-11-16T19:36:40+00:00 [queued]>
[2025-11-16T19:37:31.950+0000] {taskinstance.py:2614} INFO - Dependencies all met for dep_context=requeueable deps ti=<TaskInstance: iot_sensor_data_dag.generate_sensor_data scheduled__2025-11-16T19:36:40+00:00 [queued]>
[2025-11-16T19:37:31.951+0000] {taskinstance.py:2867} INFO - Starting attempt 1 of 1
[2025-11-16T19:37:31.960+0000] {taskinstance.py:2890} INFO - Executing <Task(PythonOperator): generate_sensor_data> on 2025-11-16 19:36:40+00:00
[2025-11-16T19:37:31.965+0000] {warnings.py:112} WARNING - /home/***/.local/lib/python3.12/site-packages/***/task/task_runner/standard_task_runner.py:70: DeprecationWarning: This process (pid=1522) is multi-threaded, use of fork() may lead to deadlocks in the child.
  pid = os.fork()

[2025-11-16T19:37:31.967+0000] {standard_task_runner.py:72} INFO - Started process 1526 to run task
[2025-11-16T19:37:31.967+0000] {standard_task_runner.py:104} INFO - Running: ['***', 'tasks', 'run', 'iot_sensor_data_dag', 'generate_sensor_data', 'scheduled__2025-11-16T19:36:40+00:00', '--job-id', '1551', '--raw', '--subdir', 'DAGS_FOLDER/DEPI.py', '--cfg-path', '/tmp/tmpaez8sk4l']
[2025-11-16T19:37:31.968+0000] {standard_task_runner.py:105} INFO - Job 1551: Subtask generate_sensor_data
[2025-11-16T19:37:32.178+0000] {task_command.py:467} INFO - Running <TaskInstance: iot_sensor_data_dag.generate_sensor_data scheduled__2025-11-16T19:36:40+00:00 [running]> on host 4f76d54186b6
[2025-11-16T19:37:32.236+0000] {taskinstance.py:3134} INFO - Exporting env vars: AIRFLOW_CTX_DAG_OWNER='***' AIRFLOW_CTX_DAG_ID='iot_sensor_data_dag' AIRFLOW_CTX_TASK_ID='generate_sensor_data' AIRFLOW_CTX_EXECUTION_DATE='2025-11-16T19:36:40+00:00' AIRFLOW_CTX_TRY_NUMBER='1' AIRFLOW_CTX_DAG_RUN_ID='scheduled__2025-11-16T19:36:40+00:00'
[2025-11-16T19:37:32.238+0000] {logging_mixin.py:190} INFO - Task instance is in running state
[2025-11-16T19:37:32.238+0000] {logging_mixin.py:190} INFO -  Previous state of the Task instance: queued
[2025-11-16T19:37:32.239+0000] {logging_mixin.py:190} INFO - Current task name:generate_sensor_data state:running start_date:2025-11-16 19:37:31.946204+00:00
[2025-11-16T19:37:32.239+0000] {logging_mixin.py:190} INFO - Dag name:iot_sensor_data_dag and current dag run status:running
[2025-11-16T19:37:32.240+0000] {taskinstance.py:732} INFO - ::endgroup::
[2025-11-16T19:42:33.985+0000] {python.py:218} INFO - Done. Returned value was: None
[2025-11-16T19:42:33.994+0000] {taskinstance.py:341} INFO - ::group::Post task execution logs
[2025-11-16T19:42:33.995+0000] {taskinstance.py:353} INFO - Marking task as SUCCESS. dag_id=iot_sensor_data_dag, task_id=generate_sensor_data, run_id=scheduled__2025-11-16T19:36:40+00:00, execution_date=20251116T193640, start_date=20251116T193731, end_date=20251116T194233
[2025-11-16T19:42:34.018+0000] {logging_mixin.py:190} INFO - Task instance in success state
[2025-11-16T19:42:34.019+0000] {logging_mixin.py:190} INFO -  Previous state of the Task instance: running
[2025-11-16T19:42:34.019+0000] {logging_mixin.py:190} INFO - Dag name:iot_sensor_data_dag queued_at:2025-11-16 19:37:30.748364+00:00
[2025-11-16T19:42:34.020+0000] {logging_mixin.py:190} INFO - Task hostname:4f76d54186b6 operator:PythonOperator
[2025-11-16T19:42:34.043+0000] {local_task_job_runner.py:266} INFO - Task exited with return code 0
[2025-11-16T19:42:34.061+0000] {taskinstance.py:3901} INFO - 0 downstream tasks scheduled from follow-on schedule check
[2025-11-16T19:42:34.065+0000] {local_task_job_runner.py:245} INFO - ::endgroup::
