[2025-11-15T12:18:03.856+0000] {local_task_job_runner.py:123} INFO - ::group::Pre task execution logs
[2025-11-15T12:18:03.868+0000] {taskinstance.py:2614} INFO - Dependencies all met for dep_context=non-requeueable deps ti=<TaskInstance: iot_sensor_data_dag.generate_sensor_data scheduled__2025-11-15T12:17:45+00:00 [queued]>
[2025-11-15T12:18:03.873+0000] {taskinstance.py:2614} INFO - Dependencies all met for dep_context=requeueable deps ti=<TaskInstance: iot_sensor_data_dag.generate_sensor_data scheduled__2025-11-15T12:17:45+00:00 [queued]>
[2025-11-15T12:18:03.875+0000] {taskinstance.py:2867} INFO - Starting attempt 1 of 1
[2025-11-15T12:18:03.885+0000] {taskinstance.py:2890} INFO - Executing <Task(PythonOperator): generate_sensor_data> on 2025-11-15 12:17:45+00:00
[2025-11-15T12:18:03.892+0000] {warnings.py:112} WARNING - /home/***/.local/lib/python3.12/site-packages/***/task/task_runner/standard_task_runner.py:70: DeprecationWarning: This process (pid=937) is multi-threaded, use of fork() may lead to deadlocks in the child.
  pid = os.fork()

[2025-11-15T12:18:03.896+0000] {standard_task_runner.py:72} INFO - Started process 939 to run task
[2025-11-15T12:18:03.897+0000] {standard_task_runner.py:104} INFO - Running: ['***', 'tasks', 'run', 'iot_sensor_data_dag', 'generate_sensor_data', 'scheduled__2025-11-15T12:17:45+00:00', '--job-id', '1243', '--raw', '--subdir', 'DAGS_FOLDER/DEPI.py', '--cfg-path', '/tmp/tmpknjj1vuu']
[2025-11-15T12:18:03.899+0000] {standard_task_runner.py:105} INFO - Job 1243: Subtask generate_sensor_data
[2025-11-15T12:18:04.337+0000] {task_command.py:467} INFO - Running <TaskInstance: iot_sensor_data_dag.generate_sensor_data scheduled__2025-11-15T12:17:45+00:00 [running]> on host 4f76d54186b6
[2025-11-15T12:18:04.393+0000] {taskinstance.py:3134} INFO - Exporting env vars: AIRFLOW_CTX_DAG_OWNER='***' AIRFLOW_CTX_DAG_ID='iot_sensor_data_dag' AIRFLOW_CTX_TASK_ID='generate_sensor_data' AIRFLOW_CTX_EXECUTION_DATE='2025-11-15T12:17:45+00:00' AIRFLOW_CTX_TRY_NUMBER='1' AIRFLOW_CTX_DAG_RUN_ID='scheduled__2025-11-15T12:17:45+00:00'
[2025-11-15T12:18:04.394+0000] {logging_mixin.py:190} INFO - Task instance is in running state
[2025-11-15T12:18:04.394+0000] {logging_mixin.py:190} INFO -  Previous state of the Task instance: queued
[2025-11-15T12:18:04.395+0000] {logging_mixin.py:190} INFO - Current task name:generate_sensor_data state:running start_date:2025-11-15 12:18:03.868997+00:00
[2025-11-15T12:18:04.395+0000] {logging_mixin.py:190} INFO - Dag name:iot_sensor_data_dag and current dag run status:running
[2025-11-15T12:18:04.396+0000] {taskinstance.py:732} INFO - ::endgroup::
[2025-11-15T12:18:04.428+0000] {logging_mixin.py:190} INFO - [2025-11-15 12:18:04.414673] Inserted sensor data: {'time': '2025-11-15T12:18:04.414673', 'temperature': 27.59337088308466, 'Dissolved_oxygen': 5.968041111134826, 'PH': 7.57060208936022, 'Ammonia': 0.009361738654655286, 'Nitrite': 0.04846909751288686, 'Turbidty': 39.68804105695214, '_id': '69186f7c67260d6dc525dd9b'}
[2025-11-15T12:21:25.879+0000] {job.py:229} INFO - Heartbeat recovered after 10.92 seconds
[2025-11-15T12:24:11.308+0000] {python.py:218} INFO - Done. Returned value was: None
[2025-11-15T12:24:09.837+0000] {taskinstance.py:341} INFO - ::group::Post task execution logs
[2025-11-15T12:24:09.838+0000] {taskinstance.py:353} INFO - Marking task as SUCCESS. dag_id=iot_sensor_data_dag, task_id=generate_sensor_data, run_id=scheduled__2025-11-15T12:17:45+00:00, execution_date=20251115T121745, start_date=20251115T121803, end_date=20251115T122409
[2025-11-15T12:24:09.840+0000] {job.py:229} INFO - Heartbeat recovered after 163.98 seconds
[2025-11-15T12:24:09.896+0000] {logging_mixin.py:190} INFO - Task instance in success state
[2025-11-15T12:24:09.897+0000] {logging_mixin.py:190} INFO -  Previous state of the Task instance: running
[2025-11-15T12:24:09.898+0000] {logging_mixin.py:190} INFO - Dag name:iot_sensor_data_dag queued_at:2025-11-15 12:18:00.112382+00:00
[2025-11-15T12:24:09.899+0000] {logging_mixin.py:190} INFO - Task hostname:4f76d54186b6 operator:PythonOperator
[2025-11-15T12:24:09.951+0000] {local_task_job_runner.py:266} INFO - Task exited with return code 0
[2025-11-15T12:24:09.980+0000] {taskinstance.py:3901} INFO - 0 downstream tasks scheduled from follow-on schedule check
[2025-11-15T12:24:09.989+0000] {local_task_job_runner.py:245} INFO - ::endgroup::
