[2025-11-13T18:44:31.953+0000] {local_task_job_runner.py:123} INFO - ::group::Pre task execution logs
[2025-11-13T18:44:31.965+0000] {taskinstance.py:2614} INFO - Dependencies all met for dep_context=non-requeueable deps ti=<TaskInstance: iot_sensor_data_dag.generate_sensor_data scheduled__2025-11-13T18:44:15+00:00 [queued]>
[2025-11-13T18:44:31.971+0000] {taskinstance.py:2614} INFO - Dependencies all met for dep_context=requeueable deps ti=<TaskInstance: iot_sensor_data_dag.generate_sensor_data scheduled__2025-11-13T18:44:15+00:00 [queued]>
[2025-11-13T18:44:31.972+0000] {taskinstance.py:2867} INFO - Starting attempt 1 of 1
[2025-11-13T18:44:32.121+0000] {taskinstance.py:2890} INFO - Executing <Task(PythonOperator): generate_sensor_data> on 2025-11-13 18:44:15+00:00
[2025-11-13T18:44:32.131+0000] {warnings.py:112} WARNING - /home/***/.local/lib/python3.12/site-packages/***/task/task_runner/standard_task_runner.py:70: DeprecationWarning: This process (pid=3743) is multi-threaded, use of fork() may lead to deadlocks in the child.
  pid = os.fork()

[2025-11-13T18:44:32.133+0000] {standard_task_runner.py:72} INFO - Started process 3745 to run task
[2025-11-13T18:44:32.133+0000] {standard_task_runner.py:104} INFO - Running: ['***', 'tasks', 'run', 'iot_sensor_data_dag', 'generate_sensor_data', 'scheduled__2025-11-13T18:44:15+00:00', '--job-id', '571', '--raw', '--subdir', 'DAGS_FOLDER/DEPI.py', '--cfg-path', '/tmp/tmp3hh2r96m']
[2025-11-13T18:44:32.135+0000] {standard_task_runner.py:105} INFO - Job 571: Subtask generate_sensor_data
[2025-11-13T18:44:32.182+0000] {task_command.py:467} INFO - Running <TaskInstance: iot_sensor_data_dag.generate_sensor_data scheduled__2025-11-13T18:44:15+00:00 [running]> on host 4f76d54186b6
[2025-11-13T18:44:32.245+0000] {taskinstance.py:3134} INFO - Exporting env vars: AIRFLOW_CTX_DAG_OWNER='***' AIRFLOW_CTX_DAG_ID='iot_sensor_data_dag' AIRFLOW_CTX_TASK_ID='generate_sensor_data' AIRFLOW_CTX_EXECUTION_DATE='2025-11-13T18:44:15+00:00' AIRFLOW_CTX_TRY_NUMBER='1' AIRFLOW_CTX_DAG_RUN_ID='scheduled__2025-11-13T18:44:15+00:00'
[2025-11-13T18:44:32.247+0000] {logging_mixin.py:190} INFO - Task instance is in running state
[2025-11-13T18:44:32.249+0000] {logging_mixin.py:190} INFO -  Previous state of the Task instance: queued
[2025-11-13T18:44:32.250+0000] {logging_mixin.py:190} INFO - Current task name:generate_sensor_data state:running start_date:2025-11-13 18:44:31.966811+00:00
[2025-11-13T18:44:32.251+0000] {logging_mixin.py:190} INFO - Dag name:iot_sensor_data_dag and current dag run status:running
[2025-11-13T18:44:32.251+0000] {taskinstance.py:732} INFO - ::endgroup::
[2025-11-13T18:44:32.293+0000] {logging_mixin.py:190} INFO - [2025-11-13 18:44:32.271008] Inserted sensor data: {'time': datetime.datetime(2025, 11, 13, 18, 44, 32, 271008), 'temperature': 27.404059435745204, 'Dissolved_oxygen': 5.922291679235772, 'PH': 7.473244796087257, 'Ammonia': 0.009630145459701579, 'Nitrite': 0.04880272340348778, 'Turbidty': 40.10704498298308, '_id': ObjectId('691627105538e642420c46c5')}
[2025-11-13T18:44:32.298+0000] {python.py:218} INFO - Done. Returned value was: None
[2025-11-13T18:44:32.312+0000] {taskinstance.py:341} INFO - ::group::Post task execution logs
[2025-11-13T18:44:32.313+0000] {taskinstance.py:353} INFO - Marking task as SUCCESS. dag_id=iot_sensor_data_dag, task_id=generate_sensor_data, run_id=scheduled__2025-11-13T18:44:15+00:00, execution_date=20251113T184415, start_date=20251113T184431, end_date=20251113T184432
[2025-11-13T18:44:32.332+0000] {logging_mixin.py:190} INFO - Task instance in success state
[2025-11-13T18:44:32.333+0000] {logging_mixin.py:190} INFO -  Previous state of the Task instance: running
[2025-11-13T18:44:32.334+0000] {logging_mixin.py:190} INFO - Dag name:iot_sensor_data_dag queued_at:2025-11-13 18:44:30.668892+00:00
[2025-11-13T18:44:32.335+0000] {logging_mixin.py:190} INFO - Task hostname:4f76d54186b6 operator:PythonOperator
[2025-11-13T18:44:32.359+0000] {local_task_job_runner.py:266} INFO - Task exited with return code 0
[2025-11-13T18:44:32.378+0000] {taskinstance.py:3901} INFO - 0 downstream tasks scheduled from follow-on schedule check
[2025-11-13T18:44:32.382+0000] {local_task_job_runner.py:245} INFO - ::endgroup::
