[2025-11-15T12:13:03.982+0000] {local_task_job_runner.py:123} INFO - ::group::Pre task execution logs
[2025-11-15T12:13:03.994+0000] {taskinstance.py:2614} INFO - Dependencies all met for dep_context=non-requeueable deps ti=<TaskInstance: iot_sensor_data_dag.generate_sensor_data scheduled__2025-11-15T12:12:45+00:00 [queued]>
[2025-11-15T12:13:03.999+0000] {taskinstance.py:2614} INFO - Dependencies all met for dep_context=requeueable deps ti=<TaskInstance: iot_sensor_data_dag.generate_sensor_data scheduled__2025-11-15T12:12:45+00:00 [queued]>
[2025-11-15T12:13:04.000+0000] {taskinstance.py:2867} INFO - Starting attempt 1 of 1
[2025-11-15T12:13:04.011+0000] {taskinstance.py:2890} INFO - Executing <Task(PythonOperator): generate_sensor_data> on 2025-11-15 12:12:45+00:00
[2025-11-15T12:13:04.017+0000] {warnings.py:112} WARNING - /home/***/.local/lib/python3.12/site-packages/***/task/task_runner/standard_task_runner.py:70: DeprecationWarning: This process (pid=801) is multi-threaded, use of fork() may lead to deadlocks in the child.
  pid = os.fork()

[2025-11-15T12:13:04.019+0000] {standard_task_runner.py:72} INFO - Started process 803 to run task
[2025-11-15T12:13:04.020+0000] {standard_task_runner.py:104} INFO - Running: ['***', 'tasks', 'run', 'iot_sensor_data_dag', 'generate_sensor_data', 'scheduled__2025-11-15T12:12:45+00:00', '--job-id', '1234', '--raw', '--subdir', 'DAGS_FOLDER/DEPI.py', '--cfg-path', '/tmp/tmpcitpinc7']
[2025-11-15T12:13:04.021+0000] {standard_task_runner.py:105} INFO - Job 1234: Subtask generate_sensor_data
[2025-11-15T12:13:04.257+0000] {task_command.py:467} INFO - Running <TaskInstance: iot_sensor_data_dag.generate_sensor_data scheduled__2025-11-15T12:12:45+00:00 [running]> on host 4f76d54186b6
[2025-11-15T12:13:04.329+0000] {taskinstance.py:3134} INFO - Exporting env vars: AIRFLOW_CTX_DAG_OWNER='***' AIRFLOW_CTX_DAG_ID='iot_sensor_data_dag' AIRFLOW_CTX_TASK_ID='generate_sensor_data' AIRFLOW_CTX_EXECUTION_DATE='2025-11-15T12:12:45+00:00' AIRFLOW_CTX_TRY_NUMBER='1' AIRFLOW_CTX_DAG_RUN_ID='scheduled__2025-11-15T12:12:45+00:00'
[2025-11-15T12:13:04.331+0000] {logging_mixin.py:190} INFO - Task instance is in running state
[2025-11-15T12:13:04.332+0000] {logging_mixin.py:190} INFO -  Previous state of the Task instance: queued
[2025-11-15T12:13:04.332+0000] {logging_mixin.py:190} INFO - Current task name:generate_sensor_data state:running start_date:2025-11-15 12:13:03.994920+00:00
[2025-11-15T12:13:04.333+0000] {logging_mixin.py:190} INFO - Dag name:iot_sensor_data_dag and current dag run status:running
[2025-11-15T12:13:04.334+0000] {taskinstance.py:732} INFO - ::endgroup::
[2025-11-15T12:13:04.366+0000] {logging_mixin.py:190} INFO - [2025-11-15 12:13:04.351764] Inserted sensor data: {'time': '2025-11-15T12:13:04.351764', 'temperature': 27.408553333691483, 'Dissolved_oxygen': 6.015218480472896, 'PH': 7.549868310544855, 'Ammonia': 0.01038224804272361, 'Nitrite': 0.054676095603421335, 'Turbidty': 40.820737609476524, '_id': '69186e5052c583fa1d881ef6'}
[2025-11-15T12:14:12.137+0000] {job.py:229} INFO - Heartbeat recovered after 21.87 seconds
[2025-11-15T12:14:33.984+0000] {job.py:229} INFO - Heartbeat recovered after 21.85 seconds
[2025-11-15T12:17:05.964+0000] {job.py:229} INFO - Heartbeat recovered after 92.20 seconds
[2025-11-15T12:17:57.351+0000] {python.py:218} INFO - Done. Returned value was: None
[2025-11-15T12:17:57.363+0000] {taskinstance.py:341} INFO - ::group::Post task execution logs
[2025-11-15T12:17:57.364+0000] {taskinstance.py:353} INFO - Marking task as SUCCESS. dag_id=iot_sensor_data_dag, task_id=generate_sensor_data, run_id=scheduled__2025-11-15T12:12:45+00:00, execution_date=20251115T121245, start_date=20251115T121303, end_date=20251115T121757
[2025-11-15T12:17:57.384+0000] {logging_mixin.py:190} INFO - Task instance in success state
[2025-11-15T12:17:57.384+0000] {logging_mixin.py:190} INFO -  Previous state of the Task instance: running
[2025-11-15T12:17:57.384+0000] {logging_mixin.py:190} INFO - Dag name:iot_sensor_data_dag queued_at:2025-11-15 12:13:01.030787+00:00
[2025-11-15T12:17:57.385+0000] {logging_mixin.py:190} INFO - Task hostname:4f76d54186b6 operator:PythonOperator
[2025-11-15T12:17:57.422+0000] {local_task_job_runner.py:266} INFO - Task exited with return code 0
[2025-11-15T12:17:57.444+0000] {taskinstance.py:3901} INFO - 0 downstream tasks scheduled from follow-on schedule check
[2025-11-15T12:17:57.448+0000] {local_task_job_runner.py:245} INFO - ::endgroup::
