[2025-11-15T19:04:50.798+0000] {local_task_job_runner.py:123} INFO - ::group::Pre task execution logs
[2025-11-15T19:04:50.809+0000] {taskinstance.py:2614} INFO - Dependencies all met for dep_context=non-requeueable deps ti=<TaskInstance: iot_sensor_data_dag.generate_sensor_data scheduled__2025-11-15T19:04:00+00:00 [queued]>
[2025-11-15T19:04:50.817+0000] {taskinstance.py:2614} INFO - Dependencies all met for dep_context=requeueable deps ti=<TaskInstance: iot_sensor_data_dag.generate_sensor_data scheduled__2025-11-15T19:04:00+00:00 [queued]>
[2025-11-15T19:04:50.819+0000] {taskinstance.py:2867} INFO - Starting attempt 1 of 1
[2025-11-15T19:04:50.836+0000] {taskinstance.py:2890} INFO - Executing <Task(PythonOperator): generate_sensor_data> on 2025-11-15 19:04:00+00:00
[2025-11-15T19:04:50.841+0000] {warnings.py:112} WARNING - /home/***/.local/lib/python3.12/site-packages/***/task/task_runner/standard_task_runner.py:70: DeprecationWarning: This process (pid=86) is multi-threaded, use of fork() may lead to deadlocks in the child.
  pid = os.fork()

[2025-11-15T19:04:50.843+0000] {standard_task_runner.py:104} INFO - Running: ['***', 'tasks', 'run', 'iot_sensor_data_dag', 'generate_sensor_data', 'scheduled__2025-11-15T19:04:00+00:00', '--job-id', '1371', '--raw', '--subdir', 'DAGS_FOLDER/DEPI.py', '--cfg-path', '/tmp/tmpa0gxa_50']
[2025-11-15T19:04:50.843+0000] {standard_task_runner.py:72} INFO - Started process 91 to run task
[2025-11-15T19:04:50.845+0000] {standard_task_runner.py:105} INFO - Job 1371: Subtask generate_sensor_data
[2025-11-15T19:04:51.058+0000] {task_command.py:467} INFO - Running <TaskInstance: iot_sensor_data_dag.generate_sensor_data scheduled__2025-11-15T19:04:00+00:00 [running]> on host 4f76d54186b6
[2025-11-15T19:04:51.116+0000] {taskinstance.py:3134} INFO - Exporting env vars: AIRFLOW_CTX_DAG_OWNER='***' AIRFLOW_CTX_DAG_ID='iot_sensor_data_dag' AIRFLOW_CTX_TASK_ID='generate_sensor_data' AIRFLOW_CTX_EXECUTION_DATE='2025-11-15T19:04:00+00:00' AIRFLOW_CTX_TRY_NUMBER='1' AIRFLOW_CTX_DAG_RUN_ID='scheduled__2025-11-15T19:04:00+00:00'
[2025-11-15T19:04:51.117+0000] {logging_mixin.py:190} INFO - Task instance is in running state
[2025-11-15T19:04:51.117+0000] {logging_mixin.py:190} INFO -  Previous state of the Task instance: queued
[2025-11-15T19:04:51.118+0000] {logging_mixin.py:190} INFO - Current task name:generate_sensor_data state:running start_date:2025-11-15 19:04:50.812422+00:00
[2025-11-15T19:04:51.119+0000] {logging_mixin.py:190} INFO - Dag name:iot_sensor_data_dag and current dag run status:running
[2025-11-15T19:04:51.119+0000] {taskinstance.py:732} INFO - ::endgroup::
[2025-11-15T19:04:51.158+0000] {logging_mixin.py:190} INFO - [2025-11-15 19:04:51.135058] Inserted sensor data: {'time': '2025-11-15T19:04:51.135058', 'temperature': 27.63334632952719, 'Dissolved_oxygen': 5.934859242285292, 'PH': 7.518844764951852, 'Ammonia': 0.009940972804919169, 'Nitrite': 0.047317546380022196, 'Turbidty': 39.905034544822506, '_id': '6918ced3ff9aaef027394ed1'}
[2025-11-15T19:09:42.047+0000] {job.py:229} INFO - Heartbeat recovered after 13.56 seconds
[2025-11-15T19:09:54.066+0000] {job.py:229} INFO - Heartbeat recovered after 12.04 seconds
[2025-11-15T19:10:18.802+0000] {python.py:218} INFO - Done. Returned value was: None
[2025-11-15T19:10:18.813+0000] {taskinstance.py:341} INFO - ::group::Post task execution logs
[2025-11-15T19:10:18.814+0000] {taskinstance.py:353} INFO - Marking task as SUCCESS. dag_id=iot_sensor_data_dag, task_id=generate_sensor_data, run_id=scheduled__2025-11-15T19:04:00+00:00, execution_date=20251115T190400, start_date=20251115T190450, end_date=20251115T191018
[2025-11-15T19:10:18.837+0000] {logging_mixin.py:190} INFO - Task instance in success state
[2025-11-15T19:10:18.839+0000] {logging_mixin.py:190} INFO -  Previous state of the Task instance: running
[2025-11-15T19:10:18.840+0000] {logging_mixin.py:190} INFO - Dag name:iot_sensor_data_dag queued_at:2025-11-15 19:04:49.132920+00:00
[2025-11-15T19:10:18.840+0000] {logging_mixin.py:190} INFO - Task hostname:4f76d54186b6 operator:PythonOperator
[2025-11-15T19:10:18.873+0000] {local_task_job_runner.py:266} INFO - Task exited with return code 0
[2025-11-15T19:10:18.894+0000] {taskinstance.py:3901} INFO - 0 downstream tasks scheduled from follow-on schedule check
[2025-11-15T19:10:18.898+0000] {local_task_job_runner.py:245} INFO - ::endgroup::
