[2025-11-13T19:00:46.691+0000] {local_task_job_runner.py:123} INFO - ::group::Pre task execution logs
[2025-11-13T19:00:46.704+0000] {taskinstance.py:2614} INFO - Dependencies all met for dep_context=non-requeueable deps ti=<TaskInstance: iot_sensor_data_dag.generate_sensor_data scheduled__2025-11-13T19:00:30+00:00 [queued]>
[2025-11-13T19:00:46.709+0000] {taskinstance.py:2614} INFO - Dependencies all met for dep_context=requeueable deps ti=<TaskInstance: iot_sensor_data_dag.generate_sensor_data scheduled__2025-11-13T19:00:30+00:00 [queued]>
[2025-11-13T19:00:46.710+0000] {taskinstance.py:2867} INFO - Starting attempt 1 of 1
[2025-11-13T19:00:46.822+0000] {taskinstance.py:2890} INFO - Executing <Task(PythonOperator): generate_sensor_data> on 2025-11-13 19:00:30+00:00
[2025-11-13T19:00:46.829+0000] {warnings.py:112} WARNING - /home/***/.local/lib/python3.12/site-packages/***/task/task_runner/standard_task_runner.py:70: DeprecationWarning: This process (pid=4422) is multi-threaded, use of fork() may lead to deadlocks in the child.
  pid = os.fork()

[2025-11-13T19:00:46.831+0000] {standard_task_runner.py:72} INFO - Started process 4424 to run task
[2025-11-13T19:00:46.832+0000] {standard_task_runner.py:104} INFO - Running: ['***', 'tasks', 'run', 'iot_sensor_data_dag', 'generate_sensor_data', 'scheduled__2025-11-13T19:00:30+00:00', '--job-id', '636', '--raw', '--subdir', 'DAGS_FOLDER/DEPI.py', '--cfg-path', '/tmp/tmpn5yu5kl_']
[2025-11-13T19:00:46.833+0000] {standard_task_runner.py:105} INFO - Job 636: Subtask generate_sensor_data
[2025-11-13T19:00:46.878+0000] {task_command.py:467} INFO - Running <TaskInstance: iot_sensor_data_dag.generate_sensor_data scheduled__2025-11-13T19:00:30+00:00 [running]> on host 4f76d54186b6
[2025-11-13T19:00:46.951+0000] {taskinstance.py:3134} INFO - Exporting env vars: AIRFLOW_CTX_DAG_OWNER='***' AIRFLOW_CTX_DAG_ID='iot_sensor_data_dag' AIRFLOW_CTX_TASK_ID='generate_sensor_data' AIRFLOW_CTX_EXECUTION_DATE='2025-11-13T19:00:30+00:00' AIRFLOW_CTX_TRY_NUMBER='1' AIRFLOW_CTX_DAG_RUN_ID='scheduled__2025-11-13T19:00:30+00:00'
[2025-11-13T19:00:46.953+0000] {logging_mixin.py:190} INFO - Task instance is in running state
[2025-11-13T19:00:46.954+0000] {logging_mixin.py:190} INFO -  Previous state of the Task instance: queued
[2025-11-13T19:00:46.954+0000] {logging_mixin.py:190} INFO - Current task name:generate_sensor_data state:running start_date:2025-11-13 19:00:46.705110+00:00
[2025-11-13T19:00:46.954+0000] {logging_mixin.py:190} INFO - Dag name:iot_sensor_data_dag and current dag run status:running
[2025-11-13T19:00:46.955+0000] {taskinstance.py:732} INFO - ::endgroup::
[2025-11-13T19:00:46.979+0000] {logging_mixin.py:190} INFO - [2025-11-13 19:00:46.967528] Inserted sensor data: {'time': datetime.datetime(2025, 11, 13, 19, 0, 46, 967528), 'temperature': 27.62954696532333, 'Dissolved_oxygen': 5.9390068124401765, 'PH': 7.461867779470769, 'Ammonia': 0.010417864273270135, 'Nitrite': 0.04966136458367103, 'Turbidty': 40.00790766689241, '_id': ObjectId('69162adef27884e8e8722c77')}
[2025-11-13T19:00:46.981+0000] {python.py:218} INFO - Done. Returned value was: None
[2025-11-13T19:00:46.992+0000] {taskinstance.py:341} INFO - ::group::Post task execution logs
[2025-11-13T19:00:46.993+0000] {taskinstance.py:353} INFO - Marking task as SUCCESS. dag_id=iot_sensor_data_dag, task_id=generate_sensor_data, run_id=scheduled__2025-11-13T19:00:30+00:00, execution_date=20251113T190030, start_date=20251113T190046, end_date=20251113T190046
[2025-11-13T19:00:47.013+0000] {logging_mixin.py:190} INFO - Task instance in success state
[2025-11-13T19:00:47.014+0000] {logging_mixin.py:190} INFO -  Previous state of the Task instance: running
[2025-11-13T19:00:47.015+0000] {logging_mixin.py:190} INFO - Dag name:iot_sensor_data_dag queued_at:2025-11-13 19:00:45.346924+00:00
[2025-11-13T19:00:47.016+0000] {logging_mixin.py:190} INFO - Task hostname:4f76d54186b6 operator:PythonOperator
[2025-11-13T19:00:47.049+0000] {local_task_job_runner.py:266} INFO - Task exited with return code 0
[2025-11-13T19:00:47.068+0000] {taskinstance.py:3901} INFO - 0 downstream tasks scheduled from follow-on schedule check
[2025-11-13T19:00:47.072+0000] {local_task_job_runner.py:245} INFO - ::endgroup::
