[2025-11-15T17:27:18.736+0000] {local_task_job_runner.py:123} INFO - ::group::Pre task execution logs
[2025-11-15T17:27:18.749+0000] {taskinstance.py:2614} INFO - Dependencies all met for dep_context=non-requeueable deps ti=<TaskInstance: iot_sensor_data_dag.generate_sensor_data scheduled__2025-11-15T17:27:00+00:00 [queued]>
[2025-11-15T17:27:18.756+0000] {taskinstance.py:2614} INFO - Dependencies all met for dep_context=requeueable deps ti=<TaskInstance: iot_sensor_data_dag.generate_sensor_data scheduled__2025-11-15T17:27:00+00:00 [queued]>
[2025-11-15T17:27:18.757+0000] {taskinstance.py:2867} INFO - Starting attempt 1 of 1
[2025-11-15T17:27:18.768+0000] {taskinstance.py:2890} INFO - Executing <Task(PythonOperator): generate_sensor_data> on 2025-11-15 17:27:00+00:00
[2025-11-15T17:27:18.775+0000] {warnings.py:112} WARNING - /home/***/.local/lib/python3.12/site-packages/***/task/task_runner/standard_task_runner.py:70: DeprecationWarning: This process (pid=826) is multi-threaded, use of fork() may lead to deadlocks in the child.
  pid = os.fork()

[2025-11-15T17:27:18.777+0000] {standard_task_runner.py:72} INFO - Started process 828 to run task
[2025-11-15T17:27:18.778+0000] {standard_task_runner.py:104} INFO - Running: ['***', 'tasks', 'run', 'iot_sensor_data_dag', 'generate_sensor_data', 'scheduled__2025-11-15T17:27:00+00:00', '--job-id', '1330', '--raw', '--subdir', 'DAGS_FOLDER/DEPI.py', '--cfg-path', '/tmp/tmpw18iqrs6']
[2025-11-15T17:27:18.779+0000] {standard_task_runner.py:105} INFO - Job 1330: Subtask generate_sensor_data
[2025-11-15T17:27:19.012+0000] {task_command.py:467} INFO - Running <TaskInstance: iot_sensor_data_dag.generate_sensor_data scheduled__2025-11-15T17:27:00+00:00 [running]> on host 4f76d54186b6
[2025-11-15T17:27:19.067+0000] {taskinstance.py:3134} INFO - Exporting env vars: AIRFLOW_CTX_DAG_OWNER='***' AIRFLOW_CTX_DAG_ID='iot_sensor_data_dag' AIRFLOW_CTX_TASK_ID='generate_sensor_data' AIRFLOW_CTX_EXECUTION_DATE='2025-11-15T17:27:00+00:00' AIRFLOW_CTX_TRY_NUMBER='1' AIRFLOW_CTX_DAG_RUN_ID='scheduled__2025-11-15T17:27:00+00:00'
[2025-11-15T17:27:19.068+0000] {logging_mixin.py:190} INFO - Task instance is in running state
[2025-11-15T17:27:19.069+0000] {logging_mixin.py:190} INFO -  Previous state of the Task instance: queued
[2025-11-15T17:27:19.069+0000] {logging_mixin.py:190} INFO - Current task name:generate_sensor_data state:running start_date:2025-11-15 17:27:18.750515+00:00
[2025-11-15T17:27:19.069+0000] {logging_mixin.py:190} INFO - Dag name:iot_sensor_data_dag and current dag run status:running
[2025-11-15T17:27:19.070+0000] {taskinstance.py:732} INFO - ::endgroup::
[2025-11-15T17:27:19.094+0000] {logging_mixin.py:190} INFO - [2025-11-15 17:27:19.081961] Inserted sensor data: {'time': '2025-11-15T17:27:19.081961', 'temperature': 27.321156498999947, 'Dissolved_oxygen': 6.05585546527275, 'PH': 7.541133603867306, 'Ammonia': 0.009273800919924446, 'Nitrite': 0.05234477560664966, 'Turbidty': 40.10679808073866, '_id': '6918b7f7228984a3a96e6772'}
[2025-11-15T17:32:34.021+0000] {python.py:218} INFO - Done. Returned value was: None
[2025-11-15T17:32:34.030+0000] {taskinstance.py:341} INFO - ::group::Post task execution logs
[2025-11-15T17:32:34.030+0000] {taskinstance.py:353} INFO - Marking task as SUCCESS. dag_id=iot_sensor_data_dag, task_id=generate_sensor_data, run_id=scheduled__2025-11-15T17:27:00+00:00, execution_date=20251115T172700, start_date=20251115T172718, end_date=20251115T173234
[2025-11-15T17:32:34.049+0000] {logging_mixin.py:190} INFO - Task instance in success state
[2025-11-15T17:32:34.050+0000] {logging_mixin.py:190} INFO -  Previous state of the Task instance: running
[2025-11-15T17:32:34.050+0000] {logging_mixin.py:190} INFO - Dag name:iot_sensor_data_dag queued_at:2025-11-15 17:27:15.321258+00:00
[2025-11-15T17:32:34.051+0000] {logging_mixin.py:190} INFO - Task hostname:4f76d54186b6 operator:PythonOperator
[2025-11-15T17:32:34.085+0000] {local_task_job_runner.py:266} INFO - Task exited with return code 0
[2025-11-15T17:32:34.101+0000] {taskinstance.py:3901} INFO - 0 downstream tasks scheduled from follow-on schedule check
[2025-11-15T17:32:34.104+0000] {local_task_job_runner.py:245} INFO - ::endgroup::
