[2025-11-13T17:43:47.196+0000] {local_task_job_runner.py:123} INFO - ::group::Pre task execution logs
[2025-11-13T17:43:47.216+0000] {taskinstance.py:2614} INFO - Dependencies all met for dep_context=non-requeueable deps ti=<TaskInstance: iot_sensor_data_dag.generate_sensor_data scheduled__2025-11-13T17:43:30+00:00 [queued]>
[2025-11-13T17:43:47.225+0000] {taskinstance.py:2614} INFO - Dependencies all met for dep_context=requeueable deps ti=<TaskInstance: iot_sensor_data_dag.generate_sensor_data scheduled__2025-11-13T17:43:30+00:00 [queued]>
[2025-11-13T17:43:47.228+0000] {taskinstance.py:2867} INFO - Starting attempt 1 of 1
[2025-11-13T17:43:47.392+0000] {taskinstance.py:2890} INFO - Executing <Task(PythonOperator): generate_sensor_data> on 2025-11-13 17:43:30+00:00
[2025-11-13T17:43:47.402+0000] {warnings.py:112} WARNING - /home/***/.local/lib/python3.12/site-packages/***/task/task_runner/standard_task_runner.py:70: DeprecationWarning: This process (pid=1206) is multi-threaded, use of fork() may lead to deadlocks in the child.
  pid = os.fork()

[2025-11-13T17:43:47.405+0000] {standard_task_runner.py:72} INFO - Started process 1208 to run task
[2025-11-13T17:43:47.405+0000] {standard_task_runner.py:104} INFO - Running: ['***', 'tasks', 'run', 'iot_sensor_data_dag', 'generate_sensor_data', 'scheduled__2025-11-13T17:43:30+00:00', '--job-id', '328', '--raw', '--subdir', 'DAGS_FOLDER/DEPI.py', '--cfg-path', '/tmp/tmp6ktk3ng_']
[2025-11-13T17:43:47.407+0000] {standard_task_runner.py:105} INFO - Job 328: Subtask generate_sensor_data
[2025-11-13T17:43:47.479+0000] {task_command.py:467} INFO - Running <TaskInstance: iot_sensor_data_dag.generate_sensor_data scheduled__2025-11-13T17:43:30+00:00 [running]> on host 4f76d54186b6
[2025-11-13T17:43:47.581+0000] {taskinstance.py:3134} INFO - Exporting env vars: AIRFLOW_CTX_DAG_OWNER='***' AIRFLOW_CTX_DAG_ID='iot_sensor_data_dag' AIRFLOW_CTX_TASK_ID='generate_sensor_data' AIRFLOW_CTX_EXECUTION_DATE='2025-11-13T17:43:30+00:00' AIRFLOW_CTX_TRY_NUMBER='1' AIRFLOW_CTX_DAG_RUN_ID='scheduled__2025-11-13T17:43:30+00:00'
[2025-11-13T17:43:47.583+0000] {logging_mixin.py:190} INFO - Task instance is in running state
[2025-11-13T17:43:47.584+0000] {logging_mixin.py:190} INFO -  Previous state of the Task instance: queued
[2025-11-13T17:43:47.585+0000] {logging_mixin.py:190} INFO - Current task name:generate_sensor_data state:running start_date:2025-11-13 17:43:47.217762+00:00
[2025-11-13T17:43:47.586+0000] {logging_mixin.py:190} INFO - Dag name:iot_sensor_data_dag and current dag run status:running
[2025-11-13T17:43:47.587+0000] {taskinstance.py:732} INFO - ::endgroup::
[2025-11-13T17:43:47.633+0000] {logging_mixin.py:190} INFO - [2025-11-13 17:43:47.610688] Inserted sensor data: {'time': datetime.datetime(2025, 11, 13, 17, 43, 47, 610688), 'temperature': 27.66009908963235, 'Dissolved_oxygen': 5.952565829956747, 'PH': 7.5501289754286764, 'Ammonia': 0.009823217934517571, 'Nitrite': 0.054190963810584, 'Turbidty': 40.730173707953064, '_id': ObjectId('691618d3ef268ecbe60c07bc')}
[2025-11-13T17:43:47.637+0000] {python.py:218} INFO - Done. Returned value was: None
[2025-11-13T17:43:47.654+0000] {taskinstance.py:341} INFO - ::group::Post task execution logs
[2025-11-13T17:43:47.656+0000] {taskinstance.py:353} INFO - Marking task as SUCCESS. dag_id=iot_sensor_data_dag, task_id=generate_sensor_data, run_id=scheduled__2025-11-13T17:43:30+00:00, execution_date=20251113T174330, start_date=20251113T174347, end_date=20251113T174347
[2025-11-13T17:43:47.688+0000] {logging_mixin.py:190} INFO - Task instance in success state
[2025-11-13T17:43:47.689+0000] {logging_mixin.py:190} INFO -  Previous state of the Task instance: running
[2025-11-13T17:43:47.690+0000] {logging_mixin.py:190} INFO - Dag name:iot_sensor_data_dag queued_at:2025-11-13 17:43:46.028264+00:00
[2025-11-13T17:43:47.691+0000] {logging_mixin.py:190} INFO - Task hostname:4f76d54186b6 operator:PythonOperator
[2025-11-13T17:43:47.712+0000] {local_task_job_runner.py:266} INFO - Task exited with return code 0
[2025-11-13T17:43:47.749+0000] {taskinstance.py:3901} INFO - 0 downstream tasks scheduled from follow-on schedule check
[2025-11-13T17:43:47.756+0000] {local_task_job_runner.py:245} INFO - ::endgroup::
