[2025-11-13T18:13:16.211+0000] {local_task_job_runner.py:123} INFO - ::group::Pre task execution logs
[2025-11-13T18:13:16.222+0000] {taskinstance.py:2614} INFO - Dependencies all met for dep_context=non-requeueable deps ti=<TaskInstance: iot_sensor_data_dag.generate_sensor_data scheduled__2025-11-13T18:13:00+00:00 [queued]>
[2025-11-13T18:13:16.228+0000] {taskinstance.py:2614} INFO - Dependencies all met for dep_context=requeueable deps ti=<TaskInstance: iot_sensor_data_dag.generate_sensor_data scheduled__2025-11-13T18:13:00+00:00 [queued]>
[2025-11-13T18:13:16.229+0000] {taskinstance.py:2867} INFO - Starting attempt 1 of 1
[2025-11-13T18:13:16.345+0000] {taskinstance.py:2890} INFO - Executing <Task(PythonOperator): generate_sensor_data> on 2025-11-13 18:13:00+00:00
[2025-11-13T18:13:16.352+0000] {warnings.py:112} WARNING - /home/***/.local/lib/python3.12/site-packages/***/task/task_runner/standard_task_runner.py:70: DeprecationWarning: This process (pid=2430) is multi-threaded, use of fork() may lead to deadlocks in the child.
  pid = os.fork()

[2025-11-13T18:13:16.354+0000] {standard_task_runner.py:104} INFO - Running: ['***', 'tasks', 'run', 'iot_sensor_data_dag', 'generate_sensor_data', 'scheduled__2025-11-13T18:13:00+00:00', '--job-id', '446', '--raw', '--subdir', 'DAGS_FOLDER/DEPI.py', '--cfg-path', '/tmp/tmp85wjufy3']
[2025-11-13T18:13:16.356+0000] {standard_task_runner.py:72} INFO - Started process 2432 to run task
[2025-11-13T18:13:16.356+0000] {standard_task_runner.py:105} INFO - Job 446: Subtask generate_sensor_data
[2025-11-13T18:13:16.404+0000] {task_command.py:467} INFO - Running <TaskInstance: iot_sensor_data_dag.generate_sensor_data scheduled__2025-11-13T18:13:00+00:00 [running]> on host 4f76d54186b6
[2025-11-13T18:13:16.465+0000] {taskinstance.py:3134} INFO - Exporting env vars: AIRFLOW_CTX_DAG_OWNER='***' AIRFLOW_CTX_DAG_ID='iot_sensor_data_dag' AIRFLOW_CTX_TASK_ID='generate_sensor_data' AIRFLOW_CTX_EXECUTION_DATE='2025-11-13T18:13:00+00:00' AIRFLOW_CTX_TRY_NUMBER='1' AIRFLOW_CTX_DAG_RUN_ID='scheduled__2025-11-13T18:13:00+00:00'
[2025-11-13T18:13:16.466+0000] {logging_mixin.py:190} INFO - Task instance is in running state
[2025-11-13T18:13:16.467+0000] {logging_mixin.py:190} INFO -  Previous state of the Task instance: queued
[2025-11-13T18:13:16.468+0000] {logging_mixin.py:190} INFO - Current task name:generate_sensor_data state:running start_date:2025-11-13 18:13:16.223672+00:00
[2025-11-13T18:13:16.468+0000] {logging_mixin.py:190} INFO - Dag name:iot_sensor_data_dag and current dag run status:running
[2025-11-13T18:13:16.469+0000] {taskinstance.py:732} INFO - ::endgroup::
[2025-11-13T18:13:16.492+0000] {logging_mixin.py:190} INFO - [2025-11-13 18:13:16.481717] Inserted sensor data: {'time': datetime.datetime(2025, 11, 13, 18, 13, 16, 481717), 'temperature': 27.382096947417438, 'Dissolved_oxygen': 5.969197407584813, 'PH': 7.427181792952298, 'Ammonia': 0.01042435295782721, 'Nitrite': 0.05223743747714904, 'Turbidty': 40.45978706626213, '_id': ObjectId('69161fbc132a98ce9b50c104')}
[2025-11-13T18:13:16.494+0000] {python.py:218} INFO - Done. Returned value was: None
[2025-11-13T18:13:16.504+0000] {taskinstance.py:341} INFO - ::group::Post task execution logs
[2025-11-13T18:13:16.504+0000] {taskinstance.py:353} INFO - Marking task as SUCCESS. dag_id=iot_sensor_data_dag, task_id=generate_sensor_data, run_id=scheduled__2025-11-13T18:13:00+00:00, execution_date=20251113T181300, start_date=20251113T181316, end_date=20251113T181316
[2025-11-13T18:13:16.521+0000] {logging_mixin.py:190} INFO - Task instance in success state
[2025-11-13T18:13:16.522+0000] {logging_mixin.py:190} INFO -  Previous state of the Task instance: running
[2025-11-13T18:13:16.522+0000] {logging_mixin.py:190} INFO - Dag name:iot_sensor_data_dag queued_at:2025-11-13 18:13:15.010102+00:00
[2025-11-13T18:13:16.523+0000] {logging_mixin.py:190} INFO - Task hostname:4f76d54186b6 operator:PythonOperator
[2025-11-13T18:13:16.536+0000] {local_task_job_runner.py:266} INFO - Task exited with return code 0
[2025-11-13T18:13:16.554+0000] {taskinstance.py:3901} INFO - 0 downstream tasks scheduled from follow-on schedule check
[2025-11-13T18:13:16.557+0000] {local_task_job_runner.py:245} INFO - ::endgroup::
