[2025-11-13T18:57:32.038+0000] {local_task_job_runner.py:123} INFO - ::group::Pre task execution logs
[2025-11-13T18:57:32.053+0000] {taskinstance.py:2614} INFO - Dependencies all met for dep_context=non-requeueable deps ti=<TaskInstance: iot_sensor_data_dag.generate_sensor_data scheduled__2025-11-13T18:57:15+00:00 [queued]>
[2025-11-13T18:57:32.061+0000] {taskinstance.py:2614} INFO - Dependencies all met for dep_context=requeueable deps ti=<TaskInstance: iot_sensor_data_dag.generate_sensor_data scheduled__2025-11-13T18:57:15+00:00 [queued]>
[2025-11-13T18:57:32.062+0000] {taskinstance.py:2867} INFO - Starting attempt 1 of 1
[2025-11-13T18:57:32.196+0000] {taskinstance.py:2890} INFO - Executing <Task(PythonOperator): generate_sensor_data> on 2025-11-13 18:57:15+00:00
[2025-11-13T18:57:32.204+0000] {warnings.py:112} WARNING - /home/***/.local/lib/python3.12/site-packages/***/task/task_runner/standard_task_runner.py:70: DeprecationWarning: This process (pid=4289) is multi-threaded, use of fork() may lead to deadlocks in the child.
  pid = os.fork()

[2025-11-13T18:57:32.207+0000] {standard_task_runner.py:72} INFO - Started process 4291 to run task
[2025-11-13T18:57:32.207+0000] {standard_task_runner.py:104} INFO - Running: ['***', 'tasks', 'run', 'iot_sensor_data_dag', 'generate_sensor_data', 'scheduled__2025-11-13T18:57:15+00:00', '--job-id', '623', '--raw', '--subdir', 'DAGS_FOLDER/DEPI.py', '--cfg-path', '/tmp/tmpa6_8l__h']
[2025-11-13T18:57:32.209+0000] {standard_task_runner.py:105} INFO - Job 623: Subtask generate_sensor_data
[2025-11-13T18:57:32.269+0000] {task_command.py:467} INFO - Running <TaskInstance: iot_sensor_data_dag.generate_sensor_data scheduled__2025-11-13T18:57:15+00:00 [running]> on host 4f76d54186b6
[2025-11-13T18:57:32.336+0000] {taskinstance.py:3134} INFO - Exporting env vars: AIRFLOW_CTX_DAG_OWNER='***' AIRFLOW_CTX_DAG_ID='iot_sensor_data_dag' AIRFLOW_CTX_TASK_ID='generate_sensor_data' AIRFLOW_CTX_EXECUTION_DATE='2025-11-13T18:57:15+00:00' AIRFLOW_CTX_TRY_NUMBER='1' AIRFLOW_CTX_DAG_RUN_ID='scheduled__2025-11-13T18:57:15+00:00'
[2025-11-13T18:57:32.338+0000] {logging_mixin.py:190} INFO - Task instance is in running state
[2025-11-13T18:57:32.339+0000] {logging_mixin.py:190} INFO -  Previous state of the Task instance: queued
[2025-11-13T18:57:32.340+0000] {logging_mixin.py:190} INFO - Current task name:generate_sensor_data state:running start_date:2025-11-13 18:57:32.054343+00:00
[2025-11-13T18:57:32.341+0000] {logging_mixin.py:190} INFO - Dag name:iot_sensor_data_dag and current dag run status:running
[2025-11-13T18:57:32.342+0000] {taskinstance.py:732} INFO - ::endgroup::
[2025-11-13T18:57:32.378+0000] {logging_mixin.py:190} INFO - [2025-11-13 18:57:32.358114] Inserted sensor data: {'time': datetime.datetime(2025, 11, 13, 18, 57, 32, 358114), 'temperature': 27.421968771322216, 'Dissolved_oxygen': 6.040347283273304, 'PH': 7.596897410863522, 'Ammonia': 0.009837670423040951, 'Nitrite': 0.05482085671579558, 'Turbidty': 39.0473551698713, '_id': ObjectId('69162a1cb135c0e658caf469')}
[2025-11-13T18:57:32.381+0000] {python.py:218} INFO - Done. Returned value was: None
[2025-11-13T18:57:32.392+0000] {taskinstance.py:341} INFO - ::group::Post task execution logs
[2025-11-13T18:57:32.392+0000] {taskinstance.py:353} INFO - Marking task as SUCCESS. dag_id=iot_sensor_data_dag, task_id=generate_sensor_data, run_id=scheduled__2025-11-13T18:57:15+00:00, execution_date=20251113T185715, start_date=20251113T185732, end_date=20251113T185732
[2025-11-13T18:57:32.412+0000] {logging_mixin.py:190} INFO - Task instance in success state
[2025-11-13T18:57:32.413+0000] {logging_mixin.py:190} INFO -  Previous state of the Task instance: running
[2025-11-13T18:57:32.414+0000] {logging_mixin.py:190} INFO - Dag name:iot_sensor_data_dag queued_at:2025-11-13 18:57:30.762128+00:00
[2025-11-13T18:57:32.415+0000] {logging_mixin.py:190} INFO - Task hostname:4f76d54186b6 operator:PythonOperator
[2025-11-13T18:57:32.430+0000] {local_task_job_runner.py:266} INFO - Task exited with return code 0
[2025-11-13T18:57:32.449+0000] {taskinstance.py:3901} INFO - 0 downstream tasks scheduled from follow-on schedule check
[2025-11-13T18:57:32.455+0000] {local_task_job_runner.py:245} INFO - ::endgroup::
