[2025-11-16T19:34:11.991+0000] {local_task_job_runner.py:123} INFO - ::group::Pre task execution logs
[2025-11-16T19:34:12.002+0000] {taskinstance.py:2614} INFO - Dependencies all met for dep_context=non-requeueable deps ti=<TaskInstance: iot_sensor_data_dag.generate_sensor_data scheduled__2025-11-16T19:33:20+00:00 [queued]>
[2025-11-16T19:34:12.007+0000] {taskinstance.py:2614} INFO - Dependencies all met for dep_context=requeueable deps ti=<TaskInstance: iot_sensor_data_dag.generate_sensor_data scheduled__2025-11-16T19:33:20+00:00 [queued]>
[2025-11-16T19:34:12.008+0000] {taskinstance.py:2867} INFO - Starting attempt 1 of 1
[2025-11-16T19:34:12.126+0000] {taskinstance.py:2890} INFO - Executing <Task(PythonOperator): generate_sensor_data> on 2025-11-16 19:33:20+00:00
[2025-11-16T19:34:12.131+0000] {warnings.py:112} WARNING - /home/***/.local/lib/python3.12/site-packages/***/task/task_runner/standard_task_runner.py:70: DeprecationWarning: This process (pid=1308) is multi-threaded, use of fork() may lead to deadlocks in the child.
  pid = os.fork()

[2025-11-16T19:34:12.133+0000] {standard_task_runner.py:72} INFO - Started process 1310 to run task
[2025-11-16T19:34:12.133+0000] {standard_task_runner.py:104} INFO - Running: ['***', 'tasks', 'run', 'iot_sensor_data_dag', 'generate_sensor_data', 'scheduled__2025-11-16T19:33:20+00:00', '--job-id', '1547', '--raw', '--subdir', 'DAGS_FOLDER/DEPI.py', '--cfg-path', '/tmp/tmppwd548vz']
[2025-11-16T19:34:12.134+0000] {standard_task_runner.py:105} INFO - Job 1547: Subtask generate_sensor_data
[2025-11-16T19:34:12.166+0000] {task_command.py:467} INFO - Running <TaskInstance: iot_sensor_data_dag.generate_sensor_data scheduled__2025-11-16T19:33:20+00:00 [running]> on host 4f76d54186b6
[2025-11-16T19:34:12.232+0000] {taskinstance.py:3134} INFO - Exporting env vars: AIRFLOW_CTX_DAG_OWNER='***' AIRFLOW_CTX_DAG_ID='iot_sensor_data_dag' AIRFLOW_CTX_TASK_ID='generate_sensor_data' AIRFLOW_CTX_EXECUTION_DATE='2025-11-16T19:33:20+00:00' AIRFLOW_CTX_TRY_NUMBER='1' AIRFLOW_CTX_DAG_RUN_ID='scheduled__2025-11-16T19:33:20+00:00'
[2025-11-16T19:34:12.233+0000] {logging_mixin.py:190} INFO - Task instance is in running state
[2025-11-16T19:34:12.233+0000] {logging_mixin.py:190} INFO -  Previous state of the Task instance: queued
[2025-11-16T19:34:12.234+0000] {logging_mixin.py:190} INFO - Current task name:generate_sensor_data state:running start_date:2025-11-16 19:34:12.002718+00:00
[2025-11-16T19:34:12.234+0000] {logging_mixin.py:190} INFO - Dag name:iot_sensor_data_dag and current dag run status:running
[2025-11-16T19:34:12.234+0000] {taskinstance.py:732} INFO - ::endgroup::
[2025-11-16T19:39:17.430+0000] {python.py:218} INFO - Done. Returned value was: None
[2025-11-16T19:39:17.440+0000] {taskinstance.py:341} INFO - ::group::Post task execution logs
[2025-11-16T19:39:17.441+0000] {taskinstance.py:353} INFO - Marking task as SUCCESS. dag_id=iot_sensor_data_dag, task_id=generate_sensor_data, run_id=scheduled__2025-11-16T19:33:20+00:00, execution_date=20251116T193320, start_date=20251116T193412, end_date=20251116T193917
[2025-11-16T19:39:17.466+0000] {logging_mixin.py:190} INFO - Task instance in success state
[2025-11-16T19:39:17.467+0000] {logging_mixin.py:190} INFO -  Previous state of the Task instance: running
[2025-11-16T19:39:17.467+0000] {logging_mixin.py:190} INFO - Dag name:iot_sensor_data_dag queued_at:2025-11-16 19:34:10.840584+00:00
[2025-11-16T19:39:17.468+0000] {logging_mixin.py:190} INFO - Task hostname:4f76d54186b6 operator:PythonOperator
[2025-11-16T19:39:17.479+0000] {local_task_job_runner.py:266} INFO - Task exited with return code 0
[2025-11-16T19:39:17.499+0000] {taskinstance.py:3901} INFO - 0 downstream tasks scheduled from follow-on schedule check
[2025-11-16T19:39:17.503+0000] {local_task_job_runner.py:245} INFO - ::endgroup::
