[2025-11-13T18:11:46.267+0000] {local_task_job_runner.py:123} INFO - ::group::Pre task execution logs
[2025-11-13T18:11:46.280+0000] {taskinstance.py:2614} INFO - Dependencies all met for dep_context=non-requeueable deps ti=<TaskInstance: iot_sensor_data_dag.generate_sensor_data scheduled__2025-11-13T18:11:30+00:00 [queued]>
[2025-11-13T18:11:46.286+0000] {taskinstance.py:2614} INFO - Dependencies all met for dep_context=requeueable deps ti=<TaskInstance: iot_sensor_data_dag.generate_sensor_data scheduled__2025-11-13T18:11:30+00:00 [queued]>
[2025-11-13T18:11:46.287+0000] {taskinstance.py:2867} INFO - Starting attempt 1 of 1
[2025-11-13T18:11:46.414+0000] {taskinstance.py:2890} INFO - Executing <Task(PythonOperator): generate_sensor_data> on 2025-11-13 18:11:30+00:00
[2025-11-13T18:11:46.421+0000] {warnings.py:112} WARNING - /home/***/.local/lib/python3.12/site-packages/***/task/task_runner/standard_task_runner.py:70: DeprecationWarning: This process (pid=2367) is multi-threaded, use of fork() may lead to deadlocks in the child.
  pid = os.fork()

[2025-11-13T18:11:46.423+0000] {standard_task_runner.py:104} INFO - Running: ['***', 'tasks', 'run', 'iot_sensor_data_dag', 'generate_sensor_data', 'scheduled__2025-11-13T18:11:30+00:00', '--job-id', '440', '--raw', '--subdir', 'DAGS_FOLDER/DEPI.py', '--cfg-path', '/tmp/tmpflg4ox0c']
[2025-11-13T18:11:46.424+0000] {standard_task_runner.py:105} INFO - Job 440: Subtask generate_sensor_data
[2025-11-13T18:11:46.424+0000] {standard_task_runner.py:72} INFO - Started process 2369 to run task
[2025-11-13T18:11:46.469+0000] {task_command.py:467} INFO - Running <TaskInstance: iot_sensor_data_dag.generate_sensor_data scheduled__2025-11-13T18:11:30+00:00 [running]> on host 4f76d54186b6
[2025-11-13T18:11:46.535+0000] {taskinstance.py:3134} INFO - Exporting env vars: AIRFLOW_CTX_DAG_OWNER='***' AIRFLOW_CTX_DAG_ID='iot_sensor_data_dag' AIRFLOW_CTX_TASK_ID='generate_sensor_data' AIRFLOW_CTX_EXECUTION_DATE='2025-11-13T18:11:30+00:00' AIRFLOW_CTX_TRY_NUMBER='1' AIRFLOW_CTX_DAG_RUN_ID='scheduled__2025-11-13T18:11:30+00:00'
[2025-11-13T18:11:46.536+0000] {logging_mixin.py:190} INFO - Task instance is in running state
[2025-11-13T18:11:46.537+0000] {logging_mixin.py:190} INFO -  Previous state of the Task instance: queued
[2025-11-13T18:11:46.538+0000] {logging_mixin.py:190} INFO - Current task name:generate_sensor_data state:running start_date:2025-11-13 18:11:46.281499+00:00
[2025-11-13T18:11:46.538+0000] {logging_mixin.py:190} INFO - Dag name:iot_sensor_data_dag and current dag run status:running
[2025-11-13T18:11:46.538+0000] {taskinstance.py:732} INFO - ::endgroup::
[2025-11-13T18:11:46.568+0000] {logging_mixin.py:190} INFO - [2025-11-13 18:11:46.553601] Inserted sensor data: {'time': datetime.datetime(2025, 11, 13, 18, 11, 46, 553601), 'temperature': 27.67289321265769, 'Dissolved_oxygen': 6.083941888248546, 'PH': 7.442589690727771, 'Ammonia': 0.010378835959284995, 'Nitrite': 0.046328085137465884, 'Turbidty': 40.0555736288167, '_id': ObjectId('69161f62e92a4bafbb6883c2')}
[2025-11-13T18:11:46.570+0000] {python.py:218} INFO - Done. Returned value was: None
[2025-11-13T18:11:46.581+0000] {taskinstance.py:341} INFO - ::group::Post task execution logs
[2025-11-13T18:11:46.582+0000] {taskinstance.py:353} INFO - Marking task as SUCCESS. dag_id=iot_sensor_data_dag, task_id=generate_sensor_data, run_id=scheduled__2025-11-13T18:11:30+00:00, execution_date=20251113T181130, start_date=20251113T181146, end_date=20251113T181146
[2025-11-13T18:11:46.602+0000] {logging_mixin.py:190} INFO - Task instance in success state
[2025-11-13T18:11:46.604+0000] {logging_mixin.py:190} INFO -  Previous state of the Task instance: running
[2025-11-13T18:11:46.604+0000] {logging_mixin.py:190} INFO - Dag name:iot_sensor_data_dag queued_at:2025-11-13 18:11:45.005149+00:00
[2025-11-13T18:11:46.605+0000] {logging_mixin.py:190} INFO - Task hostname:4f76d54186b6 operator:PythonOperator
[2025-11-13T18:11:46.646+0000] {local_task_job_runner.py:266} INFO - Task exited with return code 0
[2025-11-13T18:11:46.670+0000] {taskinstance.py:3901} INFO - 0 downstream tasks scheduled from follow-on schedule check
[2025-11-13T18:11:46.674+0000] {local_task_job_runner.py:245} INFO - ::endgroup::
