[2025-11-15T12:11:18.563+0000] {local_task_job_runner.py:123} INFO - ::group::Pre task execution logs
[2025-11-15T12:11:18.576+0000] {taskinstance.py:2614} INFO - Dependencies all met for dep_context=non-requeueable deps ti=<TaskInstance: iot_sensor_data_dag.generate_sensor_data scheduled__2025-11-15T12:10:45+00:00 [queued]>
[2025-11-15T12:11:18.582+0000] {taskinstance.py:2614} INFO - Dependencies all met for dep_context=requeueable deps ti=<TaskInstance: iot_sensor_data_dag.generate_sensor_data scheduled__2025-11-15T12:10:45+00:00 [queued]>
[2025-11-15T12:11:18.583+0000] {taskinstance.py:2867} INFO - Starting attempt 1 of 1
[2025-11-15T12:11:18.593+0000] {taskinstance.py:2890} INFO - Executing <Task(PythonOperator): generate_sensor_data> on 2025-11-15 12:10:45+00:00
[2025-11-15T12:11:18.600+0000] {warnings.py:112} WARNING - /home/***/.local/lib/python3.12/site-packages/***/task/task_runner/standard_task_runner.py:70: DeprecationWarning: This process (pid=727) is multi-threaded, use of fork() may lead to deadlocks in the child.
  pid = os.fork()

[2025-11-15T12:11:18.602+0000] {standard_task_runner.py:72} INFO - Started process 729 to run task
[2025-11-15T12:11:18.602+0000] {standard_task_runner.py:104} INFO - Running: ['***', 'tasks', 'run', 'iot_sensor_data_dag', 'generate_sensor_data', 'scheduled__2025-11-15T12:10:45+00:00', '--job-id', '1228', '--raw', '--subdir', 'DAGS_FOLDER/DEPI.py', '--cfg-path', '/tmp/tmpiejvp_v_']
[2025-11-15T12:11:18.603+0000] {standard_task_runner.py:105} INFO - Job 1228: Subtask generate_sensor_data
[2025-11-15T12:11:18.853+0000] {task_command.py:467} INFO - Running <TaskInstance: iot_sensor_data_dag.generate_sensor_data scheduled__2025-11-15T12:10:45+00:00 [running]> on host 4f76d54186b6
[2025-11-15T12:11:18.909+0000] {taskinstance.py:3134} INFO - Exporting env vars: AIRFLOW_CTX_DAG_OWNER='***' AIRFLOW_CTX_DAG_ID='iot_sensor_data_dag' AIRFLOW_CTX_TASK_ID='generate_sensor_data' AIRFLOW_CTX_EXECUTION_DATE='2025-11-15T12:10:45+00:00' AIRFLOW_CTX_TRY_NUMBER='1' AIRFLOW_CTX_DAG_RUN_ID='scheduled__2025-11-15T12:10:45+00:00'
[2025-11-15T12:11:18.910+0000] {logging_mixin.py:190} INFO - Task instance is in running state
[2025-11-15T12:11:18.911+0000] {logging_mixin.py:190} INFO -  Previous state of the Task instance: queued
[2025-11-15T12:11:18.911+0000] {logging_mixin.py:190} INFO - Current task name:generate_sensor_data state:running start_date:2025-11-15 12:11:18.576993+00:00
[2025-11-15T12:11:18.912+0000] {logging_mixin.py:190} INFO - Dag name:iot_sensor_data_dag and current dag run status:running
[2025-11-15T12:11:18.912+0000] {taskinstance.py:732} INFO - ::endgroup::
[2025-11-15T12:11:18.983+0000] {logging_mixin.py:190} INFO - [2025-11-15 12:11:18.966874] Inserted sensor data: {'time': '2025-11-15T12:11:18.966874', 'temperature': 27.547028100722443, 'Dissolved_oxygen': 5.964462543907393, 'PH': 7.550452464564757, 'Ammonia': 0.010394688222101484, 'Nitrite': 0.05006334243381032, 'Turbidty': 40.45933625886267, '_id': '69186de61b91d7a8d4086156'}
[2025-11-15T12:11:43.631+0000] {job.py:229} INFO - Heartbeat recovered after 14.81 seconds
[2025-11-15T12:12:46.220+0000] {job.py:229} INFO - Heartbeat recovered after 32.56 seconds
[2025-11-15T12:14:12.136+0000] {job.py:229} INFO - Heartbeat recovered after 20.56 seconds
[2025-11-15T12:14:33.984+0000] {job.py:229} INFO - Heartbeat recovered after 21.86 seconds
[2025-11-15T12:17:05.441+0000] {python.py:218} INFO - Done. Returned value was: None
[2025-11-15T12:17:05.964+0000] {job.py:229} INFO - Heartbeat recovered after 92.21 seconds
[2025-11-15T12:17:06.055+0000] {taskinstance.py:341} INFO - ::group::Post task execution logs
[2025-11-15T12:17:06.067+0000] {taskinstance.py:353} INFO - Marking task as SUCCESS. dag_id=iot_sensor_data_dag, task_id=generate_sensor_data, run_id=scheduled__2025-11-15T12:10:45+00:00, execution_date=20251115T121045, start_date=20251115T121118, end_date=20251115T121706
[2025-11-15T12:17:06.176+0000] {logging_mixin.py:190} INFO - Task instance in success state
[2025-11-15T12:17:06.178+0000] {logging_mixin.py:190} INFO -  Previous state of the Task instance: running
[2025-11-15T12:17:06.179+0000] {logging_mixin.py:190} INFO - Dag name:iot_sensor_data_dag queued_at:2025-11-15 12:11:14.039703+00:00
[2025-11-15T12:17:06.180+0000] {logging_mixin.py:190} INFO - Task hostname:4f76d54186b6 operator:PythonOperator
[2025-11-15T12:17:05.676+0000] {local_task_job_runner.py:266} INFO - Task exited with return code 0
[2025-11-15T12:17:05.713+0000] {taskinstance.py:3901} INFO - 0 downstream tasks scheduled from follow-on schedule check
[2025-11-15T12:17:05.720+0000] {local_task_job_runner.py:245} INFO - ::endgroup::
