{"timestamp":"2025-11-17T22:36:41.174947Z","level":"info","event":"DAG bundles loaded: dags-folder, example_dags","logger":"airflow.dag_processing.bundles.manager.DagBundlesManager","filename":"manager.py","lineno":179}
{"timestamp":"2025-11-17T22:36:41.176422Z","level":"info","event":"Filling up the DagBag from /opt/airflow/dags/DEPI.py","logger":"airflow.models.dagbag.DagBag","filename":"dagbag.py","lineno":593}
{"timestamp":"2025-11-17T22:36:41.519403Z","level":"info","event":"Task instance is in running state","logger":"task.stdout"}
{"timestamp":"2025-11-17T22:36:41.520207Z","level":"info","event":" Previous state of the Task instance: TaskInstanceState.QUEUED","logger":"task.stdout"}
{"timestamp":"2025-11-17T22:36:41.520796Z","level":"info","event":"Current task name:generate_sensor_data","logger":"task.stdout"}
{"timestamp":"2025-11-17T22:36:41.521087Z","level":"info","event":"Dag name:iot_sensor_data_dag","logger":"task.stdout"}
{"timestamp":"2025-11-17T22:36:45.471214Z","level":"error","event":"%3|1763419005.470|FAIL|rdkafka#producer-1| [thrd:kafka:9092/bootstrap]: kafka:9092/bootstrap: Failed to resolve 'kafka:9092': Name or service not known (after 3948ms in state CONNECT)","logger":"task.stderr"}
{"timestamp":"2025-11-17T22:36:50.472268Z","level":"error","event":"%3|1763419010.472|FAIL|rdkafka#producer-1| [thrd:kafka:9092/bootstrap]: kafka:9092/bootstrap: Failed to resolve 'kafka:9092': Name or service not known (after 3947ms in state CONNECT, 1 identical error(s) suppressed)","logger":"task.stderr"}
{"timestamp":"2025-11-17T22:37:18.563861Z","level":"error","event":"%3|1763419038.563|FAIL|rdkafka#producer-1| [thrd:kafka:9092/bootstrap]: kafka:9092/bootstrap: Failed to resolve 'kafka:9092': Temporary failure in name resolution (after 8003ms in state CONNECT)","logger":"task.stderr"}
{"timestamp":"2025-11-17T22:37:23.511758Z","level":"error","event":"%3|1763419043.511|FAIL|rdkafka#producer-1| [thrd:kafka:9092/bootstrap]: kafka:9092/bootstrap: Failed to resolve 'kafka:9092': Name or service not known (after 3947ms in state CONNECT)","logger":"task.stderr"}
{"timestamp":"2025-11-17T22:37:28.552069Z","level":"error","event":"%3|1763419048.544|FAIL|rdkafka#producer-1| [thrd:kafka:9092/bootstrap]: kafka:9092/bootstrap: Failed to resolve 'kafka:9092': Name or service not known (after 3974ms in state CONNECT, 1 identical error(s) suppressed)","logger":"task.stderr"}
{"timestamp":"2025-11-17T22:38:01.585211Z","level":"error","event":"%3|1763419081.584|FAIL|rdkafka#producer-1| [thrd:kafka:9092/bootstrap]: kafka:9092/bootstrap: Failed to resolve 'kafka:9092': Name or service not known (after 7978ms in state CONNECT, 5 identical error(s) suppressed)","logger":"task.stderr"}
{"timestamp":"2025-11-17T22:38:39.629443Z","level":"error","event":"%3|1763419119.629|FAIL|rdkafka#producer-1| [thrd:kafka:9092/bootstrap]: kafka:9092/bootstrap: Failed to resolve 'kafka:9092': Name or service not known (after 7969ms in state CONNECT, 6 identical error(s) suppressed)","logger":"task.stderr"}
{"timestamp":"2025-11-17T22:39:13.670449Z","level":"error","event":"%3|1763419153.670|FAIL|rdkafka#producer-1| [thrd:kafka:9092/bootstrap]: kafka:9092/bootstrap: Failed to resolve 'kafka:9092': Name or service not known (after 3946ms in state CONNECT, 6 identical error(s) suppressed)","logger":"task.stderr"}
{"timestamp":"2025-11-17T22:39:43.708510Z","level":"error","event":"%3|1763419183.708|FAIL|rdkafka#producer-1| [thrd:kafka:9092/bootstrap]: kafka:9092/bootstrap: Failed to resolve 'kafka:9092': Name or service not known (after 3971ms in state CONNECT, 6 identical error(s) suppressed)","logger":"task.stderr"}
{"timestamp":"2025-11-17T22:40:17.779630Z","level":"error","event":"%3|1763419217.779|FAIL|rdkafka#producer-1| [thrd:kafka:9092/bootstrap]: kafka:9092/bootstrap: Failed to resolve 'kafka:9092': Temporary failure in name resolution (after 8002ms in state CONNECT)","logger":"task.stderr"}
{"timestamp":"2025-11-17T22:40:22.732225Z","level":"error","event":"%3|1763419222.731|FAIL|rdkafka#producer-1| [thrd:kafka:9092/bootstrap]: kafka:9092/bootstrap: Failed to resolve 'kafka:9092': Name or service not known (after 3952ms in state CONNECT)","logger":"task.stderr"}
{"timestamp":"2025-11-17T22:40:27.754874Z","level":"error","event":"%3|1763419227.754|FAIL|rdkafka#producer-1| [thrd:kafka:9092/bootstrap]: kafka:9092/bootstrap: Failed to resolve 'kafka:9092': Name or service not known (after 3953ms in state CONNECT, 1 identical error(s) suppressed)","logger":"task.stderr"}
{"timestamp":"2025-11-17T22:41:00.834527Z","level":"error","event":"%3|1763419260.834|FAIL|rdkafka#producer-1| [thrd:kafka:9092/bootstrap]: kafka:9092/bootstrap: Failed to resolve 'kafka:9092': Name or service not known (after 7991ms in state CONNECT, 5 identical error(s) suppressed)","logger":"task.stderr"}
{"timestamp":"2025-11-17T22:41:38.838468Z","level":"error","event":"%3|1763419298.838|FAIL|rdkafka#producer-1| [thrd:kafka:9092/bootstrap]: kafka:9092/bootstrap: Failed to resolve 'kafka:9092': Name or service not known (after 7954ms in state CONNECT, 6 identical error(s) suppressed)","logger":"task.stderr"}
{"timestamp":"2025-11-17T22:41:41.890053Z","level":"info","event":"Message delivery failed: KafkaError{code=_MSG_TIMED_OUT,val=-192,str=\"Local: Message timed out\"}","logger":"task.stdout"}
{"timestamp":"2025-11-17T22:41:43.850868Z","level":"info","event":"Done. Returned value was: None","logger":"airflow.task.operators.airflow.providers.standard.operators.python.PythonOperator","filename":"python.py","lineno":215}
{"timestamp":"2025-11-17T22:41:43.865577Z","level":"info","event":"Task instance in success state","logger":"task.stdout"}
{"timestamp":"2025-11-17T22:41:43.865995Z","level":"info","event":" Previous state of the Task instance: TaskInstanceState.RUNNING","logger":"task.stdout"}
{"timestamp":"2025-11-17T22:41:43.866386Z","level":"info","event":"Task operator:<Task(PythonOperator): generate_sensor_data>","logger":"task.stdout"}
