[2025-11-13T18:43:46.300+0000] {local_task_job_runner.py:123} INFO - ::group::Pre task execution logs
[2025-11-13T18:43:46.313+0000] {taskinstance.py:2614} INFO - Dependencies all met for dep_context=non-requeueable deps ti=<TaskInstance: iot_sensor_data_dag.generate_sensor_data scheduled__2025-11-13T18:43:30+00:00 [queued]>
[2025-11-13T18:43:46.318+0000] {taskinstance.py:2614} INFO - Dependencies all met for dep_context=requeueable deps ti=<TaskInstance: iot_sensor_data_dag.generate_sensor_data scheduled__2025-11-13T18:43:30+00:00 [queued]>
[2025-11-13T18:43:46.319+0000] {taskinstance.py:2867} INFO - Starting attempt 1 of 1
[2025-11-13T18:43:46.439+0000] {taskinstance.py:2890} INFO - Executing <Task(PythonOperator): generate_sensor_data> on 2025-11-13 18:43:30+00:00
[2025-11-13T18:43:46.446+0000] {warnings.py:112} WARNING - /home/***/.local/lib/python3.12/site-packages/***/task/task_runner/standard_task_runner.py:70: DeprecationWarning: This process (pid=3708) is multi-threaded, use of fork() may lead to deadlocks in the child.
  pid = os.fork()

[2025-11-13T18:43:46.448+0000] {standard_task_runner.py:104} INFO - Running: ['***', 'tasks', 'run', 'iot_sensor_data_dag', 'generate_sensor_data', 'scheduled__2025-11-13T18:43:30+00:00', '--job-id', '568', '--raw', '--subdir', 'DAGS_FOLDER/DEPI.py', '--cfg-path', '/tmp/tmpc6rdpnp0']
[2025-11-13T18:43:46.448+0000] {standard_task_runner.py:72} INFO - Started process 3710 to run task
[2025-11-13T18:43:46.449+0000] {standard_task_runner.py:105} INFO - Job 568: Subtask generate_sensor_data
[2025-11-13T18:43:46.486+0000] {task_command.py:467} INFO - Running <TaskInstance: iot_sensor_data_dag.generate_sensor_data scheduled__2025-11-13T18:43:30+00:00 [running]> on host 4f76d54186b6
[2025-11-13T18:43:46.541+0000] {taskinstance.py:3134} INFO - Exporting env vars: AIRFLOW_CTX_DAG_OWNER='***' AIRFLOW_CTX_DAG_ID='iot_sensor_data_dag' AIRFLOW_CTX_TASK_ID='generate_sensor_data' AIRFLOW_CTX_EXECUTION_DATE='2025-11-13T18:43:30+00:00' AIRFLOW_CTX_TRY_NUMBER='1' AIRFLOW_CTX_DAG_RUN_ID='scheduled__2025-11-13T18:43:30+00:00'
[2025-11-13T18:43:46.542+0000] {logging_mixin.py:190} INFO - Task instance is in running state
[2025-11-13T18:43:46.543+0000] {logging_mixin.py:190} INFO -  Previous state of the Task instance: queued
[2025-11-13T18:43:46.544+0000] {logging_mixin.py:190} INFO - Current task name:generate_sensor_data state:running start_date:2025-11-13 18:43:46.313987+00:00
[2025-11-13T18:43:46.544+0000] {logging_mixin.py:190} INFO - Dag name:iot_sensor_data_dag and current dag run status:running
[2025-11-13T18:43:46.545+0000] {taskinstance.py:732} INFO - ::endgroup::
[2025-11-13T18:43:46.570+0000] {logging_mixin.py:190} INFO - [2025-11-13 18:43:46.557230] Inserted sensor data: {'time': datetime.datetime(2025, 11, 13, 18, 43, 46, 557230), 'temperature': 27.448208699897908, 'Dissolved_oxygen': 6.098565277452196, 'PH': 7.542344276551828, 'Ammonia': 0.009222195370333627, 'Nitrite': 0.05371916056579071, 'Turbidty': 39.20634782407519, '_id': ObjectId('691626e28684774021dd80fb')}
[2025-11-13T18:43:46.572+0000] {python.py:218} INFO - Done. Returned value was: None
[2025-11-13T18:43:46.581+0000] {taskinstance.py:341} INFO - ::group::Post task execution logs
[2025-11-13T18:43:46.582+0000] {taskinstance.py:353} INFO - Marking task as SUCCESS. dag_id=iot_sensor_data_dag, task_id=generate_sensor_data, run_id=scheduled__2025-11-13T18:43:30+00:00, execution_date=20251113T184330, start_date=20251113T184346, end_date=20251113T184346
[2025-11-13T18:43:46.598+0000] {logging_mixin.py:190} INFO - Task instance in success state
[2025-11-13T18:43:46.599+0000] {logging_mixin.py:190} INFO -  Previous state of the Task instance: running
[2025-11-13T18:43:46.600+0000] {logging_mixin.py:190} INFO - Dag name:iot_sensor_data_dag queued_at:2025-11-13 18:43:45.124954+00:00
[2025-11-13T18:43:46.600+0000] {logging_mixin.py:190} INFO - Task hostname:4f76d54186b6 operator:PythonOperator
[2025-11-13T18:43:46.629+0000] {local_task_job_runner.py:266} INFO - Task exited with return code 0
[2025-11-13T18:43:46.636+0000] {local_task_job_runner.py:245} INFO - ::endgroup::
