[2025-11-13T17:19:47.558+0000] {local_task_job_runner.py:123} INFO - ::group::Pre task execution logs
[2025-11-13T17:19:47.573+0000] {taskinstance.py:2614} INFO - Dependencies all met for dep_context=non-requeueable deps ti=<TaskInstance: iot_sensor_data_dag.generate_sensor_data scheduled__2025-11-13T17:19:30+00:00 [queued]>
[2025-11-13T17:19:47.581+0000] {taskinstance.py:2614} INFO - Dependencies all met for dep_context=requeueable deps ti=<TaskInstance: iot_sensor_data_dag.generate_sensor_data scheduled__2025-11-13T17:19:30+00:00 [queued]>
[2025-11-13T17:19:47.582+0000] {taskinstance.py:2867} INFO - Starting attempt 1 of 1
[2025-11-13T17:19:47.728+0000] {taskinstance.py:2890} INFO - Executing <Task(PythonOperator): generate_sensor_data> on 2025-11-13 17:19:30+00:00
[2025-11-13T17:19:47.736+0000] {warnings.py:112} WARNING - /home/***/.local/lib/python3.12/site-packages/***/task/task_runner/standard_task_runner.py:70: DeprecationWarning: This process (pid=205) is multi-threaded, use of fork() may lead to deadlocks in the child.
  pid = os.fork()

[2025-11-13T17:19:47.739+0000] {standard_task_runner.py:72} INFO - Started process 207 to run task
[2025-11-13T17:19:47.738+0000] {standard_task_runner.py:104} INFO - Running: ['***', 'tasks', 'run', 'iot_sensor_data_dag', 'generate_sensor_data', 'scheduled__2025-11-13T17:19:30+00:00', '--job-id', '232', '--raw', '--subdir', 'DAGS_FOLDER/DEPI.py', '--cfg-path', '/tmp/tmp201q5ro8']
[2025-11-13T17:19:47.741+0000] {standard_task_runner.py:105} INFO - Job 232: Subtask generate_sensor_data
[2025-11-13T17:19:47.791+0000] {task_command.py:467} INFO - Running <TaskInstance: iot_sensor_data_dag.generate_sensor_data scheduled__2025-11-13T17:19:30+00:00 [running]> on host 4f76d54186b6
[2025-11-13T17:19:47.883+0000] {taskinstance.py:3134} INFO - Exporting env vars: AIRFLOW_CTX_DAG_OWNER='***' AIRFLOW_CTX_DAG_ID='iot_sensor_data_dag' AIRFLOW_CTX_TASK_ID='generate_sensor_data' AIRFLOW_CTX_EXECUTION_DATE='2025-11-13T17:19:30+00:00' AIRFLOW_CTX_TRY_NUMBER='1' AIRFLOW_CTX_DAG_RUN_ID='scheduled__2025-11-13T17:19:30+00:00'
[2025-11-13T17:19:47.885+0000] {logging_mixin.py:190} INFO - Task instance is in running state
[2025-11-13T17:19:47.886+0000] {logging_mixin.py:190} INFO -  Previous state of the Task instance: queued
[2025-11-13T17:19:47.887+0000] {logging_mixin.py:190} INFO - Current task name:generate_sensor_data state:running start_date:2025-11-13 17:19:47.574686+00:00
[2025-11-13T17:19:47.887+0000] {logging_mixin.py:190} INFO - Dag name:iot_sensor_data_dag and current dag run status:running
[2025-11-13T17:19:47.888+0000] {taskinstance.py:732} INFO - ::endgroup::
[2025-11-13T17:19:47.929+0000] {logging_mixin.py:190} INFO - [2025-11-13 17:19:47.908823] Inserted sensor data: {'time': datetime.datetime(2025, 11, 13, 17, 19, 47, 908823), 'temperature': 27.59982746981072, 'Dissolved_oxygen': 6.074549411082917, 'PH': 7.504709432665093, 'Ammonia': 0.010131474586041559, 'Nitrite': 0.04641747468409955, 'Turbidty': 40.49063886596642, '_id': ObjectId('69161333b045d7c77de76e22')}
[2025-11-13T17:19:47.932+0000] {python.py:218} INFO - Done. Returned value was: None
[2025-11-13T17:19:47.943+0000] {taskinstance.py:341} INFO - ::group::Post task execution logs
[2025-11-13T17:19:47.944+0000] {taskinstance.py:353} INFO - Marking task as SUCCESS. dag_id=iot_sensor_data_dag, task_id=generate_sensor_data, run_id=scheduled__2025-11-13T17:19:30+00:00, execution_date=20251113T171930, start_date=20251113T171947, end_date=20251113T171947
[2025-11-13T17:19:47.969+0000] {logging_mixin.py:190} INFO - Task instance in success state
[2025-11-13T17:19:47.970+0000] {logging_mixin.py:190} INFO -  Previous state of the Task instance: running
[2025-11-13T17:19:47.971+0000] {logging_mixin.py:190} INFO - Dag name:iot_sensor_data_dag queued_at:2025-11-13 17:19:46.016256+00:00
[2025-11-13T17:19:47.972+0000] {logging_mixin.py:190} INFO - Task hostname:4f76d54186b6 operator:PythonOperator
[2025-11-13T17:19:48.000+0000] {local_task_job_runner.py:266} INFO - Task exited with return code 0
[2025-11-13T17:19:48.028+0000] {taskinstance.py:3901} INFO - 0 downstream tasks scheduled from follow-on schedule check
[2025-11-13T17:19:48.035+0000] {local_task_job_runner.py:245} INFO - ::endgroup::
