[2025-11-13T17:33:01.952+0000] {local_task_job_runner.py:123} INFO - ::group::Pre task execution logs
[2025-11-13T17:33:01.966+0000] {taskinstance.py:2614} INFO - Dependencies all met for dep_context=non-requeueable deps ti=<TaskInstance: iot_sensor_data_dag.generate_sensor_data scheduled__2025-11-13T17:32:45+00:00 [queued]>
[2025-11-13T17:33:01.972+0000] {taskinstance.py:2614} INFO - Dependencies all met for dep_context=requeueable deps ti=<TaskInstance: iot_sensor_data_dag.generate_sensor_data scheduled__2025-11-13T17:32:45+00:00 [queued]>
[2025-11-13T17:33:01.974+0000] {taskinstance.py:2867} INFO - Starting attempt 1 of 1
[2025-11-13T17:33:02.118+0000] {taskinstance.py:2890} INFO - Executing <Task(PythonOperator): generate_sensor_data> on 2025-11-13 17:32:45+00:00
[2025-11-13T17:33:02.126+0000] {warnings.py:112} WARNING - /home/***/.local/lib/python3.12/site-packages/***/task/task_runner/standard_task_runner.py:70: DeprecationWarning: This process (pid=759) is multi-threaded, use of fork() may lead to deadlocks in the child.
  pid = os.fork()

[2025-11-13T17:33:02.128+0000] {standard_task_runner.py:72} INFO - Started process 761 to run task
[2025-11-13T17:33:02.128+0000] {standard_task_runner.py:104} INFO - Running: ['***', 'tasks', 'run', 'iot_sensor_data_dag', 'generate_sensor_data', 'scheduled__2025-11-13T17:32:45+00:00', '--job-id', '285', '--raw', '--subdir', 'DAGS_FOLDER/DEPI.py', '--cfg-path', '/tmp/tmpun45s7l5']
[2025-11-13T17:33:02.130+0000] {standard_task_runner.py:105} INFO - Job 285: Subtask generate_sensor_data
[2025-11-13T17:33:02.178+0000] {task_command.py:467} INFO - Running <TaskInstance: iot_sensor_data_dag.generate_sensor_data scheduled__2025-11-13T17:32:45+00:00 [running]> on host 4f76d54186b6
[2025-11-13T17:33:02.254+0000] {taskinstance.py:3134} INFO - Exporting env vars: AIRFLOW_CTX_DAG_OWNER='***' AIRFLOW_CTX_DAG_ID='iot_sensor_data_dag' AIRFLOW_CTX_TASK_ID='generate_sensor_data' AIRFLOW_CTX_EXECUTION_DATE='2025-11-13T17:32:45+00:00' AIRFLOW_CTX_TRY_NUMBER='1' AIRFLOW_CTX_DAG_RUN_ID='scheduled__2025-11-13T17:32:45+00:00'
[2025-11-13T17:33:02.256+0000] {logging_mixin.py:190} INFO - Task instance is in running state
[2025-11-13T17:33:02.257+0000] {logging_mixin.py:190} INFO -  Previous state of the Task instance: queued
[2025-11-13T17:33:02.257+0000] {logging_mixin.py:190} INFO - Current task name:generate_sensor_data state:running start_date:2025-11-13 17:33:01.967551+00:00
[2025-11-13T17:33:02.258+0000] {logging_mixin.py:190} INFO - Dag name:iot_sensor_data_dag and current dag run status:running
[2025-11-13T17:33:02.258+0000] {taskinstance.py:732} INFO - ::endgroup::
[2025-11-13T17:33:02.289+0000] {logging_mixin.py:190} INFO - [2025-11-13 17:33:02.274206] Inserted sensor data: {'time': datetime.datetime(2025, 11, 13, 17, 33, 2, 274206), 'temperature': 27.53782591530676, 'Dissolved_oxygen': 5.91114739328995, 'PH': 7.475145920734859, 'Ammonia': 0.009259095131008007, 'Nitrite': 0.05409238331111241, 'Turbidty': 39.35502995355198, '_id': ObjectId('6916164ee2729dd9ae597892')}
[2025-11-13T17:33:02.291+0000] {python.py:218} INFO - Done. Returned value was: None
[2025-11-13T17:33:02.302+0000] {taskinstance.py:341} INFO - ::group::Post task execution logs
[2025-11-13T17:33:02.303+0000] {taskinstance.py:353} INFO - Marking task as SUCCESS. dag_id=iot_sensor_data_dag, task_id=generate_sensor_data, run_id=scheduled__2025-11-13T17:32:45+00:00, execution_date=20251113T173245, start_date=20251113T173301, end_date=20251113T173302
[2025-11-13T17:33:02.325+0000] {logging_mixin.py:190} INFO - Task instance in success state
[2025-11-13T17:33:02.326+0000] {logging_mixin.py:190} INFO -  Previous state of the Task instance: running
[2025-11-13T17:33:02.327+0000] {logging_mixin.py:190} INFO - Dag name:iot_sensor_data_dag queued_at:2025-11-13 17:33:00.478233+00:00
[2025-11-13T17:33:02.327+0000] {logging_mixin.py:190} INFO - Task hostname:4f76d54186b6 operator:PythonOperator
[2025-11-13T17:33:02.348+0000] {local_task_job_runner.py:266} INFO - Task exited with return code 0
[2025-11-13T17:33:02.372+0000] {taskinstance.py:3901} INFO - 0 downstream tasks scheduled from follow-on schedule check
[2025-11-13T17:33:02.377+0000] {local_task_job_runner.py:245} INFO - ::endgroup::
