[2025-11-13T17:28:01.823+0000] {local_task_job_runner.py:123} INFO - ::group::Pre task execution logs
[2025-11-13T17:28:01.837+0000] {taskinstance.py:2614} INFO - Dependencies all met for dep_context=non-requeueable deps ti=<TaskInstance: iot_sensor_data_dag.generate_sensor_data scheduled__2025-11-13T17:27:45+00:00 [queued]>
[2025-11-13T17:28:01.844+0000] {taskinstance.py:2614} INFO - Dependencies all met for dep_context=requeueable deps ti=<TaskInstance: iot_sensor_data_dag.generate_sensor_data scheduled__2025-11-13T17:27:45+00:00 [queued]>
[2025-11-13T17:28:01.845+0000] {taskinstance.py:2867} INFO - Starting attempt 1 of 1
[2025-11-13T17:28:02.014+0000] {taskinstance.py:2890} INFO - Executing <Task(PythonOperator): generate_sensor_data> on 2025-11-13 17:27:45+00:00
[2025-11-13T17:28:02.026+0000] {standard_task_runner.py:104} INFO - Running: ['***', 'tasks', 'run', 'iot_sensor_data_dag', 'generate_sensor_data', 'scheduled__2025-11-13T17:27:45+00:00', '--job-id', '265', '--raw', '--subdir', 'DAGS_FOLDER/DEPI.py', '--cfg-path', '/tmp/tmpl8mb4riz']
[2025-11-13T17:28:02.024+0000] {warnings.py:112} WARNING - /home/***/.local/lib/python3.12/site-packages/***/task/task_runner/standard_task_runner.py:70: DeprecationWarning: This process (pid=549) is multi-threaded, use of fork() may lead to deadlocks in the child.
  pid = os.fork()

[2025-11-13T17:28:02.028+0000] {standard_task_runner.py:105} INFO - Job 265: Subtask generate_sensor_data
[2025-11-13T17:28:02.028+0000] {standard_task_runner.py:72} INFO - Started process 551 to run task
[2025-11-13T17:28:02.078+0000] {task_command.py:467} INFO - Running <TaskInstance: iot_sensor_data_dag.generate_sensor_data scheduled__2025-11-13T17:27:45+00:00 [running]> on host 4f76d54186b6
[2025-11-13T17:28:02.152+0000] {taskinstance.py:3134} INFO - Exporting env vars: AIRFLOW_CTX_DAG_OWNER='***' AIRFLOW_CTX_DAG_ID='iot_sensor_data_dag' AIRFLOW_CTX_TASK_ID='generate_sensor_data' AIRFLOW_CTX_EXECUTION_DATE='2025-11-13T17:27:45+00:00' AIRFLOW_CTX_TRY_NUMBER='1' AIRFLOW_CTX_DAG_RUN_ID='scheduled__2025-11-13T17:27:45+00:00'
[2025-11-13T17:28:02.154+0000] {logging_mixin.py:190} INFO - Task instance is in running state
[2025-11-13T17:28:02.155+0000] {logging_mixin.py:190} INFO -  Previous state of the Task instance: queued
[2025-11-13T17:28:02.156+0000] {logging_mixin.py:190} INFO - Current task name:generate_sensor_data state:running start_date:2025-11-13 17:28:01.838717+00:00
[2025-11-13T17:28:02.157+0000] {logging_mixin.py:190} INFO - Dag name:iot_sensor_data_dag and current dag run status:running
[2025-11-13T17:28:02.158+0000] {taskinstance.py:732} INFO - ::endgroup::
[2025-11-13T17:28:02.191+0000] {logging_mixin.py:190} INFO - [2025-11-13 17:28:02.176049] Inserted sensor data: {'time': datetime.datetime(2025, 11, 13, 17, 28, 2, 176049), 'temperature': 27.557545954105553, 'Dissolved_oxygen': 6.024870215247727, 'PH': 7.416603153757509, 'Ammonia': 0.010496976943870055, 'Nitrite': 0.054202059246972085, 'Turbidty': 40.84936895098874, '_id': ObjectId('691615221e993070c39984f9')}
[2025-11-13T17:28:02.194+0000] {python.py:218} INFO - Done. Returned value was: None
[2025-11-13T17:28:02.204+0000] {taskinstance.py:341} INFO - ::group::Post task execution logs
[2025-11-13T17:28:02.206+0000] {taskinstance.py:353} INFO - Marking task as SUCCESS. dag_id=iot_sensor_data_dag, task_id=generate_sensor_data, run_id=scheduled__2025-11-13T17:27:45+00:00, execution_date=20251113T172745, start_date=20251113T172801, end_date=20251113T172802
[2025-11-13T17:28:02.228+0000] {logging_mixin.py:190} INFO - Task instance in success state
[2025-11-13T17:28:02.229+0000] {logging_mixin.py:190} INFO -  Previous state of the Task instance: running
[2025-11-13T17:28:02.230+0000] {logging_mixin.py:190} INFO - Dag name:iot_sensor_data_dag queued_at:2025-11-13 17:28:00.302130+00:00
[2025-11-13T17:28:02.230+0000] {logging_mixin.py:190} INFO - Task hostname:4f76d54186b6 operator:PythonOperator
[2025-11-13T17:28:02.251+0000] {local_task_job_runner.py:266} INFO - Task exited with return code 0
[2025-11-13T17:28:02.267+0000] {taskinstance.py:3901} INFO - 0 downstream tasks scheduled from follow-on schedule check
[2025-11-13T17:28:02.271+0000] {local_task_job_runner.py:245} INFO - ::endgroup::
