[2025-11-13T18:12:46.745+0000] {local_task_job_runner.py:123} INFO - ::group::Pre task execution logs
[2025-11-13T18:12:46.758+0000] {taskinstance.py:2614} INFO - Dependencies all met for dep_context=non-requeueable deps ti=<TaskInstance: iot_sensor_data_dag.generate_sensor_data scheduled__2025-11-13T18:12:30+00:00 [queued]>
[2025-11-13T18:12:46.764+0000] {taskinstance.py:2614} INFO - Dependencies all met for dep_context=requeueable deps ti=<TaskInstance: iot_sensor_data_dag.generate_sensor_data scheduled__2025-11-13T18:12:30+00:00 [queued]>
[2025-11-13T18:12:46.765+0000] {taskinstance.py:2867} INFO - Starting attempt 1 of 1
[2025-11-13T18:12:46.886+0000] {taskinstance.py:2890} INFO - Executing <Task(PythonOperator): generate_sensor_data> on 2025-11-13 18:12:30+00:00
[2025-11-13T18:12:46.893+0000] {warnings.py:112} WARNING - /home/***/.local/lib/python3.12/site-packages/***/task/task_runner/standard_task_runner.py:70: DeprecationWarning: This process (pid=2409) is multi-threaded, use of fork() may lead to deadlocks in the child.
  pid = os.fork()

[2025-11-13T18:12:46.895+0000] {standard_task_runner.py:72} INFO - Started process 2411 to run task
[2025-11-13T18:12:46.896+0000] {standard_task_runner.py:104} INFO - Running: ['***', 'tasks', 'run', 'iot_sensor_data_dag', 'generate_sensor_data', 'scheduled__2025-11-13T18:12:30+00:00', '--job-id', '444', '--raw', '--subdir', 'DAGS_FOLDER/DEPI.py', '--cfg-path', '/tmp/tmpn1wz_m0m']
[2025-11-13T18:12:46.897+0000] {standard_task_runner.py:105} INFO - Job 444: Subtask generate_sensor_data
[2025-11-13T18:12:46.939+0000] {task_command.py:467} INFO - Running <TaskInstance: iot_sensor_data_dag.generate_sensor_data scheduled__2025-11-13T18:12:30+00:00 [running]> on host 4f76d54186b6
[2025-11-13T18:12:46.998+0000] {taskinstance.py:3134} INFO - Exporting env vars: AIRFLOW_CTX_DAG_OWNER='***' AIRFLOW_CTX_DAG_ID='iot_sensor_data_dag' AIRFLOW_CTX_TASK_ID='generate_sensor_data' AIRFLOW_CTX_EXECUTION_DATE='2025-11-13T18:12:30+00:00' AIRFLOW_CTX_TRY_NUMBER='1' AIRFLOW_CTX_DAG_RUN_ID='scheduled__2025-11-13T18:12:30+00:00'
[2025-11-13T18:12:47.000+0000] {logging_mixin.py:190} INFO - Task instance is in running state
[2025-11-13T18:12:47.001+0000] {logging_mixin.py:190} INFO -  Previous state of the Task instance: queued
[2025-11-13T18:12:47.002+0000] {logging_mixin.py:190} INFO - Current task name:generate_sensor_data state:running start_date:2025-11-13 18:12:46.759501+00:00
[2025-11-13T18:12:47.002+0000] {logging_mixin.py:190} INFO - Dag name:iot_sensor_data_dag and current dag run status:running
[2025-11-13T18:12:47.003+0000] {taskinstance.py:732} INFO - ::endgroup::
[2025-11-13T18:12:47.034+0000] {logging_mixin.py:190} INFO - [2025-11-13 18:12:47.016138] Inserted sensor data: {'time': datetime.datetime(2025, 11, 13, 18, 12, 47, 16138), 'temperature': 27.369128972930167, 'Dissolved_oxygen': 6.070893869745837, 'PH': 7.454240980060812, 'Ammonia': 0.009923792486673045, 'Nitrite': 0.054464864965530685, 'Turbidty': 39.12329221130314, '_id': ObjectId('69161f9fd80a75341a21ae52')}
[2025-11-13T18:12:47.038+0000] {python.py:218} INFO - Done. Returned value was: None
[2025-11-13T18:12:47.051+0000] {taskinstance.py:341} INFO - ::group::Post task execution logs
[2025-11-13T18:12:47.052+0000] {taskinstance.py:353} INFO - Marking task as SUCCESS. dag_id=iot_sensor_data_dag, task_id=generate_sensor_data, run_id=scheduled__2025-11-13T18:12:30+00:00, execution_date=20251113T181230, start_date=20251113T181246, end_date=20251113T181247
[2025-11-13T18:12:47.069+0000] {logging_mixin.py:190} INFO - Task instance in success state
[2025-11-13T18:12:47.070+0000] {logging_mixin.py:190} INFO -  Previous state of the Task instance: running
[2025-11-13T18:12:47.070+0000] {logging_mixin.py:190} INFO - Dag name:iot_sensor_data_dag queued_at:2025-11-13 18:12:45.600549+00:00
[2025-11-13T18:12:47.071+0000] {logging_mixin.py:190} INFO - Task hostname:4f76d54186b6 operator:PythonOperator
[2025-11-13T18:12:47.115+0000] {local_task_job_runner.py:266} INFO - Task exited with return code 0
[2025-11-13T18:12:47.144+0000] {taskinstance.py:3901} INFO - 0 downstream tasks scheduled from follow-on schedule check
[2025-11-13T18:12:47.150+0000] {local_task_job_runner.py:245} INFO - ::endgroup::
