[2025-11-13T18:14:16.583+0000] {local_task_job_runner.py:123} INFO - ::group::Pre task execution logs
[2025-11-13T18:14:16.595+0000] {taskinstance.py:2614} INFO - Dependencies all met for dep_context=non-requeueable deps ti=<TaskInstance: iot_sensor_data_dag.generate_sensor_data scheduled__2025-11-13T18:14:00+00:00 [queued]>
[2025-11-13T18:14:16.600+0000] {taskinstance.py:2614} INFO - Dependencies all met for dep_context=requeueable deps ti=<TaskInstance: iot_sensor_data_dag.generate_sensor_data scheduled__2025-11-13T18:14:00+00:00 [queued]>
[2025-11-13T18:14:16.601+0000] {taskinstance.py:2867} INFO - Starting attempt 1 of 1
[2025-11-13T18:14:16.719+0000] {taskinstance.py:2890} INFO - Executing <Task(PythonOperator): generate_sensor_data> on 2025-11-13 18:14:00+00:00
[2025-11-13T18:14:16.725+0000] {warnings.py:112} WARNING - /home/***/.local/lib/python3.12/site-packages/***/task/task_runner/standard_task_runner.py:70: DeprecationWarning: This process (pid=2472) is multi-threaded, use of fork() may lead to deadlocks in the child.
  pid = os.fork()

[2025-11-13T18:14:16.728+0000] {standard_task_runner.py:72} INFO - Started process 2474 to run task
[2025-11-13T18:14:16.728+0000] {standard_task_runner.py:104} INFO - Running: ['***', 'tasks', 'run', 'iot_sensor_data_dag', 'generate_sensor_data', 'scheduled__2025-11-13T18:14:00+00:00', '--job-id', '450', '--raw', '--subdir', 'DAGS_FOLDER/DEPI.py', '--cfg-path', '/tmp/tmpgjgl7o56']
[2025-11-13T18:14:16.729+0000] {standard_task_runner.py:105} INFO - Job 450: Subtask generate_sensor_data
[2025-11-13T18:14:16.770+0000] {task_command.py:467} INFO - Running <TaskInstance: iot_sensor_data_dag.generate_sensor_data scheduled__2025-11-13T18:14:00+00:00 [running]> on host 4f76d54186b6
[2025-11-13T18:14:16.832+0000] {taskinstance.py:3134} INFO - Exporting env vars: AIRFLOW_CTX_DAG_OWNER='***' AIRFLOW_CTX_DAG_ID='iot_sensor_data_dag' AIRFLOW_CTX_TASK_ID='generate_sensor_data' AIRFLOW_CTX_EXECUTION_DATE='2025-11-13T18:14:00+00:00' AIRFLOW_CTX_TRY_NUMBER='1' AIRFLOW_CTX_DAG_RUN_ID='scheduled__2025-11-13T18:14:00+00:00'
[2025-11-13T18:14:16.833+0000] {logging_mixin.py:190} INFO - Task instance is in running state
[2025-11-13T18:14:16.834+0000] {logging_mixin.py:190} INFO -  Previous state of the Task instance: queued
[2025-11-13T18:14:16.834+0000] {logging_mixin.py:190} INFO - Current task name:generate_sensor_data state:running start_date:2025-11-13 18:14:16.595863+00:00
[2025-11-13T18:14:16.835+0000] {logging_mixin.py:190} INFO - Dag name:iot_sensor_data_dag and current dag run status:running
[2025-11-13T18:14:16.835+0000] {taskinstance.py:732} INFO - ::endgroup::
[2025-11-13T18:14:16.858+0000] {logging_mixin.py:190} INFO - [2025-11-13 18:14:16.846913] Inserted sensor data: {'time': datetime.datetime(2025, 11, 13, 18, 14, 16, 846913), 'temperature': 27.463369372209282, 'Dissolved_oxygen': 5.992896709649435, 'PH': 7.5680703651246235, 'Ammonia': 0.009229631489971928, 'Nitrite': 0.046128102140516436, 'Turbidty': 39.0435040508659, '_id': ObjectId('69161ff83bcd61c6a1f5fe45')}
[2025-11-13T18:14:16.859+0000] {python.py:218} INFO - Done. Returned value was: None
[2025-11-13T18:14:16.870+0000] {taskinstance.py:341} INFO - ::group::Post task execution logs
[2025-11-13T18:14:16.871+0000] {taskinstance.py:353} INFO - Marking task as SUCCESS. dag_id=iot_sensor_data_dag, task_id=generate_sensor_data, run_id=scheduled__2025-11-13T18:14:00+00:00, execution_date=20251113T181400, start_date=20251113T181416, end_date=20251113T181416
[2025-11-13T18:14:16.888+0000] {logging_mixin.py:190} INFO - Task instance in success state
[2025-11-13T18:14:16.888+0000] {logging_mixin.py:190} INFO -  Previous state of the Task instance: running
[2025-11-13T18:14:16.889+0000] {logging_mixin.py:190} INFO - Dag name:iot_sensor_data_dag queued_at:2025-11-13 18:14:15.413749+00:00
[2025-11-13T18:14:16.889+0000] {logging_mixin.py:190} INFO - Task hostname:4f76d54186b6 operator:PythonOperator
[2025-11-13T18:14:16.905+0000] {local_task_job_runner.py:266} INFO - Task exited with return code 0
[2025-11-13T18:14:16.924+0000] {taskinstance.py:3901} INFO - 0 downstream tasks scheduled from follow-on schedule check
[2025-11-13T18:14:16.928+0000] {local_task_job_runner.py:245} INFO - ::endgroup::
