[2025-11-13T18:35:17.339+0000] {local_task_job_runner.py:123} INFO - ::group::Pre task execution logs
[2025-11-13T18:35:17.352+0000] {taskinstance.py:2614} INFO - Dependencies all met for dep_context=non-requeueable deps ti=<TaskInstance: iot_sensor_data_dag.generate_sensor_data scheduled__2025-11-13T18:35:00+00:00 [queued]>
[2025-11-13T18:35:17.357+0000] {taskinstance.py:2614} INFO - Dependencies all met for dep_context=requeueable deps ti=<TaskInstance: iot_sensor_data_dag.generate_sensor_data scheduled__2025-11-13T18:35:00+00:00 [queued]>
[2025-11-13T18:35:17.358+0000] {taskinstance.py:2867} INFO - Starting attempt 1 of 1
[2025-11-13T18:35:17.477+0000] {taskinstance.py:2890} INFO - Executing <Task(PythonOperator): generate_sensor_data> on 2025-11-13 18:35:00+00:00
[2025-11-13T18:35:17.483+0000] {warnings.py:112} WARNING - /home/***/.local/lib/python3.12/site-packages/***/task/task_runner/standard_task_runner.py:70: DeprecationWarning: This process (pid=3353) is multi-threaded, use of fork() may lead to deadlocks in the child.
  pid = os.fork()

[2025-11-13T18:35:17.485+0000] {standard_task_runner.py:104} INFO - Running: ['***', 'tasks', 'run', 'iot_sensor_data_dag', 'generate_sensor_data', 'scheduled__2025-11-13T18:35:00+00:00', '--job-id', '534', '--raw', '--subdir', 'DAGS_FOLDER/DEPI.py', '--cfg-path', '/tmp/tmp_0rhrhi7']
[2025-11-13T18:35:17.486+0000] {standard_task_runner.py:72} INFO - Started process 3355 to run task
[2025-11-13T18:35:17.487+0000] {standard_task_runner.py:105} INFO - Job 534: Subtask generate_sensor_data
[2025-11-13T18:35:17.525+0000] {task_command.py:467} INFO - Running <TaskInstance: iot_sensor_data_dag.generate_sensor_data scheduled__2025-11-13T18:35:00+00:00 [running]> on host 4f76d54186b6
[2025-11-13T18:35:17.581+0000] {taskinstance.py:3134} INFO - Exporting env vars: AIRFLOW_CTX_DAG_OWNER='***' AIRFLOW_CTX_DAG_ID='iot_sensor_data_dag' AIRFLOW_CTX_TASK_ID='generate_sensor_data' AIRFLOW_CTX_EXECUTION_DATE='2025-11-13T18:35:00+00:00' AIRFLOW_CTX_TRY_NUMBER='1' AIRFLOW_CTX_DAG_RUN_ID='scheduled__2025-11-13T18:35:00+00:00'
[2025-11-13T18:35:17.582+0000] {logging_mixin.py:190} INFO - Task instance is in running state
[2025-11-13T18:35:17.583+0000] {logging_mixin.py:190} INFO -  Previous state of the Task instance: queued
[2025-11-13T18:35:17.584+0000] {logging_mixin.py:190} INFO - Current task name:generate_sensor_data state:running start_date:2025-11-13 18:35:17.352653+00:00
[2025-11-13T18:35:17.584+0000] {logging_mixin.py:190} INFO - Dag name:iot_sensor_data_dag and current dag run status:running
[2025-11-13T18:35:17.585+0000] {taskinstance.py:732} INFO - ::endgroup::
[2025-11-13T18:35:17.610+0000] {logging_mixin.py:190} INFO - [2025-11-13 18:35:17.595357] Inserted sensor data: {'time': datetime.datetime(2025, 11, 13, 18, 35, 17, 595357), 'temperature': 27.306257890345567, 'Dissolved_oxygen': 6.079498378749401, 'PH': 7.493201580259753, 'Ammonia': 0.0099855150062016, 'Nitrite': 0.049821647301476805, 'Turbidty': 40.607167206791566, '_id': ObjectId('691624e5931a48323d109688')}
[2025-11-13T18:35:17.612+0000] {python.py:218} INFO - Done. Returned value was: None
[2025-11-13T18:35:17.623+0000] {taskinstance.py:341} INFO - ::group::Post task execution logs
[2025-11-13T18:35:17.624+0000] {taskinstance.py:353} INFO - Marking task as SUCCESS. dag_id=iot_sensor_data_dag, task_id=generate_sensor_data, run_id=scheduled__2025-11-13T18:35:00+00:00, execution_date=20251113T183500, start_date=20251113T183517, end_date=20251113T183517
[2025-11-13T18:35:17.641+0000] {logging_mixin.py:190} INFO - Task instance in success state
[2025-11-13T18:35:17.642+0000] {logging_mixin.py:190} INFO -  Previous state of the Task instance: running
[2025-11-13T18:35:17.642+0000] {logging_mixin.py:190} INFO - Dag name:iot_sensor_data_dag queued_at:2025-11-13 18:35:16.059562+00:00
[2025-11-13T18:35:17.643+0000] {logging_mixin.py:190} INFO - Task hostname:4f76d54186b6 operator:PythonOperator
[2025-11-13T18:35:17.670+0000] {local_task_job_runner.py:266} INFO - Task exited with return code 0
[2025-11-13T18:35:17.693+0000] {taskinstance.py:3901} INFO - 0 downstream tasks scheduled from follow-on schedule check
[2025-11-13T18:35:17.698+0000] {local_task_job_runner.py:245} INFO - ::endgroup::
