[2025-11-13T17:59:16.412+0000] {local_task_job_runner.py:123} INFO - ::group::Pre task execution logs
[2025-11-13T17:59:16.424+0000] {taskinstance.py:2614} INFO - Dependencies all met for dep_context=non-requeueable deps ti=<TaskInstance: iot_sensor_data_dag.generate_sensor_data scheduled__2025-11-13T17:59:00+00:00 [queued]>
[2025-11-13T17:59:16.430+0000] {taskinstance.py:2614} INFO - Dependencies all met for dep_context=requeueable deps ti=<TaskInstance: iot_sensor_data_dag.generate_sensor_data scheduled__2025-11-13T17:59:00+00:00 [queued]>
[2025-11-13T17:59:16.440+0000] {taskinstance.py:2867} INFO - Starting attempt 1 of 1
[2025-11-13T17:59:16.562+0000] {taskinstance.py:2890} INFO - Executing <Task(PythonOperator): generate_sensor_data> on 2025-11-13 17:59:00+00:00
[2025-11-13T17:59:16.568+0000] {warnings.py:112} WARNING - /home/***/.local/lib/python3.12/site-packages/***/task/task_runner/standard_task_runner.py:70: DeprecationWarning: This process (pid=1843) is multi-threaded, use of fork() may lead to deadlocks in the child.
  pid = os.fork()

[2025-11-13T17:59:16.570+0000] {standard_task_runner.py:72} INFO - Started process 1845 to run task
[2025-11-13T17:59:16.571+0000] {standard_task_runner.py:104} INFO - Running: ['***', 'tasks', 'run', 'iot_sensor_data_dag', 'generate_sensor_data', 'scheduled__2025-11-13T17:59:00+00:00', '--job-id', '390', '--raw', '--subdir', 'DAGS_FOLDER/DEPI.py', '--cfg-path', '/tmp/tmprswgvxns']
[2025-11-13T17:59:16.572+0000] {standard_task_runner.py:105} INFO - Job 390: Subtask generate_sensor_data
[2025-11-13T17:59:16.612+0000] {task_command.py:467} INFO - Running <TaskInstance: iot_sensor_data_dag.generate_sensor_data scheduled__2025-11-13T17:59:00+00:00 [running]> on host 4f76d54186b6
[2025-11-13T17:59:16.690+0000] {taskinstance.py:3134} INFO - Exporting env vars: AIRFLOW_CTX_DAG_OWNER='***' AIRFLOW_CTX_DAG_ID='iot_sensor_data_dag' AIRFLOW_CTX_TASK_ID='generate_sensor_data' AIRFLOW_CTX_EXECUTION_DATE='2025-11-13T17:59:00+00:00' AIRFLOW_CTX_TRY_NUMBER='1' AIRFLOW_CTX_DAG_RUN_ID='scheduled__2025-11-13T17:59:00+00:00'
[2025-11-13T17:59:16.691+0000] {logging_mixin.py:190} INFO - Task instance is in running state
[2025-11-13T17:59:16.692+0000] {logging_mixin.py:190} INFO -  Previous state of the Task instance: queued
[2025-11-13T17:59:16.693+0000] {logging_mixin.py:190} INFO - Current task name:generate_sensor_data state:running start_date:2025-11-13 17:59:16.425497+00:00
[2025-11-13T17:59:16.693+0000] {logging_mixin.py:190} INFO - Dag name:iot_sensor_data_dag and current dag run status:running
[2025-11-13T17:59:16.693+0000] {taskinstance.py:732} INFO - ::endgroup::
[2025-11-13T17:59:16.716+0000] {logging_mixin.py:190} INFO - [2025-11-13 17:59:16.704601] Inserted sensor data: {'time': datetime.datetime(2025, 11, 13, 17, 59, 16, 704601), 'temperature': 27.59940059785957, 'Dissolved_oxygen': 6.097517844535163, 'PH': 7.407056384892608, 'Ammonia': 0.010319815670112774, 'Nitrite': 0.04970077909550208, 'Turbidty': 39.97933997930587, '_id': ObjectId('69161c74c14be31016e8385a')}
[2025-11-13T17:59:16.717+0000] {python.py:218} INFO - Done. Returned value was: None
[2025-11-13T17:59:16.727+0000] {taskinstance.py:341} INFO - ::group::Post task execution logs
[2025-11-13T17:59:16.728+0000] {taskinstance.py:353} INFO - Marking task as SUCCESS. dag_id=iot_sensor_data_dag, task_id=generate_sensor_data, run_id=scheduled__2025-11-13T17:59:00+00:00, execution_date=20251113T175900, start_date=20251113T175916, end_date=20251113T175916
[2025-11-13T17:59:16.756+0000] {logging_mixin.py:190} INFO - Task instance in success state
[2025-11-13T17:59:16.757+0000] {logging_mixin.py:190} INFO -  Previous state of the Task instance: running
[2025-11-13T17:59:16.757+0000] {logging_mixin.py:190} INFO - Dag name:iot_sensor_data_dag queued_at:2025-11-13 17:59:15.258667+00:00
[2025-11-13T17:59:16.758+0000] {logging_mixin.py:190} INFO - Task hostname:4f76d54186b6 operator:PythonOperator
[2025-11-13T17:59:16.794+0000] {local_task_job_runner.py:266} INFO - Task exited with return code 0
[2025-11-13T17:59:16.816+0000] {taskinstance.py:3901} INFO - 0 downstream tasks scheduled from follow-on schedule check
[2025-11-13T17:59:16.822+0000] {local_task_job_runner.py:245} INFO - ::endgroup::
