[2025-10-27T11:18:31.339+0000] {local_task_job_runner.py:123} INFO - ::group::Pre task execution logs
[2025-10-27T11:18:31.350+0000] {taskinstance.py:2614} INFO - Dependencies all met for dep_context=non-requeueable deps ti=<TaskInstance: iot_sensor_data_dag.generate_sensor_data scheduled__2025-10-27T11:18:15+00:00 [queued]>
[2025-10-27T11:18:31.356+0000] {taskinstance.py:2614} INFO - Dependencies all met for dep_context=requeueable deps ti=<TaskInstance: iot_sensor_data_dag.generate_sensor_data scheduled__2025-10-27T11:18:15+00:00 [queued]>
[2025-10-27T11:18:31.357+0000] {taskinstance.py:2867} INFO - Starting attempt 1 of 1
[2025-10-27T11:18:31.498+0000] {taskinstance.py:2890} INFO - Executing <Task(PythonOperator): generate_sensor_data> on 2025-10-27 11:18:15+00:00
[2025-10-27T11:18:31.508+0000] {warnings.py:112} WARNING - /home/***/.local/lib/python3.12/site-packages/***/task/task_runner/standard_task_runner.py:70: DeprecationWarning: This process (pid=121) is multi-threaded, use of fork() may lead to deadlocks in the child.
  pid = os.fork()

[2025-10-27T11:18:31.511+0000] {standard_task_runner.py:72} INFO - Started process 123 to run task
[2025-10-27T11:18:31.511+0000] {standard_task_runner.py:104} INFO - Running: ['***', 'tasks', 'run', 'iot_sensor_data_dag', 'generate_sensor_data', 'scheduled__2025-10-27T11:18:15+00:00', '--job-id', '216', '--raw', '--subdir', 'DAGS_FOLDER/DEPI.py', '--cfg-path', '/tmp/tmp_w7277wq']
[2025-10-27T11:18:31.512+0000] {standard_task_runner.py:105} INFO - Job 216: Subtask generate_sensor_data
[2025-10-27T11:18:31.555+0000] {task_command.py:467} INFO - Running <TaskInstance: iot_sensor_data_dag.generate_sensor_data scheduled__2025-10-27T11:18:15+00:00 [running]> on host 4f76d54186b6
[2025-10-27T11:18:31.619+0000] {taskinstance.py:3134} INFO - Exporting env vars: AIRFLOW_CTX_DAG_OWNER='***' AIRFLOW_CTX_DAG_ID='iot_sensor_data_dag' AIRFLOW_CTX_TASK_ID='generate_sensor_data' AIRFLOW_CTX_EXECUTION_DATE='2025-10-27T11:18:15+00:00' AIRFLOW_CTX_TRY_NUMBER='1' AIRFLOW_CTX_DAG_RUN_ID='scheduled__2025-10-27T11:18:15+00:00'
[2025-10-27T11:18:31.621+0000] {logging_mixin.py:190} INFO - Task instance is in running state
[2025-10-27T11:18:31.622+0000] {logging_mixin.py:190} INFO -  Previous state of the Task instance: queued
[2025-10-27T11:18:31.623+0000] {logging_mixin.py:190} INFO - Current task name:generate_sensor_data state:running start_date:2025-10-27 11:18:31.351113+00:00
[2025-10-27T11:18:31.623+0000] {logging_mixin.py:190} INFO - Dag name:iot_sensor_data_dag and current dag run status:running
[2025-10-27T11:18:31.624+0000] {taskinstance.py:732} INFO - ::endgroup::
[2025-10-27T11:18:31.655+0000] {logging_mixin.py:190} INFO - [2025-10-27 11:18:31.638931] Inserted sensor data: {'time': datetime.datetime(2025, 10, 27, 11, 18, 31, 638931), 'temperature': 27.640345149671017, 'Dissolved_oxygen': 6.096490981805446, 'PH': 7.587799630433014, 'Ammonia': 0.009863076997494767, 'Nitrite': 0.04877211022741797, 'Turbidty': 39.35156683834191, '_id': ObjectId('68ff5507f44f6a7219fd2de6')}
[2025-10-27T11:18:31.657+0000] {python.py:218} INFO - Done. Returned value was: None
[2025-10-27T11:18:31.667+0000] {taskinstance.py:341} INFO - ::group::Post task execution logs
[2025-10-27T11:18:31.668+0000] {taskinstance.py:353} INFO - Marking task as SUCCESS. dag_id=iot_sensor_data_dag, task_id=generate_sensor_data, run_id=scheduled__2025-10-27T11:18:15+00:00, execution_date=20251027T111815, start_date=20251027T111831, end_date=20251027T111831
[2025-10-27T11:18:31.685+0000] {logging_mixin.py:190} INFO - Task instance in success state
[2025-10-27T11:18:31.685+0000] {logging_mixin.py:190} INFO -  Previous state of the Task instance: running
[2025-10-27T11:18:31.686+0000] {logging_mixin.py:190} INFO - Dag name:iot_sensor_data_dag queued_at:2025-10-27 11:18:30.172708+00:00
[2025-10-27T11:18:31.686+0000] {logging_mixin.py:190} INFO - Task hostname:4f76d54186b6 operator:PythonOperator
[2025-10-27T11:18:31.728+0000] {local_task_job_runner.py:266} INFO - Task exited with return code 0
[2025-10-27T11:18:31.754+0000] {taskinstance.py:3901} INFO - 0 downstream tasks scheduled from follow-on schedule check
[2025-10-27T11:18:31.759+0000] {local_task_job_runner.py:245} INFO - ::endgroup::
