[2025-11-13T18:24:47.149+0000] {local_task_job_runner.py:123} INFO - ::group::Pre task execution logs
[2025-11-13T18:24:47.167+0000] {taskinstance.py:2614} INFO - Dependencies all met for dep_context=non-requeueable deps ti=<TaskInstance: iot_sensor_data_dag.generate_sensor_data scheduled__2025-11-13T18:24:30+00:00 [queued]>
[2025-11-13T18:24:47.174+0000] {taskinstance.py:2614} INFO - Dependencies all met for dep_context=requeueable deps ti=<TaskInstance: iot_sensor_data_dag.generate_sensor_data scheduled__2025-11-13T18:24:30+00:00 [queued]>
[2025-11-13T18:24:47.176+0000] {taskinstance.py:2867} INFO - Starting attempt 1 of 1
[2025-11-13T18:24:47.305+0000] {taskinstance.py:2890} INFO - Executing <Task(PythonOperator): generate_sensor_data> on 2025-11-13 18:24:30+00:00
[2025-11-13T18:24:47.313+0000] {warnings.py:112} WARNING - /home/***/.local/lib/python3.12/site-packages/***/task/task_runner/standard_task_runner.py:70: DeprecationWarning: This process (pid=2912) is multi-threaded, use of fork() may lead to deadlocks in the child.
  pid = os.fork()

[2025-11-13T18:24:47.315+0000] {standard_task_runner.py:72} INFO - Started process 2914 to run task
[2025-11-13T18:24:47.315+0000] {standard_task_runner.py:104} INFO - Running: ['***', 'tasks', 'run', 'iot_sensor_data_dag', 'generate_sensor_data', 'scheduled__2025-11-13T18:24:30+00:00', '--job-id', '492', '--raw', '--subdir', 'DAGS_FOLDER/DEPI.py', '--cfg-path', '/tmp/tmpha0y8z8f']
[2025-11-13T18:24:47.316+0000] {standard_task_runner.py:105} INFO - Job 492: Subtask generate_sensor_data
[2025-11-13T18:24:47.358+0000] {task_command.py:467} INFO - Running <TaskInstance: iot_sensor_data_dag.generate_sensor_data scheduled__2025-11-13T18:24:30+00:00 [running]> on host 4f76d54186b6
[2025-11-13T18:24:47.423+0000] {taskinstance.py:3134} INFO - Exporting env vars: AIRFLOW_CTX_DAG_OWNER='***' AIRFLOW_CTX_DAG_ID='iot_sensor_data_dag' AIRFLOW_CTX_TASK_ID='generate_sensor_data' AIRFLOW_CTX_EXECUTION_DATE='2025-11-13T18:24:30+00:00' AIRFLOW_CTX_TRY_NUMBER='1' AIRFLOW_CTX_DAG_RUN_ID='scheduled__2025-11-13T18:24:30+00:00'
[2025-11-13T18:24:47.425+0000] {logging_mixin.py:190} INFO - Task instance is in running state
[2025-11-13T18:24:47.426+0000] {logging_mixin.py:190} INFO -  Previous state of the Task instance: queued
[2025-11-13T18:24:47.426+0000] {logging_mixin.py:190} INFO - Current task name:generate_sensor_data state:running start_date:2025-11-13 18:24:47.167682+00:00
[2025-11-13T18:24:47.427+0000] {logging_mixin.py:190} INFO - Dag name:iot_sensor_data_dag and current dag run status:running
[2025-11-13T18:24:47.427+0000] {taskinstance.py:732} INFO - ::endgroup::
[2025-11-13T18:24:47.464+0000] {logging_mixin.py:190} INFO - [2025-11-13 18:24:47.443170] Inserted sensor data: {'time': datetime.datetime(2025, 11, 13, 18, 24, 47, 443170), 'temperature': 27.34970752466318, 'Dissolved_oxygen': 6.037578794230874, 'PH': 7.495794037575447, 'Ammonia': 0.010673811440748117, 'Nitrite': 0.049418107379043126, 'Turbidty': 39.88780302218527, '_id': ObjectId('6916226f9d5c6f0ccb854915')}
[2025-11-13T18:24:47.467+0000] {python.py:218} INFO - Done. Returned value was: None
[2025-11-13T18:24:47.479+0000] {taskinstance.py:341} INFO - ::group::Post task execution logs
[2025-11-13T18:24:47.480+0000] {taskinstance.py:353} INFO - Marking task as SUCCESS. dag_id=iot_sensor_data_dag, task_id=generate_sensor_data, run_id=scheduled__2025-11-13T18:24:30+00:00, execution_date=20251113T182430, start_date=20251113T182447, end_date=20251113T182447
[2025-11-13T18:24:47.498+0000] {logging_mixin.py:190} INFO - Task instance in success state
[2025-11-13T18:24:47.499+0000] {logging_mixin.py:190} INFO -  Previous state of the Task instance: running
[2025-11-13T18:24:47.500+0000] {logging_mixin.py:190} INFO - Dag name:iot_sensor_data_dag queued_at:2025-11-13 18:24:45.817255+00:00
[2025-11-13T18:24:47.501+0000] {logging_mixin.py:190} INFO - Task hostname:4f76d54186b6 operator:PythonOperator
[2025-11-13T18:24:47.534+0000] {local_task_job_runner.py:266} INFO - Task exited with return code 0
[2025-11-13T18:24:47.555+0000] {taskinstance.py:3901} INFO - 0 downstream tasks scheduled from follow-on schedule check
[2025-11-13T18:24:47.559+0000] {local_task_job_runner.py:245} INFO - ::endgroup::
