[2025-11-15T12:29:32.125+0000] {local_task_job_runner.py:123} INFO - ::group::Pre task execution logs
[2025-11-15T12:29:32.139+0000] {taskinstance.py:2614} INFO - Dependencies all met for dep_context=non-requeueable deps ti=<TaskInstance: iot_sensor_data_dag.generate_sensor_data scheduled__2025-11-15T12:29:15+00:00 [queued]>
[2025-11-15T12:29:32.145+0000] {taskinstance.py:2614} INFO - Dependencies all met for dep_context=requeueable deps ti=<TaskInstance: iot_sensor_data_dag.generate_sensor_data scheduled__2025-11-15T12:29:15+00:00 [queued]>
[2025-11-15T12:29:32.146+0000] {taskinstance.py:2867} INFO - Starting attempt 1 of 1
[2025-11-15T12:29:32.159+0000] {taskinstance.py:2890} INFO - Executing <Task(PythonOperator): generate_sensor_data> on 2025-11-15 12:29:15+00:00
[2025-11-15T12:29:32.167+0000] {warnings.py:112} WARNING - /home/***/.local/lib/python3.12/site-packages/***/task/task_runner/standard_task_runner.py:70: DeprecationWarning: This process (pid=1310) is multi-threaded, use of fork() may lead to deadlocks in the child.
  pid = os.fork()

[2025-11-15T12:29:32.169+0000] {standard_task_runner.py:72} INFO - Started process 1312 to run task
[2025-11-15T12:29:32.169+0000] {standard_task_runner.py:104} INFO - Running: ['***', 'tasks', 'run', 'iot_sensor_data_dag', 'generate_sensor_data', 'scheduled__2025-11-15T12:29:15+00:00', '--job-id', '1269', '--raw', '--subdir', 'DAGS_FOLDER/DEPI.py', '--cfg-path', '/tmp/tmpd79m89xd']
[2025-11-15T12:29:32.170+0000] {standard_task_runner.py:105} INFO - Job 1269: Subtask generate_sensor_data
[2025-11-15T12:29:32.414+0000] {task_command.py:467} INFO - Running <TaskInstance: iot_sensor_data_dag.generate_sensor_data scheduled__2025-11-15T12:29:15+00:00 [running]> on host 4f76d54186b6
[2025-11-15T12:29:32.473+0000] {taskinstance.py:3134} INFO - Exporting env vars: AIRFLOW_CTX_DAG_OWNER='***' AIRFLOW_CTX_DAG_ID='iot_sensor_data_dag' AIRFLOW_CTX_TASK_ID='generate_sensor_data' AIRFLOW_CTX_EXECUTION_DATE='2025-11-15T12:29:15+00:00' AIRFLOW_CTX_TRY_NUMBER='1' AIRFLOW_CTX_DAG_RUN_ID='scheduled__2025-11-15T12:29:15+00:00'
[2025-11-15T12:29:32.474+0000] {logging_mixin.py:190} INFO - Task instance is in running state
[2025-11-15T12:29:32.475+0000] {logging_mixin.py:190} INFO -  Previous state of the Task instance: queued
[2025-11-15T12:29:32.475+0000] {logging_mixin.py:190} INFO - Current task name:generate_sensor_data state:running start_date:2025-11-15 12:29:32.140328+00:00
[2025-11-15T12:29:32.476+0000] {logging_mixin.py:190} INFO - Dag name:iot_sensor_data_dag and current dag run status:running
[2025-11-15T12:29:32.476+0000] {taskinstance.py:732} INFO - ::endgroup::
[2025-11-15T12:29:32.546+0000] {logging_mixin.py:190} INFO - [2025-11-15 12:29:32.512125] Inserted sensor data: {'time': '2025-11-15T12:29:32.512125', 'temperature': 27.40249393665875, 'Dissolved_oxygen': 6.0613632445931325, 'PH': 7.489160575052075, 'Ammonia': 0.01048888991239363, 'Nitrite': 0.050961337264969694, 'Turbidty': 39.1358510918129, '_id': '6918722cfcb51d6d6cfa9677'}
[2025-11-15T12:30:18.320+0000] {job.py:229} INFO - Heartbeat recovered after 19.92 seconds
[2025-11-15T12:30:35.973+0000] {job.py:229} INFO - Heartbeat recovered after 17.66 seconds
[2025-11-15T12:31:17.577+0000] {job.py:229} INFO - Heartbeat recovered after 41.64 seconds
[2025-11-16T19:14:19.893+0000] {local_task_job_runner.py:123} INFO - ::group::Pre task execution logs
[2025-11-16T19:14:19.915+0000] {taskinstance.py:2604} INFO - Dependencies not met for <TaskInstance: iot_sensor_data_dag.generate_sensor_data scheduled__2025-11-15T12:29:15+00:00 [failed]>, dependency 'Task Instance State' FAILED: Task is in the 'failed' state.
[2025-11-16T19:14:19.919+0000] {local_task_job_runner.py:166} INFO - Task is not able to be run
