[2025-11-13T17:18:46.753+0000] {local_task_job_runner.py:123} INFO - ::group::Pre task execution logs
[2025-11-13T17:18:46.768+0000] {taskinstance.py:2614} INFO - Dependencies all met for dep_context=non-requeueable deps ti=<TaskInstance: iot_sensor_data_dag.generate_sensor_data scheduled__2025-11-13T17:18:30+00:00 [queued]>
[2025-11-13T17:18:46.776+0000] {taskinstance.py:2614} INFO - Dependencies all met for dep_context=requeueable deps ti=<TaskInstance: iot_sensor_data_dag.generate_sensor_data scheduled__2025-11-13T17:18:30+00:00 [queued]>
[2025-11-13T17:18:46.778+0000] {taskinstance.py:2867} INFO - Starting attempt 1 of 1
[2025-11-13T17:18:46.960+0000] {taskinstance.py:2890} INFO - Executing <Task(PythonOperator): generate_sensor_data> on 2025-11-13 17:18:30+00:00
[2025-11-13T17:18:46.972+0000] {warnings.py:112} WARNING - /home/***/.local/lib/python3.12/site-packages/***/task/task_runner/standard_task_runner.py:70: DeprecationWarning: This process (pid=163) is multi-threaded, use of fork() may lead to deadlocks in the child.
  pid = os.fork()

[2025-11-13T17:18:46.975+0000] {standard_task_runner.py:72} INFO - Started process 165 to run task
[2025-11-13T17:18:46.975+0000] {standard_task_runner.py:104} INFO - Running: ['***', 'tasks', 'run', 'iot_sensor_data_dag', 'generate_sensor_data', 'scheduled__2025-11-13T17:18:30+00:00', '--job-id', '228', '--raw', '--subdir', 'DAGS_FOLDER/DEPI.py', '--cfg-path', '/tmp/tmptr6y9aml']
[2025-11-13T17:18:46.976+0000] {standard_task_runner.py:105} INFO - Job 228: Subtask generate_sensor_data
[2025-11-13T17:18:47.022+0000] {task_command.py:467} INFO - Running <TaskInstance: iot_sensor_data_dag.generate_sensor_data scheduled__2025-11-13T17:18:30+00:00 [running]> on host 4f76d54186b6
[2025-11-13T17:18:47.099+0000] {taskinstance.py:3134} INFO - Exporting env vars: AIRFLOW_CTX_DAG_OWNER='***' AIRFLOW_CTX_DAG_ID='iot_sensor_data_dag' AIRFLOW_CTX_TASK_ID='generate_sensor_data' AIRFLOW_CTX_EXECUTION_DATE='2025-11-13T17:18:30+00:00' AIRFLOW_CTX_TRY_NUMBER='1' AIRFLOW_CTX_DAG_RUN_ID='scheduled__2025-11-13T17:18:30+00:00'
[2025-11-13T17:18:47.101+0000] {logging_mixin.py:190} INFO - Task instance is in running state
[2025-11-13T17:18:47.102+0000] {logging_mixin.py:190} INFO -  Previous state of the Task instance: queued
[2025-11-13T17:18:47.103+0000] {logging_mixin.py:190} INFO - Current task name:generate_sensor_data state:running start_date:2025-11-13 17:18:46.769786+00:00
[2025-11-13T17:18:47.103+0000] {logging_mixin.py:190} INFO - Dag name:iot_sensor_data_dag and current dag run status:running
[2025-11-13T17:18:47.104+0000] {taskinstance.py:732} INFO - ::endgroup::
[2025-11-13T17:18:47.135+0000] {logging_mixin.py:190} INFO - [2025-11-13 17:18:47.119688] Inserted sensor data: {'time': datetime.datetime(2025, 11, 13, 17, 18, 47, 119688), 'temperature': 27.69857757143787, 'Dissolved_oxygen': 5.942113420888779, 'PH': 7.403560204325635, 'Ammonia': 0.009261987794374064, 'Nitrite': 0.046211353522119185, 'Turbidty': 40.97034780895849, '_id': ObjectId('691612f729cfe3c633301012')}
[2025-11-13T17:18:47.137+0000] {python.py:218} INFO - Done. Returned value was: None
[2025-11-13T17:18:47.146+0000] {taskinstance.py:341} INFO - ::group::Post task execution logs
[2025-11-13T17:18:47.147+0000] {taskinstance.py:353} INFO - Marking task as SUCCESS. dag_id=iot_sensor_data_dag, task_id=generate_sensor_data, run_id=scheduled__2025-11-13T17:18:30+00:00, execution_date=20251113T171830, start_date=20251113T171846, end_date=20251113T171847
[2025-11-13T17:18:47.168+0000] {logging_mixin.py:190} INFO - Task instance in success state
[2025-11-13T17:18:47.169+0000] {logging_mixin.py:190} INFO -  Previous state of the Task instance: running
[2025-11-13T17:18:47.170+0000] {logging_mixin.py:190} INFO - Dag name:iot_sensor_data_dag queued_at:2025-11-13 17:18:45.180721+00:00
[2025-11-13T17:18:47.171+0000] {logging_mixin.py:190} INFO - Task hostname:4f76d54186b6 operator:PythonOperator
[2025-11-13T17:18:47.203+0000] {local_task_job_runner.py:266} INFO - Task exited with return code 0
[2025-11-13T17:18:47.229+0000] {taskinstance.py:3901} INFO - 0 downstream tasks scheduled from follow-on schedule check
[2025-11-13T17:18:47.234+0000] {local_task_job_runner.py:245} INFO - ::endgroup::
