[2025-11-13T18:28:16.821+0000] {local_task_job_runner.py:123} INFO - ::group::Pre task execution logs
[2025-11-13T18:28:16.844+0000] {taskinstance.py:2614} INFO - Dependencies all met for dep_context=non-requeueable deps ti=<TaskInstance: iot_sensor_data_dag.generate_sensor_data scheduled__2025-11-13T18:28:00+00:00 [queued]>
[2025-11-13T18:28:16.856+0000] {taskinstance.py:2614} INFO - Dependencies all met for dep_context=requeueable deps ti=<TaskInstance: iot_sensor_data_dag.generate_sensor_data scheduled__2025-11-13T18:28:00+00:00 [queued]>
[2025-11-13T18:28:16.858+0000] {taskinstance.py:2867} INFO - Starting attempt 1 of 1
[2025-11-13T18:28:17.020+0000] {taskinstance.py:2890} INFO - Executing <Task(PythonOperator): generate_sensor_data> on 2025-11-13 18:28:00+00:00
[2025-11-13T18:28:17.029+0000] {warnings.py:112} WARNING - /home/***/.local/lib/python3.12/site-packages/***/task/task_runner/standard_task_runner.py:70: DeprecationWarning: This process (pid=3059) is multi-threaded, use of fork() may lead to deadlocks in the child.
  pid = os.fork()

[2025-11-13T18:28:17.032+0000] {standard_task_runner.py:72} INFO - Started process 3061 to run task
[2025-11-13T18:28:17.032+0000] {standard_task_runner.py:104} INFO - Running: ['***', 'tasks', 'run', 'iot_sensor_data_dag', 'generate_sensor_data', 'scheduled__2025-11-13T18:28:00+00:00', '--job-id', '506', '--raw', '--subdir', 'DAGS_FOLDER/DEPI.py', '--cfg-path', '/tmp/tmpvbrd9hpm']
[2025-11-13T18:28:17.034+0000] {standard_task_runner.py:105} INFO - Job 506: Subtask generate_sensor_data
[2025-11-13T18:28:17.097+0000] {task_command.py:467} INFO - Running <TaskInstance: iot_sensor_data_dag.generate_sensor_data scheduled__2025-11-13T18:28:00+00:00 [running]> on host 4f76d54186b6
[2025-11-13T18:28:17.176+0000] {taskinstance.py:3134} INFO - Exporting env vars: AIRFLOW_CTX_DAG_OWNER='***' AIRFLOW_CTX_DAG_ID='iot_sensor_data_dag' AIRFLOW_CTX_TASK_ID='generate_sensor_data' AIRFLOW_CTX_EXECUTION_DATE='2025-11-13T18:28:00+00:00' AIRFLOW_CTX_TRY_NUMBER='1' AIRFLOW_CTX_DAG_RUN_ID='scheduled__2025-11-13T18:28:00+00:00'
[2025-11-13T18:28:17.179+0000] {logging_mixin.py:190} INFO - Task instance is in running state
[2025-11-13T18:28:17.179+0000] {logging_mixin.py:190} INFO -  Previous state of the Task instance: queued
[2025-11-13T18:28:17.180+0000] {logging_mixin.py:190} INFO - Current task name:generate_sensor_data state:running start_date:2025-11-13 18:28:16.845787+00:00
[2025-11-13T18:28:17.181+0000] {logging_mixin.py:190} INFO - Dag name:iot_sensor_data_dag and current dag run status:running
[2025-11-13T18:28:17.182+0000] {taskinstance.py:732} INFO - ::endgroup::
[2025-11-13T18:28:17.223+0000] {logging_mixin.py:190} INFO - [2025-11-13 18:28:17.202441] Inserted sensor data: {'time': datetime.datetime(2025, 11, 13, 18, 28, 17, 202441), 'temperature': 27.54582292447694, 'Dissolved_oxygen': 6.060424042222289, 'PH': 7.468267802144606, 'Ammonia': 0.010158856785840205, 'Nitrite': 0.048195135434453445, 'Turbidty': 39.75195647014458, '_id': ObjectId('69162341fa142846a3823e0b')}
[2025-11-13T18:28:17.225+0000] {python.py:218} INFO - Done. Returned value was: None
[2025-11-13T18:28:17.240+0000] {taskinstance.py:341} INFO - ::group::Post task execution logs
[2025-11-13T18:28:17.240+0000] {taskinstance.py:353} INFO - Marking task as SUCCESS. dag_id=iot_sensor_data_dag, task_id=generate_sensor_data, run_id=scheduled__2025-11-13T18:28:00+00:00, execution_date=20251113T182800, start_date=20251113T182816, end_date=20251113T182817
[2025-11-13T18:28:17.266+0000] {logging_mixin.py:190} INFO - Task instance in success state
[2025-11-13T18:28:17.267+0000] {logging_mixin.py:190} INFO -  Previous state of the Task instance: running
[2025-11-13T18:28:17.268+0000] {logging_mixin.py:190} INFO - Dag name:iot_sensor_data_dag queued_at:2025-11-13 18:28:15.228548+00:00
[2025-11-13T18:28:17.269+0000] {logging_mixin.py:190} INFO - Task hostname:4f76d54186b6 operator:PythonOperator
[2025-11-13T18:28:17.293+0000] {local_task_job_runner.py:266} INFO - Task exited with return code 0
[2025-11-13T18:28:17.308+0000] {taskinstance.py:3901} INFO - 0 downstream tasks scheduled from follow-on schedule check
[2025-11-13T18:28:17.310+0000] {local_task_job_runner.py:245} INFO - ::endgroup::
