[2025-10-27T11:17:39.235+0000] {processor.py:186} INFO - Started process (PID=115) to work on /home/airflow/.local/lib/python3.12/site-packages/airflow/example_dags/example_dataset_alias_with_no_taskflow.py
[2025-10-27T11:17:39.236+0000] {processor.py:914} INFO - Processing file /home/airflow/.local/lib/python3.12/site-packages/airflow/example_dags/example_dataset_alias_with_no_taskflow.py for tasks to queue
[2025-10-27T11:17:39.238+0000] {logging_mixin.py:190} INFO - [2025-10-27T11:17:39.238+0000] {dagbag.py:588} INFO - Filling up the DagBag from /home/airflow/.local/lib/python3.12/site-packages/airflow/example_dags/example_dataset_alias_with_no_taskflow.py
[2025-10-27T11:17:39.660+0000] {processor.py:925} INFO - DAG(s) 'dataset_alias_example_alias_producer_with_no_taskflow', 'dataset_s3_bucket_consumer_with_no_taskflow', 'dataset_alias_example_alias_consumer_with_no_taskflow', 'dataset_s3_bucket_producer_with_no_taskflow' retrieved from /home/airflow/.local/lib/python3.12/site-packages/airflow/example_dags/example_dataset_alias_with_no_taskflow.py
[2025-10-27T11:17:39.675+0000] {logging_mixin.py:190} INFO - [2025-10-27T11:17:39.674+0000] {dag.py:3239} INFO - Sync 4 DAGs
[2025-10-27T11:17:39.688+0000] {logging_mixin.py:190} INFO - [2025-10-27T11:17:39.687+0000] {dag.py:4180} INFO - Setting next_dagrun for dataset_alias_example_alias_consumer_with_no_taskflow to None, run_after=None
[2025-10-27T11:17:39.690+0000] {logging_mixin.py:190} INFO - [2025-10-27T11:17:39.689+0000] {dag.py:4180} INFO - Setting next_dagrun for dataset_alias_example_alias_producer_with_no_taskflow to None, run_after=None
[2025-10-27T11:17:39.691+0000] {logging_mixin.py:190} INFO - [2025-10-27T11:17:39.691+0000] {dag.py:4180} INFO - Setting next_dagrun for dataset_s3_bucket_consumer_with_no_taskflow to None, run_after=None
[2025-10-27T11:17:39.692+0000] {logging_mixin.py:190} INFO - [2025-10-27T11:17:39.692+0000] {dag.py:4180} INFO - Setting next_dagrun for dataset_s3_bucket_producer_with_no_taskflow to None, run_after=None
[2025-10-27T11:17:39.718+0000] {processor.py:208} INFO - Processing /home/airflow/.local/lib/python3.12/site-packages/airflow/example_dags/example_dataset_alias_with_no_taskflow.py took 0.488 seconds
[2025-10-27T11:18:10.417+0000] {processor.py:186} INFO - Started process (PID=180) to work on /home/airflow/.local/lib/python3.12/site-packages/airflow/example_dags/example_dataset_alias_with_no_taskflow.py
[2025-10-27T11:18:10.418+0000] {processor.py:914} INFO - Processing file /home/airflow/.local/lib/python3.12/site-packages/airflow/example_dags/example_dataset_alias_with_no_taskflow.py for tasks to queue
[2025-10-27T11:18:10.420+0000] {logging_mixin.py:190} INFO - [2025-10-27T11:18:10.420+0000] {dagbag.py:588} INFO - Filling up the DagBag from /home/airflow/.local/lib/python3.12/site-packages/airflow/example_dags/example_dataset_alias_with_no_taskflow.py
[2025-10-27T11:18:10.849+0000] {processor.py:925} INFO - DAG(s) 'dataset_alias_example_alias_consumer_with_no_taskflow', 'dataset_s3_bucket_producer_with_no_taskflow', 'dataset_alias_example_alias_producer_with_no_taskflow', 'dataset_s3_bucket_consumer_with_no_taskflow' retrieved from /home/airflow/.local/lib/python3.12/site-packages/airflow/example_dags/example_dataset_alias_with_no_taskflow.py
[2025-10-27T11:18:10.865+0000] {logging_mixin.py:190} INFO - [2025-10-27T11:18:10.865+0000] {dag.py:3239} INFO - Sync 4 DAGs
[2025-10-27T11:18:10.879+0000] {logging_mixin.py:190} INFO - [2025-10-27T11:18:10.879+0000] {dag.py:4180} INFO - Setting next_dagrun for dataset_alias_example_alias_consumer_with_no_taskflow to None, run_after=None
[2025-10-27T11:18:10.885+0000] {logging_mixin.py:190} INFO - [2025-10-27T11:18:10.885+0000] {dag.py:4180} INFO - Setting next_dagrun for dataset_alias_example_alias_producer_with_no_taskflow to None, run_after=None
[2025-10-27T11:18:10.887+0000] {logging_mixin.py:190} INFO - [2025-10-27T11:18:10.886+0000] {dag.py:4180} INFO - Setting next_dagrun for dataset_s3_bucket_consumer_with_no_taskflow to None, run_after=None
[2025-10-27T11:18:10.889+0000] {logging_mixin.py:190} INFO - [2025-10-27T11:18:10.889+0000] {dag.py:4180} INFO - Setting next_dagrun for dataset_s3_bucket_producer_with_no_taskflow to None, run_after=None
[2025-10-27T11:18:10.906+0000] {processor.py:208} INFO - Processing /home/airflow/.local/lib/python3.12/site-packages/airflow/example_dags/example_dataset_alias_with_no_taskflow.py took 0.493 seconds
