[2025-10-27T11:17:36.765+0000] {processor.py:186} INFO - Started process (PID=88) to work on /home/airflow/.local/lib/python3.12/site-packages/airflow/example_dags/example_outlet_event_extra.py
[2025-10-27T11:17:36.766+0000] {processor.py:914} INFO - Processing file /home/airflow/.local/lib/python3.12/site-packages/airflow/example_dags/example_outlet_event_extra.py for tasks to queue
[2025-10-27T11:17:36.768+0000] {logging_mixin.py:190} INFO - [2025-10-27T11:17:36.768+0000] {dagbag.py:588} INFO - Filling up the DagBag from /home/airflow/.local/lib/python3.12/site-packages/airflow/example_dags/example_outlet_event_extra.py
[2025-10-27T11:17:37.173+0000] {processor.py:925} INFO - DAG(s) 'dataset_with_extra_by_yield', 'dataset_with_extra_from_classic_operator', 'dataset_with_extra_by_context' retrieved from /home/airflow/.local/lib/python3.12/site-packages/airflow/example_dags/example_outlet_event_extra.py
[2025-10-27T11:17:37.192+0000] {logging_mixin.py:190} INFO - [2025-10-27T11:17:37.192+0000] {dag.py:3239} INFO - Sync 3 DAGs
[2025-10-27T11:17:37.209+0000] {logging_mixin.py:190} INFO - [2025-10-27T11:17:37.209+0000] {dag.py:4180} INFO - Setting next_dagrun for dataset_with_extra_by_context to 2025-10-26 00:00:00+00:00, run_after=2025-10-27 00:00:00+00:00
[2025-10-27T11:17:37.213+0000] {logging_mixin.py:190} INFO - [2025-10-27T11:17:37.212+0000] {dag.py:4180} INFO - Setting next_dagrun for dataset_with_extra_by_yield to 2025-10-26 00:00:00+00:00, run_after=2025-10-27 00:00:00+00:00
[2025-10-27T11:17:37.215+0000] {logging_mixin.py:190} INFO - [2025-10-27T11:17:37.214+0000] {dag.py:4180} INFO - Setting next_dagrun for dataset_with_extra_from_classic_operator to 2025-10-26 00:00:00+00:00, run_after=2025-10-27 00:00:00+00:00
[2025-10-27T11:17:37.231+0000] {processor.py:208} INFO - Processing /home/airflow/.local/lib/python3.12/site-packages/airflow/example_dags/example_outlet_event_extra.py took 0.470 seconds
[2025-10-27T11:18:07.478+0000] {processor.py:186} INFO - Started process (PID=153) to work on /home/airflow/.local/lib/python3.12/site-packages/airflow/example_dags/example_outlet_event_extra.py
[2025-10-27T11:18:07.479+0000] {processor.py:914} INFO - Processing file /home/airflow/.local/lib/python3.12/site-packages/airflow/example_dags/example_outlet_event_extra.py for tasks to queue
[2025-10-27T11:18:07.481+0000] {logging_mixin.py:190} INFO - [2025-10-27T11:18:07.481+0000] {dagbag.py:588} INFO - Filling up the DagBag from /home/airflow/.local/lib/python3.12/site-packages/airflow/example_dags/example_outlet_event_extra.py
[2025-10-27T11:18:07.904+0000] {processor.py:925} INFO - DAG(s) 'dataset_with_extra_by_context', 'dataset_with_extra_from_classic_operator', 'dataset_with_extra_by_yield' retrieved from /home/airflow/.local/lib/python3.12/site-packages/airflow/example_dags/example_outlet_event_extra.py
[2025-10-27T11:18:07.923+0000] {logging_mixin.py:190} INFO - [2025-10-27T11:18:07.923+0000] {dag.py:3239} INFO - Sync 3 DAGs
[2025-10-27T11:18:07.938+0000] {logging_mixin.py:190} INFO - [2025-10-27T11:18:07.938+0000] {dag.py:4180} INFO - Setting next_dagrun for dataset_with_extra_by_context to 2025-10-26 00:00:00+00:00, run_after=2025-10-27 00:00:00+00:00
[2025-10-27T11:18:07.941+0000] {logging_mixin.py:190} INFO - [2025-10-27T11:18:07.941+0000] {dag.py:4180} INFO - Setting next_dagrun for dataset_with_extra_by_yield to 2025-10-26 00:00:00+00:00, run_after=2025-10-27 00:00:00+00:00
[2025-10-27T11:18:07.944+0000] {logging_mixin.py:190} INFO - [2025-10-27T11:18:07.943+0000] {dag.py:4180} INFO - Setting next_dagrun for dataset_with_extra_from_classic_operator to 2025-10-26 00:00:00+00:00, run_after=2025-10-27 00:00:00+00:00
[2025-10-27T11:18:07.991+0000] {processor.py:208} INFO - Processing /home/airflow/.local/lib/python3.12/site-packages/airflow/example_dags/example_outlet_event_extra.py took 0.517 seconds
[2025-10-27T11:18:38.054+0000] {processor.py:186} INFO - Started process (PID=218) to work on /home/airflow/.local/lib/python3.12/site-packages/airflow/example_dags/example_outlet_event_extra.py
[2025-10-27T11:18:38.055+0000] {processor.py:914} INFO - Processing file /home/airflow/.local/lib/python3.12/site-packages/airflow/example_dags/example_outlet_event_extra.py for tasks to queue
[2025-10-27T11:18:38.057+0000] {logging_mixin.py:190} INFO - [2025-10-27T11:18:38.056+0000] {dagbag.py:588} INFO - Filling up the DagBag from /home/airflow/.local/lib/python3.12/site-packages/airflow/example_dags/example_outlet_event_extra.py
[2025-10-27T11:18:38.436+0000] {processor.py:925} INFO - DAG(s) 'dataset_with_extra_by_context', 'dataset_with_extra_by_yield', 'dataset_with_extra_from_classic_operator' retrieved from /home/airflow/.local/lib/python3.12/site-packages/airflow/example_dags/example_outlet_event_extra.py
[2025-10-27T11:18:38.452+0000] {logging_mixin.py:190} INFO - [2025-10-27T11:18:38.452+0000] {dag.py:3239} INFO - Sync 3 DAGs
[2025-10-27T11:18:38.468+0000] {logging_mixin.py:190} INFO - [2025-10-27T11:18:38.468+0000] {dag.py:4180} INFO - Setting next_dagrun for dataset_with_extra_by_context to 2025-10-26 00:00:00+00:00, run_after=2025-10-27 00:00:00+00:00
[2025-10-27T11:18:38.472+0000] {logging_mixin.py:190} INFO - [2025-10-27T11:18:38.472+0000] {dag.py:4180} INFO - Setting next_dagrun for dataset_with_extra_by_yield to 2025-10-26 00:00:00+00:00, run_after=2025-10-27 00:00:00+00:00
[2025-10-27T11:18:38.475+0000] {logging_mixin.py:190} INFO - [2025-10-27T11:18:38.474+0000] {dag.py:4180} INFO - Setting next_dagrun for dataset_with_extra_from_classic_operator to 2025-10-26 00:00:00+00:00, run_after=2025-10-27 00:00:00+00:00
[2025-10-27T11:18:38.488+0000] {processor.py:208} INFO - Processing /home/airflow/.local/lib/python3.12/site-packages/airflow/example_dags/example_outlet_event_extra.py took 0.438 seconds
