[2025-10-27T11:17:37.915+0000] {processor.py:186} INFO - Started process (PID=98) to work on /home/airflow/.local/lib/python3.12/site-packages/airflow/example_dags/example_latest_only_with_trigger.py
[2025-10-27T11:17:37.916+0000] {processor.py:914} INFO - Processing file /home/airflow/.local/lib/python3.12/site-packages/airflow/example_dags/example_latest_only_with_trigger.py for tasks to queue
[2025-10-27T11:17:37.918+0000] {logging_mixin.py:190} INFO - [2025-10-27T11:17:37.918+0000] {dagbag.py:588} INFO - Filling up the DagBag from /home/airflow/.local/lib/python3.12/site-packages/airflow/example_dags/example_latest_only_with_trigger.py
[2025-10-27T11:17:37.925+0000] {processor.py:925} INFO - DAG(s) 'latest_only_with_trigger' retrieved from /home/airflow/.local/lib/python3.12/site-packages/airflow/example_dags/example_latest_only_with_trigger.py
[2025-10-27T11:17:37.943+0000] {logging_mixin.py:190} INFO - [2025-10-27T11:17:37.942+0000] {dag.py:3239} INFO - Sync 1 DAGs
[2025-10-27T11:17:37.982+0000] {logging_mixin.py:190} INFO - [2025-10-27T11:17:37.982+0000] {dag.py:4180} INFO - Setting next_dagrun for latest_only_with_trigger to 2025-10-27 04:00:00+00:00, run_after=2025-10-27 08:00:00+00:00
[2025-10-27T11:17:37.997+0000] {processor.py:208} INFO - Processing /home/airflow/.local/lib/python3.12/site-packages/airflow/example_dags/example_latest_only_with_trigger.py took 0.087 seconds
[2025-10-27T11:18:09.094+0000] {processor.py:186} INFO - Started process (PID=163) to work on /home/airflow/.local/lib/python3.12/site-packages/airflow/example_dags/example_latest_only_with_trigger.py
[2025-10-27T11:18:09.098+0000] {processor.py:914} INFO - Processing file /home/airflow/.local/lib/python3.12/site-packages/airflow/example_dags/example_latest_only_with_trigger.py for tasks to queue
[2025-10-27T11:18:09.103+0000] {logging_mixin.py:190} INFO - [2025-10-27T11:18:09.102+0000] {dagbag.py:588} INFO - Filling up the DagBag from /home/airflow/.local/lib/python3.12/site-packages/airflow/example_dags/example_latest_only_with_trigger.py
[2025-10-27T11:18:09.109+0000] {processor.py:925} INFO - DAG(s) 'latest_only_with_trigger' retrieved from /home/airflow/.local/lib/python3.12/site-packages/airflow/example_dags/example_latest_only_with_trigger.py
[2025-10-27T11:18:09.128+0000] {logging_mixin.py:190} INFO - [2025-10-27T11:18:09.128+0000] {dag.py:3239} INFO - Sync 1 DAGs
[2025-10-27T11:18:09.146+0000] {logging_mixin.py:190} INFO - [2025-10-27T11:18:09.146+0000] {dag.py:4180} INFO - Setting next_dagrun for latest_only_with_trigger to 2025-10-27 04:00:00+00:00, run_after=2025-10-27 08:00:00+00:00
[2025-10-27T11:18:09.163+0000] {processor.py:208} INFO - Processing /home/airflow/.local/lib/python3.12/site-packages/airflow/example_dags/example_latest_only_with_trigger.py took 0.074 seconds
[2025-10-27T11:18:40.182+0000] {processor.py:186} INFO - Started process (PID=228) to work on /home/airflow/.local/lib/python3.12/site-packages/airflow/example_dags/example_latest_only_with_trigger.py
[2025-10-27T11:18:40.184+0000] {processor.py:914} INFO - Processing file /home/airflow/.local/lib/python3.12/site-packages/airflow/example_dags/example_latest_only_with_trigger.py for tasks to queue
[2025-10-27T11:18:40.188+0000] {logging_mixin.py:190} INFO - [2025-10-27T11:18:40.187+0000] {dagbag.py:588} INFO - Filling up the DagBag from /home/airflow/.local/lib/python3.12/site-packages/airflow/example_dags/example_latest_only_with_trigger.py
[2025-10-27T11:18:40.196+0000] {processor.py:925} INFO - DAG(s) 'latest_only_with_trigger' retrieved from /home/airflow/.local/lib/python3.12/site-packages/airflow/example_dags/example_latest_only_with_trigger.py
[2025-10-27T11:18:40.224+0000] {logging_mixin.py:190} INFO - [2025-10-27T11:18:40.224+0000] {dag.py:3239} INFO - Sync 1 DAGs
[2025-10-27T11:18:40.247+0000] {logging_mixin.py:190} INFO - [2025-10-27T11:18:40.247+0000] {dag.py:4180} INFO - Setting next_dagrun for latest_only_with_trigger to 2025-10-27 04:00:00+00:00, run_after=2025-10-27 08:00:00+00:00
[2025-10-27T11:18:40.269+0000] {processor.py:208} INFO - Processing /home/airflow/.local/lib/python3.12/site-packages/airflow/example_dags/example_latest_only_with_trigger.py took 0.093 seconds
