[2025-10-27T11:17:35.735+0000] {processor.py:186} INFO - Started process (PID=66) to work on /home/airflow/.local/lib/python3.12/site-packages/airflow/example_dags/example_branch_operator.py
[2025-10-27T11:17:35.736+0000] {processor.py:914} INFO - Processing file /home/airflow/.local/lib/python3.12/site-packages/airflow/example_dags/example_branch_operator.py for tasks to queue
[2025-10-27T11:17:35.738+0000] {logging_mixin.py:190} INFO - [2025-10-27T11:17:35.738+0000] {dagbag.py:588} INFO - Filling up the DagBag from /home/airflow/.local/lib/python3.12/site-packages/airflow/example_dags/example_branch_operator.py
[2025-10-27T11:17:35.756+0000] {processor.py:925} INFO - DAG(s) 'example_branch_operator' retrieved from /home/airflow/.local/lib/python3.12/site-packages/airflow/example_dags/example_branch_operator.py
[2025-10-27T11:17:35.830+0000] {logging_mixin.py:190} INFO - [2025-10-27T11:17:35.830+0000] {dag.py:3239} INFO - Sync 1 DAGs
[2025-10-27T11:17:35.846+0000] {logging_mixin.py:190} INFO - [2025-10-27T11:17:35.845+0000] {dag.py:4180} INFO - Setting next_dagrun for example_branch_operator to 2025-10-26 00:00:00+00:00, run_after=2025-10-27 00:00:00+00:00
[2025-10-27T11:17:35.863+0000] {processor.py:208} INFO - Processing /home/airflow/.local/lib/python3.12/site-packages/airflow/example_dags/example_branch_operator.py took 0.132 seconds
[2025-10-27T11:18:06.159+0000] {processor.py:186} INFO - Started process (PID=131) to work on /home/airflow/.local/lib/python3.12/site-packages/airflow/example_dags/example_branch_operator.py
[2025-10-27T11:18:06.160+0000] {processor.py:914} INFO - Processing file /home/airflow/.local/lib/python3.12/site-packages/airflow/example_dags/example_branch_operator.py for tasks to queue
[2025-10-27T11:18:06.163+0000] {logging_mixin.py:190} INFO - [2025-10-27T11:18:06.163+0000] {dagbag.py:588} INFO - Filling up the DagBag from /home/airflow/.local/lib/python3.12/site-packages/airflow/example_dags/example_branch_operator.py
[2025-10-27T11:18:06.179+0000] {processor.py:925} INFO - DAG(s) 'example_branch_operator' retrieved from /home/airflow/.local/lib/python3.12/site-packages/airflow/example_dags/example_branch_operator.py
[2025-10-27T11:18:06.200+0000] {logging_mixin.py:190} INFO - [2025-10-27T11:18:06.200+0000] {dag.py:3239} INFO - Sync 1 DAGs
[2025-10-27T11:18:06.218+0000] {logging_mixin.py:190} INFO - [2025-10-27T11:18:06.218+0000] {dag.py:4180} INFO - Setting next_dagrun for example_branch_operator to 2025-10-26 00:00:00+00:00, run_after=2025-10-27 00:00:00+00:00
[2025-10-27T11:18:06.234+0000] {processor.py:208} INFO - Processing /home/airflow/.local/lib/python3.12/site-packages/airflow/example_dags/example_branch_operator.py took 0.080 seconds
[2025-10-27T11:18:37.178+0000] {processor.py:186} INFO - Started process (PID=202) to work on /home/airflow/.local/lib/python3.12/site-packages/airflow/example_dags/example_branch_operator.py
[2025-10-27T11:18:37.179+0000] {processor.py:914} INFO - Processing file /home/airflow/.local/lib/python3.12/site-packages/airflow/example_dags/example_branch_operator.py for tasks to queue
[2025-10-27T11:18:37.181+0000] {logging_mixin.py:190} INFO - [2025-10-27T11:18:37.181+0000] {dagbag.py:588} INFO - Filling up the DagBag from /home/airflow/.local/lib/python3.12/site-packages/airflow/example_dags/example_branch_operator.py
[2025-10-27T11:18:37.193+0000] {processor.py:925} INFO - DAG(s) 'example_branch_operator' retrieved from /home/airflow/.local/lib/python3.12/site-packages/airflow/example_dags/example_branch_operator.py
[2025-10-27T11:18:37.211+0000] {logging_mixin.py:190} INFO - [2025-10-27T11:18:37.211+0000] {dag.py:3239} INFO - Sync 1 DAGs
[2025-10-27T11:18:37.226+0000] {logging_mixin.py:190} INFO - [2025-10-27T11:18:37.226+0000] {dag.py:4180} INFO - Setting next_dagrun for example_branch_operator to 2025-10-26 00:00:00+00:00, run_after=2025-10-27 00:00:00+00:00
[2025-10-27T11:18:37.239+0000] {processor.py:208} INFO - Processing /home/airflow/.local/lib/python3.12/site-packages/airflow/example_dags/example_branch_operator.py took 0.064 seconds
