[2025-10-27T11:17:36.632+0000] {processor.py:186} INFO - Started process (PID=87) to work on /home/airflow/.local/lib/python3.12/site-packages/airflow/example_dags/example_complex.py
[2025-10-27T11:17:36.634+0000] {processor.py:914} INFO - Processing file /home/airflow/.local/lib/python3.12/site-packages/airflow/example_dags/example_complex.py for tasks to queue
[2025-10-27T11:17:36.636+0000] {logging_mixin.py:190} INFO - [2025-10-27T11:17:36.636+0000] {dagbag.py:588} INFO - Filling up the DagBag from /home/airflow/.local/lib/python3.12/site-packages/airflow/example_dags/example_complex.py
[2025-10-27T11:17:36.646+0000] {processor.py:925} INFO - DAG(s) 'example_complex' retrieved from /home/airflow/.local/lib/python3.12/site-packages/airflow/example_dags/example_complex.py
[2025-10-27T11:17:36.674+0000] {logging_mixin.py:190} INFO - [2025-10-27T11:17:36.674+0000] {dag.py:3239} INFO - Sync 1 DAGs
[2025-10-27T11:17:36.688+0000] {logging_mixin.py:190} INFO - [2025-10-27T11:17:36.688+0000] {dag.py:4180} INFO - Setting next_dagrun for example_complex to None, run_after=None
[2025-10-27T11:17:36.709+0000] {processor.py:208} INFO - Processing /home/airflow/.local/lib/python3.12/site-packages/airflow/example_dags/example_complex.py took 0.081 seconds
[2025-10-27T11:18:07.315+0000] {processor.py:186} INFO - Started process (PID=152) to work on /home/airflow/.local/lib/python3.12/site-packages/airflow/example_dags/example_complex.py
[2025-10-27T11:18:07.316+0000] {processor.py:914} INFO - Processing file /home/airflow/.local/lib/python3.12/site-packages/airflow/example_dags/example_complex.py for tasks to queue
[2025-10-27T11:18:07.318+0000] {logging_mixin.py:190} INFO - [2025-10-27T11:18:07.318+0000] {dagbag.py:588} INFO - Filling up the DagBag from /home/airflow/.local/lib/python3.12/site-packages/airflow/example_dags/example_complex.py
[2025-10-27T11:18:07.330+0000] {processor.py:925} INFO - DAG(s) 'example_complex' retrieved from /home/airflow/.local/lib/python3.12/site-packages/airflow/example_dags/example_complex.py
[2025-10-27T11:18:07.351+0000] {logging_mixin.py:190} INFO - [2025-10-27T11:18:07.351+0000] {dag.py:3239} INFO - Sync 1 DAGs
[2025-10-27T11:18:07.361+0000] {logging_mixin.py:190} INFO - [2025-10-27T11:18:07.361+0000] {dag.py:4180} INFO - Setting next_dagrun for example_complex to None, run_after=None
[2025-10-27T11:18:07.411+0000] {processor.py:208} INFO - Processing /home/airflow/.local/lib/python3.12/site-packages/airflow/example_dags/example_complex.py took 0.100 seconds
[2025-10-27T11:18:38.031+0000] {processor.py:186} INFO - Started process (PID=217) to work on /home/airflow/.local/lib/python3.12/site-packages/airflow/example_dags/example_complex.py
[2025-10-27T11:18:38.032+0000] {processor.py:914} INFO - Processing file /home/airflow/.local/lib/python3.12/site-packages/airflow/example_dags/example_complex.py for tasks to queue
[2025-10-27T11:18:38.035+0000] {logging_mixin.py:190} INFO - [2025-10-27T11:18:38.035+0000] {dagbag.py:588} INFO - Filling up the DagBag from /home/airflow/.local/lib/python3.12/site-packages/airflow/example_dags/example_complex.py
[2025-10-27T11:18:38.044+0000] {processor.py:925} INFO - DAG(s) 'example_complex' retrieved from /home/airflow/.local/lib/python3.12/site-packages/airflow/example_dags/example_complex.py
[2025-10-27T11:18:38.063+0000] {logging_mixin.py:190} INFO - [2025-10-27T11:18:38.063+0000] {dag.py:3239} INFO - Sync 1 DAGs
[2025-10-27T11:18:38.074+0000] {logging_mixin.py:190} INFO - [2025-10-27T11:18:38.074+0000] {dag.py:4180} INFO - Setting next_dagrun for example_complex to None, run_after=None
[2025-10-27T11:18:38.088+0000] {processor.py:208} INFO - Processing /home/airflow/.local/lib/python3.12/site-packages/airflow/example_dags/example_complex.py took 0.061 seconds
