[2025-10-27T11:17:35.962+0000] {processor.py:186} INFO - Started process (PID=70) to work on /home/airflow/.local/lib/python3.12/site-packages/airflow/example_dags/example_branch_python_dop_operator_3.py
[2025-10-27T11:17:35.964+0000] {processor.py:914} INFO - Processing file /home/airflow/.local/lib/python3.12/site-packages/airflow/example_dags/example_branch_python_dop_operator_3.py for tasks to queue
[2025-10-27T11:17:35.965+0000] {logging_mixin.py:190} INFO - [2025-10-27T11:17:35.965+0000] {dagbag.py:588} INFO - Filling up the DagBag from /home/airflow/.local/lib/python3.12/site-packages/airflow/example_dags/example_branch_python_dop_operator_3.py
[2025-10-27T11:17:35.977+0000] {processor.py:925} INFO - DAG(s) 'example_branch_dop_operator_v3' retrieved from /home/airflow/.local/lib/python3.12/site-packages/airflow/example_dags/example_branch_python_dop_operator_3.py
[2025-10-27T11:17:35.994+0000] {logging_mixin.py:190} INFO - [2025-10-27T11:17:35.994+0000] {dag.py:3239} INFO - Sync 1 DAGs
[2025-10-27T11:17:36.011+0000] {logging_mixin.py:190} INFO - [2025-10-27T11:17:36.011+0000] {dag.py:4180} INFO - Setting next_dagrun for example_branch_dop_operator_v3 to 2025-10-27 11:16:00+00:00, run_after=2025-10-27 11:17:00+00:00
[2025-10-27T11:17:36.026+0000] {processor.py:208} INFO - Processing /home/airflow/.local/lib/python3.12/site-packages/airflow/example_dags/example_branch_python_dop_operator_3.py took 0.067 seconds
[2025-10-27T11:18:06.447+0000] {processor.py:186} INFO - Started process (PID=135) to work on /home/airflow/.local/lib/python3.12/site-packages/airflow/example_dags/example_branch_python_dop_operator_3.py
[2025-10-27T11:18:06.448+0000] {processor.py:914} INFO - Processing file /home/airflow/.local/lib/python3.12/site-packages/airflow/example_dags/example_branch_python_dop_operator_3.py for tasks to queue
[2025-10-27T11:18:06.450+0000] {logging_mixin.py:190} INFO - [2025-10-27T11:18:06.449+0000] {dagbag.py:588} INFO - Filling up the DagBag from /home/airflow/.local/lib/python3.12/site-packages/airflow/example_dags/example_branch_python_dop_operator_3.py
[2025-10-27T11:18:06.458+0000] {processor.py:925} INFO - DAG(s) 'example_branch_dop_operator_v3' retrieved from /home/airflow/.local/lib/python3.12/site-packages/airflow/example_dags/example_branch_python_dop_operator_3.py
[2025-10-27T11:18:06.471+0000] {logging_mixin.py:190} INFO - [2025-10-27T11:18:06.471+0000] {dag.py:3239} INFO - Sync 1 DAGs
[2025-10-27T11:18:06.487+0000] {logging_mixin.py:190} INFO - [2025-10-27T11:18:06.487+0000] {dag.py:4180} INFO - Setting next_dagrun for example_branch_dop_operator_v3 to 2025-10-27 11:17:00+00:00, run_after=2025-10-27 11:18:00+00:00
[2025-10-27T11:18:06.502+0000] {processor.py:208} INFO - Processing /home/airflow/.local/lib/python3.12/site-packages/airflow/example_dags/example_branch_python_dop_operator_3.py took 0.059 seconds
[2025-10-27T11:18:37.469+0000] {processor.py:186} INFO - Started process (PID=206) to work on /home/airflow/.local/lib/python3.12/site-packages/airflow/example_dags/example_branch_python_dop_operator_3.py
[2025-10-27T11:18:37.470+0000] {processor.py:914} INFO - Processing file /home/airflow/.local/lib/python3.12/site-packages/airflow/example_dags/example_branch_python_dop_operator_3.py for tasks to queue
[2025-10-27T11:18:37.472+0000] {logging_mixin.py:190} INFO - [2025-10-27T11:18:37.472+0000] {dagbag.py:588} INFO - Filling up the DagBag from /home/airflow/.local/lib/python3.12/site-packages/airflow/example_dags/example_branch_python_dop_operator_3.py
[2025-10-27T11:18:37.481+0000] {processor.py:925} INFO - DAG(s) 'example_branch_dop_operator_v3' retrieved from /home/airflow/.local/lib/python3.12/site-packages/airflow/example_dags/example_branch_python_dop_operator_3.py
[2025-10-27T11:18:37.499+0000] {logging_mixin.py:190} INFO - [2025-10-27T11:18:37.499+0000] {dag.py:3239} INFO - Sync 1 DAGs
[2025-10-27T11:18:37.520+0000] {logging_mixin.py:190} INFO - [2025-10-27T11:18:37.520+0000] {dag.py:4180} INFO - Setting next_dagrun for example_branch_dop_operator_v3 to 2025-10-27 11:17:00+00:00, run_after=2025-10-27 11:18:00+00:00
[2025-10-27T11:18:37.557+0000] {processor.py:208} INFO - Processing /home/airflow/.local/lib/python3.12/site-packages/airflow/example_dags/example_branch_python_dop_operator_3.py took 0.093 seconds
