[2025-10-27T11:17:38.094+0000] {processor.py:186} INFO - Started process (PID=101) to work on /home/airflow/.local/lib/python3.12/site-packages/airflow/example_dags/example_inlet_event_extra.py
[2025-10-27T11:17:38.095+0000] {processor.py:914} INFO - Processing file /home/airflow/.local/lib/python3.12/site-packages/airflow/example_dags/example_inlet_event_extra.py for tasks to queue
[2025-10-27T11:17:38.098+0000] {logging_mixin.py:190} INFO - [2025-10-27T11:17:38.098+0000] {dagbag.py:588} INFO - Filling up the DagBag from /home/airflow/.local/lib/python3.12/site-packages/airflow/example_dags/example_inlet_event_extra.py
[2025-10-27T11:17:38.569+0000] {processor.py:925} INFO - DAG(s) 'read_dataset_event_from_classic', 'read_dataset_event' retrieved from /home/airflow/.local/lib/python3.12/site-packages/airflow/example_dags/example_inlet_event_extra.py
[2025-10-27T11:17:38.589+0000] {logging_mixin.py:190} INFO - [2025-10-27T11:17:38.589+0000] {dag.py:3239} INFO - Sync 2 DAGs
[2025-10-27T11:17:38.609+0000] {logging_mixin.py:190} INFO - [2025-10-27T11:17:38.608+0000] {dag.py:4180} INFO - Setting next_dagrun for read_dataset_event to 2025-10-26 00:00:00+00:00, run_after=2025-10-27 00:00:00+00:00
[2025-10-27T11:17:38.614+0000] {logging_mixin.py:190} INFO - [2025-10-27T11:17:38.614+0000] {dag.py:4180} INFO - Setting next_dagrun for read_dataset_event_from_classic to 2025-10-26 00:00:00+00:00, run_after=2025-10-27 00:00:00+00:00
[2025-10-27T11:17:38.630+0000] {processor.py:208} INFO - Processing /home/airflow/.local/lib/python3.12/site-packages/airflow/example_dags/example_inlet_event_extra.py took 0.540 seconds
[2025-10-27T11:18:09.478+0000] {processor.py:186} INFO - Started process (PID=166) to work on /home/airflow/.local/lib/python3.12/site-packages/airflow/example_dags/example_inlet_event_extra.py
[2025-10-27T11:18:09.481+0000] {processor.py:914} INFO - Processing file /home/airflow/.local/lib/python3.12/site-packages/airflow/example_dags/example_inlet_event_extra.py for tasks to queue
[2025-10-27T11:18:09.488+0000] {logging_mixin.py:190} INFO - [2025-10-27T11:18:09.487+0000] {dagbag.py:588} INFO - Filling up the DagBag from /home/airflow/.local/lib/python3.12/site-packages/airflow/example_dags/example_inlet_event_extra.py
[2025-10-27T11:18:09.915+0000] {processor.py:925} INFO - DAG(s) 'read_dataset_event', 'read_dataset_event_from_classic' retrieved from /home/airflow/.local/lib/python3.12/site-packages/airflow/example_dags/example_inlet_event_extra.py
[2025-10-27T11:18:09.932+0000] {logging_mixin.py:190} INFO - [2025-10-27T11:18:09.932+0000] {dag.py:3239} INFO - Sync 2 DAGs
[2025-10-27T11:18:09.950+0000] {logging_mixin.py:190} INFO - [2025-10-27T11:18:09.949+0000] {dag.py:4180} INFO - Setting next_dagrun for read_dataset_event to 2025-10-26 00:00:00+00:00, run_after=2025-10-27 00:00:00+00:00
[2025-10-27T11:18:09.953+0000] {logging_mixin.py:190} INFO - [2025-10-27T11:18:09.953+0000] {dag.py:4180} INFO - Setting next_dagrun for read_dataset_event_from_classic to 2025-10-26 00:00:00+00:00, run_after=2025-10-27 00:00:00+00:00
[2025-10-27T11:18:09.964+0000] {processor.py:208} INFO - Processing /home/airflow/.local/lib/python3.12/site-packages/airflow/example_dags/example_inlet_event_extra.py took 0.495 seconds
[2025-10-27T11:18:40.361+0000] {processor.py:186} INFO - Started process (PID=231) to work on /home/airflow/.local/lib/python3.12/site-packages/airflow/example_dags/example_inlet_event_extra.py
[2025-10-27T11:18:40.363+0000] {processor.py:914} INFO - Processing file /home/airflow/.local/lib/python3.12/site-packages/airflow/example_dags/example_inlet_event_extra.py for tasks to queue
[2025-10-27T11:18:40.366+0000] {logging_mixin.py:190} INFO - [2025-10-27T11:18:40.365+0000] {dagbag.py:588} INFO - Filling up the DagBag from /home/airflow/.local/lib/python3.12/site-packages/airflow/example_dags/example_inlet_event_extra.py
[2025-10-27T11:18:41.296+0000] {logging_mixin.py:190} INFO - [2025-10-27T11:18:41.296+0000] {process_utils.py:266} INFO - Waiting up to 5 seconds for processes to exit...
