[2025-10-27T11:17:37.724+0000] {processor.py:186} INFO - Started process (PID=95) to work on /home/airflow/.local/lib/python3.12/site-packages/airflow/example_dags/example_bash_operator.py
[2025-10-27T11:17:37.725+0000] {processor.py:914} INFO - Processing file /home/airflow/.local/lib/python3.12/site-packages/airflow/example_dags/example_bash_operator.py for tasks to queue
[2025-10-27T11:17:37.726+0000] {logging_mixin.py:190} INFO - [2025-10-27T11:17:37.726+0000] {dagbag.py:588} INFO - Filling up the DagBag from /home/airflow/.local/lib/python3.12/site-packages/airflow/example_dags/example_bash_operator.py
[2025-10-27T11:17:37.736+0000] {processor.py:925} INFO - DAG(s) 'example_bash_operator' retrieved from /home/airflow/.local/lib/python3.12/site-packages/airflow/example_dags/example_bash_operator.py
[2025-10-27T11:17:37.758+0000] {logging_mixin.py:190} INFO - [2025-10-27T11:17:37.758+0000] {dag.py:3239} INFO - Sync 1 DAGs
[2025-10-27T11:17:37.777+0000] {logging_mixin.py:190} INFO - [2025-10-27T11:17:37.777+0000] {dag.py:4180} INFO - Setting next_dagrun for example_bash_operator to 2025-10-26 00:00:00+00:00, run_after=2025-10-27 00:00:00+00:00
[2025-10-27T11:17:37.791+0000] {processor.py:208} INFO - Processing /home/airflow/.local/lib/python3.12/site-packages/airflow/example_dags/example_bash_operator.py took 0.072 seconds
[2025-10-27T11:18:08.659+0000] {processor.py:186} INFO - Started process (PID=160) to work on /home/airflow/.local/lib/python3.12/site-packages/airflow/example_dags/example_bash_operator.py
[2025-10-27T11:18:08.660+0000] {processor.py:914} INFO - Processing file /home/airflow/.local/lib/python3.12/site-packages/airflow/example_dags/example_bash_operator.py for tasks to queue
[2025-10-27T11:18:08.664+0000] {logging_mixin.py:190} INFO - [2025-10-27T11:18:08.663+0000] {dagbag.py:588} INFO - Filling up the DagBag from /home/airflow/.local/lib/python3.12/site-packages/airflow/example_dags/example_bash_operator.py
[2025-10-27T11:18:08.675+0000] {processor.py:925} INFO - DAG(s) 'example_bash_operator' retrieved from /home/airflow/.local/lib/python3.12/site-packages/airflow/example_dags/example_bash_operator.py
[2025-10-27T11:18:08.696+0000] {logging_mixin.py:190} INFO - [2025-10-27T11:18:08.696+0000] {dag.py:3239} INFO - Sync 1 DAGs
[2025-10-27T11:18:08.714+0000] {logging_mixin.py:190} INFO - [2025-10-27T11:18:08.714+0000] {dag.py:4180} INFO - Setting next_dagrun for example_bash_operator to 2025-10-26 00:00:00+00:00, run_after=2025-10-27 00:00:00+00:00
[2025-10-27T11:18:08.731+0000] {processor.py:208} INFO - Processing /home/airflow/.local/lib/python3.12/site-packages/airflow/example_dags/example_bash_operator.py took 0.080 seconds
[2025-10-27T11:18:38.917+0000] {processor.py:186} INFO - Started process (PID=225) to work on /home/airflow/.local/lib/python3.12/site-packages/airflow/example_dags/example_bash_operator.py
[2025-10-27T11:18:38.918+0000] {processor.py:914} INFO - Processing file /home/airflow/.local/lib/python3.12/site-packages/airflow/example_dags/example_bash_operator.py for tasks to queue
[2025-10-27T11:18:38.920+0000] {logging_mixin.py:190} INFO - [2025-10-27T11:18:38.919+0000] {dagbag.py:588} INFO - Filling up the DagBag from /home/airflow/.local/lib/python3.12/site-packages/airflow/example_dags/example_bash_operator.py
[2025-10-27T11:18:38.930+0000] {processor.py:925} INFO - DAG(s) 'example_bash_operator' retrieved from /home/airflow/.local/lib/python3.12/site-packages/airflow/example_dags/example_bash_operator.py
[2025-10-27T11:18:38.951+0000] {logging_mixin.py:190} INFO - [2025-10-27T11:18:38.950+0000] {dag.py:3239} INFO - Sync 1 DAGs
[2025-10-27T11:18:38.967+0000] {logging_mixin.py:190} INFO - [2025-10-27T11:18:38.967+0000] {dag.py:4180} INFO - Setting next_dagrun for example_bash_operator to 2025-10-26 00:00:00+00:00, run_after=2025-10-27 00:00:00+00:00
[2025-10-27T11:18:38.981+0000] {processor.py:208} INFO - Processing /home/airflow/.local/lib/python3.12/site-packages/airflow/example_dags/example_bash_operator.py took 0.069 seconds
