[2025-10-27T11:17:35.052+0000] {processor.py:186} INFO - Started process (PID=62) to work on /home/airflow/.local/lib/python3.12/site-packages/airflow/example_dags/example_datasets.py
[2025-10-27T11:17:35.053+0000] {processor.py:914} INFO - Processing file /home/airflow/.local/lib/python3.12/site-packages/airflow/example_dags/example_datasets.py for tasks to queue
[2025-10-27T11:17:35.056+0000] {logging_mixin.py:190} INFO - [2025-10-27T11:17:35.055+0000] {dagbag.py:588} INFO - Filling up the DagBag from /home/airflow/.local/lib/python3.12/site-packages/airflow/example_dags/example_datasets.py
[2025-10-27T11:17:35.633+0000] {processor.py:925} INFO - DAG(s) 'dataset_consumes_1_never_scheduled', 'consume_1_or_both_2_and_3_with_dataset_expressions', 'dataset_consumes_1', 'consume_1_or_2_with_dataset_expressions', 'dataset_consumes_1_and_2', 'consume_1_and_2_with_dataset_expressions', 'dataset_produces_1', 'dataset_consumes_unknown_never_scheduled', 'conditional_dataset_and_time_based_timetable', 'dataset_produces_2' retrieved from /home/airflow/.local/lib/python3.12/site-packages/airflow/example_dags/example_datasets.py
[2025-10-27T11:17:35.679+0000] {logging_mixin.py:190} INFO - [2025-10-27T11:17:35.679+0000] {dag.py:3239} INFO - Sync 10 DAGs
[2025-10-27T11:17:35.697+0000] {logging_mixin.py:190} INFO - [2025-10-27T11:17:35.697+0000] {dag.py:4180} INFO - Setting next_dagrun for conditional_dataset_and_time_based_timetable to 2025-10-22 01:00:00+00:00, run_after=2025-10-22 01:00:00+00:00
[2025-10-27T11:17:35.701+0000] {logging_mixin.py:190} INFO - [2025-10-27T11:17:35.701+0000] {dag.py:4180} INFO - Setting next_dagrun for consume_1_and_2_with_dataset_expressions to None, run_after=None
[2025-10-27T11:17:35.702+0000] {logging_mixin.py:190} INFO - [2025-10-27T11:17:35.702+0000] {dag.py:4180} INFO - Setting next_dagrun for consume_1_or_2_with_dataset_expressions to None, run_after=None
[2025-10-27T11:17:35.704+0000] {logging_mixin.py:190} INFO - [2025-10-27T11:17:35.704+0000] {dag.py:4180} INFO - Setting next_dagrun for consume_1_or_both_2_and_3_with_dataset_expressions to None, run_after=None
[2025-10-27T11:17:35.705+0000] {logging_mixin.py:190} INFO - [2025-10-27T11:17:35.705+0000] {dag.py:4180} INFO - Setting next_dagrun for dataset_consumes_1 to None, run_after=None
[2025-10-27T11:17:35.706+0000] {logging_mixin.py:190} INFO - [2025-10-27T11:17:35.706+0000] {dag.py:4180} INFO - Setting next_dagrun for dataset_consumes_1_and_2 to None, run_after=None
[2025-10-27T11:17:35.707+0000] {logging_mixin.py:190} INFO - [2025-10-27T11:17:35.707+0000] {dag.py:4180} INFO - Setting next_dagrun for dataset_consumes_1_never_scheduled to None, run_after=None
[2025-10-27T11:17:35.708+0000] {logging_mixin.py:190} INFO - [2025-10-27T11:17:35.708+0000] {dag.py:4180} INFO - Setting next_dagrun for dataset_consumes_unknown_never_scheduled to None, run_after=None
[2025-10-27T11:17:35.710+0000] {logging_mixin.py:190} INFO - [2025-10-27T11:17:35.710+0000] {dag.py:4180} INFO - Setting next_dagrun for dataset_produces_1 to 2025-10-26 00:00:00+00:00, run_after=2025-10-27 00:00:00+00:00
[2025-10-27T11:17:35.712+0000] {logging_mixin.py:190} INFO - [2025-10-27T11:17:35.711+0000] {dag.py:4180} INFO - Setting next_dagrun for dataset_produces_2 to None, run_after=None
[2025-10-27T11:17:35.737+0000] {processor.py:208} INFO - Processing /home/airflow/.local/lib/python3.12/site-packages/airflow/example_dags/example_datasets.py took 0.689 seconds
[2025-10-27T11:18:05.806+0000] {processor.py:186} INFO - Started process (PID=129) to work on /home/airflow/.local/lib/python3.12/site-packages/airflow/example_dags/example_datasets.py
[2025-10-27T11:18:05.807+0000] {processor.py:914} INFO - Processing file /home/airflow/.local/lib/python3.12/site-packages/airflow/example_dags/example_datasets.py for tasks to queue
[2025-10-27T11:18:05.810+0000] {logging_mixin.py:190} INFO - [2025-10-27T11:18:05.809+0000] {dagbag.py:588} INFO - Filling up the DagBag from /home/airflow/.local/lib/python3.12/site-packages/airflow/example_dags/example_datasets.py
[2025-10-27T11:18:06.217+0000] {processor.py:925} INFO - DAG(s) 'consume_1_and_2_with_dataset_expressions', 'dataset_produces_1', 'dataset_produces_2', 'dataset_consumes_unknown_never_scheduled', 'conditional_dataset_and_time_based_timetable', 'dataset_consumes_1_never_scheduled', 'consume_1_or_2_with_dataset_expressions', 'consume_1_or_both_2_and_3_with_dataset_expressions', 'dataset_consumes_1_and_2', 'dataset_consumes_1' retrieved from /home/airflow/.local/lib/python3.12/site-packages/airflow/example_dags/example_datasets.py
[2025-10-27T11:18:06.246+0000] {logging_mixin.py:190} INFO - [2025-10-27T11:18:06.246+0000] {dag.py:3239} INFO - Sync 10 DAGs
[2025-10-27T11:18:06.264+0000] {logging_mixin.py:190} INFO - [2025-10-27T11:18:06.263+0000] {dag.py:4180} INFO - Setting next_dagrun for conditional_dataset_and_time_based_timetable to 2025-10-22 01:00:00+00:00, run_after=2025-10-22 01:00:00+00:00
[2025-10-27T11:18:06.267+0000] {logging_mixin.py:190} INFO - [2025-10-27T11:18:06.267+0000] {dag.py:4180} INFO - Setting next_dagrun for consume_1_and_2_with_dataset_expressions to None, run_after=None
[2025-10-27T11:18:06.268+0000] {logging_mixin.py:190} INFO - [2025-10-27T11:18:06.268+0000] {dag.py:4180} INFO - Setting next_dagrun for consume_1_or_2_with_dataset_expressions to None, run_after=None
[2025-10-27T11:18:06.270+0000] {logging_mixin.py:190} INFO - [2025-10-27T11:18:06.270+0000] {dag.py:4180} INFO - Setting next_dagrun for consume_1_or_both_2_and_3_with_dataset_expressions to None, run_after=None
[2025-10-27T11:18:06.271+0000] {logging_mixin.py:190} INFO - [2025-10-27T11:18:06.271+0000] {dag.py:4180} INFO - Setting next_dagrun for dataset_consumes_1 to None, run_after=None
[2025-10-27T11:18:06.273+0000] {logging_mixin.py:190} INFO - [2025-10-27T11:18:06.273+0000] {dag.py:4180} INFO - Setting next_dagrun for dataset_consumes_1_and_2 to None, run_after=None
[2025-10-27T11:18:06.274+0000] {logging_mixin.py:190} INFO - [2025-10-27T11:18:06.274+0000] {dag.py:4180} INFO - Setting next_dagrun for dataset_consumes_1_never_scheduled to None, run_after=None
[2025-10-27T11:18:06.275+0000] {logging_mixin.py:190} INFO - [2025-10-27T11:18:06.275+0000] {dag.py:4180} INFO - Setting next_dagrun for dataset_consumes_unknown_never_scheduled to None, run_after=None
[2025-10-27T11:18:06.277+0000] {logging_mixin.py:190} INFO - [2025-10-27T11:18:06.277+0000] {dag.py:4180} INFO - Setting next_dagrun for dataset_produces_1 to 2025-10-26 00:00:00+00:00, run_after=2025-10-27 00:00:00+00:00
[2025-10-27T11:18:06.279+0000] {logging_mixin.py:190} INFO - [2025-10-27T11:18:06.279+0000] {dag.py:4180} INFO - Setting next_dagrun for dataset_produces_2 to None, run_after=None
[2025-10-27T11:18:06.305+0000] {processor.py:208} INFO - Processing /home/airflow/.local/lib/python3.12/site-packages/airflow/example_dags/example_datasets.py took 0.503 seconds
[2025-10-27T11:18:36.594+0000] {processor.py:186} INFO - Started process (PID=198) to work on /home/airflow/.local/lib/python3.12/site-packages/airflow/example_dags/example_datasets.py
[2025-10-27T11:18:36.596+0000] {processor.py:914} INFO - Processing file /home/airflow/.local/lib/python3.12/site-packages/airflow/example_dags/example_datasets.py for tasks to queue
[2025-10-27T11:18:36.599+0000] {logging_mixin.py:190} INFO - [2025-10-27T11:18:36.599+0000] {dagbag.py:588} INFO - Filling up the DagBag from /home/airflow/.local/lib/python3.12/site-packages/airflow/example_dags/example_datasets.py
[2025-10-27T11:18:37.011+0000] {processor.py:925} INFO - DAG(s) 'dataset_consumes_1', 'dataset_consumes_unknown_never_scheduled', 'dataset_produces_2', 'dataset_produces_1', 'consume_1_or_both_2_and_3_with_dataset_expressions', 'conditional_dataset_and_time_based_timetable', 'consume_1_and_2_with_dataset_expressions', 'consume_1_or_2_with_dataset_expressions', 'dataset_consumes_1_never_scheduled', 'dataset_consumes_1_and_2' retrieved from /home/airflow/.local/lib/python3.12/site-packages/airflow/example_dags/example_datasets.py
[2025-10-27T11:18:37.039+0000] {logging_mixin.py:190} INFO - [2025-10-27T11:18:37.039+0000] {dag.py:3239} INFO - Sync 10 DAGs
[2025-10-27T11:18:37.055+0000] {logging_mixin.py:190} INFO - [2025-10-27T11:18:37.055+0000] {dag.py:4180} INFO - Setting next_dagrun for conditional_dataset_and_time_based_timetable to 2025-10-22 01:00:00+00:00, run_after=2025-10-22 01:00:00+00:00
[2025-10-27T11:18:37.058+0000] {logging_mixin.py:190} INFO - [2025-10-27T11:18:37.058+0000] {dag.py:4180} INFO - Setting next_dagrun for consume_1_and_2_with_dataset_expressions to None, run_after=None
[2025-10-27T11:18:37.059+0000] {logging_mixin.py:190} INFO - [2025-10-27T11:18:37.059+0000] {dag.py:4180} INFO - Setting next_dagrun for consume_1_or_2_with_dataset_expressions to None, run_after=None
[2025-10-27T11:18:37.061+0000] {logging_mixin.py:190} INFO - [2025-10-27T11:18:37.060+0000] {dag.py:4180} INFO - Setting next_dagrun for consume_1_or_both_2_and_3_with_dataset_expressions to None, run_after=None
[2025-10-27T11:18:37.062+0000] {logging_mixin.py:190} INFO - [2025-10-27T11:18:37.062+0000] {dag.py:4180} INFO - Setting next_dagrun for dataset_consumes_1 to None, run_after=None
[2025-10-27T11:18:37.063+0000] {logging_mixin.py:190} INFO - [2025-10-27T11:18:37.063+0000] {dag.py:4180} INFO - Setting next_dagrun for dataset_consumes_1_and_2 to None, run_after=None
[2025-10-27T11:18:37.065+0000] {logging_mixin.py:190} INFO - [2025-10-27T11:18:37.065+0000] {dag.py:4180} INFO - Setting next_dagrun for dataset_consumes_1_never_scheduled to None, run_after=None
[2025-10-27T11:18:37.066+0000] {logging_mixin.py:190} INFO - [2025-10-27T11:18:37.066+0000] {dag.py:4180} INFO - Setting next_dagrun for dataset_consumes_unknown_never_scheduled to None, run_after=None
[2025-10-27T11:18:37.068+0000] {logging_mixin.py:190} INFO - [2025-10-27T11:18:37.068+0000] {dag.py:4180} INFO - Setting next_dagrun for dataset_produces_1 to 2025-10-26 00:00:00+00:00, run_after=2025-10-27 00:00:00+00:00
[2025-10-27T11:18:37.069+0000] {logging_mixin.py:190} INFO - [2025-10-27T11:18:37.069+0000] {dag.py:4180} INFO - Setting next_dagrun for dataset_produces_2 to None, run_after=None
[2025-10-27T11:18:37.094+0000] {processor.py:208} INFO - Processing /home/airflow/.local/lib/python3.12/site-packages/airflow/example_dags/example_datasets.py took 0.504 seconds
