[2025-10-27T11:17:36.400+0000] {processor.py:186} INFO - Started process (PID=77) to work on /home/airflow/.local/lib/python3.12/site-packages/airflow/example_dags/example_nested_branch_dag.py
[2025-10-27T11:17:36.401+0000] {processor.py:914} INFO - Processing file /home/airflow/.local/lib/python3.12/site-packages/airflow/example_dags/example_nested_branch_dag.py for tasks to queue
[2025-10-27T11:17:36.404+0000] {logging_mixin.py:190} INFO - [2025-10-27T11:17:36.404+0000] {dagbag.py:588} INFO - Filling up the DagBag from /home/airflow/.local/lib/python3.12/site-packages/airflow/example_dags/example_nested_branch_dag.py
[2025-10-27T11:17:36.414+0000] {processor.py:925} INFO - DAG(s) 'example_nested_branch_dag' retrieved from /home/airflow/.local/lib/python3.12/site-packages/airflow/example_dags/example_nested_branch_dag.py
[2025-10-27T11:17:36.435+0000] {logging_mixin.py:190} INFO - [2025-10-27T11:17:36.435+0000] {dag.py:3239} INFO - Sync 1 DAGs
[2025-10-27T11:17:36.453+0000] {logging_mixin.py:190} INFO - [2025-10-27T11:17:36.453+0000] {dag.py:4180} INFO - Setting next_dagrun for example_nested_branch_dag to 2025-10-26 00:00:00+00:00, run_after=2025-10-27 00:00:00+00:00
[2025-10-27T11:17:36.468+0000] {processor.py:208} INFO - Processing /home/airflow/.local/lib/python3.12/site-packages/airflow/example_dags/example_nested_branch_dag.py took 0.072 seconds
[2025-10-27T11:18:07.059+0000] {processor.py:186} INFO - Started process (PID=148) to work on /home/airflow/.local/lib/python3.12/site-packages/airflow/example_dags/example_nested_branch_dag.py
[2025-10-27T11:18:07.062+0000] {processor.py:914} INFO - Processing file /home/airflow/.local/lib/python3.12/site-packages/airflow/example_dags/example_nested_branch_dag.py for tasks to queue
[2025-10-27T11:18:07.066+0000] {logging_mixin.py:190} INFO - [2025-10-27T11:18:07.065+0000] {dagbag.py:588} INFO - Filling up the DagBag from /home/airflow/.local/lib/python3.12/site-packages/airflow/example_dags/example_nested_branch_dag.py
[2025-10-27T11:18:07.074+0000] {processor.py:925} INFO - DAG(s) 'example_nested_branch_dag' retrieved from /home/airflow/.local/lib/python3.12/site-packages/airflow/example_dags/example_nested_branch_dag.py
[2025-10-27T11:18:07.092+0000] {logging_mixin.py:190} INFO - [2025-10-27T11:18:07.092+0000] {dag.py:3239} INFO - Sync 1 DAGs
[2025-10-27T11:18:07.108+0000] {logging_mixin.py:190} INFO - [2025-10-27T11:18:07.108+0000] {dag.py:4180} INFO - Setting next_dagrun for example_nested_branch_dag to 2025-10-26 00:00:00+00:00, run_after=2025-10-27 00:00:00+00:00
[2025-10-27T11:18:07.126+0000] {processor.py:208} INFO - Processing /home/airflow/.local/lib/python3.12/site-packages/airflow/example_dags/example_nested_branch_dag.py took 0.071 seconds
[2025-10-27T11:18:37.858+0000] {processor.py:186} INFO - Started process (PID=213) to work on /home/airflow/.local/lib/python3.12/site-packages/airflow/example_dags/example_nested_branch_dag.py
[2025-10-27T11:18:37.859+0000] {processor.py:914} INFO - Processing file /home/airflow/.local/lib/python3.12/site-packages/airflow/example_dags/example_nested_branch_dag.py for tasks to queue
[2025-10-27T11:18:37.862+0000] {logging_mixin.py:190} INFO - [2025-10-27T11:18:37.861+0000] {dagbag.py:588} INFO - Filling up the DagBag from /home/airflow/.local/lib/python3.12/site-packages/airflow/example_dags/example_nested_branch_dag.py
[2025-10-27T11:18:37.871+0000] {processor.py:925} INFO - DAG(s) 'example_nested_branch_dag' retrieved from /home/airflow/.local/lib/python3.12/site-packages/airflow/example_dags/example_nested_branch_dag.py
[2025-10-27T11:18:37.886+0000] {logging_mixin.py:190} INFO - [2025-10-27T11:18:37.886+0000] {dag.py:3239} INFO - Sync 1 DAGs
[2025-10-27T11:18:37.903+0000] {logging_mixin.py:190} INFO - [2025-10-27T11:18:37.902+0000] {dag.py:4180} INFO - Setting next_dagrun for example_nested_branch_dag to 2025-10-26 00:00:00+00:00, run_after=2025-10-27 00:00:00+00:00
[2025-10-27T11:18:37.917+0000] {processor.py:208} INFO - Processing /home/airflow/.local/lib/python3.12/site-packages/airflow/example_dags/example_nested_branch_dag.py took 0.063 seconds
