[2025-10-27T11:17:37.958+0000] {processor.py:186} INFO - Started process (PID=99) to work on /home/airflow/.local/lib/python3.12/site-packages/airflow/example_dags/example_subdag_operator.py
[2025-10-27T11:17:37.959+0000] {processor.py:914} INFO - Processing file /home/airflow/.local/lib/python3.12/site-packages/airflow/example_dags/example_subdag_operator.py for tasks to queue
[2025-10-27T11:17:37.963+0000] {logging_mixin.py:190} INFO - [2025-10-27T11:17:37.963+0000] {dagbag.py:588} INFO - Filling up the DagBag from /home/airflow/.local/lib/python3.12/site-packages/airflow/example_dags/example_subdag_operator.py
[2025-10-27T11:17:37.986+0000] {processor.py:925} INFO - DAG(s) 'example_subdag_operator.section-1', 'example_subdag_operator.section-2', 'example_subdag_operator' retrieved from /home/airflow/.local/lib/python3.12/site-packages/airflow/example_dags/example_subdag_operator.py
[2025-10-27T11:17:37.999+0000] {logging_mixin.py:190} INFO - [2025-10-27T11:17:37.999+0000] {dag.py:3239} INFO - Sync 3 DAGs
[2025-10-27T11:17:38.014+0000] {logging_mixin.py:190} INFO - [2025-10-27T11:17:38.014+0000] {dag.py:4180} INFO - Setting next_dagrun for example_subdag_operator to 2022-01-01 00:00:00+00:00, run_after=2022-01-01 00:00:00+00:00
[2025-10-27T11:17:38.039+0000] {logging_mixin.py:190} INFO - [2025-10-27T11:17:38.039+0000] {dag.py:4180} INFO - Setting next_dagrun for example_subdag_operator.section-1 to None, run_after=None
[2025-10-27T11:17:38.041+0000] {logging_mixin.py:190} INFO - [2025-10-27T11:17:38.041+0000] {dag.py:4180} INFO - Setting next_dagrun for example_subdag_operator.section-2 to None, run_after=None
[2025-10-27T11:17:38.046+0000] {logging_mixin.py:190} INFO - [2025-10-27T11:17:38.046+0000] {dag.py:3239} INFO - Sync 2 DAGs
[2025-10-27T11:17:38.050+0000] {logging_mixin.py:190} INFO - [2025-10-27T11:17:38.050+0000] {dag.py:4180} INFO - Setting next_dagrun for example_subdag_operator.section-1 to None, run_after=None
[2025-10-27T11:17:38.051+0000] {logging_mixin.py:190} INFO - [2025-10-27T11:17:38.051+0000] {dag.py:4180} INFO - Setting next_dagrun for example_subdag_operator.section-2 to None, run_after=None
[2025-10-27T11:17:38.059+0000] {processor.py:208} INFO - Processing /home/airflow/.local/lib/python3.12/site-packages/airflow/example_dags/example_subdag_operator.py took 0.106 seconds
[2025-10-27T11:18:09.249+0000] {processor.py:186} INFO - Started process (PID=164) to work on /home/airflow/.local/lib/python3.12/site-packages/airflow/example_dags/example_subdag_operator.py
[2025-10-27T11:18:09.251+0000] {processor.py:914} INFO - Processing file /home/airflow/.local/lib/python3.12/site-packages/airflow/example_dags/example_subdag_operator.py for tasks to queue
[2025-10-27T11:18:09.253+0000] {logging_mixin.py:190} INFO - [2025-10-27T11:18:09.253+0000] {dagbag.py:588} INFO - Filling up the DagBag from /home/airflow/.local/lib/python3.12/site-packages/airflow/example_dags/example_subdag_operator.py
[2025-10-27T11:18:09.272+0000] {processor.py:925} INFO - DAG(s) 'example_subdag_operator.section-1', 'example_subdag_operator.section-2', 'example_subdag_operator' retrieved from /home/airflow/.local/lib/python3.12/site-packages/airflow/example_dags/example_subdag_operator.py
[2025-10-27T11:18:09.283+0000] {logging_mixin.py:190} INFO - [2025-10-27T11:18:09.283+0000] {dag.py:3239} INFO - Sync 3 DAGs
[2025-10-27T11:18:09.301+0000] {logging_mixin.py:190} INFO - [2025-10-27T11:18:09.300+0000] {dag.py:4180} INFO - Setting next_dagrun for example_subdag_operator to 2022-01-01 00:00:00+00:00, run_after=2022-01-01 00:00:00+00:00
[2025-10-27T11:18:09.304+0000] {logging_mixin.py:190} INFO - [2025-10-27T11:18:09.304+0000] {dag.py:4180} INFO - Setting next_dagrun for example_subdag_operator.section-1 to None, run_after=None
[2025-10-27T11:18:09.307+0000] {logging_mixin.py:190} INFO - [2025-10-27T11:18:09.306+0000] {dag.py:4180} INFO - Setting next_dagrun for example_subdag_operator.section-2 to None, run_after=None
[2025-10-27T11:18:09.313+0000] {logging_mixin.py:190} INFO - [2025-10-27T11:18:09.313+0000] {dag.py:3239} INFO - Sync 2 DAGs
[2025-10-27T11:18:09.318+0000] {logging_mixin.py:190} INFO - [2025-10-27T11:18:09.317+0000] {dag.py:4180} INFO - Setting next_dagrun for example_subdag_operator.section-1 to None, run_after=None
[2025-10-27T11:18:09.322+0000] {logging_mixin.py:190} INFO - [2025-10-27T11:18:09.322+0000] {dag.py:4180} INFO - Setting next_dagrun for example_subdag_operator.section-2 to None, run_after=None
[2025-10-27T11:18:09.341+0000] {processor.py:208} INFO - Processing /home/airflow/.local/lib/python3.12/site-packages/airflow/example_dags/example_subdag_operator.py took 0.096 seconds
[2025-10-27T11:18:40.184+0000] {processor.py:186} INFO - Started process (PID=229) to work on /home/airflow/.local/lib/python3.12/site-packages/airflow/example_dags/example_subdag_operator.py
[2025-10-27T11:18:40.185+0000] {processor.py:914} INFO - Processing file /home/airflow/.local/lib/python3.12/site-packages/airflow/example_dags/example_subdag_operator.py for tasks to queue
[2025-10-27T11:18:40.189+0000] {logging_mixin.py:190} INFO - [2025-10-27T11:18:40.188+0000] {dagbag.py:588} INFO - Filling up the DagBag from /home/airflow/.local/lib/python3.12/site-packages/airflow/example_dags/example_subdag_operator.py
[2025-10-27T11:18:40.220+0000] {processor.py:925} INFO - DAG(s) 'example_subdag_operator.section-1', 'example_subdag_operator.section-2', 'example_subdag_operator' retrieved from /home/airflow/.local/lib/python3.12/site-packages/airflow/example_dags/example_subdag_operator.py
[2025-10-27T11:18:40.236+0000] {logging_mixin.py:190} INFO - [2025-10-27T11:18:40.235+0000] {dag.py:3239} INFO - Sync 3 DAGs
[2025-10-27T11:18:40.260+0000] {logging_mixin.py:190} INFO - [2025-10-27T11:18:40.260+0000] {dag.py:4180} INFO - Setting next_dagrun for example_subdag_operator to 2022-01-01 00:00:00+00:00, run_after=2022-01-01 00:00:00+00:00
[2025-10-27T11:18:40.266+0000] {logging_mixin.py:190} INFO - [2025-10-27T11:18:40.266+0000] {dag.py:4180} INFO - Setting next_dagrun for example_subdag_operator.section-1 to None, run_after=None
[2025-10-27T11:18:40.268+0000] {logging_mixin.py:190} INFO - [2025-10-27T11:18:40.268+0000] {dag.py:4180} INFO - Setting next_dagrun for example_subdag_operator.section-2 to None, run_after=None
[2025-10-27T11:18:40.280+0000] {logging_mixin.py:190} INFO - [2025-10-27T11:18:40.280+0000] {dag.py:3239} INFO - Sync 2 DAGs
[2025-10-27T11:18:40.288+0000] {logging_mixin.py:190} INFO - [2025-10-27T11:18:40.288+0000] {dag.py:4180} INFO - Setting next_dagrun for example_subdag_operator.section-1 to None, run_after=None
[2025-10-27T11:18:40.289+0000] {logging_mixin.py:190} INFO - [2025-10-27T11:18:40.289+0000] {dag.py:4180} INFO - Setting next_dagrun for example_subdag_operator.section-2 to None, run_after=None
[2025-10-27T11:18:40.307+0000] {processor.py:208} INFO - Processing /home/airflow/.local/lib/python3.12/site-packages/airflow/example_dags/example_subdag_operator.py took 0.131 seconds
