[2025-10-27T11:17:35.870+0000] {processor.py:186} INFO - Started process (PID=68) to work on /home/airflow/.local/lib/python3.12/site-packages/airflow/example_dags/example_sensors.py
[2025-10-27T11:17:35.871+0000] {processor.py:914} INFO - Processing file /home/airflow/.local/lib/python3.12/site-packages/airflow/example_dags/example_sensors.py for tasks to queue
[2025-10-27T11:17:35.873+0000] {logging_mixin.py:190} INFO - [2025-10-27T11:17:35.873+0000] {dagbag.py:588} INFO - Filling up the DagBag from /home/airflow/.local/lib/python3.12/site-packages/airflow/example_dags/example_sensors.py
[2025-10-27T11:17:35.883+0000] {processor.py:925} INFO - DAG(s) 'example_sensors' retrieved from /home/airflow/.local/lib/python3.12/site-packages/airflow/example_dags/example_sensors.py
[2025-10-27T11:17:35.902+0000] {logging_mixin.py:190} INFO - [2025-10-27T11:17:35.902+0000] {dag.py:3239} INFO - Sync 1 DAGs
[2025-10-27T11:17:35.911+0000] {logging_mixin.py:190} INFO - [2025-10-27T11:17:35.911+0000] {dag.py:4180} INFO - Setting next_dagrun for example_sensors to None, run_after=None
[2025-10-27T11:17:35.930+0000] {processor.py:208} INFO - Processing /home/airflow/.local/lib/python3.12/site-packages/airflow/example_dags/example_sensors.py took 0.064 seconds
[2025-10-27T11:18:06.353+0000] {processor.py:186} INFO - Started process (PID=133) to work on /home/airflow/.local/lib/python3.12/site-packages/airflow/example_dags/example_sensors.py
[2025-10-27T11:18:06.355+0000] {processor.py:914} INFO - Processing file /home/airflow/.local/lib/python3.12/site-packages/airflow/example_dags/example_sensors.py for tasks to queue
[2025-10-27T11:18:06.357+0000] {logging_mixin.py:190} INFO - [2025-10-27T11:18:06.357+0000] {dagbag.py:588} INFO - Filling up the DagBag from /home/airflow/.local/lib/python3.12/site-packages/airflow/example_dags/example_sensors.py
[2025-10-27T11:18:06.365+0000] {processor.py:925} INFO - DAG(s) 'example_sensors' retrieved from /home/airflow/.local/lib/python3.12/site-packages/airflow/example_dags/example_sensors.py
[2025-10-27T11:18:06.382+0000] {logging_mixin.py:190} INFO - [2025-10-27T11:18:06.382+0000] {dag.py:3239} INFO - Sync 1 DAGs
[2025-10-27T11:18:06.391+0000] {logging_mixin.py:190} INFO - [2025-10-27T11:18:06.391+0000] {dag.py:4180} INFO - Setting next_dagrun for example_sensors to None, run_after=None
[2025-10-27T11:18:06.407+0000] {processor.py:208} INFO - Processing /home/airflow/.local/lib/python3.12/site-packages/airflow/example_dags/example_sensors.py took 0.057 seconds
[2025-10-27T11:18:37.278+0000] {processor.py:186} INFO - Started process (PID=204) to work on /home/airflow/.local/lib/python3.12/site-packages/airflow/example_dags/example_sensors.py
[2025-10-27T11:18:37.279+0000] {processor.py:914} INFO - Processing file /home/airflow/.local/lib/python3.12/site-packages/airflow/example_dags/example_sensors.py for tasks to queue
[2025-10-27T11:18:37.281+0000] {logging_mixin.py:190} INFO - [2025-10-27T11:18:37.281+0000] {dagbag.py:588} INFO - Filling up the DagBag from /home/airflow/.local/lib/python3.12/site-packages/airflow/example_dags/example_sensors.py
[2025-10-27T11:18:37.289+0000] {processor.py:925} INFO - DAG(s) 'example_sensors' retrieved from /home/airflow/.local/lib/python3.12/site-packages/airflow/example_dags/example_sensors.py
[2025-10-27T11:18:37.306+0000] {logging_mixin.py:190} INFO - [2025-10-27T11:18:37.306+0000] {dag.py:3239} INFO - Sync 1 DAGs
[2025-10-27T11:18:37.317+0000] {logging_mixin.py:190} INFO - [2025-10-27T11:18:37.316+0000] {dag.py:4180} INFO - Setting next_dagrun for example_sensors to None, run_after=None
[2025-10-27T11:18:37.338+0000] {processor.py:208} INFO - Processing /home/airflow/.local/lib/python3.12/site-packages/airflow/example_dags/example_sensors.py took 0.064 seconds
