[2025-10-27T11:17:36.080+0000] {processor.py:186} INFO - Started process (PID=72) to work on /home/airflow/.local/lib/python3.12/site-packages/airflow/example_dags/example_branch_datetime_operator.py
[2025-10-27T11:17:36.081+0000] {processor.py:914} INFO - Processing file /home/airflow/.local/lib/python3.12/site-packages/airflow/example_dags/example_branch_datetime_operator.py for tasks to queue
[2025-10-27T11:17:36.084+0000] {logging_mixin.py:190} INFO - [2025-10-27T11:17:36.084+0000] {dagbag.py:588} INFO - Filling up the DagBag from /home/airflow/.local/lib/python3.12/site-packages/airflow/example_dags/example_branch_datetime_operator.py
[2025-10-27T11:17:36.093+0000] {processor.py:925} INFO - DAG(s) 'example_branch_datetime_operator_2', 'example_branch_datetime_operator_3', 'example_branch_datetime_operator' retrieved from /home/airflow/.local/lib/python3.12/site-packages/airflow/example_dags/example_branch_datetime_operator.py
[2025-10-27T11:17:36.114+0000] {logging_mixin.py:190} INFO - [2025-10-27T11:17:36.114+0000] {dag.py:3239} INFO - Sync 3 DAGs
[2025-10-27T11:17:36.129+0000] {logging_mixin.py:190} INFO - [2025-10-27T11:17:36.129+0000] {dag.py:4180} INFO - Setting next_dagrun for example_branch_datetime_operator to 2025-10-26 00:00:00+00:00, run_after=2025-10-27 00:00:00+00:00
[2025-10-27T11:17:36.133+0000] {logging_mixin.py:190} INFO - [2025-10-27T11:17:36.133+0000] {dag.py:4180} INFO - Setting next_dagrun for example_branch_datetime_operator_2 to 2025-10-26 00:00:00+00:00, run_after=2025-10-27 00:00:00+00:00
[2025-10-27T11:17:36.135+0000] {logging_mixin.py:190} INFO - [2025-10-27T11:17:36.135+0000] {dag.py:4180} INFO - Setting next_dagrun for example_branch_datetime_operator_3 to 2025-10-26 00:00:00+00:00, run_after=2025-10-27 00:00:00+00:00
[2025-10-27T11:17:36.148+0000] {processor.py:208} INFO - Processing /home/airflow/.local/lib/python3.12/site-packages/airflow/example_dags/example_branch_datetime_operator.py took 0.072 seconds
[2025-10-27T11:18:06.711+0000] {processor.py:186} INFO - Started process (PID=143) to work on /home/airflow/.local/lib/python3.12/site-packages/airflow/example_dags/example_branch_datetime_operator.py
[2025-10-27T11:18:06.712+0000] {processor.py:914} INFO - Processing file /home/airflow/.local/lib/python3.12/site-packages/airflow/example_dags/example_branch_datetime_operator.py for tasks to queue
[2025-10-27T11:18:06.714+0000] {logging_mixin.py:190} INFO - [2025-10-27T11:18:06.714+0000] {dagbag.py:588} INFO - Filling up the DagBag from /home/airflow/.local/lib/python3.12/site-packages/airflow/example_dags/example_branch_datetime_operator.py
[2025-10-27T11:18:06.723+0000] {processor.py:925} INFO - DAG(s) 'example_branch_datetime_operator_3', 'example_branch_datetime_operator', 'example_branch_datetime_operator_2' retrieved from /home/airflow/.local/lib/python3.12/site-packages/airflow/example_dags/example_branch_datetime_operator.py
[2025-10-27T11:18:06.741+0000] {logging_mixin.py:190} INFO - [2025-10-27T11:18:06.741+0000] {dag.py:3239} INFO - Sync 3 DAGs
[2025-10-27T11:18:06.757+0000] {logging_mixin.py:190} INFO - [2025-10-27T11:18:06.757+0000] {dag.py:4180} INFO - Setting next_dagrun for example_branch_datetime_operator to 2025-10-26 00:00:00+00:00, run_after=2025-10-27 00:00:00+00:00
[2025-10-27T11:18:06.762+0000] {logging_mixin.py:190} INFO - [2025-10-27T11:18:06.762+0000] {dag.py:4180} INFO - Setting next_dagrun for example_branch_datetime_operator_2 to 2025-10-26 00:00:00+00:00, run_after=2025-10-27 00:00:00+00:00
[2025-10-27T11:18:06.764+0000] {logging_mixin.py:190} INFO - [2025-10-27T11:18:06.764+0000] {dag.py:4180} INFO - Setting next_dagrun for example_branch_datetime_operator_3 to 2025-10-26 00:00:00+00:00, run_after=2025-10-27 00:00:00+00:00
[2025-10-27T11:18:06.779+0000] {processor.py:208} INFO - Processing /home/airflow/.local/lib/python3.12/site-packages/airflow/example_dags/example_branch_datetime_operator.py took 0.073 seconds
[2025-10-27T11:18:37.594+0000] {processor.py:186} INFO - Started process (PID=208) to work on /home/airflow/.local/lib/python3.12/site-packages/airflow/example_dags/example_branch_datetime_operator.py
[2025-10-27T11:18:37.595+0000] {processor.py:914} INFO - Processing file /home/airflow/.local/lib/python3.12/site-packages/airflow/example_dags/example_branch_datetime_operator.py for tasks to queue
[2025-10-27T11:18:37.597+0000] {logging_mixin.py:190} INFO - [2025-10-27T11:18:37.597+0000] {dagbag.py:588} INFO - Filling up the DagBag from /home/airflow/.local/lib/python3.12/site-packages/airflow/example_dags/example_branch_datetime_operator.py
[2025-10-27T11:18:37.606+0000] {processor.py:925} INFO - DAG(s) 'example_branch_datetime_operator_2', 'example_branch_datetime_operator_3', 'example_branch_datetime_operator' retrieved from /home/airflow/.local/lib/python3.12/site-packages/airflow/example_dags/example_branch_datetime_operator.py
[2025-10-27T11:18:37.624+0000] {logging_mixin.py:190} INFO - [2025-10-27T11:18:37.624+0000] {dag.py:3239} INFO - Sync 3 DAGs
[2025-10-27T11:18:37.641+0000] {logging_mixin.py:190} INFO - [2025-10-27T11:18:37.641+0000] {dag.py:4180} INFO - Setting next_dagrun for example_branch_datetime_operator to 2025-10-26 00:00:00+00:00, run_after=2025-10-27 00:00:00+00:00
[2025-10-27T11:18:37.645+0000] {logging_mixin.py:190} INFO - [2025-10-27T11:18:37.645+0000] {dag.py:4180} INFO - Setting next_dagrun for example_branch_datetime_operator_2 to 2025-10-26 00:00:00+00:00, run_after=2025-10-27 00:00:00+00:00
[2025-10-27T11:18:37.647+0000] {logging_mixin.py:190} INFO - [2025-10-27T11:18:37.647+0000] {dag.py:4180} INFO - Setting next_dagrun for example_branch_datetime_operator_3 to 2025-10-26 00:00:00+00:00, run_after=2025-10-27 00:00:00+00:00
[2025-10-27T11:18:37.661+0000] {processor.py:208} INFO - Processing /home/airflow/.local/lib/python3.12/site-packages/airflow/example_dags/example_branch_datetime_operator.py took 0.071 seconds
