[2025-10-27T11:17:35.630+0000] {processor.py:186} INFO - Started process (PID=65) to work on /home/airflow/.local/lib/python3.12/site-packages/airflow/example_dags/example_display_name.py
[2025-10-27T11:17:35.631+0000] {processor.py:914} INFO - Processing file /home/airflow/.local/lib/python3.12/site-packages/airflow/example_dags/example_display_name.py for tasks to queue
[2025-10-27T11:17:35.634+0000] {logging_mixin.py:190} INFO - [2025-10-27T11:17:35.633+0000] {dagbag.py:588} INFO - Filling up the DagBag from /home/airflow/.local/lib/python3.12/site-packages/airflow/example_dags/example_display_name.py
[2025-10-27T11:17:35.642+0000] {processor.py:925} INFO - DAG(s) 'example_display_name' retrieved from /home/airflow/.local/lib/python3.12/site-packages/airflow/example_dags/example_display_name.py
[2025-10-27T11:17:35.666+0000] {logging_mixin.py:190} INFO - [2025-10-27T11:17:35.666+0000] {dag.py:3239} INFO - Sync 1 DAGs
[2025-10-27T11:17:35.681+0000] {logging_mixin.py:190} INFO - [2025-10-27T11:17:35.680+0000] {dag.py:4180} INFO - Setting next_dagrun for example_display_name to None, run_after=None
[2025-10-27T11:17:35.699+0000] {processor.py:208} INFO - Processing /home/airflow/.local/lib/python3.12/site-packages/airflow/example_dags/example_display_name.py took 0.073 seconds
[2025-10-27T11:18:06.059+0000] {processor.py:186} INFO - Started process (PID=130) to work on /home/airflow/.local/lib/python3.12/site-packages/airflow/example_dags/example_display_name.py
[2025-10-27T11:18:06.060+0000] {processor.py:914} INFO - Processing file /home/airflow/.local/lib/python3.12/site-packages/airflow/example_dags/example_display_name.py for tasks to queue
[2025-10-27T11:18:06.062+0000] {logging_mixin.py:190} INFO - [2025-10-27T11:18:06.062+0000] {dagbag.py:588} INFO - Filling up the DagBag from /home/airflow/.local/lib/python3.12/site-packages/airflow/example_dags/example_display_name.py
[2025-10-27T11:18:06.069+0000] {processor.py:925} INFO - DAG(s) 'example_display_name' retrieved from /home/airflow/.local/lib/python3.12/site-packages/airflow/example_dags/example_display_name.py
[2025-10-27T11:18:06.085+0000] {logging_mixin.py:190} INFO - [2025-10-27T11:18:06.085+0000] {dag.py:3239} INFO - Sync 1 DAGs
[2025-10-27T11:18:06.102+0000] {logging_mixin.py:190} INFO - [2025-10-27T11:18:06.102+0000] {dag.py:4180} INFO - Setting next_dagrun for example_display_name to None, run_after=None
[2025-10-27T11:18:06.117+0000] {processor.py:208} INFO - Processing /home/airflow/.local/lib/python3.12/site-packages/airflow/example_dags/example_display_name.py took 0.063 seconds
[2025-10-27T11:18:37.125+0000] {processor.py:186} INFO - Started process (PID=201) to work on /home/airflow/.local/lib/python3.12/site-packages/airflow/example_dags/example_display_name.py
[2025-10-27T11:18:37.125+0000] {processor.py:914} INFO - Processing file /home/airflow/.local/lib/python3.12/site-packages/airflow/example_dags/example_display_name.py for tasks to queue
[2025-10-27T11:18:37.127+0000] {logging_mixin.py:190} INFO - [2025-10-27T11:18:37.127+0000] {dagbag.py:588} INFO - Filling up the DagBag from /home/airflow/.local/lib/python3.12/site-packages/airflow/example_dags/example_display_name.py
[2025-10-27T11:18:37.133+0000] {processor.py:925} INFO - DAG(s) 'example_display_name' retrieved from /home/airflow/.local/lib/python3.12/site-packages/airflow/example_dags/example_display_name.py
[2025-10-27T11:18:37.146+0000] {logging_mixin.py:190} INFO - [2025-10-27T11:18:37.146+0000] {dag.py:3239} INFO - Sync 1 DAGs
[2025-10-27T11:18:37.155+0000] {logging_mixin.py:190} INFO - [2025-10-27T11:18:37.155+0000] {dag.py:4180} INFO - Setting next_dagrun for example_display_name to None, run_after=None
[2025-10-27T11:18:37.169+0000] {processor.py:208} INFO - Processing /home/airflow/.local/lib/python3.12/site-packages/airflow/example_dags/example_display_name.py took 0.049 seconds
