[2025-10-27T11:17:34.104+0000] {processor.py:186} INFO - Started process (PID=59) to work on /home/airflow/.local/lib/python3.12/site-packages/airflow/example_dags/example_task_group.py
[2025-10-27T11:17:34.106+0000] {processor.py:914} INFO - Processing file /home/airflow/.local/lib/python3.12/site-packages/airflow/example_dags/example_task_group.py for tasks to queue
[2025-10-27T11:17:34.108+0000] {logging_mixin.py:190} INFO - [2025-10-27T11:17:34.108+0000] {dagbag.py:588} INFO - Filling up the DagBag from /home/airflow/.local/lib/python3.12/site-packages/airflow/example_dags/example_task_group.py
[2025-10-27T11:17:34.117+0000] {processor.py:925} INFO - DAG(s) 'example_task_group' retrieved from /home/airflow/.local/lib/python3.12/site-packages/airflow/example_dags/example_task_group.py
[2025-10-27T11:17:34.141+0000] {logging_mixin.py:190} INFO - [2025-10-27T11:17:34.141+0000] {dag.py:3239} INFO - Sync 1 DAGs
[2025-10-27T11:17:34.153+0000] {logging_mixin.py:190} INFO - [2025-10-27T11:17:34.153+0000] {dag.py:4180} INFO - Setting next_dagrun for example_task_group to None, run_after=None
[2025-10-27T11:17:34.171+0000] {processor.py:208} INFO - Processing /home/airflow/.local/lib/python3.12/site-packages/airflow/example_dags/example_task_group.py took 0.071 seconds
[2025-10-27T11:18:04.416+0000] {processor.py:186} INFO - Started process (PID=124) to work on /home/airflow/.local/lib/python3.12/site-packages/airflow/example_dags/example_task_group.py
[2025-10-27T11:18:04.418+0000] {processor.py:914} INFO - Processing file /home/airflow/.local/lib/python3.12/site-packages/airflow/example_dags/example_task_group.py for tasks to queue
[2025-10-27T11:18:04.420+0000] {logging_mixin.py:190} INFO - [2025-10-27T11:18:04.420+0000] {dagbag.py:588} INFO - Filling up the DagBag from /home/airflow/.local/lib/python3.12/site-packages/airflow/example_dags/example_task_group.py
[2025-10-27T11:18:04.427+0000] {processor.py:925} INFO - DAG(s) 'example_task_group' retrieved from /home/airflow/.local/lib/python3.12/site-packages/airflow/example_dags/example_task_group.py
[2025-10-27T11:18:04.443+0000] {logging_mixin.py:190} INFO - [2025-10-27T11:18:04.443+0000] {dag.py:3239} INFO - Sync 1 DAGs
[2025-10-27T11:18:04.455+0000] {logging_mixin.py:190} INFO - [2025-10-27T11:18:04.455+0000] {dag.py:4180} INFO - Setting next_dagrun for example_task_group to None, run_after=None
[2025-10-27T11:18:04.472+0000] {processor.py:208} INFO - Processing /home/airflow/.local/lib/python3.12/site-packages/airflow/example_dags/example_task_group.py took 0.060 seconds
[2025-10-27T11:18:35.397+0000] {processor.py:186} INFO - Started process (PID=189) to work on /home/airflow/.local/lib/python3.12/site-packages/airflow/example_dags/example_task_group.py
[2025-10-27T11:18:35.398+0000] {processor.py:914} INFO - Processing file /home/airflow/.local/lib/python3.12/site-packages/airflow/example_dags/example_task_group.py for tasks to queue
[2025-10-27T11:18:35.400+0000] {logging_mixin.py:190} INFO - [2025-10-27T11:18:35.400+0000] {dagbag.py:588} INFO - Filling up the DagBag from /home/airflow/.local/lib/python3.12/site-packages/airflow/example_dags/example_task_group.py
[2025-10-27T11:18:35.407+0000] {processor.py:925} INFO - DAG(s) 'example_task_group' retrieved from /home/airflow/.local/lib/python3.12/site-packages/airflow/example_dags/example_task_group.py
[2025-10-27T11:18:35.422+0000] {logging_mixin.py:190} INFO - [2025-10-27T11:18:35.421+0000] {dag.py:3239} INFO - Sync 1 DAGs
[2025-10-27T11:18:35.430+0000] {logging_mixin.py:190} INFO - [2025-10-27T11:18:35.430+0000] {dag.py:4180} INFO - Setting next_dagrun for example_task_group to None, run_after=None
[2025-10-27T11:18:35.445+0000] {processor.py:208} INFO - Processing /home/airflow/.local/lib/python3.12/site-packages/airflow/example_dags/example_task_group.py took 0.052 seconds
