[2025-10-27T11:17:38.056+0000] {processor.py:186} INFO - Started process (PID=100) to work on /home/airflow/.local/lib/python3.12/site-packages/airflow/example_dags/example_xcom.py
[2025-10-27T11:17:38.057+0000] {processor.py:914} INFO - Processing file /home/airflow/.local/lib/python3.12/site-packages/airflow/example_dags/example_xcom.py for tasks to queue
[2025-10-27T11:17:38.059+0000] {logging_mixin.py:190} INFO - [2025-10-27T11:17:38.059+0000] {dagbag.py:588} INFO - Filling up the DagBag from /home/airflow/.local/lib/python3.12/site-packages/airflow/example_dags/example_xcom.py
[2025-10-27T11:17:38.069+0000] {processor.py:925} INFO - DAG(s) 'example_xcom' retrieved from /home/airflow/.local/lib/python3.12/site-packages/airflow/example_dags/example_xcom.py
[2025-10-27T11:17:38.086+0000] {logging_mixin.py:190} INFO - [2025-10-27T11:17:38.086+0000] {dag.py:3239} INFO - Sync 1 DAGs
[2025-10-27T11:17:38.103+0000] {logging_mixin.py:190} INFO - [2025-10-27T11:17:38.103+0000] {dag.py:4180} INFO - Setting next_dagrun for example_xcom to 2021-01-01 00:00:00+00:00, run_after=2021-01-01 00:00:00+00:00
[2025-10-27T11:17:38.118+0000] {processor.py:208} INFO - Processing /home/airflow/.local/lib/python3.12/site-packages/airflow/example_dags/example_xcom.py took 0.068 seconds
[2025-10-27T11:18:09.480+0000] {processor.py:186} INFO - Started process (PID=165) to work on /home/airflow/.local/lib/python3.12/site-packages/airflow/example_dags/example_xcom.py
[2025-10-27T11:18:09.483+0000] {processor.py:914} INFO - Processing file /home/airflow/.local/lib/python3.12/site-packages/airflow/example_dags/example_xcom.py for tasks to queue
[2025-10-27T11:18:09.488+0000] {logging_mixin.py:190} INFO - [2025-10-27T11:18:09.487+0000] {dagbag.py:588} INFO - Filling up the DagBag from /home/airflow/.local/lib/python3.12/site-packages/airflow/example_dags/example_xcom.py
[2025-10-27T11:18:09.499+0000] {processor.py:925} INFO - DAG(s) 'example_xcom' retrieved from /home/airflow/.local/lib/python3.12/site-packages/airflow/example_dags/example_xcom.py
[2025-10-27T11:18:09.518+0000] {logging_mixin.py:190} INFO - [2025-10-27T11:18:09.518+0000] {dag.py:3239} INFO - Sync 1 DAGs
[2025-10-27T11:18:09.537+0000] {logging_mixin.py:190} INFO - [2025-10-27T11:18:09.537+0000] {dag.py:4180} INFO - Setting next_dagrun for example_xcom to 2021-01-01 00:00:00+00:00, run_after=2021-01-01 00:00:00+00:00
[2025-10-27T11:18:09.588+0000] {processor.py:208} INFO - Processing /home/airflow/.local/lib/python3.12/site-packages/airflow/example_dags/example_xcom.py took 0.117 seconds
[2025-10-27T11:18:40.321+0000] {processor.py:186} INFO - Started process (PID=230) to work on /home/airflow/.local/lib/python3.12/site-packages/airflow/example_dags/example_xcom.py
[2025-10-27T11:18:40.323+0000] {processor.py:914} INFO - Processing file /home/airflow/.local/lib/python3.12/site-packages/airflow/example_dags/example_xcom.py for tasks to queue
[2025-10-27T11:18:40.327+0000] {logging_mixin.py:190} INFO - [2025-10-27T11:18:40.327+0000] {dagbag.py:588} INFO - Filling up the DagBag from /home/airflow/.local/lib/python3.12/site-packages/airflow/example_dags/example_xcom.py
[2025-10-27T11:18:40.340+0000] {processor.py:925} INFO - DAG(s) 'example_xcom' retrieved from /home/airflow/.local/lib/python3.12/site-packages/airflow/example_dags/example_xcom.py
[2025-10-27T11:18:40.367+0000] {logging_mixin.py:190} INFO - [2025-10-27T11:18:40.366+0000] {dag.py:3239} INFO - Sync 1 DAGs
[2025-10-27T11:18:40.400+0000] {logging_mixin.py:190} INFO - [2025-10-27T11:18:40.400+0000] {dag.py:4180} INFO - Setting next_dagrun for example_xcom to 2021-01-01 00:00:00+00:00, run_after=2021-01-01 00:00:00+00:00
[2025-10-27T11:18:40.426+0000] {processor.py:208} INFO - Processing /home/airflow/.local/lib/python3.12/site-packages/airflow/example_dags/example_xcom.py took 0.113 seconds
