[2025-10-27T11:17:35.891+0000] {processor.py:186} INFO - Started process (PID=69) to work on /home/airflow/.local/lib/python3.12/site-packages/airflow/example_dags/tutorial.py
[2025-10-27T11:17:35.892+0000] {processor.py:914} INFO - Processing file /home/airflow/.local/lib/python3.12/site-packages/airflow/example_dags/tutorial.py for tasks to queue
[2025-10-27T11:17:35.894+0000] {logging_mixin.py:190} INFO - [2025-10-27T11:17:35.893+0000] {dagbag.py:588} INFO - Filling up the DagBag from /home/airflow/.local/lib/python3.12/site-packages/airflow/example_dags/tutorial.py
[2025-10-27T11:17:35.901+0000] {processor.py:925} INFO - DAG(s) 'tutorial' retrieved from /home/airflow/.local/lib/python3.12/site-packages/airflow/example_dags/tutorial.py
[2025-10-27T11:17:35.918+0000] {logging_mixin.py:190} INFO - [2025-10-27T11:17:35.918+0000] {dag.py:3239} INFO - Sync 1 DAGs
[2025-10-27T11:17:35.934+0000] {logging_mixin.py:190} INFO - [2025-10-27T11:17:35.934+0000] {dag.py:4180} INFO - Setting next_dagrun for tutorial to 2025-10-26 00:00:00+00:00, run_after=2025-10-27 00:00:00+00:00
[2025-10-27T11:17:35.949+0000] {processor.py:208} INFO - Processing /home/airflow/.local/lib/python3.12/site-packages/airflow/example_dags/tutorial.py took 0.063 seconds
[2025-10-27T11:18:06.354+0000] {processor.py:186} INFO - Started process (PID=134) to work on /home/airflow/.local/lib/python3.12/site-packages/airflow/example_dags/tutorial.py
[2025-10-27T11:18:06.355+0000] {processor.py:914} INFO - Processing file /home/airflow/.local/lib/python3.12/site-packages/airflow/example_dags/tutorial.py for tasks to queue
[2025-10-27T11:18:06.357+0000] {logging_mixin.py:190} INFO - [2025-10-27T11:18:06.357+0000] {dagbag.py:588} INFO - Filling up the DagBag from /home/airflow/.local/lib/python3.12/site-packages/airflow/example_dags/tutorial.py
[2025-10-27T11:18:06.363+0000] {processor.py:925} INFO - DAG(s) 'tutorial' retrieved from /home/airflow/.local/lib/python3.12/site-packages/airflow/example_dags/tutorial.py
[2025-10-27T11:18:06.379+0000] {logging_mixin.py:190} INFO - [2025-10-27T11:18:06.379+0000] {dag.py:3239} INFO - Sync 1 DAGs
[2025-10-27T11:18:06.393+0000] {logging_mixin.py:190} INFO - [2025-10-27T11:18:06.393+0000] {dag.py:4180} INFO - Setting next_dagrun for tutorial to 2025-10-26 00:00:00+00:00, run_after=2025-10-27 00:00:00+00:00
[2025-10-27T11:18:06.407+0000] {processor.py:208} INFO - Processing /home/airflow/.local/lib/python3.12/site-packages/airflow/example_dags/tutorial.py took 0.057 seconds
[2025-10-27T11:18:37.468+0000] {processor.py:186} INFO - Started process (PID=205) to work on /home/airflow/.local/lib/python3.12/site-packages/airflow/example_dags/tutorial.py
[2025-10-27T11:18:37.470+0000] {processor.py:914} INFO - Processing file /home/airflow/.local/lib/python3.12/site-packages/airflow/example_dags/tutorial.py for tasks to queue
[2025-10-27T11:18:37.473+0000] {logging_mixin.py:190} INFO - [2025-10-27T11:18:37.473+0000] {dagbag.py:588} INFO - Filling up the DagBag from /home/airflow/.local/lib/python3.12/site-packages/airflow/example_dags/tutorial.py
[2025-10-27T11:18:37.480+0000] {processor.py:925} INFO - DAG(s) 'tutorial' retrieved from /home/airflow/.local/lib/python3.12/site-packages/airflow/example_dags/tutorial.py
[2025-10-27T11:18:37.499+0000] {logging_mixin.py:190} INFO - [2025-10-27T11:18:37.499+0000] {dag.py:3239} INFO - Sync 1 DAGs
[2025-10-27T11:18:37.518+0000] {logging_mixin.py:190} INFO - [2025-10-27T11:18:37.518+0000] {dag.py:4180} INFO - Setting next_dagrun for tutorial to 2025-10-26 00:00:00+00:00, run_after=2025-10-27 00:00:00+00:00
[2025-10-27T11:18:37.556+0000] {processor.py:208} INFO - Processing /home/airflow/.local/lib/python3.12/site-packages/airflow/example_dags/tutorial.py took 0.093 seconds
