[2025-11-13T19:14:31.571+0000] {local_task_job_runner.py:123} INFO - ::group::Pre task execution logs
[2025-11-13T19:14:31.587+0000] {taskinstance.py:2614} INFO - Dependencies all met for dep_context=non-requeueable deps ti=<TaskInstance: iot_sensor_data_dag.generate_sensor_data scheduled__2025-11-13T19:14:15+00:00 [queued]>
[2025-11-13T19:14:31.595+0000] {taskinstance.py:2614} INFO - Dependencies all met for dep_context=requeueable deps ti=<TaskInstance: iot_sensor_data_dag.generate_sensor_data scheduled__2025-11-13T19:14:15+00:00 [queued]>
[2025-11-13T19:14:31.597+0000] {taskinstance.py:2867} INFO - Starting attempt 1 of 1
[2025-11-13T19:14:31.769+0000] {taskinstance.py:2890} INFO - Executing <Task(PythonOperator): generate_sensor_data> on 2025-11-13 19:14:15+00:00
[2025-11-13T19:14:31.783+0000] {warnings.py:112} WARNING - /home/***/.local/lib/python3.12/site-packages/***/task/task_runner/standard_task_runner.py:70: DeprecationWarning: This process (pid=4995) is multi-threaded, use of fork() may lead to deadlocks in the child.
  pid = os.fork()

[2025-11-13T19:14:31.787+0000] {standard_task_runner.py:72} INFO - Started process 4997 to run task
[2025-11-13T19:14:31.787+0000] {standard_task_runner.py:104} INFO - Running: ['***', 'tasks', 'run', 'iot_sensor_data_dag', 'generate_sensor_data', 'scheduled__2025-11-13T19:14:15+00:00', '--job-id', '691', '--raw', '--subdir', 'DAGS_FOLDER/DEPI.py', '--cfg-path', '/tmp/tmpe4dhdcgu']
[2025-11-13T19:14:31.788+0000] {standard_task_runner.py:105} INFO - Job 691: Subtask generate_sensor_data
[2025-11-13T19:14:31.839+0000] {task_command.py:467} INFO - Running <TaskInstance: iot_sensor_data_dag.generate_sensor_data scheduled__2025-11-13T19:14:15+00:00 [running]> on host 4f76d54186b6
[2025-11-13T19:14:31.915+0000] {taskinstance.py:3134} INFO - Exporting env vars: AIRFLOW_CTX_DAG_OWNER='***' AIRFLOW_CTX_DAG_ID='iot_sensor_data_dag' AIRFLOW_CTX_TASK_ID='generate_sensor_data' AIRFLOW_CTX_EXECUTION_DATE='2025-11-13T19:14:15+00:00' AIRFLOW_CTX_TRY_NUMBER='1' AIRFLOW_CTX_DAG_RUN_ID='scheduled__2025-11-13T19:14:15+00:00'
[2025-11-13T19:14:31.917+0000] {logging_mixin.py:190} INFO - Task instance is in running state
[2025-11-13T19:14:31.918+0000] {logging_mixin.py:190} INFO -  Previous state of the Task instance: queued
[2025-11-13T19:14:31.919+0000] {logging_mixin.py:190} INFO - Current task name:generate_sensor_data state:running start_date:2025-11-13 19:14:31.588997+00:00
[2025-11-13T19:14:31.919+0000] {logging_mixin.py:190} INFO - Dag name:iot_sensor_data_dag and current dag run status:running
[2025-11-13T19:14:31.920+0000] {taskinstance.py:732} INFO - ::endgroup::
[2025-11-13T19:14:31.958+0000] {logging_mixin.py:190} INFO - [2025-11-13 19:14:31.939434] Inserted sensor data: {'time': datetime.datetime(2025, 11, 13, 19, 14, 31, 939434), 'temperature': 27.44332258903494, 'Dissolved_oxygen': 5.937309456033179, 'PH': 7.5230282259021, 'Ammonia': 0.010310395456920406, 'Nitrite': 0.05138375970697597, 'Turbidty': 39.20298983476446, '_id': ObjectId('69162e17b198034680e87f05')}
[2025-11-13T19:14:31.960+0000] {python.py:218} INFO - Done. Returned value was: None
[2025-11-13T19:14:31.972+0000] {taskinstance.py:341} INFO - ::group::Post task execution logs
[2025-11-13T19:14:31.973+0000] {taskinstance.py:353} INFO - Marking task as SUCCESS. dag_id=iot_sensor_data_dag, task_id=generate_sensor_data, run_id=scheduled__2025-11-13T19:14:15+00:00, execution_date=20251113T191415, start_date=20251113T191431, end_date=20251113T191431
[2025-11-13T19:14:31.995+0000] {logging_mixin.py:190} INFO - Task instance in success state
[2025-11-13T19:14:31.996+0000] {logging_mixin.py:190} INFO -  Previous state of the Task instance: running
[2025-11-13T19:14:31.997+0000] {logging_mixin.py:190} INFO - Dag name:iot_sensor_data_dag queued_at:2025-11-13 19:14:30.049387+00:00
[2025-11-13T19:14:31.998+0000] {logging_mixin.py:190} INFO - Task hostname:4f76d54186b6 operator:PythonOperator
[2025-11-13T19:14:32.015+0000] {local_task_job_runner.py:266} INFO - Task exited with return code 0
[2025-11-13T19:14:32.038+0000] {taskinstance.py:3901} INFO - 0 downstream tasks scheduled from follow-on schedule check
[2025-11-13T19:14:32.043+0000] {local_task_job_runner.py:245} INFO - ::endgroup::
