[2025-11-13T19:13:02.320+0000] {local_task_job_runner.py:123} INFO - ::group::Pre task execution logs
[2025-11-13T19:13:02.337+0000] {taskinstance.py:2614} INFO - Dependencies all met for dep_context=non-requeueable deps ti=<TaskInstance: iot_sensor_data_dag.generate_sensor_data scheduled__2025-11-13T19:12:45+00:00 [queued]>
[2025-11-13T19:13:02.345+0000] {taskinstance.py:2614} INFO - Dependencies all met for dep_context=requeueable deps ti=<TaskInstance: iot_sensor_data_dag.generate_sensor_data scheduled__2025-11-13T19:12:45+00:00 [queued]>
[2025-11-13T19:13:02.347+0000] {taskinstance.py:2867} INFO - Starting attempt 1 of 1
[2025-11-13T19:13:02.523+0000] {taskinstance.py:2890} INFO - Executing <Task(PythonOperator): generate_sensor_data> on 2025-11-13 19:12:45+00:00
[2025-11-13T19:13:02.531+0000] {warnings.py:112} WARNING - /home/***/.local/lib/python3.12/site-packages/***/task/task_runner/standard_task_runner.py:70: DeprecationWarning: This process (pid=4932) is multi-threaded, use of fork() may lead to deadlocks in the child.
  pid = os.fork()

[2025-11-13T19:13:02.533+0000] {standard_task_runner.py:72} INFO - Started process 4934 to run task
[2025-11-13T19:13:02.533+0000] {standard_task_runner.py:104} INFO - Running: ['***', 'tasks', 'run', 'iot_sensor_data_dag', 'generate_sensor_data', 'scheduled__2025-11-13T19:12:45+00:00', '--job-id', '685', '--raw', '--subdir', 'DAGS_FOLDER/DEPI.py', '--cfg-path', '/tmp/tmpjh54voe_']
[2025-11-13T19:13:02.535+0000] {standard_task_runner.py:105} INFO - Job 685: Subtask generate_sensor_data
[2025-11-13T19:13:02.604+0000] {task_command.py:467} INFO - Running <TaskInstance: iot_sensor_data_dag.generate_sensor_data scheduled__2025-11-13T19:12:45+00:00 [running]> on host 4f76d54186b6
[2025-11-13T19:13:02.689+0000] {taskinstance.py:3134} INFO - Exporting env vars: AIRFLOW_CTX_DAG_OWNER='***' AIRFLOW_CTX_DAG_ID='iot_sensor_data_dag' AIRFLOW_CTX_TASK_ID='generate_sensor_data' AIRFLOW_CTX_EXECUTION_DATE='2025-11-13T19:12:45+00:00' AIRFLOW_CTX_TRY_NUMBER='1' AIRFLOW_CTX_DAG_RUN_ID='scheduled__2025-11-13T19:12:45+00:00'
[2025-11-13T19:13:02.691+0000] {logging_mixin.py:190} INFO - Task instance is in running state
[2025-11-13T19:13:02.692+0000] {logging_mixin.py:190} INFO -  Previous state of the Task instance: queued
[2025-11-13T19:13:02.693+0000] {logging_mixin.py:190} INFO - Current task name:generate_sensor_data state:running start_date:2025-11-13 19:13:02.338500+00:00
[2025-11-13T19:13:02.693+0000] {logging_mixin.py:190} INFO - Dag name:iot_sensor_data_dag and current dag run status:running
[2025-11-13T19:13:02.694+0000] {taskinstance.py:732} INFO - ::endgroup::
[2025-11-13T19:13:02.729+0000] {logging_mixin.py:190} INFO - [2025-11-13 19:13:02.712235] Inserted sensor data: {'time': datetime.datetime(2025, 11, 13, 19, 13, 2, 712235), 'temperature': 27.31321690330128, 'Dissolved_oxygen': 6.018180157446176, 'PH': 7.4197057806925955, 'Ammonia': 0.010639342503428536, 'Nitrite': 0.05362657192091319, 'Turbidty': 39.10186313563953, '_id': ObjectId('69162dbea7844641410a7924')}
[2025-11-13T19:13:02.732+0000] {python.py:218} INFO - Done. Returned value was: None
[2025-11-13T19:13:02.746+0000] {taskinstance.py:341} INFO - ::group::Post task execution logs
[2025-11-13T19:13:02.747+0000] {taskinstance.py:353} INFO - Marking task as SUCCESS. dag_id=iot_sensor_data_dag, task_id=generate_sensor_data, run_id=scheduled__2025-11-13T19:12:45+00:00, execution_date=20251113T191245, start_date=20251113T191302, end_date=20251113T191302
[2025-11-13T19:13:02.771+0000] {logging_mixin.py:190} INFO - Task instance in success state
[2025-11-13T19:13:02.772+0000] {logging_mixin.py:190} INFO -  Previous state of the Task instance: running
[2025-11-13T19:13:02.772+0000] {logging_mixin.py:190} INFO - Dag name:iot_sensor_data_dag queued_at:2025-11-13 19:13:00.711755+00:00
[2025-11-13T19:13:02.773+0000] {logging_mixin.py:190} INFO - Task hostname:4f76d54186b6 operator:PythonOperator
[2025-11-13T19:13:02.797+0000] {local_task_job_runner.py:266} INFO - Task exited with return code 0
[2025-11-13T19:13:02.820+0000] {taskinstance.py:3901} INFO - 0 downstream tasks scheduled from follow-on schedule check
[2025-11-13T19:13:02.824+0000] {local_task_job_runner.py:245} INFO - ::endgroup::
