[2025-11-13T18:45:16.749+0000] {local_task_job_runner.py:123} INFO - ::group::Pre task execution logs
[2025-11-13T18:45:16.761+0000] {taskinstance.py:2614} INFO - Dependencies all met for dep_context=non-requeueable deps ti=<TaskInstance: iot_sensor_data_dag.generate_sensor_data scheduled__2025-11-13T18:45:00+00:00 [queued]>
[2025-11-13T18:45:16.766+0000] {taskinstance.py:2614} INFO - Dependencies all met for dep_context=requeueable deps ti=<TaskInstance: iot_sensor_data_dag.generate_sensor_data scheduled__2025-11-13T18:45:00+00:00 [queued]>
[2025-11-13T18:45:16.767+0000] {taskinstance.py:2867} INFO - Starting attempt 1 of 1
[2025-11-13T18:45:16.887+0000] {taskinstance.py:2890} INFO - Executing <Task(PythonOperator): generate_sensor_data> on 2025-11-13 18:45:00+00:00
[2025-11-13T18:45:16.893+0000] {warnings.py:112} WARNING - /home/***/.local/lib/python3.12/site-packages/***/task/task_runner/standard_task_runner.py:70: DeprecationWarning: This process (pid=3771) is multi-threaded, use of fork() may lead to deadlocks in the child.
  pid = os.fork()

[2025-11-13T18:45:16.895+0000] {standard_task_runner.py:104} INFO - Running: ['***', 'tasks', 'run', 'iot_sensor_data_dag', 'generate_sensor_data', 'scheduled__2025-11-13T18:45:00+00:00', '--job-id', '574', '--raw', '--subdir', 'DAGS_FOLDER/DEPI.py', '--cfg-path', '/tmp/tmp9a4fjx2w']
[2025-11-13T18:45:16.896+0000] {standard_task_runner.py:72} INFO - Started process 3773 to run task
[2025-11-13T18:45:16.897+0000] {standard_task_runner.py:105} INFO - Job 574: Subtask generate_sensor_data
[2025-11-13T18:45:16.940+0000] {task_command.py:467} INFO - Running <TaskInstance: iot_sensor_data_dag.generate_sensor_data scheduled__2025-11-13T18:45:00+00:00 [running]> on host 4f76d54186b6
[2025-11-13T18:45:17.005+0000] {taskinstance.py:3134} INFO - Exporting env vars: AIRFLOW_CTX_DAG_OWNER='***' AIRFLOW_CTX_DAG_ID='iot_sensor_data_dag' AIRFLOW_CTX_TASK_ID='generate_sensor_data' AIRFLOW_CTX_EXECUTION_DATE='2025-11-13T18:45:00+00:00' AIRFLOW_CTX_TRY_NUMBER='1' AIRFLOW_CTX_DAG_RUN_ID='scheduled__2025-11-13T18:45:00+00:00'
[2025-11-13T18:45:17.006+0000] {logging_mixin.py:190} INFO - Task instance is in running state
[2025-11-13T18:45:17.007+0000] {logging_mixin.py:190} INFO -  Previous state of the Task instance: queued
[2025-11-13T18:45:17.008+0000] {logging_mixin.py:190} INFO - Current task name:generate_sensor_data state:running start_date:2025-11-13 18:45:16.761803+00:00
[2025-11-13T18:45:17.008+0000] {logging_mixin.py:190} INFO - Dag name:iot_sensor_data_dag and current dag run status:running
[2025-11-13T18:45:17.009+0000] {taskinstance.py:732} INFO - ::endgroup::
[2025-11-13T18:45:17.039+0000] {logging_mixin.py:190} INFO - [2025-11-13 18:45:17.023475] Inserted sensor data: {'time': datetime.datetime(2025, 11, 13, 18, 45, 17, 23475), 'temperature': 27.636292864847274, 'Dissolved_oxygen': 5.961152927668603, 'PH': 7.588319358071165, 'Ammonia': 0.009216009089686682, 'Nitrite': 0.05300491757259368, 'Turbidty': 39.39915123312347, '_id': ObjectId('6916273db2e94a2295964ab3')}
[2025-11-13T18:45:17.041+0000] {python.py:218} INFO - Done. Returned value was: None
[2025-11-13T18:45:17.052+0000] {taskinstance.py:341} INFO - ::group::Post task execution logs
[2025-11-13T18:45:17.052+0000] {taskinstance.py:353} INFO - Marking task as SUCCESS. dag_id=iot_sensor_data_dag, task_id=generate_sensor_data, run_id=scheduled__2025-11-13T18:45:00+00:00, execution_date=20251113T184500, start_date=20251113T184516, end_date=20251113T184517
[2025-11-13T18:45:17.070+0000] {logging_mixin.py:190} INFO - Task instance in success state
[2025-11-13T18:45:17.071+0000] {logging_mixin.py:190} INFO -  Previous state of the Task instance: running
[2025-11-13T18:45:17.072+0000] {logging_mixin.py:190} INFO - Dag name:iot_sensor_data_dag queued_at:2025-11-13 18:45:15.560451+00:00
[2025-11-13T18:45:17.072+0000] {logging_mixin.py:190} INFO - Task hostname:4f76d54186b6 operator:PythonOperator
[2025-11-13T18:45:17.119+0000] {local_task_job_runner.py:266} INFO - Task exited with return code 0
[2025-11-13T18:45:17.147+0000] {taskinstance.py:3901} INFO - 0 downstream tasks scheduled from follow-on schedule check
[2025-11-13T18:45:17.151+0000] {local_task_job_runner.py:245} INFO - ::endgroup::
