[2025-11-13T18:36:02.082+0000] {local_task_job_runner.py:123} INFO - ::group::Pre task execution logs
[2025-11-13T18:36:02.096+0000] {taskinstance.py:2614} INFO - Dependencies all met for dep_context=non-requeueable deps ti=<TaskInstance: iot_sensor_data_dag.generate_sensor_data scheduled__2025-11-13T18:35:45+00:00 [queued]>
[2025-11-13T18:36:02.103+0000] {taskinstance.py:2614} INFO - Dependencies all met for dep_context=requeueable deps ti=<TaskInstance: iot_sensor_data_dag.generate_sensor_data scheduled__2025-11-13T18:35:45+00:00 [queued]>
[2025-11-13T18:36:02.104+0000] {taskinstance.py:2867} INFO - Starting attempt 1 of 1
[2025-11-13T18:36:02.228+0000] {taskinstance.py:2890} INFO - Executing <Task(PythonOperator): generate_sensor_data> on 2025-11-13 18:35:45+00:00
[2025-11-13T18:36:02.235+0000] {warnings.py:112} WARNING - /home/***/.local/lib/python3.12/site-packages/***/task/task_runner/standard_task_runner.py:70: DeprecationWarning: This process (pid=3388) is multi-threaded, use of fork() may lead to deadlocks in the child.
  pid = os.fork()

[2025-11-13T18:36:02.237+0000] {standard_task_runner.py:72} INFO - Started process 3390 to run task
[2025-11-13T18:36:02.237+0000] {standard_task_runner.py:104} INFO - Running: ['***', 'tasks', 'run', 'iot_sensor_data_dag', 'generate_sensor_data', 'scheduled__2025-11-13T18:35:45+00:00', '--job-id', '537', '--raw', '--subdir', 'DAGS_FOLDER/DEPI.py', '--cfg-path', '/tmp/tmph6ns928b']
[2025-11-13T18:36:02.251+0000] {standard_task_runner.py:105} INFO - Job 537: Subtask generate_sensor_data
[2025-11-13T18:36:02.298+0000] {task_command.py:467} INFO - Running <TaskInstance: iot_sensor_data_dag.generate_sensor_data scheduled__2025-11-13T18:35:45+00:00 [running]> on host 4f76d54186b6
[2025-11-13T18:36:02.365+0000] {taskinstance.py:3134} INFO - Exporting env vars: AIRFLOW_CTX_DAG_OWNER='***' AIRFLOW_CTX_DAG_ID='iot_sensor_data_dag' AIRFLOW_CTX_TASK_ID='generate_sensor_data' AIRFLOW_CTX_EXECUTION_DATE='2025-11-13T18:35:45+00:00' AIRFLOW_CTX_TRY_NUMBER='1' AIRFLOW_CTX_DAG_RUN_ID='scheduled__2025-11-13T18:35:45+00:00'
[2025-11-13T18:36:02.366+0000] {logging_mixin.py:190} INFO - Task instance is in running state
[2025-11-13T18:36:02.367+0000] {logging_mixin.py:190} INFO -  Previous state of the Task instance: queued
[2025-11-13T18:36:02.368+0000] {logging_mixin.py:190} INFO - Current task name:generate_sensor_data state:running start_date:2025-11-13 18:36:02.097659+00:00
[2025-11-13T18:36:02.369+0000] {logging_mixin.py:190} INFO - Dag name:iot_sensor_data_dag and current dag run status:running
[2025-11-13T18:36:02.370+0000] {taskinstance.py:732} INFO - ::endgroup::
[2025-11-13T18:36:02.400+0000] {logging_mixin.py:190} INFO - [2025-11-13 18:36:02.385178] Inserted sensor data: {'time': datetime.datetime(2025, 11, 13, 18, 36, 2, 385178), 'temperature': 27.35041571197192, 'Dissolved_oxygen': 5.970462376175087, 'PH': 7.506601365764156, 'Ammonia': 0.010135946415445945, 'Nitrite': 0.04877597011827239, 'Turbidty': 40.49771021586696, '_id': ObjectId('69162512c24377199cf9b1dd')}
[2025-11-13T18:36:02.403+0000] {python.py:218} INFO - Done. Returned value was: None
[2025-11-13T18:36:02.414+0000] {taskinstance.py:341} INFO - ::group::Post task execution logs
[2025-11-13T18:36:02.415+0000] {taskinstance.py:353} INFO - Marking task as SUCCESS. dag_id=iot_sensor_data_dag, task_id=generate_sensor_data, run_id=scheduled__2025-11-13T18:35:45+00:00, execution_date=20251113T183545, start_date=20251113T183602, end_date=20251113T183602
[2025-11-13T18:36:02.433+0000] {logging_mixin.py:190} INFO - Task instance in success state
[2025-11-13T18:36:02.435+0000] {logging_mixin.py:190} INFO -  Previous state of the Task instance: running
[2025-11-13T18:36:02.436+0000] {logging_mixin.py:190} INFO - Dag name:iot_sensor_data_dag queued_at:2025-11-13 18:36:00.841613+00:00
[2025-11-13T18:36:02.436+0000] {logging_mixin.py:190} INFO - Task hostname:4f76d54186b6 operator:PythonOperator
[2025-11-13T18:36:02.461+0000] {local_task_job_runner.py:266} INFO - Task exited with return code 0
[2025-11-13T18:36:02.481+0000] {taskinstance.py:3901} INFO - 0 downstream tasks scheduled from follow-on schedule check
[2025-11-13T18:36:02.486+0000] {local_task_job_runner.py:245} INFO - ::endgroup::
