[2025-11-16T22:48:46.752+0000] {local_task_job_runner.py:123} INFO - ::group::Pre task execution logs
[2025-11-16T22:48:46.765+0000] {taskinstance.py:2614} INFO - Dependencies all met for dep_context=non-requeueable deps ti=<TaskInstance: iot_sensor_data_dag.generate_sensor_data scheduled__2025-11-16T22:48:20+00:00 [queued]>
[2025-11-16T22:48:46.770+0000] {taskinstance.py:2614} INFO - Dependencies all met for dep_context=requeueable deps ti=<TaskInstance: iot_sensor_data_dag.generate_sensor_data scheduled__2025-11-16T22:48:20+00:00 [queued]>
[2025-11-16T22:48:46.771+0000] {taskinstance.py:2867} INFO - Starting attempt 1 of 1
[2025-11-16T22:48:46.882+0000] {taskinstance.py:2890} INFO - Executing <Task(PythonOperator): generate_sensor_data> on 2025-11-16 22:48:20+00:00
[2025-11-16T22:48:46.889+0000] {warnings.py:112} WARNING - /home/***/.local/lib/python3.12/site-packages/***/task/task_runner/standard_task_runner.py:70: DeprecationWarning: This process (pid=1745) is multi-threaded, use of fork() may lead to deadlocks in the child.
  pid = os.fork()

[2025-11-16T22:48:46.890+0000] {standard_task_runner.py:72} INFO - Started process 1748 to run task
[2025-11-16T22:48:46.891+0000] {standard_task_runner.py:104} INFO - Running: ['***', 'tasks', 'run', 'iot_sensor_data_dag', 'generate_sensor_data', 'scheduled__2025-11-16T22:48:20+00:00', '--job-id', '2110', '--raw', '--subdir', 'DAGS_FOLDER/DEPI.py', '--cfg-path', '/tmp/tmpu1jz924p']
[2025-11-16T22:48:46.891+0000] {standard_task_runner.py:105} INFO - Job 2110: Subtask generate_sensor_data
[2025-11-16T22:48:46.927+0000] {task_command.py:467} INFO - Running <TaskInstance: iot_sensor_data_dag.generate_sensor_data scheduled__2025-11-16T22:48:20+00:00 [running]> on host 4f76d54186b6
[2025-11-16T22:48:46.982+0000] {taskinstance.py:3134} INFO - Exporting env vars: AIRFLOW_CTX_DAG_OWNER='***' AIRFLOW_CTX_DAG_ID='iot_sensor_data_dag' AIRFLOW_CTX_TASK_ID='generate_sensor_data' AIRFLOW_CTX_EXECUTION_DATE='2025-11-16T22:48:20+00:00' AIRFLOW_CTX_TRY_NUMBER='1' AIRFLOW_CTX_DAG_RUN_ID='scheduled__2025-11-16T22:48:20+00:00'
[2025-11-16T22:48:46.984+0000] {logging_mixin.py:190} INFO - Task instance is in running state
[2025-11-16T22:48:46.984+0000] {logging_mixin.py:190} INFO -  Previous state of the Task instance: queued
[2025-11-16T22:48:46.985+0000] {logging_mixin.py:190} INFO - Current task name:generate_sensor_data state:running start_date:2025-11-16 22:48:46.765997+00:00
[2025-11-16T22:48:46.985+0000] {logging_mixin.py:190} INFO - Dag name:iot_sensor_data_dag and current dag run status:running
[2025-11-16T22:48:46.985+0000] {taskinstance.py:732} INFO - ::endgroup::
[2025-11-16T22:53:55.005+0000] {python.py:218} INFO - Done. Returned value was: None
[2025-11-16T22:53:55.016+0000] {taskinstance.py:341} INFO - ::group::Post task execution logs
[2025-11-16T22:53:55.017+0000] {taskinstance.py:353} INFO - Marking task as SUCCESS. dag_id=iot_sensor_data_dag, task_id=generate_sensor_data, run_id=scheduled__2025-11-16T22:48:20+00:00, execution_date=20251116T224820, start_date=20251116T224846, end_date=20251116T225355
[2025-11-16T22:53:55.042+0000] {logging_mixin.py:190} INFO - Task instance in success state
[2025-11-16T22:53:55.043+0000] {logging_mixin.py:190} INFO -  Previous state of the Task instance: running
[2025-11-16T22:53:55.044+0000] {logging_mixin.py:190} INFO - Dag name:iot_sensor_data_dag queued_at:2025-11-16 22:48:45.496645+00:00
[2025-11-16T22:53:55.045+0000] {logging_mixin.py:190} INFO - Task hostname:4f76d54186b6 operator:PythonOperator
[2025-11-16T22:53:55.089+0000] {local_task_job_runner.py:266} INFO - Task exited with return code 0
[2025-11-16T22:53:55.109+0000] {taskinstance.py:3901} INFO - 1 downstream tasks scheduled from follow-on schedule check
[2025-11-16T22:53:55.112+0000] {local_task_job_runner.py:245} INFO - ::endgroup::
