[2025-11-17T19:49:11.471+0000] {local_task_job_runner.py:123} INFO - ::group::Pre task execution logs
[2025-11-17T19:49:11.597+0000] {taskinstance.py:2614} INFO - Dependencies all met for dep_context=non-requeueable deps ti=<TaskInstance: iot_kafka_with_env.generate_data scheduled__2025-11-17T19:48:45+00:00 [queued]>
[2025-11-17T19:49:11.604+0000] {taskinstance.py:2614} INFO - Dependencies all met for dep_context=requeueable deps ti=<TaskInstance: iot_kafka_with_env.generate_data scheduled__2025-11-17T19:48:45+00:00 [queued]>
[2025-11-17T19:49:11.605+0000] {taskinstance.py:2867} INFO - Starting attempt 1 of 1
[2025-11-17T19:49:11.615+0000] {taskinstance.py:2890} INFO - Executing <Task(PythonOperator): generate_data> on 2025-11-17 19:48:45+00:00
[2025-11-17T19:49:11.621+0000] {warnings.py:112} WARNING - /home/***/.local/lib/python3.12/site-packages/***/task/task_runner/standard_task_runner.py:70: DeprecationWarning: This process (pid=610) is multi-threaded, use of fork() may lead to deadlocks in the child.
  pid = os.fork()

[2025-11-17T19:49:11.623+0000] {standard_task_runner.py:72} INFO - Started process 612 to run task
[2025-11-17T19:49:11.623+0000] {standard_task_runner.py:104} INFO - Running: ['***', 'tasks', 'run', 'iot_kafka_with_env', 'generate_data', 'scheduled__2025-11-17T19:48:45+00:00', '--job-id', '2582', '--raw', '--subdir', 'DAGS_FOLDER/IOT.py', '--cfg-path', '/tmp/tmp695dzyju']
[2025-11-17T19:49:11.624+0000] {standard_task_runner.py:105} INFO - Job 2582: Subtask generate_data
[2025-11-17T19:49:11.669+0000] {task_command.py:467} INFO - Running <TaskInstance: iot_kafka_with_env.generate_data scheduled__2025-11-17T19:48:45+00:00 [running]> on host 4f76d54186b6
[2025-11-17T19:49:11.728+0000] {taskinstance.py:3134} INFO - Exporting env vars: AIRFLOW_CTX_DAG_OWNER='***' AIRFLOW_CTX_DAG_ID='iot_kafka_with_env' AIRFLOW_CTX_TASK_ID='generate_data' AIRFLOW_CTX_EXECUTION_DATE='2025-11-17T19:48:45+00:00' AIRFLOW_CTX_TRY_NUMBER='1' AIRFLOW_CTX_DAG_RUN_ID='scheduled__2025-11-17T19:48:45+00:00'
[2025-11-17T19:49:11.730+0000] {logging_mixin.py:190} INFO - Task instance is in running state
[2025-11-17T19:49:11.731+0000] {logging_mixin.py:190} INFO -  Previous state of the Task instance: queued
[2025-11-17T19:49:11.732+0000] {logging_mixin.py:190} INFO - Current task name:generate_data state:running start_date:2025-11-17 19:49:11.599102+00:00
[2025-11-17T19:49:11.732+0000] {logging_mixin.py:190} INFO - Dag name:iot_kafka_with_env and current dag run status:running
[2025-11-17T19:49:11.733+0000] {taskinstance.py:732} INFO - ::endgroup::
[2025-11-17T19:49:11.734+0000] {python.py:218} INFO - Done. Returned value was: {'time': '2025-11-17T19:49:11.734724', 'temperature': 27.608649946717765, 'Dissolved_oxygen': 6.057327528554429, 'PH': 7.548711760970621, 'Ammonia': 0.00972492812426564, 'Nitrite': 0.05163198269327923, 'Turbidty': 40.118431379903356}
[2025-11-17T19:49:11.751+0000] {taskinstance.py:341} INFO - ::group::Post task execution logs
[2025-11-17T19:49:11.752+0000] {taskinstance.py:353} INFO - Marking task as SUCCESS. dag_id=iot_kafka_with_env, task_id=generate_data, run_id=scheduled__2025-11-17T19:48:45+00:00, execution_date=20251117T194845, start_date=20251117T194911, end_date=20251117T194911
[2025-11-17T19:49:11.770+0000] {logging_mixin.py:190} INFO - Task instance in success state
[2025-11-17T19:49:11.771+0000] {logging_mixin.py:190} INFO -  Previous state of the Task instance: running
[2025-11-17T19:49:11.771+0000] {logging_mixin.py:190} INFO - Dag name:iot_kafka_with_env queued_at:2025-11-17 19:49:10.357450+00:00
[2025-11-17T19:49:11.772+0000] {logging_mixin.py:190} INFO - Task hostname:4f76d54186b6 operator:PythonOperator
[2025-11-17T19:49:11.798+0000] {local_task_job_runner.py:266} INFO - Task exited with return code 0
[2025-11-17T19:49:11.815+0000] {taskinstance.py:3901} INFO - 1 downstream tasks scheduled from follow-on schedule check
[2025-11-17T19:49:11.818+0000] {local_task_job_runner.py:245} INFO - ::endgroup::
