[2025-11-15T12:13:48.694+0000] {local_task_job_runner.py:123} INFO - ::group::Pre task execution logs
[2025-11-15T12:13:48.708+0000] {taskinstance.py:2614} INFO - Dependencies all met for dep_context=non-requeueable deps ti=<TaskInstance: iot_sensor_data_dag.generate_sensor_data scheduled__2025-11-15T12:13:30+00:00 [queued]>
[2025-11-15T12:13:48.716+0000] {taskinstance.py:2614} INFO - Dependencies all met for dep_context=requeueable deps ti=<TaskInstance: iot_sensor_data_dag.generate_sensor_data scheduled__2025-11-15T12:13:30+00:00 [queued]>
[2025-11-15T12:13:48.716+0000] {taskinstance.py:2867} INFO - Starting attempt 1 of 1
[2025-11-15T12:13:48.729+0000] {taskinstance.py:2890} INFO - Executing <Task(PythonOperator): generate_sensor_data> on 2025-11-15 12:13:30+00:00
[2025-11-15T12:13:48.738+0000] {warnings.py:112} WARNING - /home/***/.local/lib/python3.12/site-packages/***/task/task_runner/standard_task_runner.py:70: DeprecationWarning: This process (pid=838) is multi-threaded, use of fork() may lead to deadlocks in the child.
  pid = os.fork()

[2025-11-15T12:13:48.739+0000] {standard_task_runner.py:104} INFO - Running: ['***', 'tasks', 'run', 'iot_sensor_data_dag', 'generate_sensor_data', 'scheduled__2025-11-15T12:13:30+00:00', '--job-id', '1237', '--raw', '--subdir', 'DAGS_FOLDER/DEPI.py', '--cfg-path', '/tmp/tmpyt0pwzgj']
[2025-11-15T12:13:48.740+0000] {standard_task_runner.py:72} INFO - Started process 840 to run task
[2025-11-15T12:13:48.740+0000] {standard_task_runner.py:105} INFO - Job 1237: Subtask generate_sensor_data
[2025-11-15T12:13:50.877+0000] {task_command.py:467} INFO - Running <TaskInstance: iot_sensor_data_dag.generate_sensor_data scheduled__2025-11-15T12:13:30+00:00 [running]> on host 4f76d54186b6
[2025-11-15T12:13:52.310+0000] {taskinstance.py:3134} INFO - Exporting env vars: AIRFLOW_CTX_DAG_OWNER='***' AIRFLOW_CTX_DAG_ID='iot_sensor_data_dag' AIRFLOW_CTX_TASK_ID='generate_sensor_data' AIRFLOW_CTX_EXECUTION_DATE='2025-11-15T12:13:30+00:00' AIRFLOW_CTX_TRY_NUMBER='1' AIRFLOW_CTX_DAG_RUN_ID='scheduled__2025-11-15T12:13:30+00:00'
[2025-11-15T12:13:52.320+0000] {logging_mixin.py:190} INFO - Task instance is in running state
[2025-11-15T12:13:52.321+0000] {logging_mixin.py:190} INFO -  Previous state of the Task instance: queued
[2025-11-15T12:13:52.321+0000] {logging_mixin.py:190} INFO - Current task name:generate_sensor_data state:running start_date:2025-11-15 12:13:48.709687+00:00
[2025-11-15T12:13:52.322+0000] {logging_mixin.py:190} INFO - Dag name:iot_sensor_data_dag and current dag run status:running
[2025-11-15T12:13:52.323+0000] {taskinstance.py:732} INFO - ::endgroup::
[2025-11-15T12:13:53.156+0000] {logging_mixin.py:190} INFO - [2025-11-15 12:13:52.460257] Inserted sensor data: {'time': '2025-11-15T12:13:52.460257', 'temperature': 27.69721037521168, 'Dissolved_oxygen': 5.9351458964616395, 'PH': 7.494667811172153, 'Ammonia': 0.009742049965157266, 'Nitrite': 0.05161811503334361, 'Turbidty': 40.23011058857351, '_id': '69186e80860d7b488ab674bf'}
[2025-11-15T12:14:12.412+0000] {job.py:229} INFO - Heartbeat recovered after 23.78 seconds
[2025-11-15T12:14:33.952+0000] {job.py:229} INFO - Heartbeat recovered after 21.54 seconds
[2025-11-15T12:17:05.968+0000] {job.py:229} INFO - Heartbeat recovered after 92.19 seconds
[2025-11-15T12:18:46.411+0000] {python.py:218} INFO - Done. Returned value was: None
[2025-11-15T12:18:46.424+0000] {taskinstance.py:341} INFO - ::group::Post task execution logs
[2025-11-15T12:18:46.425+0000] {taskinstance.py:353} INFO - Marking task as SUCCESS. dag_id=iot_sensor_data_dag, task_id=generate_sensor_data, run_id=scheduled__2025-11-15T12:13:30+00:00, execution_date=20251115T121330, start_date=20251115T121348, end_date=20251115T121846
[2025-11-15T12:18:46.479+0000] {logging_mixin.py:190} INFO - Task instance in success state
[2025-11-15T12:18:46.479+0000] {logging_mixin.py:190} INFO -  Previous state of the Task instance: running
[2025-11-15T12:18:46.480+0000] {logging_mixin.py:190} INFO - Dag name:iot_sensor_data_dag queued_at:2025-11-15 12:13:45.749012+00:00
[2025-11-15T12:18:46.480+0000] {logging_mixin.py:190} INFO - Task hostname:4f76d54186b6 operator:PythonOperator
[2025-11-15T12:18:46.497+0000] {local_task_job_runner.py:266} INFO - Task exited with return code 0
[2025-11-15T12:18:46.515+0000] {taskinstance.py:3901} INFO - 0 downstream tasks scheduled from follow-on schedule check
[2025-11-15T12:18:46.521+0000] {local_task_job_runner.py:245} INFO - ::endgroup::
