[2025-11-16T22:18:46.221+0000] {local_task_job_runner.py:123} INFO - ::group::Pre task execution logs
[2025-11-16T22:18:46.234+0000] {taskinstance.py:2614} INFO - Dependencies all met for dep_context=non-requeueable deps ti=<TaskInstance: iot_sensor_data_dag.generate_sensor_data scheduled__2025-11-16T22:18:20+00:00 [queued]>
[2025-11-16T22:18:46.240+0000] {taskinstance.py:2614} INFO - Dependencies all met for dep_context=requeueable deps ti=<TaskInstance: iot_sensor_data_dag.generate_sensor_data scheduled__2025-11-16T22:18:20+00:00 [queued]>
[2025-11-16T22:18:46.241+0000] {taskinstance.py:2867} INFO - Starting attempt 1 of 1
[2025-11-16T22:18:46.259+0000] {taskinstance.py:2890} INFO - Executing <Task(PythonOperator): generate_sensor_data> on 2025-11-16 22:18:20+00:00
[2025-11-16T22:18:46.268+0000] {warnings.py:112} WARNING - /home/***/.local/lib/python3.12/site-packages/***/task/task_runner/standard_task_runner.py:70: DeprecationWarning: This process (pid=9760) is multi-threaded, use of fork() may lead to deadlocks in the child.
  pid = os.fork()

[2025-11-16T22:18:46.270+0000] {standard_task_runner.py:72} INFO - Started process 9764 to run task
[2025-11-16T22:18:46.271+0000] {standard_task_runner.py:104} INFO - Running: ['***', 'tasks', 'run', 'iot_sensor_data_dag', 'generate_sensor_data', 'scheduled__2025-11-16T22:18:20+00:00', '--job-id', '2023', '--raw', '--subdir', 'DAGS_FOLDER/DEPI.py', '--cfg-path', '/tmp/tmp71d0n3ij']
[2025-11-16T22:18:46.272+0000] {standard_task_runner.py:105} INFO - Job 2023: Subtask generate_sensor_data
[2025-11-16T22:18:46.517+0000] {task_command.py:467} INFO - Running <TaskInstance: iot_sensor_data_dag.generate_sensor_data scheduled__2025-11-16T22:18:20+00:00 [running]> on host 4f76d54186b6
[2025-11-16T22:18:46.572+0000] {taskinstance.py:3134} INFO - Exporting env vars: AIRFLOW_CTX_DAG_OWNER='***' AIRFLOW_CTX_DAG_ID='iot_sensor_data_dag' AIRFLOW_CTX_TASK_ID='generate_sensor_data' AIRFLOW_CTX_EXECUTION_DATE='2025-11-16T22:18:20+00:00' AIRFLOW_CTX_TRY_NUMBER='1' AIRFLOW_CTX_DAG_RUN_ID='scheduled__2025-11-16T22:18:20+00:00'
[2025-11-16T22:18:46.574+0000] {logging_mixin.py:190} INFO - Task instance is in running state
[2025-11-16T22:18:46.574+0000] {logging_mixin.py:190} INFO -  Previous state of the Task instance: queued
[2025-11-16T22:18:46.575+0000] {logging_mixin.py:190} INFO - Current task name:generate_sensor_data state:running start_date:2025-11-16 22:18:46.234758+00:00
[2025-11-16T22:18:46.575+0000] {logging_mixin.py:190} INFO - Dag name:iot_sensor_data_dag and current dag run status:running
[2025-11-16T22:18:46.576+0000] {taskinstance.py:732} INFO - ::endgroup::
[2025-11-16T22:23:50.993+0000] {python.py:218} INFO - Done. Returned value was: None
[2025-11-16T22:23:51.031+0000] {taskinstance.py:341} INFO - ::group::Post task execution logs
[2025-11-16T22:23:51.033+0000] {taskinstance.py:353} INFO - Marking task as SUCCESS. dag_id=iot_sensor_data_dag, task_id=generate_sensor_data, run_id=scheduled__2025-11-16T22:18:20+00:00, execution_date=20251116T221820, start_date=20251116T221846, end_date=20251116T222351
[2025-11-16T22:23:51.067+0000] {logging_mixin.py:190} INFO - Task instance in success state
[2025-11-16T22:23:51.068+0000] {logging_mixin.py:190} INFO -  Previous state of the Task instance: running
[2025-11-16T22:23:51.069+0000] {logging_mixin.py:190} INFO - Dag name:iot_sensor_data_dag queued_at:2025-11-16 22:18:45.049360+00:00
[2025-11-16T22:23:51.070+0000] {logging_mixin.py:190} INFO - Task hostname:4f76d54186b6 operator:PythonOperator
[2025-11-16T22:23:51.094+0000] {local_task_job_runner.py:266} INFO - Task exited with return code 0
[2025-11-16T22:23:51.118+0000] {taskinstance.py:3901} INFO - 1 downstream tasks scheduled from follow-on schedule check
[2025-11-16T22:23:51.121+0000] {local_task_job_runner.py:245} INFO - ::endgroup::
