[2025-11-15T12:14:45.050+0000] {local_task_job_runner.py:123} INFO - ::group::Pre task execution logs
[2025-11-15T12:14:45.061+0000] {taskinstance.py:2614} INFO - Dependencies all met for dep_context=non-requeueable deps ti=<TaskInstance: iot_sensor_data_dag.generate_sensor_data scheduled__2025-11-15T12:14:15+00:00 [queued]>
[2025-11-15T12:14:45.079+0000] {taskinstance.py:2614} INFO - Dependencies all met for dep_context=requeueable deps ti=<TaskInstance: iot_sensor_data_dag.generate_sensor_data scheduled__2025-11-15T12:14:15+00:00 [queued]>
[2025-11-15T12:14:45.081+0000] {taskinstance.py:2867} INFO - Starting attempt 1 of 1
[2025-11-15T12:14:45.092+0000] {taskinstance.py:2890} INFO - Executing <Task(PythonOperator): generate_sensor_data> on 2025-11-15 12:14:15+00:00
[2025-11-15T12:14:45.100+0000] {warnings.py:112} WARNING - /home/***/.local/lib/python3.12/site-packages/***/task/task_runner/standard_task_runner.py:70: DeprecationWarning: This process (pid=856) is multi-threaded, use of fork() may lead to deadlocks in the child.
  pid = os.fork()

[2025-11-15T12:14:45.102+0000] {standard_task_runner.py:72} INFO - Started process 865 to run task
[2025-11-15T12:14:45.101+0000] {standard_task_runner.py:104} INFO - Running: ['***', 'tasks', 'run', 'iot_sensor_data_dag', 'generate_sensor_data', 'scheduled__2025-11-15T12:14:15+00:00', '--job-id', '1238', '--raw', '--subdir', 'DAGS_FOLDER/DEPI.py', '--cfg-path', '/tmp/tmpw7b31hkw']
[2025-11-15T12:14:45.103+0000] {standard_task_runner.py:105} INFO - Job 1238: Subtask generate_sensor_data
[2025-11-15T12:14:45.326+0000] {task_command.py:467} INFO - Running <TaskInstance: iot_sensor_data_dag.generate_sensor_data scheduled__2025-11-15T12:14:15+00:00 [running]> on host 4f76d54186b6
[2025-11-15T12:14:45.394+0000] {taskinstance.py:3134} INFO - Exporting env vars: AIRFLOW_CTX_DAG_OWNER='***' AIRFLOW_CTX_DAG_ID='iot_sensor_data_dag' AIRFLOW_CTX_TASK_ID='generate_sensor_data' AIRFLOW_CTX_EXECUTION_DATE='2025-11-15T12:14:15+00:00' AIRFLOW_CTX_TRY_NUMBER='1' AIRFLOW_CTX_DAG_RUN_ID='scheduled__2025-11-15T12:14:15+00:00'
[2025-11-15T12:14:45.395+0000] {logging_mixin.py:190} INFO - Task instance is in running state
[2025-11-15T12:14:45.396+0000] {logging_mixin.py:190} INFO -  Previous state of the Task instance: queued
[2025-11-15T12:14:45.396+0000] {logging_mixin.py:190} INFO - Current task name:generate_sensor_data state:running start_date:2025-11-15 12:14:45.074540+00:00
[2025-11-15T12:14:45.397+0000] {logging_mixin.py:190} INFO - Dag name:iot_sensor_data_dag and current dag run status:running
[2025-11-15T12:14:45.397+0000] {taskinstance.py:732} INFO - ::endgroup::
[2025-11-15T12:14:45.495+0000] {logging_mixin.py:190} INFO - [2025-11-15 12:14:45.431270] Inserted sensor data: {'time': '2025-11-15T12:14:45.431270', 'temperature': 27.666671730352743, 'Dissolved_oxygen': 5.961242285645616, 'PH': 7.563997315292167, 'Ammonia': 0.010171475277976351, 'Nitrite': 0.04672257174213598, 'Turbidty': 39.74979198129007, '_id': '69186eb51c2013bb8c5560b7'}
[2025-11-15T12:17:05.964+0000] {job.py:229} INFO - Heartbeat recovered after 90.46 seconds
[2025-11-15T12:19:38.559+0000] {python.py:218} INFO - Done. Returned value was: None
[2025-11-15T12:19:38.571+0000] {taskinstance.py:341} INFO - ::group::Post task execution logs
[2025-11-15T12:19:38.572+0000] {taskinstance.py:353} INFO - Marking task as SUCCESS. dag_id=iot_sensor_data_dag, task_id=generate_sensor_data, run_id=scheduled__2025-11-15T12:14:15+00:00, execution_date=20251115T121415, start_date=20251115T121445, end_date=20251115T121938
[2025-11-15T12:19:38.592+0000] {logging_mixin.py:190} INFO - Task instance in success state
[2025-11-15T12:19:38.594+0000] {logging_mixin.py:190} INFO -  Previous state of the Task instance: running
[2025-11-15T12:19:38.595+0000] {logging_mixin.py:190} INFO - Dag name:iot_sensor_data_dag queued_at:2025-11-15 12:14:39.635485+00:00
[2025-11-15T12:19:38.595+0000] {logging_mixin.py:190} INFO - Task hostname:4f76d54186b6 operator:PythonOperator
[2025-11-15T12:19:38.612+0000] {local_task_job_runner.py:266} INFO - Task exited with return code 0
[2025-11-15T12:19:38.632+0000] {taskinstance.py:3901} INFO - 0 downstream tasks scheduled from follow-on schedule check
[2025-11-15T12:19:38.635+0000] {local_task_job_runner.py:245} INFO - ::endgroup::
