[2025-10-27T11:18:16.366+0000] {local_task_job_runner.py:123} INFO - ::group::Pre task execution logs
[2025-10-27T11:18:16.380+0000] {taskinstance.py:2614} INFO - Dependencies all met for dep_context=non-requeueable deps ti=<TaskInstance: iot_sensor_data_dag.generate_sensor_data scheduled__2025-10-27T11:18:00+00:00 [queued]>
[2025-10-27T11:18:16.386+0000] {taskinstance.py:2614} INFO - Dependencies all met for dep_context=requeueable deps ti=<TaskInstance: iot_sensor_data_dag.generate_sensor_data scheduled__2025-10-27T11:18:00+00:00 [queued]>
[2025-10-27T11:18:16.387+0000] {taskinstance.py:2867} INFO - Starting attempt 1 of 1
[2025-10-27T11:18:16.549+0000] {taskinstance.py:2890} INFO - Executing <Task(PythonOperator): generate_sensor_data> on 2025-10-27 11:18:00+00:00
[2025-10-27T11:18:16.557+0000] {warnings.py:112} WARNING - /home/***/.local/lib/python3.12/site-packages/***/task/task_runner/standard_task_runner.py:70: DeprecationWarning: This process (pid=114) is multi-threaded, use of fork() may lead to deadlocks in the child.
  pid = os.fork()

[2025-10-27T11:18:16.560+0000] {standard_task_runner.py:104} INFO - Running: ['***', 'tasks', 'run', 'iot_sensor_data_dag', 'generate_sensor_data', 'scheduled__2025-10-27T11:18:00+00:00', '--job-id', '215', '--raw', '--subdir', 'DAGS_FOLDER/DEPI.py', '--cfg-path', '/tmp/tmpnyayc4fv']
[2025-10-27T11:18:16.562+0000] {standard_task_runner.py:72} INFO - Started process 116 to run task
[2025-10-27T11:18:16.563+0000] {standard_task_runner.py:105} INFO - Job 215: Subtask generate_sensor_data
[2025-10-27T11:18:16.618+0000] {task_command.py:467} INFO - Running <TaskInstance: iot_sensor_data_dag.generate_sensor_data scheduled__2025-10-27T11:18:00+00:00 [running]> on host 4f76d54186b6
[2025-10-27T11:18:16.681+0000] {taskinstance.py:3134} INFO - Exporting env vars: AIRFLOW_CTX_DAG_OWNER='***' AIRFLOW_CTX_DAG_ID='iot_sensor_data_dag' AIRFLOW_CTX_TASK_ID='generate_sensor_data' AIRFLOW_CTX_EXECUTION_DATE='2025-10-27T11:18:00+00:00' AIRFLOW_CTX_TRY_NUMBER='1' AIRFLOW_CTX_DAG_RUN_ID='scheduled__2025-10-27T11:18:00+00:00'
[2025-10-27T11:18:16.682+0000] {logging_mixin.py:190} INFO - Task instance is in running state
[2025-10-27T11:18:16.683+0000] {logging_mixin.py:190} INFO -  Previous state of the Task instance: queued
[2025-10-27T11:18:16.684+0000] {logging_mixin.py:190} INFO - Current task name:generate_sensor_data state:running start_date:2025-10-27 11:18:16.381191+00:00
[2025-10-27T11:18:16.685+0000] {logging_mixin.py:190} INFO - Dag name:iot_sensor_data_dag and current dag run status:running
[2025-10-27T11:18:16.686+0000] {taskinstance.py:732} INFO - ::endgroup::
[2025-10-27T11:18:16.717+0000] {logging_mixin.py:190} INFO - [2025-10-27 11:18:16.701221] Inserted sensor data: {'time': datetime.datetime(2025, 10, 27, 11, 18, 16, 701221), 'temperature': 27.57481252488941, 'Dissolved_oxygen': 6.084858932453633, 'PH': 7.539335861147395, 'Ammonia': 0.009699211425255086, 'Nitrite': 0.05081155336483649, 'Turbidty': 39.37876117829975, '_id': ObjectId('68ff54f8e81cde6a79ca5e60')}
[2025-10-27T11:18:16.720+0000] {python.py:218} INFO - Done. Returned value was: None
[2025-10-27T11:18:16.729+0000] {taskinstance.py:341} INFO - ::group::Post task execution logs
[2025-10-27T11:18:16.730+0000] {taskinstance.py:353} INFO - Marking task as SUCCESS. dag_id=iot_sensor_data_dag, task_id=generate_sensor_data, run_id=scheduled__2025-10-27T11:18:00+00:00, execution_date=20251027T111800, start_date=20251027T111816, end_date=20251027T111816
[2025-10-27T11:18:16.748+0000] {logging_mixin.py:190} INFO - Task instance in success state
[2025-10-27T11:18:16.749+0000] {logging_mixin.py:190} INFO -  Previous state of the Task instance: running
[2025-10-27T11:18:16.750+0000] {logging_mixin.py:190} INFO - Dag name:iot_sensor_data_dag queued_at:2025-10-27 11:18:15.085232+00:00
[2025-10-27T11:18:16.750+0000] {logging_mixin.py:190} INFO - Task hostname:4f76d54186b6 operator:PythonOperator
[2025-10-27T11:18:16.780+0000] {local_task_job_runner.py:266} INFO - Task exited with return code 0
[2025-10-27T11:18:16.803+0000] {taskinstance.py:3901} INFO - 0 downstream tasks scheduled from follow-on schedule check
[2025-10-27T11:18:16.807+0000] {local_task_job_runner.py:245} INFO - ::endgroup::
