[2025-11-17T10:32:31.717+0000] {local_task_job_runner.py:123} INFO - ::group::Pre task execution logs
[2025-11-17T10:32:31.728+0000] {taskinstance.py:2614} INFO - Dependencies all met for dep_context=non-requeueable deps ti=<TaskInstance: iot_sensor_data_dag.generate_sensor_data scheduled__2025-11-17T10:32:05+00:00 [queued]>
[2025-11-17T10:32:31.733+0000] {taskinstance.py:2614} INFO - Dependencies all met for dep_context=requeueable deps ti=<TaskInstance: iot_sensor_data_dag.generate_sensor_data scheduled__2025-11-17T10:32:05+00:00 [queued]>
[2025-11-17T10:32:31.733+0000] {taskinstance.py:2867} INFO - Starting attempt 1 of 1
[2025-11-17T10:32:31.839+0000] {taskinstance.py:2890} INFO - Executing <Task(PythonOperator): generate_sensor_data> on 2025-11-17 10:32:05+00:00
[2025-11-17T10:32:31.846+0000] {warnings.py:112} WARNING - /home/***/.local/lib/python3.12/site-packages/***/task/task_runner/standard_task_runner.py:70: DeprecationWarning: This process (pid=107) is multi-threaded, use of fork() may lead to deadlocks in the child.
  pid = os.fork()

[2025-11-17T10:32:31.848+0000] {standard_task_runner.py:72} INFO - Started process 109 to run task
[2025-11-17T10:32:31.848+0000] {standard_task_runner.py:104} INFO - Running: ['***', 'tasks', 'run', 'iot_sensor_data_dag', 'generate_sensor_data', 'scheduled__2025-11-17T10:32:05+00:00', '--job-id', '2258', '--raw', '--subdir', 'DAGS_FOLDER/DEPI.py', '--cfg-path', '/tmp/tmp9tkny3_x']
[2025-11-17T10:32:31.850+0000] {standard_task_runner.py:105} INFO - Job 2258: Subtask generate_sensor_data
[2025-11-17T10:32:31.888+0000] {task_command.py:467} INFO - Running <TaskInstance: iot_sensor_data_dag.generate_sensor_data scheduled__2025-11-17T10:32:05+00:00 [running]> on host 4f76d54186b6
[2025-11-17T10:32:31.942+0000] {taskinstance.py:3134} INFO - Exporting env vars: AIRFLOW_CTX_DAG_OWNER='***' AIRFLOW_CTX_DAG_ID='iot_sensor_data_dag' AIRFLOW_CTX_TASK_ID='generate_sensor_data' AIRFLOW_CTX_EXECUTION_DATE='2025-11-17T10:32:05+00:00' AIRFLOW_CTX_TRY_NUMBER='1' AIRFLOW_CTX_DAG_RUN_ID='scheduled__2025-11-17T10:32:05+00:00'
[2025-11-17T10:32:31.943+0000] {logging_mixin.py:190} INFO - Task instance is in running state
[2025-11-17T10:32:31.944+0000] {logging_mixin.py:190} INFO -  Previous state of the Task instance: queued
[2025-11-17T10:32:31.944+0000] {logging_mixin.py:190} INFO - Current task name:generate_sensor_data state:running start_date:2025-11-17 10:32:31.728894+00:00
[2025-11-17T10:32:31.945+0000] {logging_mixin.py:190} INFO - Dag name:iot_sensor_data_dag and current dag run status:running
[2025-11-17T10:32:31.945+0000] {taskinstance.py:732} INFO - ::endgroup::
[2025-11-17T10:37:20.143+0000] {python.py:218} INFO - Done. Returned value was: None
[2025-11-17T10:37:20.164+0000] {taskinstance.py:341} INFO - ::group::Post task execution logs
[2025-11-17T10:37:20.165+0000] {taskinstance.py:353} INFO - Marking task as SUCCESS. dag_id=iot_sensor_data_dag, task_id=generate_sensor_data, run_id=scheduled__2025-11-17T10:32:05+00:00, execution_date=20251117T103205, start_date=20251117T103231, end_date=20251117T103720
[2025-11-17T10:37:20.185+0000] {logging_mixin.py:190} INFO - Task instance in success state
[2025-11-17T10:37:20.185+0000] {logging_mixin.py:190} INFO -  Previous state of the Task instance: running
[2025-11-17T10:37:20.186+0000] {logging_mixin.py:190} INFO - Dag name:iot_sensor_data_dag queued_at:2025-11-17 10:32:30.539890+00:00
[2025-11-17T10:37:20.187+0000] {logging_mixin.py:190} INFO - Task hostname:4f76d54186b6 operator:PythonOperator
[2025-11-17T10:37:20.221+0000] {local_task_job_runner.py:266} INFO - Task exited with return code 0
[2025-11-17T10:37:20.233+0000] {taskinstance.py:3901} INFO - 0 downstream tasks scheduled from follow-on schedule check
[2025-11-17T10:37:20.248+0000] {local_task_job_runner.py:245} INFO - ::endgroup::
