[2025-11-15T19:01:32.236+0000] {local_task_job_runner.py:123} INFO - ::group::Pre task execution logs
[2025-11-15T19:01:32.249+0000] {taskinstance.py:2614} INFO - Dependencies all met for dep_context=non-requeueable deps ti=<TaskInstance: iot_sensor_data_dag.generate_sensor_data scheduled__2025-11-15T19:01:15+00:00 [queued]>
[2025-11-15T19:01:32.255+0000] {taskinstance.py:2614} INFO - Dependencies all met for dep_context=requeueable deps ti=<TaskInstance: iot_sensor_data_dag.generate_sensor_data scheduled__2025-11-15T19:01:15+00:00 [queued]>
[2025-11-15T19:01:32.258+0000] {taskinstance.py:2867} INFO - Starting attempt 1 of 1
[2025-11-15T19:01:32.269+0000] {taskinstance.py:2890} INFO - Executing <Task(PythonOperator): generate_sensor_data> on 2025-11-15 19:01:15+00:00
[2025-11-15T19:01:32.275+0000] {warnings.py:112} WARNING - /home/***/.local/lib/python3.12/site-packages/***/task/task_runner/standard_task_runner.py:70: DeprecationWarning: This process (pid=554) is multi-threaded, use of fork() may lead to deadlocks in the child.
  pid = os.fork()

[2025-11-15T19:01:32.278+0000] {standard_task_runner.py:72} INFO - Started process 563 to run task
[2025-11-15T19:01:32.278+0000] {standard_task_runner.py:104} INFO - Running: ['***', 'tasks', 'run', 'iot_sensor_data_dag', 'generate_sensor_data', 'scheduled__2025-11-15T19:01:15+00:00', '--job-id', '1367', '--raw', '--subdir', 'DAGS_FOLDER/DEPI.py', '--cfg-path', '/tmp/tmpvva0anaw']
[2025-11-15T19:01:32.280+0000] {standard_task_runner.py:105} INFO - Job 1367: Subtask generate_sensor_data
[2025-11-15T19:01:32.496+0000] {task_command.py:467} INFO - Running <TaskInstance: iot_sensor_data_dag.generate_sensor_data scheduled__2025-11-15T19:01:15+00:00 [running]> on host 4f76d54186b6
[2025-11-15T19:01:33.402+0000] {taskinstance.py:3134} INFO - Exporting env vars: AIRFLOW_CTX_DAG_OWNER='***' AIRFLOW_CTX_DAG_ID='iot_sensor_data_dag' AIRFLOW_CTX_TASK_ID='generate_sensor_data' AIRFLOW_CTX_EXECUTION_DATE='2025-11-15T19:01:15+00:00' AIRFLOW_CTX_TRY_NUMBER='1' AIRFLOW_CTX_DAG_RUN_ID='scheduled__2025-11-15T19:01:15+00:00'
[2025-11-15T19:01:33.403+0000] {logging_mixin.py:190} INFO - Task instance is in running state
[2025-11-15T19:01:33.404+0000] {logging_mixin.py:190} INFO -  Previous state of the Task instance: queued
[2025-11-15T19:01:33.405+0000] {logging_mixin.py:190} INFO - Current task name:generate_sensor_data state:running start_date:2025-11-15 19:01:32.250553+00:00
[2025-11-15T19:01:33.407+0000] {logging_mixin.py:190} INFO - Dag name:iot_sensor_data_dag and current dag run status:running
[2025-11-15T19:01:33.408+0000] {taskinstance.py:732} INFO - ::endgroup::
[2025-11-15T19:01:33.437+0000] {logging_mixin.py:190} INFO - [2025-11-15 19:01:33.423915] Inserted sensor data: {'time': '2025-11-15T19:01:33.423915', 'temperature': 27.427297479399023, 'Dissolved_oxygen': 5.946136071976175, 'PH': 7.553349998014559, 'Ammonia': 0.009537415156191201, 'Nitrite': 0.053719988835635585, 'Turbidty': 39.62808600448783, '_id': '6918ce0d560b7d736a131872'}
[2025-11-16T19:14:25.067+0000] {local_task_job_runner.py:123} INFO - ::group::Pre task execution logs
[2025-11-16T19:14:25.093+0000] {taskinstance.py:2604} INFO - Dependencies not met for <TaskInstance: iot_sensor_data_dag.generate_sensor_data scheduled__2025-11-15T19:01:15+00:00 [failed]>, dependency 'Task Instance State' FAILED: Task is in the 'failed' state.
[2025-11-16T19:14:25.097+0000] {local_task_job_runner.py:166} INFO - Task is not able to be run
