[2025-11-17T11:45:49.660+0000] {local_task_job_runner.py:123} INFO - ::group::Pre task execution logs
[2025-11-17T11:45:49.672+0000] {taskinstance.py:2614} INFO - Dependencies all met for dep_context=non-requeueable deps ti=<TaskInstance: iot_sensor_data_dag.generate_sensor_data scheduled__2025-11-17T11:45:25+00:00 [queued]>
[2025-11-17T11:45:49.678+0000] {taskinstance.py:2614} INFO - Dependencies all met for dep_context=requeueable deps ti=<TaskInstance: iot_sensor_data_dag.generate_sensor_data scheduled__2025-11-17T11:45:25+00:00 [queued]>
[2025-11-17T11:45:49.679+0000] {taskinstance.py:2867} INFO - Starting attempt 1 of 1
[2025-11-17T11:45:49.690+0000] {taskinstance.py:2890} INFO - Executing <Task(PythonOperator): generate_sensor_data> on 2025-11-17 11:45:25+00:00
[2025-11-17T11:45:49.697+0000] {warnings.py:112} WARNING - /home/***/.local/lib/python3.12/site-packages/***/task/task_runner/standard_task_runner.py:70: DeprecationWarning: This process (pid=1209) is multi-threaded, use of fork() may lead to deadlocks in the child.
  pid = os.fork()

[2025-11-17T11:45:49.698+0000] {standard_task_runner.py:72} INFO - Started process 1211 to run task
[2025-11-17T11:45:49.699+0000] {standard_task_runner.py:104} INFO - Running: ['***', 'tasks', 'run', 'iot_sensor_data_dag', 'generate_sensor_data', 'scheduled__2025-11-17T11:45:25+00:00', '--job-id', '2318', '--raw', '--subdir', 'DAGS_FOLDER/DEPI.py', '--cfg-path', '/tmp/tmpz6ncs1hr']
[2025-11-17T11:45:49.700+0000] {standard_task_runner.py:105} INFO - Job 2318: Subtask generate_sensor_data
[2025-11-17T11:45:49.948+0000] {task_command.py:467} INFO - Running <TaskInstance: iot_sensor_data_dag.generate_sensor_data scheduled__2025-11-17T11:45:25+00:00 [running]> on host 4f76d54186b6
[2025-11-17T11:45:50.002+0000] {taskinstance.py:3134} INFO - Exporting env vars: AIRFLOW_CTX_DAG_OWNER='***' AIRFLOW_CTX_DAG_ID='iot_sensor_data_dag' AIRFLOW_CTX_TASK_ID='generate_sensor_data' AIRFLOW_CTX_EXECUTION_DATE='2025-11-17T11:45:25+00:00' AIRFLOW_CTX_TRY_NUMBER='1' AIRFLOW_CTX_DAG_RUN_ID='scheduled__2025-11-17T11:45:25+00:00'
[2025-11-17T11:45:50.003+0000] {logging_mixin.py:190} INFO - Task instance is in running state
[2025-11-17T11:45:50.004+0000] {logging_mixin.py:190} INFO -  Previous state of the Task instance: queued
[2025-11-17T11:45:50.005+0000] {logging_mixin.py:190} INFO - Current task name:generate_sensor_data state:running start_date:2025-11-17 11:45:49.673217+00:00
[2025-11-17T11:45:50.005+0000] {logging_mixin.py:190} INFO - Dag name:iot_sensor_data_dag and current dag run status:running
[2025-11-17T11:45:50.006+0000] {taskinstance.py:732} INFO - ::endgroup::
[2025-11-17T11:50:34.306+0000] {logging_mixin.py:190} INFO - Message delivery failed: KafkaError{code=_MSG_TIMED_OUT,val=-192,str="Local: Message timed out"}
[2025-11-17T11:50:34.309+0000] {python.py:218} INFO - Done. Returned value was: None
[2025-11-17T11:50:34.317+0000] {taskinstance.py:341} INFO - ::group::Post task execution logs
[2025-11-17T11:50:34.318+0000] {taskinstance.py:353} INFO - Marking task as SUCCESS. dag_id=iot_sensor_data_dag, task_id=generate_sensor_data, run_id=scheduled__2025-11-17T11:45:25+00:00, execution_date=20251117T114525, start_date=20251117T114549, end_date=20251117T115034
[2025-11-17T11:50:34.337+0000] {logging_mixin.py:190} INFO - Task instance in success state
[2025-11-17T11:50:34.337+0000] {logging_mixin.py:190} INFO -  Previous state of the Task instance: running
[2025-11-17T11:50:34.338+0000] {logging_mixin.py:190} INFO - Dag name:iot_sensor_data_dag queued_at:2025-11-17 11:45:50.140932+00:00
[2025-11-17T11:50:34.339+0000] {logging_mixin.py:190} INFO - Task hostname:4f76d54186b6 operator:PythonOperator
[2025-11-17T11:50:35.500+0000] {local_task_job_runner.py:266} INFO - Task exited with return code 0
[2025-11-17T11:50:35.511+0000] {taskinstance.py:3901} INFO - 0 downstream tasks scheduled from follow-on schedule check
[2025-11-17T11:50:35.513+0000] {local_task_job_runner.py:245} INFO - ::endgroup::
