[2025-11-15T19:52:31.940+0000] {local_task_job_runner.py:123} INFO - ::group::Pre task execution logs
[2025-11-15T19:52:31.951+0000] {taskinstance.py:2614} INFO - Dependencies all met for dep_context=non-requeueable deps ti=<TaskInstance: iot_sensor_data_dag.generate_sensor_data scheduled__2025-11-15T19:50:00+00:00 [queued]>
[2025-11-15T19:52:31.956+0000] {taskinstance.py:2614} INFO - Dependencies all met for dep_context=requeueable deps ti=<TaskInstance: iot_sensor_data_dag.generate_sensor_data scheduled__2025-11-15T19:50:00+00:00 [queued]>
[2025-11-15T19:52:31.956+0000] {taskinstance.py:2867} INFO - Starting attempt 1 of 1
[2025-11-15T19:52:31.966+0000] {taskinstance.py:2890} INFO - Executing <Task(PythonOperator): generate_sensor_data> on 2025-11-15 19:50:00+00:00
[2025-11-15T19:52:31.972+0000] {warnings.py:112} WARNING - /home/***/.local/lib/python3.12/site-packages/***/task/task_runner/standard_task_runner.py:70: DeprecationWarning: This process (pid=160) is multi-threaded, use of fork() may lead to deadlocks in the child.
  pid = os.fork()

[2025-11-15T19:52:31.974+0000] {standard_task_runner.py:72} INFO - Started process 162 to run task
[2025-11-15T19:52:31.974+0000] {standard_task_runner.py:104} INFO - Running: ['***', 'tasks', 'run', 'iot_sensor_data_dag', 'generate_sensor_data', 'scheduled__2025-11-15T19:50:00+00:00', '--job-id', '1457', '--raw', '--subdir', 'DAGS_FOLDER/DEPI.py', '--cfg-path', '/tmp/tmpoxe5bt7c']
[2025-11-15T19:52:31.975+0000] {standard_task_runner.py:105} INFO - Job 1457: Subtask generate_sensor_data
[2025-11-15T19:52:32.187+0000] {task_command.py:467} INFO - Running <TaskInstance: iot_sensor_data_dag.generate_sensor_data scheduled__2025-11-15T19:50:00+00:00 [running]> on host 4f76d54186b6
[2025-11-15T19:52:32.245+0000] {taskinstance.py:3134} INFO - Exporting env vars: AIRFLOW_CTX_DAG_OWNER='***' AIRFLOW_CTX_DAG_ID='iot_sensor_data_dag' AIRFLOW_CTX_TASK_ID='generate_sensor_data' AIRFLOW_CTX_EXECUTION_DATE='2025-11-15T19:50:00+00:00' AIRFLOW_CTX_TRY_NUMBER='1' AIRFLOW_CTX_DAG_RUN_ID='scheduled__2025-11-15T19:50:00+00:00'
[2025-11-15T19:52:32.246+0000] {logging_mixin.py:190} INFO - Task instance is in running state
[2025-11-15T19:52:32.247+0000] {logging_mixin.py:190} INFO -  Previous state of the Task instance: queued
[2025-11-15T19:52:32.247+0000] {logging_mixin.py:190} INFO - Current task name:generate_sensor_data state:running start_date:2025-11-15 19:52:31.951558+00:00
[2025-11-15T19:52:32.248+0000] {logging_mixin.py:190} INFO - Dag name:iot_sensor_data_dag and current dag run status:running
[2025-11-15T19:52:32.248+0000] {taskinstance.py:732} INFO - ::endgroup::
[2025-11-16T19:24:06.495+0000] {local_task_job_runner.py:123} INFO - ::group::Pre task execution logs
[2025-11-16T19:24:06.511+0000] {taskinstance.py:2604} INFO - Dependencies not met for <TaskInstance: iot_sensor_data_dag.generate_sensor_data scheduled__2025-11-15T19:50:00+00:00 [failed]>, dependency 'Task Instance State' FAILED: Task is in the 'failed' state.
[2025-11-16T19:24:06.513+0000] {local_task_job_runner.py:166} INFO - Task is not able to be run
