[2025-11-13T17:17:32.339+0000] {local_task_job_runner.py:123} INFO - ::group::Pre task execution logs
[2025-11-13T17:17:32.351+0000] {taskinstance.py:2614} INFO - Dependencies all met for dep_context=non-requeueable deps ti=<TaskInstance: iot_sensor_data_dag.generate_sensor_data scheduled__2025-11-13T17:17:15+00:00 [queued]>
[2025-11-13T17:17:32.357+0000] {taskinstance.py:2614} INFO - Dependencies all met for dep_context=requeueable deps ti=<TaskInstance: iot_sensor_data_dag.generate_sensor_data scheduled__2025-11-13T17:17:15+00:00 [queued]>
[2025-11-13T17:17:32.358+0000] {taskinstance.py:2867} INFO - Starting attempt 1 of 1
[2025-11-13T17:17:32.478+0000] {taskinstance.py:2890} INFO - Executing <Task(PythonOperator): generate_sensor_data> on 2025-11-13 17:17:15+00:00
[2025-11-13T17:17:32.484+0000] {warnings.py:112} WARNING - /home/***/.local/lib/python3.12/site-packages/***/task/task_runner/standard_task_runner.py:70: DeprecationWarning: This process (pid=107) is multi-threaded, use of fork() may lead to deadlocks in the child.
  pid = os.fork()

[2025-11-13T17:17:32.486+0000] {standard_task_runner.py:72} INFO - Started process 109 to run task
[2025-11-13T17:17:32.486+0000] {standard_task_runner.py:104} INFO - Running: ['***', 'tasks', 'run', 'iot_sensor_data_dag', 'generate_sensor_data', 'scheduled__2025-11-13T17:17:15+00:00', '--job-id', '223', '--raw', '--subdir', 'DAGS_FOLDER/DEPI.py', '--cfg-path', '/tmp/tmpmd0wm6do']
[2025-11-13T17:17:32.487+0000] {standard_task_runner.py:105} INFO - Job 223: Subtask generate_sensor_data
[2025-11-13T17:17:32.527+0000] {task_command.py:467} INFO - Running <TaskInstance: iot_sensor_data_dag.generate_sensor_data scheduled__2025-11-13T17:17:15+00:00 [running]> on host 4f76d54186b6
[2025-11-13T17:17:32.608+0000] {taskinstance.py:3134} INFO - Exporting env vars: AIRFLOW_CTX_DAG_OWNER='***' AIRFLOW_CTX_DAG_ID='iot_sensor_data_dag' AIRFLOW_CTX_TASK_ID='generate_sensor_data' AIRFLOW_CTX_EXECUTION_DATE='2025-11-13T17:17:15+00:00' AIRFLOW_CTX_TRY_NUMBER='1' AIRFLOW_CTX_DAG_RUN_ID='scheduled__2025-11-13T17:17:15+00:00'
[2025-11-13T17:17:32.610+0000] {logging_mixin.py:190} INFO - Task instance is in running state
[2025-11-13T17:17:32.611+0000] {logging_mixin.py:190} INFO -  Previous state of the Task instance: queued
[2025-11-13T17:17:32.612+0000] {logging_mixin.py:190} INFO - Current task name:generate_sensor_data state:running start_date:2025-11-13 17:17:32.352327+00:00
[2025-11-13T17:17:32.613+0000] {logging_mixin.py:190} INFO - Dag name:iot_sensor_data_dag and current dag run status:running
[2025-11-13T17:17:32.614+0000] {taskinstance.py:732} INFO - ::endgroup::
[2025-11-13T17:17:32.653+0000] {logging_mixin.py:190} INFO - [2025-11-13 17:17:32.632964] Inserted sensor data: {'time': datetime.datetime(2025, 11, 13, 17, 17, 32, 632964), 'temperature': 27.437925369158204, 'Dissolved_oxygen': 5.908423570844053, 'PH': 7.538133103281094, 'Ammonia': 0.009929671273933037, 'Nitrite': 0.052746049360280885, 'Turbidty': 39.343653771711864, '_id': ObjectId('691612ac3726bd4d675926e3')}
[2025-11-13T17:17:32.655+0000] {python.py:218} INFO - Done. Returned value was: None
[2025-11-13T17:17:32.664+0000] {taskinstance.py:341} INFO - ::group::Post task execution logs
[2025-11-13T17:17:32.665+0000] {taskinstance.py:353} INFO - Marking task as SUCCESS. dag_id=iot_sensor_data_dag, task_id=generate_sensor_data, run_id=scheduled__2025-11-13T17:17:15+00:00, execution_date=20251113T171715, start_date=20251113T171732, end_date=20251113T171732
[2025-11-13T17:17:32.685+0000] {logging_mixin.py:190} INFO - Task instance in success state
[2025-11-13T17:17:32.686+0000] {logging_mixin.py:190} INFO -  Previous state of the Task instance: running
[2025-11-13T17:17:32.687+0000] {logging_mixin.py:190} INFO - Dag name:iot_sensor_data_dag queued_at:2025-11-13 17:17:30.920463+00:00
[2025-11-13T17:17:32.688+0000] {logging_mixin.py:190} INFO - Task hostname:4f76d54186b6 operator:PythonOperator
[2025-11-13T17:17:32.702+0000] {local_task_job_runner.py:266} INFO - Task exited with return code 0
[2025-11-13T17:17:32.723+0000] {taskinstance.py:3901} INFO - 0 downstream tasks scheduled from follow-on schedule check
[2025-11-13T17:17:32.728+0000] {local_task_job_runner.py:245} INFO - ::endgroup::
