[2025-11-13T17:50:17.973+0000] {local_task_job_runner.py:123} INFO - ::group::Pre task execution logs
[2025-11-13T17:50:17.999+0000] {taskinstance.py:2614} INFO - Dependencies all met for dep_context=non-requeueable deps ti=<TaskInstance: iot_sensor_data_dag.generate_sensor_data scheduled__2025-11-13T17:50:00+00:00 [queued]>
[2025-11-13T17:50:18.012+0000] {taskinstance.py:2614} INFO - Dependencies all met for dep_context=requeueable deps ti=<TaskInstance: iot_sensor_data_dag.generate_sensor_data scheduled__2025-11-13T17:50:00+00:00 [queued]>
[2025-11-13T17:50:18.014+0000] {taskinstance.py:2867} INFO - Starting attempt 1 of 1
[2025-11-13T17:50:18.190+0000] {taskinstance.py:2890} INFO - Executing <Task(PythonOperator): generate_sensor_data> on 2025-11-13 17:50:00+00:00
[2025-11-13T17:50:18.199+0000] {warnings.py:112} WARNING - /home/***/.local/lib/python3.12/site-packages/***/task/task_runner/standard_task_runner.py:70: DeprecationWarning: This process (pid=1473) is multi-threaded, use of fork() may lead to deadlocks in the child.
  pid = os.fork()

[2025-11-13T17:50:18.201+0000] {standard_task_runner.py:72} INFO - Started process 1475 to run task
[2025-11-13T17:50:18.202+0000] {standard_task_runner.py:104} INFO - Running: ['***', 'tasks', 'run', 'iot_sensor_data_dag', 'generate_sensor_data', 'scheduled__2025-11-13T17:50:00+00:00', '--job-id', '354', '--raw', '--subdir', 'DAGS_FOLDER/DEPI.py', '--cfg-path', '/tmp/tmpfwu4rhyc']
[2025-11-13T17:50:18.204+0000] {standard_task_runner.py:105} INFO - Job 354: Subtask generate_sensor_data
[2025-11-13T17:50:18.266+0000] {task_command.py:467} INFO - Running <TaskInstance: iot_sensor_data_dag.generate_sensor_data scheduled__2025-11-13T17:50:00+00:00 [running]> on host 4f76d54186b6
[2025-11-13T17:50:18.371+0000] {taskinstance.py:3134} INFO - Exporting env vars: AIRFLOW_CTX_DAG_OWNER='***' AIRFLOW_CTX_DAG_ID='iot_sensor_data_dag' AIRFLOW_CTX_TASK_ID='generate_sensor_data' AIRFLOW_CTX_EXECUTION_DATE='2025-11-13T17:50:00+00:00' AIRFLOW_CTX_TRY_NUMBER='1' AIRFLOW_CTX_DAG_RUN_ID='scheduled__2025-11-13T17:50:00+00:00'
[2025-11-13T17:50:18.373+0000] {logging_mixin.py:190} INFO - Task instance is in running state
[2025-11-13T17:50:18.374+0000] {logging_mixin.py:190} INFO -  Previous state of the Task instance: queued
[2025-11-13T17:50:18.375+0000] {logging_mixin.py:190} INFO - Current task name:generate_sensor_data state:running start_date:2025-11-13 17:50:18.000863+00:00
[2025-11-13T17:50:18.375+0000] {logging_mixin.py:190} INFO - Dag name:iot_sensor_data_dag and current dag run status:running
[2025-11-13T17:50:18.376+0000] {taskinstance.py:732} INFO - ::endgroup::
[2025-11-13T17:50:18.414+0000] {logging_mixin.py:190} INFO - [2025-11-13 17:50:18.396878] Inserted sensor data: {'time': datetime.datetime(2025, 11, 13, 17, 50, 18, 396878), 'temperature': 27.68892091263551, 'Dissolved_oxygen': 6.059706688089407, 'PH': 7.419936380891041, 'Ammonia': 0.009742830242554226, 'Nitrite': 0.04971441322255081, 'Turbidty': 39.85575482369617, '_id': ObjectId('69161a5a75ec2edcf8e14f0a')}
[2025-11-13T17:50:18.417+0000] {python.py:218} INFO - Done. Returned value was: None
[2025-11-13T17:50:18.431+0000] {taskinstance.py:341} INFO - ::group::Post task execution logs
[2025-11-13T17:50:18.432+0000] {taskinstance.py:353} INFO - Marking task as SUCCESS. dag_id=iot_sensor_data_dag, task_id=generate_sensor_data, run_id=scheduled__2025-11-13T17:50:00+00:00, execution_date=20251113T175000, start_date=20251113T175018, end_date=20251113T175018
[2025-11-13T17:50:18.464+0000] {logging_mixin.py:190} INFO - Task instance in success state
[2025-11-13T17:50:18.465+0000] {logging_mixin.py:190} INFO -  Previous state of the Task instance: running
[2025-11-13T17:50:18.467+0000] {logging_mixin.py:190} INFO - Dag name:iot_sensor_data_dag queued_at:2025-11-13 17:50:15.804387+00:00
[2025-11-13T17:50:18.467+0000] {logging_mixin.py:190} INFO - Task hostname:4f76d54186b6 operator:PythonOperator
[2025-11-13T17:50:18.511+0000] {local_task_job_runner.py:266} INFO - Task exited with return code 0
[2025-11-13T17:50:18.550+0000] {taskinstance.py:3901} INFO - 0 downstream tasks scheduled from follow-on schedule check
[2025-11-13T17:50:18.556+0000] {local_task_job_runner.py:245} INFO - ::endgroup::
