[2025-11-13T17:54:18.067+0000] {local_task_job_runner.py:123} INFO - ::group::Pre task execution logs
[2025-11-13T17:54:18.090+0000] {taskinstance.py:2614} INFO - Dependencies all met for dep_context=non-requeueable deps ti=<TaskInstance: iot_sensor_data_dag.generate_sensor_data scheduled__2025-11-13T17:54:00+00:00 [queued]>
[2025-11-13T17:54:18.103+0000] {taskinstance.py:2614} INFO - Dependencies all met for dep_context=requeueable deps ti=<TaskInstance: iot_sensor_data_dag.generate_sensor_data scheduled__2025-11-13T17:54:00+00:00 [queued]>
[2025-11-13T17:54:18.104+0000] {taskinstance.py:2867} INFO - Starting attempt 1 of 1
[2025-11-13T17:54:18.305+0000] {taskinstance.py:2890} INFO - Executing <Task(PythonOperator): generate_sensor_data> on 2025-11-13 17:54:00+00:00
[2025-11-13T17:54:18.316+0000] {warnings.py:112} WARNING - /home/***/.local/lib/python3.12/site-packages/***/task/task_runner/standard_task_runner.py:70: DeprecationWarning: This process (pid=1641) is multi-threaded, use of fork() may lead to deadlocks in the child.
  pid = os.fork()

[2025-11-13T17:54:18.319+0000] {standard_task_runner.py:72} INFO - Started process 1643 to run task
[2025-11-13T17:54:18.319+0000] {standard_task_runner.py:104} INFO - Running: ['***', 'tasks', 'run', 'iot_sensor_data_dag', 'generate_sensor_data', 'scheduled__2025-11-13T17:54:00+00:00', '--job-id', '370', '--raw', '--subdir', 'DAGS_FOLDER/DEPI.py', '--cfg-path', '/tmp/tmpid2pe_04']
[2025-11-13T17:54:18.323+0000] {standard_task_runner.py:105} INFO - Job 370: Subtask generate_sensor_data
[2025-11-13T17:54:18.401+0000] {task_command.py:467} INFO - Running <TaskInstance: iot_sensor_data_dag.generate_sensor_data scheduled__2025-11-13T17:54:00+00:00 [running]> on host 4f76d54186b6
[2025-11-13T17:54:18.516+0000] {taskinstance.py:3134} INFO - Exporting env vars: AIRFLOW_CTX_DAG_OWNER='***' AIRFLOW_CTX_DAG_ID='iot_sensor_data_dag' AIRFLOW_CTX_TASK_ID='generate_sensor_data' AIRFLOW_CTX_EXECUTION_DATE='2025-11-13T17:54:00+00:00' AIRFLOW_CTX_TRY_NUMBER='1' AIRFLOW_CTX_DAG_RUN_ID='scheduled__2025-11-13T17:54:00+00:00'
[2025-11-13T17:54:18.520+0000] {logging_mixin.py:190} INFO - Task instance is in running state
[2025-11-13T17:54:18.521+0000] {logging_mixin.py:190} INFO -  Previous state of the Task instance: queued
[2025-11-13T17:54:18.522+0000] {logging_mixin.py:190} INFO - Current task name:generate_sensor_data state:running start_date:2025-11-13 17:54:18.092305+00:00
[2025-11-13T17:54:18.524+0000] {logging_mixin.py:190} INFO - Dag name:iot_sensor_data_dag and current dag run status:running
[2025-11-13T17:54:18.525+0000] {taskinstance.py:732} INFO - ::endgroup::
[2025-11-13T17:54:18.585+0000] {logging_mixin.py:190} INFO - [2025-11-13 17:54:18.551004] Inserted sensor data: {'time': datetime.datetime(2025, 11, 13, 17, 54, 18, 551004), 'temperature': 27.436808788181576, 'Dissolved_oxygen': 5.9087646638531846, 'PH': 7.413559347645175, 'Ammonia': 0.010041167931752937, 'Nitrite': 0.04951336056363613, 'Turbidty': 39.28495171678195, '_id': ObjectId('69161b4a135514c2247b85ef')}
[2025-11-13T17:54:18.590+0000] {python.py:218} INFO - Done. Returned value was: None
[2025-11-13T17:54:18.609+0000] {taskinstance.py:341} INFO - ::group::Post task execution logs
[2025-11-13T17:54:18.611+0000] {taskinstance.py:353} INFO - Marking task as SUCCESS. dag_id=iot_sensor_data_dag, task_id=generate_sensor_data, run_id=scheduled__2025-11-13T17:54:00+00:00, execution_date=20251113T175400, start_date=20251113T175418, end_date=20251113T175418
[2025-11-13T17:54:18.646+0000] {logging_mixin.py:190} INFO - Task instance in success state
[2025-11-13T17:54:18.648+0000] {logging_mixin.py:190} INFO -  Previous state of the Task instance: running
[2025-11-13T17:54:18.649+0000] {logging_mixin.py:190} INFO - Dag name:iot_sensor_data_dag queued_at:2025-11-13 17:54:15.883970+00:00
[2025-11-13T17:54:18.650+0000] {logging_mixin.py:190} INFO - Task hostname:4f76d54186b6 operator:PythonOperator
[2025-11-13T17:54:18.662+0000] {local_task_job_runner.py:266} INFO - Task exited with return code 0
[2025-11-13T17:54:18.697+0000] {taskinstance.py:3901} INFO - 0 downstream tasks scheduled from follow-on schedule check
[2025-11-13T17:54:18.703+0000] {local_task_job_runner.py:245} INFO - ::endgroup::
