[2025-11-16T19:19:11.962+0000] {local_task_job_runner.py:123} INFO - ::group::Pre task execution logs
[2025-11-16T19:19:11.974+0000] {taskinstance.py:2614} INFO - Dependencies all met for dep_context=non-requeueable deps ti=<TaskInstance: iot_sensor_data_dag.generate_sensor_data scheduled__2025-11-16T19:18:20+00:00 [queued]>
[2025-11-16T19:19:11.979+0000] {taskinstance.py:2614} INFO - Dependencies all met for dep_context=requeueable deps ti=<TaskInstance: iot_sensor_data_dag.generate_sensor_data scheduled__2025-11-16T19:18:20+00:00 [queued]>
[2025-11-16T19:19:11.980+0000] {taskinstance.py:2867} INFO - Starting attempt 1 of 1
[2025-11-16T19:19:11.992+0000] {taskinstance.py:2890} INFO - Executing <Task(PythonOperator): generate_sensor_data> on 2025-11-16 19:18:20+00:00
[2025-11-16T19:19:11.997+0000] {warnings.py:112} WARNING - /home/***/.local/lib/python3.12/site-packages/***/task/task_runner/standard_task_runner.py:70: DeprecationWarning: This process (pid=368) is multi-threaded, use of fork() may lead to deadlocks in the child.
  pid = os.fork()

[2025-11-16T19:19:11.999+0000] {standard_task_runner.py:72} INFO - Started process 371 to run task
[2025-11-16T19:19:11.999+0000] {standard_task_runner.py:104} INFO - Running: ['***', 'tasks', 'run', 'iot_sensor_data_dag', 'generate_sensor_data', 'scheduled__2025-11-16T19:18:20+00:00', '--job-id', '1527', '--raw', '--subdir', 'DAGS_FOLDER/DEPI.py', '--cfg-path', '/tmp/tmplezhmv8t']
[2025-11-16T19:19:12.000+0000] {standard_task_runner.py:105} INFO - Job 1527: Subtask generate_sensor_data
[2025-11-16T19:19:12.220+0000] {task_command.py:467} INFO - Running <TaskInstance: iot_sensor_data_dag.generate_sensor_data scheduled__2025-11-16T19:18:20+00:00 [running]> on host 4f76d54186b6
[2025-11-16T19:19:12.269+0000] {taskinstance.py:3134} INFO - Exporting env vars: AIRFLOW_CTX_DAG_OWNER='***' AIRFLOW_CTX_DAG_ID='iot_sensor_data_dag' AIRFLOW_CTX_TASK_ID='generate_sensor_data' AIRFLOW_CTX_EXECUTION_DATE='2025-11-16T19:18:20+00:00' AIRFLOW_CTX_TRY_NUMBER='1' AIRFLOW_CTX_DAG_RUN_ID='scheduled__2025-11-16T19:18:20+00:00'
[2025-11-16T19:19:12.270+0000] {logging_mixin.py:190} INFO - Task instance is in running state
[2025-11-16T19:19:12.271+0000] {logging_mixin.py:190} INFO -  Previous state of the Task instance: queued
[2025-11-16T19:19:12.272+0000] {logging_mixin.py:190} INFO - Current task name:generate_sensor_data state:running start_date:2025-11-16 19:19:11.974804+00:00
[2025-11-16T19:19:12.272+0000] {logging_mixin.py:190} INFO - Dag name:iot_sensor_data_dag and current dag run status:running
[2025-11-16T19:19:12.273+0000] {taskinstance.py:732} INFO - ::endgroup::
[2025-11-16T19:24:13.335+0000] {python.py:218} INFO - Done. Returned value was: None
[2025-11-16T19:24:13.345+0000] {taskinstance.py:341} INFO - ::group::Post task execution logs
[2025-11-16T19:24:13.345+0000] {taskinstance.py:353} INFO - Marking task as SUCCESS. dag_id=iot_sensor_data_dag, task_id=generate_sensor_data, run_id=scheduled__2025-11-16T19:18:20+00:00, execution_date=20251116T191820, start_date=20251116T191911, end_date=20251116T192413
[2025-11-16T19:24:13.364+0000] {logging_mixin.py:190} INFO - Task instance in success state
[2025-11-16T19:24:13.365+0000] {logging_mixin.py:190} INFO -  Previous state of the Task instance: running
[2025-11-16T19:24:13.366+0000] {logging_mixin.py:190} INFO - Dag name:iot_sensor_data_dag queued_at:2025-11-16 19:19:10.809949+00:00
[2025-11-16T19:24:13.366+0000] {logging_mixin.py:190} INFO - Task hostname:4f76d54186b6 operator:PythonOperator
[2025-11-16T19:24:13.412+0000] {local_task_job_runner.py:266} INFO - Task exited with return code 0
[2025-11-16T19:24:13.431+0000] {taskinstance.py:3901} INFO - 0 downstream tasks scheduled from follow-on schedule check
[2025-11-16T19:24:13.434+0000] {local_task_job_runner.py:245} INFO - ::endgroup::
