[2025-11-13T18:41:31.537+0000] {local_task_job_runner.py:123} INFO - ::group::Pre task execution logs
[2025-11-13T18:41:31.549+0000] {taskinstance.py:2614} INFO - Dependencies all met for dep_context=non-requeueable deps ti=<TaskInstance: iot_sensor_data_dag.generate_sensor_data scheduled__2025-11-13T18:41:15+00:00 [queued]>
[2025-11-13T18:41:31.555+0000] {taskinstance.py:2614} INFO - Dependencies all met for dep_context=requeueable deps ti=<TaskInstance: iot_sensor_data_dag.generate_sensor_data scheduled__2025-11-13T18:41:15+00:00 [queued]>
[2025-11-13T18:41:31.556+0000] {taskinstance.py:2867} INFO - Starting attempt 1 of 1
[2025-11-13T18:41:31.673+0000] {taskinstance.py:2890} INFO - Executing <Task(PythonOperator): generate_sensor_data> on 2025-11-13 18:41:15+00:00
[2025-11-13T18:41:31.680+0000] {warnings.py:112} WARNING - /home/***/.local/lib/python3.12/site-packages/***/task/task_runner/standard_task_runner.py:70: DeprecationWarning: This process (pid=3618) is multi-threaded, use of fork() may lead to deadlocks in the child.
  pid = os.fork()

[2025-11-13T18:41:31.682+0000] {standard_task_runner.py:72} INFO - Started process 3620 to run task
[2025-11-13T18:41:31.682+0000] {standard_task_runner.py:104} INFO - Running: ['***', 'tasks', 'run', 'iot_sensor_data_dag', 'generate_sensor_data', 'scheduled__2025-11-13T18:41:15+00:00', '--job-id', '559', '--raw', '--subdir', 'DAGS_FOLDER/DEPI.py', '--cfg-path', '/tmp/tmpecl10547']
[2025-11-13T18:41:31.683+0000] {standard_task_runner.py:105} INFO - Job 559: Subtask generate_sensor_data
[2025-11-13T18:41:31.720+0000] {task_command.py:467} INFO - Running <TaskInstance: iot_sensor_data_dag.generate_sensor_data scheduled__2025-11-13T18:41:15+00:00 [running]> on host 4f76d54186b6
[2025-11-13T18:41:31.778+0000] {taskinstance.py:3134} INFO - Exporting env vars: AIRFLOW_CTX_DAG_OWNER='***' AIRFLOW_CTX_DAG_ID='iot_sensor_data_dag' AIRFLOW_CTX_TASK_ID='generate_sensor_data' AIRFLOW_CTX_EXECUTION_DATE='2025-11-13T18:41:15+00:00' AIRFLOW_CTX_TRY_NUMBER='1' AIRFLOW_CTX_DAG_RUN_ID='scheduled__2025-11-13T18:41:15+00:00'
[2025-11-13T18:41:31.780+0000] {logging_mixin.py:190} INFO - Task instance is in running state
[2025-11-13T18:41:31.781+0000] {logging_mixin.py:190} INFO -  Previous state of the Task instance: queued
[2025-11-13T18:41:31.781+0000] {logging_mixin.py:190} INFO - Current task name:generate_sensor_data state:running start_date:2025-11-13 18:41:31.550313+00:00
[2025-11-13T18:41:31.782+0000] {logging_mixin.py:190} INFO - Dag name:iot_sensor_data_dag and current dag run status:running
[2025-11-13T18:41:31.783+0000] {taskinstance.py:732} INFO - ::endgroup::
[2025-11-13T18:41:31.806+0000] {logging_mixin.py:190} INFO - [2025-11-13 18:41:31.794540] Inserted sensor data: {'time': datetime.datetime(2025, 11, 13, 18, 41, 31, 794540), 'temperature': 27.430257856342408, 'Dissolved_oxygen': 5.914640923339443, 'PH': 7.476338398698829, 'Ammonia': 0.00998401150240101, 'Nitrite': 0.051719738800156276, 'Turbidty': 40.139058837271335, '_id': ObjectId('6916265b7e4ffed5969852f4')}
[2025-11-13T18:41:31.808+0000] {python.py:218} INFO - Done. Returned value was: None
[2025-11-13T18:41:31.817+0000] {taskinstance.py:341} INFO - ::group::Post task execution logs
[2025-11-13T18:41:31.818+0000] {taskinstance.py:353} INFO - Marking task as SUCCESS. dag_id=iot_sensor_data_dag, task_id=generate_sensor_data, run_id=scheduled__2025-11-13T18:41:15+00:00, execution_date=20251113T184115, start_date=20251113T184131, end_date=20251113T184131
[2025-11-13T18:41:31.835+0000] {logging_mixin.py:190} INFO - Task instance in success state
[2025-11-13T18:41:31.835+0000] {logging_mixin.py:190} INFO -  Previous state of the Task instance: running
[2025-11-13T18:41:31.836+0000] {logging_mixin.py:190} INFO - Dag name:iot_sensor_data_dag queued_at:2025-11-13 18:41:30.301616+00:00
[2025-11-13T18:41:31.836+0000] {logging_mixin.py:190} INFO - Task hostname:4f76d54186b6 operator:PythonOperator
[2025-11-13T18:41:31.863+0000] {local_task_job_runner.py:266} INFO - Task exited with return code 0
[2025-11-13T18:41:31.881+0000] {taskinstance.py:3901} INFO - 0 downstream tasks scheduled from follow-on schedule check
[2025-11-13T18:41:31.885+0000] {local_task_job_runner.py:245} INFO - ::endgroup::
