[2025-11-13T19:14:01.863+0000] {local_task_job_runner.py:123} INFO - ::group::Pre task execution logs
[2025-11-13T19:14:01.879+0000] {taskinstance.py:2614} INFO - Dependencies all met for dep_context=non-requeueable deps ti=<TaskInstance: iot_sensor_data_dag.generate_sensor_data scheduled__2025-11-13T19:13:45+00:00 [queued]>
[2025-11-13T19:14:01.888+0000] {taskinstance.py:2614} INFO - Dependencies all met for dep_context=requeueable deps ti=<TaskInstance: iot_sensor_data_dag.generate_sensor_data scheduled__2025-11-13T19:13:45+00:00 [queued]>
[2025-11-13T19:14:01.891+0000] {taskinstance.py:2867} INFO - Starting attempt 1 of 1
[2025-11-13T19:14:02.043+0000] {taskinstance.py:2890} INFO - Executing <Task(PythonOperator): generate_sensor_data> on 2025-11-13 19:13:45+00:00
[2025-11-13T19:14:02.052+0000] {warnings.py:112} WARNING - /home/***/.local/lib/python3.12/site-packages/***/task/task_runner/standard_task_runner.py:70: DeprecationWarning: This process (pid=4974) is multi-threaded, use of fork() may lead to deadlocks in the child.
  pid = os.fork()

[2025-11-13T19:14:02.055+0000] {standard_task_runner.py:72} INFO - Started process 4976 to run task
[2025-11-13T19:14:02.055+0000] {standard_task_runner.py:104} INFO - Running: ['***', 'tasks', 'run', 'iot_sensor_data_dag', 'generate_sensor_data', 'scheduled__2025-11-13T19:13:45+00:00', '--job-id', '689', '--raw', '--subdir', 'DAGS_FOLDER/DEPI.py', '--cfg-path', '/tmp/tmp75i2gcgd']
[2025-11-13T19:14:02.057+0000] {standard_task_runner.py:105} INFO - Job 689: Subtask generate_sensor_data
[2025-11-13T19:14:02.112+0000] {task_command.py:467} INFO - Running <TaskInstance: iot_sensor_data_dag.generate_sensor_data scheduled__2025-11-13T19:13:45+00:00 [running]> on host 4f76d54186b6
[2025-11-13T19:14:02.189+0000] {taskinstance.py:3134} INFO - Exporting env vars: AIRFLOW_CTX_DAG_OWNER='***' AIRFLOW_CTX_DAG_ID='iot_sensor_data_dag' AIRFLOW_CTX_TASK_ID='generate_sensor_data' AIRFLOW_CTX_EXECUTION_DATE='2025-11-13T19:13:45+00:00' AIRFLOW_CTX_TRY_NUMBER='1' AIRFLOW_CTX_DAG_RUN_ID='scheduled__2025-11-13T19:13:45+00:00'
[2025-11-13T19:14:02.191+0000] {logging_mixin.py:190} INFO - Task instance is in running state
[2025-11-13T19:14:02.192+0000] {logging_mixin.py:190} INFO -  Previous state of the Task instance: queued
[2025-11-13T19:14:02.193+0000] {logging_mixin.py:190} INFO - Current task name:generate_sensor_data state:running start_date:2025-11-13 19:14:01.880757+00:00
[2025-11-13T19:14:02.194+0000] {logging_mixin.py:190} INFO - Dag name:iot_sensor_data_dag and current dag run status:running
[2025-11-13T19:14:02.194+0000] {taskinstance.py:732} INFO - ::endgroup::
[2025-11-13T19:14:02.227+0000] {logging_mixin.py:190} INFO - [2025-11-13 19:14:02.212596] Inserted sensor data: {'time': datetime.datetime(2025, 11, 13, 19, 14, 2, 212596), 'temperature': 27.654548905361377, 'Dissolved_oxygen': 5.967265662862691, 'PH': 7.422179482016298, 'Ammonia': 0.010438428225054181, 'Nitrite': 0.05434551314142909, 'Turbidty': 39.147355045861914, '_id': ObjectId('69162dfa647011dcbbf72cfd')}
[2025-11-13T19:14:02.230+0000] {python.py:218} INFO - Done. Returned value was: None
[2025-11-13T19:14:02.242+0000] {taskinstance.py:341} INFO - ::group::Post task execution logs
[2025-11-13T19:14:02.243+0000] {taskinstance.py:353} INFO - Marking task as SUCCESS. dag_id=iot_sensor_data_dag, task_id=generate_sensor_data, run_id=scheduled__2025-11-13T19:13:45+00:00, execution_date=20251113T191345, start_date=20251113T191401, end_date=20251113T191402
[2025-11-13T19:14:01.568+0000] {logging_mixin.py:190} INFO - Task instance in success state
[2025-11-13T19:14:01.569+0000] {logging_mixin.py:190} INFO -  Previous state of the Task instance: running
[2025-11-13T19:14:01.570+0000] {logging_mixin.py:190} INFO - Dag name:iot_sensor_data_dag queued_at:2025-11-13 19:14:00.294877+00:00
[2025-11-13T19:14:01.571+0000] {logging_mixin.py:190} INFO - Task hostname:4f76d54186b6 operator:PythonOperator
[2025-11-13T19:14:01.581+0000] {local_task_job_runner.py:266} INFO - Task exited with return code 0
[2025-11-13T19:14:01.605+0000] {taskinstance.py:3901} INFO - 0 downstream tasks scheduled from follow-on schedule check
[2025-11-13T19:14:01.610+0000] {local_task_job_runner.py:245} INFO - ::endgroup::
