[2025-11-15T12:24:11.467+0000] {local_task_job_runner.py:123} INFO - ::group::Pre task execution logs
[2025-11-15T12:24:11.482+0000] {taskinstance.py:2614} INFO - Dependencies all met for dep_context=non-requeueable deps ti=<TaskInstance: iot_sensor_data_dag.generate_sensor_data scheduled__2025-11-15T12:21:00+00:00 [queued]>
[2025-11-15T12:24:11.493+0000] {taskinstance.py:2614} INFO - Dependencies all met for dep_context=requeueable deps ti=<TaskInstance: iot_sensor_data_dag.generate_sensor_data scheduled__2025-11-15T12:21:00+00:00 [queued]>
[2025-11-15T12:24:11.494+0000] {taskinstance.py:2867} INFO - Starting attempt 1 of 1
[2025-11-15T12:24:11.626+0000] {taskinstance.py:2890} INFO - Executing <Task(PythonOperator): generate_sensor_data> on 2025-11-15 12:21:00+00:00
[2025-11-15T12:24:11.634+0000] {warnings.py:112} WARNING - /home/***/.local/lib/python3.12/site-packages/***/task/task_runner/standard_task_runner.py:70: DeprecationWarning: This process (pid=1109) is multi-threaded, use of fork() may lead to deadlocks in the child.
  pid = os.fork()

[2025-11-15T12:24:11.636+0000] {standard_task_runner.py:72} INFO - Started process 1112 to run task
[2025-11-15T12:24:11.636+0000] {standard_task_runner.py:104} INFO - Running: ['***', 'tasks', 'run', 'iot_sensor_data_dag', 'generate_sensor_data', 'scheduled__2025-11-15T12:21:00+00:00', '--job-id', '1256', '--raw', '--subdir', 'DAGS_FOLDER/DEPI.py', '--cfg-path', '/tmp/tmpa92kjg7a']
[2025-11-15T12:24:11.637+0000] {standard_task_runner.py:105} INFO - Job 1256: Subtask generate_sensor_data
[2025-11-15T12:24:11.679+0000] {task_command.py:467} INFO - Running <TaskInstance: iot_sensor_data_dag.generate_sensor_data scheduled__2025-11-15T12:21:00+00:00 [running]> on host 4f76d54186b6
[2025-11-15T12:24:11.740+0000] {taskinstance.py:3134} INFO - Exporting env vars: AIRFLOW_CTX_DAG_OWNER='***' AIRFLOW_CTX_DAG_ID='iot_sensor_data_dag' AIRFLOW_CTX_TASK_ID='generate_sensor_data' AIRFLOW_CTX_EXECUTION_DATE='2025-11-15T12:21:00+00:00' AIRFLOW_CTX_TRY_NUMBER='1' AIRFLOW_CTX_DAG_RUN_ID='scheduled__2025-11-15T12:21:00+00:00'
[2025-11-15T12:24:11.743+0000] {logging_mixin.py:190} INFO - Task instance is in running state
[2025-11-15T12:24:11.744+0000] {logging_mixin.py:190} INFO -  Previous state of the Task instance: queued
[2025-11-15T12:24:11.744+0000] {logging_mixin.py:190} INFO - Current task name:generate_sensor_data state:running start_date:2025-11-15 12:24:11.487823+00:00
[2025-11-15T12:24:11.745+0000] {logging_mixin.py:190} INFO - Dag name:iot_sensor_data_dag and current dag run status:running
[2025-11-15T12:24:11.746+0000] {taskinstance.py:732} INFO - ::endgroup::
[2025-11-15T12:24:11.808+0000] {logging_mixin.py:190} INFO - [2025-11-15 12:24:11.795797] Inserted sensor data: {'time': '2025-11-15T12:24:11.795797', 'temperature': 27.379090216350573, 'Dissolved_oxygen': 5.958953104430955, 'PH': 7.4421490560511945, 'Ammonia': 0.009548453638595406, 'Nitrite': 0.049258776144430805, 'Turbidty': 39.18775717192801, '_id': '691870eb597376ffdab44f24'}
[2025-11-15T12:29:06.932+0000] {python.py:218} INFO - Done. Returned value was: None
[2025-11-15T12:29:06.944+0000] {taskinstance.py:341} INFO - ::group::Post task execution logs
[2025-11-15T12:29:06.945+0000] {taskinstance.py:353} INFO - Marking task as SUCCESS. dag_id=iot_sensor_data_dag, task_id=generate_sensor_data, run_id=scheduled__2025-11-15T12:21:00+00:00, execution_date=20251115T122100, start_date=20251115T122411, end_date=20251115T122906
[2025-11-15T12:29:06.971+0000] {logging_mixin.py:190} INFO - Task instance in success state
[2025-11-15T12:29:06.972+0000] {logging_mixin.py:190} INFO -  Previous state of the Task instance: running
[2025-11-15T12:29:06.973+0000] {logging_mixin.py:190} INFO - Dag name:iot_sensor_data_dag queued_at:2025-11-15 12:21:16.058741+00:00
[2025-11-15T12:29:06.973+0000] {logging_mixin.py:190} INFO - Task hostname:4f76d54186b6 operator:PythonOperator
[2025-11-15T12:29:07.011+0000] {local_task_job_runner.py:266} INFO - Task exited with return code 0
[2025-11-15T12:29:07.032+0000] {taskinstance.py:3901} INFO - 0 downstream tasks scheduled from follow-on schedule check
[2025-11-15T12:29:07.036+0000] {local_task_job_runner.py:245} INFO - ::endgroup::
