[2025-11-13T17:32:17.147+0000] {local_task_job_runner.py:123} INFO - ::group::Pre task execution logs
[2025-11-13T17:32:17.160+0000] {taskinstance.py:2614} INFO - Dependencies all met for dep_context=non-requeueable deps ti=<TaskInstance: iot_sensor_data_dag.generate_sensor_data scheduled__2025-11-13T17:32:00+00:00 [queued]>
[2025-11-13T17:32:17.167+0000] {taskinstance.py:2614} INFO - Dependencies all met for dep_context=requeueable deps ti=<TaskInstance: iot_sensor_data_dag.generate_sensor_data scheduled__2025-11-13T17:32:00+00:00 [queued]>
[2025-11-13T17:32:17.169+0000] {taskinstance.py:2867} INFO - Starting attempt 1 of 1
[2025-11-13T17:32:17.305+0000] {taskinstance.py:2890} INFO - Executing <Task(PythonOperator): generate_sensor_data> on 2025-11-13 17:32:00+00:00
[2025-11-13T17:32:17.312+0000] {warnings.py:112} WARNING - /home/***/.local/lib/python3.12/site-packages/***/task/task_runner/standard_task_runner.py:70: DeprecationWarning: This process (pid=724) is multi-threaded, use of fork() may lead to deadlocks in the child.
  pid = os.fork()

[2025-11-13T17:32:17.315+0000] {standard_task_runner.py:72} INFO - Started process 726 to run task
[2025-11-13T17:32:17.315+0000] {standard_task_runner.py:104} INFO - Running: ['***', 'tasks', 'run', 'iot_sensor_data_dag', 'generate_sensor_data', 'scheduled__2025-11-13T17:32:00+00:00', '--job-id', '282', '--raw', '--subdir', 'DAGS_FOLDER/DEPI.py', '--cfg-path', '/tmp/tmpodebmzfp']
[2025-11-13T17:32:17.317+0000] {standard_task_runner.py:105} INFO - Job 282: Subtask generate_sensor_data
[2025-11-13T17:32:17.389+0000] {task_command.py:467} INFO - Running <TaskInstance: iot_sensor_data_dag.generate_sensor_data scheduled__2025-11-13T17:32:00+00:00 [running]> on host 4f76d54186b6
[2025-11-13T17:32:17.476+0000] {taskinstance.py:3134} INFO - Exporting env vars: AIRFLOW_CTX_DAG_OWNER='***' AIRFLOW_CTX_DAG_ID='iot_sensor_data_dag' AIRFLOW_CTX_TASK_ID='generate_sensor_data' AIRFLOW_CTX_EXECUTION_DATE='2025-11-13T17:32:00+00:00' AIRFLOW_CTX_TRY_NUMBER='1' AIRFLOW_CTX_DAG_RUN_ID='scheduled__2025-11-13T17:32:00+00:00'
[2025-11-13T17:32:17.479+0000] {logging_mixin.py:190} INFO - Task instance is in running state
[2025-11-13T17:32:17.480+0000] {logging_mixin.py:190} INFO -  Previous state of the Task instance: queued
[2025-11-13T17:32:17.481+0000] {logging_mixin.py:190} INFO - Current task name:generate_sensor_data state:running start_date:2025-11-13 17:32:17.162171+00:00
[2025-11-13T17:32:17.481+0000] {logging_mixin.py:190} INFO - Dag name:iot_sensor_data_dag and current dag run status:running
[2025-11-13T17:32:17.483+0000] {taskinstance.py:732} INFO - ::endgroup::
[2025-11-13T17:32:17.533+0000] {logging_mixin.py:190} INFO - [2025-11-13 17:32:17.510349] Inserted sensor data: {'time': datetime.datetime(2025, 11, 13, 17, 32, 17, 510349), 'temperature': 27.304526376246923, 'Dissolved_oxygen': 6.089811564219531, 'PH': 7.547665341396204, 'Ammonia': 0.009449753258541428, 'Nitrite': 0.05262530810322044, 'Turbidty': 39.62351470727282, '_id': ObjectId('69161621bb6686b28c3b81be')}
[2025-11-13T17:32:17.536+0000] {python.py:218} INFO - Done. Returned value was: None
[2025-11-13T17:32:17.547+0000] {taskinstance.py:341} INFO - ::group::Post task execution logs
[2025-11-13T17:32:17.548+0000] {taskinstance.py:353} INFO - Marking task as SUCCESS. dag_id=iot_sensor_data_dag, task_id=generate_sensor_data, run_id=scheduled__2025-11-13T17:32:00+00:00, execution_date=20251113T173200, start_date=20251113T173217, end_date=20251113T173217
[2025-11-13T17:32:17.577+0000] {logging_mixin.py:190} INFO - Task instance in success state
[2025-11-13T17:32:17.578+0000] {logging_mixin.py:190} INFO -  Previous state of the Task instance: running
[2025-11-13T17:32:17.580+0000] {logging_mixin.py:190} INFO - Dag name:iot_sensor_data_dag queued_at:2025-11-13 17:32:15.669703+00:00
[2025-11-13T17:32:17.581+0000] {logging_mixin.py:190} INFO - Task hostname:4f76d54186b6 operator:PythonOperator
[2025-11-13T17:32:17.622+0000] {local_task_job_runner.py:266} INFO - Task exited with return code 0
[2025-11-13T17:32:17.645+0000] {taskinstance.py:3901} INFO - 0 downstream tasks scheduled from follow-on schedule check
[2025-11-13T17:32:17.651+0000] {local_task_job_runner.py:245} INFO - ::endgroup::
