[2025-11-13T18:38:17.127+0000] {local_task_job_runner.py:123} INFO - ::group::Pre task execution logs
[2025-11-13T18:38:17.140+0000] {taskinstance.py:2614} INFO - Dependencies all met for dep_context=non-requeueable deps ti=<TaskInstance: iot_sensor_data_dag.generate_sensor_data scheduled__2025-11-13T18:38:00+00:00 [queued]>
[2025-11-13T18:38:17.146+0000] {taskinstance.py:2614} INFO - Dependencies all met for dep_context=requeueable deps ti=<TaskInstance: iot_sensor_data_dag.generate_sensor_data scheduled__2025-11-13T18:38:00+00:00 [queued]>
[2025-11-13T18:38:17.147+0000] {taskinstance.py:2867} INFO - Starting attempt 1 of 1
[2025-11-13T18:38:17.272+0000] {taskinstance.py:2890} INFO - Executing <Task(PythonOperator): generate_sensor_data> on 2025-11-13 18:38:00+00:00
[2025-11-13T18:38:17.279+0000] {warnings.py:112} WARNING - /home/***/.local/lib/python3.12/site-packages/***/task/task_runner/standard_task_runner.py:70: DeprecationWarning: This process (pid=3478) is multi-threaded, use of fork() may lead to deadlocks in the child.
  pid = os.fork()

[2025-11-13T18:38:17.282+0000] {standard_task_runner.py:104} INFO - Running: ['***', 'tasks', 'run', 'iot_sensor_data_dag', 'generate_sensor_data', 'scheduled__2025-11-13T18:38:00+00:00', '--job-id', '546', '--raw', '--subdir', 'DAGS_FOLDER/DEPI.py', '--cfg-path', '/tmp/tmpk_y_2w9c']
[2025-11-13T18:38:17.283+0000] {standard_task_runner.py:72} INFO - Started process 3480 to run task
[2025-11-13T18:38:17.284+0000] {standard_task_runner.py:105} INFO - Job 546: Subtask generate_sensor_data
[2025-11-13T18:38:17.326+0000] {task_command.py:467} INFO - Running <TaskInstance: iot_sensor_data_dag.generate_sensor_data scheduled__2025-11-13T18:38:00+00:00 [running]> on host 4f76d54186b6
[2025-11-13T18:38:17.394+0000] {taskinstance.py:3134} INFO - Exporting env vars: AIRFLOW_CTX_DAG_OWNER='***' AIRFLOW_CTX_DAG_ID='iot_sensor_data_dag' AIRFLOW_CTX_TASK_ID='generate_sensor_data' AIRFLOW_CTX_EXECUTION_DATE='2025-11-13T18:38:00+00:00' AIRFLOW_CTX_TRY_NUMBER='1' AIRFLOW_CTX_DAG_RUN_ID='scheduled__2025-11-13T18:38:00+00:00'
[2025-11-13T18:38:17.395+0000] {logging_mixin.py:190} INFO - Task instance is in running state
[2025-11-13T18:38:17.396+0000] {logging_mixin.py:190} INFO -  Previous state of the Task instance: queued
[2025-11-13T18:38:17.397+0000] {logging_mixin.py:190} INFO - Current task name:generate_sensor_data state:running start_date:2025-11-13 18:38:17.140761+00:00
[2025-11-13T18:38:17.397+0000] {logging_mixin.py:190} INFO - Dag name:iot_sensor_data_dag and current dag run status:running
[2025-11-13T18:38:17.398+0000] {taskinstance.py:732} INFO - ::endgroup::
[2025-11-13T18:38:17.424+0000] {logging_mixin.py:190} INFO - [2025-11-13 18:38:17.409994] Inserted sensor data: {'time': datetime.datetime(2025, 11, 13, 18, 38, 17, 409994), 'temperature': 27.353870241430837, 'Dissolved_oxygen': 5.925949892425695, 'PH': 7.473816355180704, 'Ammonia': 0.010350018537472793, 'Nitrite': 0.04866013134108012, 'Turbidty': 40.52515248748507, '_id': ObjectId('691625992c6bb45e62f72fcc')}
[2025-11-13T18:38:17.426+0000] {python.py:218} INFO - Done. Returned value was: None
[2025-11-13T18:38:17.436+0000] {taskinstance.py:341} INFO - ::group::Post task execution logs
[2025-11-13T18:38:17.437+0000] {taskinstance.py:353} INFO - Marking task as SUCCESS. dag_id=iot_sensor_data_dag, task_id=generate_sensor_data, run_id=scheduled__2025-11-13T18:38:00+00:00, execution_date=20251113T183800, start_date=20251113T183817, end_date=20251113T183817
[2025-11-13T18:38:17.461+0000] {logging_mixin.py:190} INFO - Task instance in success state
[2025-11-13T18:38:17.465+0000] {logging_mixin.py:190} INFO -  Previous state of the Task instance: running
[2025-11-13T18:38:17.466+0000] {logging_mixin.py:190} INFO - Dag name:iot_sensor_data_dag queued_at:2025-11-13 18:38:15.869562+00:00
[2025-11-13T18:38:17.467+0000] {logging_mixin.py:190} INFO - Task hostname:4f76d54186b6 operator:PythonOperator
[2025-11-13T18:38:17.507+0000] {local_task_job_runner.py:266} INFO - Task exited with return code 0
[2025-11-13T18:38:17.529+0000] {taskinstance.py:3901} INFO - 0 downstream tasks scheduled from follow-on schedule check
[2025-11-13T18:38:17.533+0000] {local_task_job_runner.py:245} INFO - ::endgroup::
