[2025-11-15T11:57:34.004+0000] {local_task_job_runner.py:123} INFO - ::group::Pre task execution logs
[2025-11-15T11:57:34.020+0000] {taskinstance.py:2614} INFO - Dependencies all met for dep_context=non-requeueable deps ti=<TaskInstance: iot_sensor_data_dag.notify_and_mail_if_fail scheduled__2025-11-15T11:57:15+00:00 [queued]>
[2025-11-15T11:57:34.029+0000] {taskinstance.py:2614} INFO - Dependencies all met for dep_context=requeueable deps ti=<TaskInstance: iot_sensor_data_dag.notify_and_mail_if_fail scheduled__2025-11-15T11:57:15+00:00 [queued]>
[2025-11-15T11:57:34.030+0000] {taskinstance.py:2867} INFO - Starting attempt 1 of 1
[2025-11-15T11:57:34.168+0000] {taskinstance.py:2890} INFO - Executing <Task(PythonOperator): notify_and_mail_if_fail> on 2025-11-15 11:57:15+00:00
[2025-11-15T11:57:34.176+0000] {warnings.py:112} WARNING - /home/***/.local/lib/python3.12/site-packages/***/task/task_runner/standard_task_runner.py:70: DeprecationWarning: This process (pid=2400) is multi-threaded, use of fork() may lead to deadlocks in the child.
  pid = os.fork()

[2025-11-15T11:57:34.178+0000] {standard_task_runner.py:72} INFO - Started process 2402 to run task
[2025-11-15T11:57:34.178+0000] {standard_task_runner.py:104} INFO - Running: ['***', 'tasks', 'run', 'iot_sensor_data_dag', 'notify_and_mail_if_fail', 'scheduled__2025-11-15T11:57:15+00:00', '--job-id', '1147', '--raw', '--subdir', 'DAGS_FOLDER/DEPI.py', '--cfg-path', '/tmp/tmp0mwiiaji']
[2025-11-15T11:57:34.179+0000] {standard_task_runner.py:105} INFO - Job 1147: Subtask notify_and_mail_if_fail
[2025-11-15T11:57:34.221+0000] {task_command.py:467} INFO - Running <TaskInstance: iot_sensor_data_dag.notify_and_mail_if_fail scheduled__2025-11-15T11:57:15+00:00 [running]> on host 4f76d54186b6
[2025-11-15T11:57:34.285+0000] {taskinstance.py:3134} INFO - Exporting env vars: AIRFLOW_CTX_DAG_OWNER='***' AIRFLOW_CTX_DAG_ID='iot_sensor_data_dag' AIRFLOW_CTX_TASK_ID='notify_and_mail_if_fail' AIRFLOW_CTX_EXECUTION_DATE='2025-11-15T11:57:15+00:00' AIRFLOW_CTX_TRY_NUMBER='1' AIRFLOW_CTX_DAG_RUN_ID='scheduled__2025-11-15T11:57:15+00:00'
[2025-11-15T11:57:34.287+0000] {logging_mixin.py:190} INFO - Task instance is in running state
[2025-11-15T11:57:34.288+0000] {logging_mixin.py:190} INFO -  Previous state of the Task instance: queued
[2025-11-15T11:57:34.288+0000] {logging_mixin.py:190} INFO - Current task name:notify_and_mail_if_fail state:running start_date:2025-11-15 11:57:34.021784+00:00
[2025-11-15T11:57:34.289+0000] {logging_mixin.py:190} INFO - Dag name:iot_sensor_data_dag and current dag run status:running
[2025-11-15T11:57:34.290+0000] {taskinstance.py:732} INFO - ::endgroup::
[2025-11-15T11:57:34.291+0000] {taskinstance.py:3313} ERROR - Task failed with exception
Traceback (most recent call last):
  File "/home/airflow/.local/lib/python3.12/site-packages/airflow/models/taskinstance.py", line 768, in _execute_task
    result = _execute_callable(context=context, **execute_callable_kwargs)
             ^^^^^^^^^^^^^^^^^^^^^^^^^^^^^^^^^^^^^^^^^^^^^^^^^^^^^^^^^^^^^
  File "/home/airflow/.local/lib/python3.12/site-packages/airflow/models/taskinstance.py", line 734, in _execute_callable
    return ExecutionCallableRunner(
           ^^^^^^^^^^^^^^^^^^^^^^^^
  File "/home/airflow/.local/lib/python3.12/site-packages/airflow/utils/operator_helpers.py", line 252, in run
    return self.func(*args, **kwargs)
           ^^^^^^^^^^^^^^^^^^^^^^^^^^
  File "/home/airflow/.local/lib/python3.12/site-packages/airflow/models/baseoperator.py", line 424, in wrapper
    return func(self, *args, **kwargs)
           ^^^^^^^^^^^^^^^^^^^^^^^^^^^
  File "/home/airflow/.local/lib/python3.12/site-packages/airflow/providers/standard/operators/python.py", line 216, in execute
    return_value = self.execute_callable()
                   ^^^^^^^^^^^^^^^^^^^^^^^
  File "/home/airflow/.local/lib/python3.12/site-packages/airflow/providers/standard/operators/python.py", line 239, in execute_callable
    return runner.run(*self.op_args, **self.op_kwargs)
           ^^^^^^^^^^^^^^^^^^^^^^^^^^^^^^^^^^^^^^^^^^^
  File "/home/airflow/.local/lib/python3.12/site-packages/airflow/utils/operator_helpers.py", line 252, in run
    return self.func(*args, **kwargs)
           ^^^^^^^^^^^^^^^^^^^^^^^^^^
  File "/opt/airflow/dags/DEPI.py", line 82, in notify_and_mail
    ptiny
NameError: name 'ptiny' is not defined. Did you mean: 'print'?
[2025-11-15T11:57:34.303+0000] {logging_mixin.py:190} INFO - Task instance in failure state
[2025-11-15T11:57:34.304+0000] {logging_mixin.py:190} INFO - Task start:2025-11-15 11:57:34.021784+00:00 end:2025-11-15 11:57:34.303513+00:00 duration:0.281729
[2025-11-15T11:57:34.305+0000] {logging_mixin.py:190} INFO - Task:<Task(PythonOperator): notify_and_mail_if_fail> dag:<DAG: iot_sensor_data_dag> dagrun:<DagRun iot_sensor_data_dag @ 2025-11-15 11:57:15+00:00: scheduled__2025-11-15T11:57:15+00:00, state:running, queued_at: 2025-11-15 11:57:30.651902+00:00. externally triggered: False>
[2025-11-15T11:57:34.306+0000] {logging_mixin.py:190} INFO - Failure caused by name 'ptiny' is not defined
[2025-11-15T11:57:34.306+0000] {taskinstance.py:1226} INFO - Marking task as FAILED. dag_id=iot_sensor_data_dag, task_id=notify_and_mail_if_fail, run_id=scheduled__2025-11-15T11:57:15+00:00, execution_date=20251115T115715, start_date=20251115T115734, end_date=20251115T115734
[2025-11-15T11:57:34.326+0000] {taskinstance.py:341} INFO - ::group::Post task execution logs
[2025-11-15T11:57:34.327+0000] {standard_task_runner.py:124} ERROR - Failed to execute job 1147 for task notify_and_mail_if_fail (name 'ptiny' is not defined; 2402)
Traceback (most recent call last):
  File "/home/airflow/.local/lib/python3.12/site-packages/airflow/task/task_runner/standard_task_runner.py", line 117, in _start_by_fork
    ret = args.func(args, dag=self.dag)
          ^^^^^^^^^^^^^^^^^^^^^^^^^^^^^
  File "/home/airflow/.local/lib/python3.12/site-packages/airflow/cli/cli_config.py", line 49, in command
    return func(*args, **kwargs)
           ^^^^^^^^^^^^^^^^^^^^^
  File "/home/airflow/.local/lib/python3.12/site-packages/airflow/utils/cli.py", line 116, in wrapper
    return f(*args, **kwargs)
           ^^^^^^^^^^^^^^^^^^
  File "/home/airflow/.local/lib/python3.12/site-packages/airflow/cli/commands/task_command.py", line 483, in task_run
    task_return_code = _run_task_by_selected_method(args, _dag, ti)
                       ^^^^^^^^^^^^^^^^^^^^^^^^^^^^^^^^^^^^^^^^^^^^
  File "/home/airflow/.local/lib/python3.12/site-packages/airflow/cli/commands/task_command.py", line 256, in _run_task_by_selected_method
    return _run_raw_task(args, ti)
           ^^^^^^^^^^^^^^^^^^^^^^^
  File "/home/airflow/.local/lib/python3.12/site-packages/airflow/cli/commands/task_command.py", line 341, in _run_raw_task
    return ti._run_raw_task(
           ^^^^^^^^^^^^^^^^^
  File "/home/airflow/.local/lib/python3.12/site-packages/airflow/utils/session.py", line 97, in wrapper
    return func(*args, session=session, **kwargs)
           ^^^^^^^^^^^^^^^^^^^^^^^^^^^^^^^^^^^^^^
  File "/home/airflow/.local/lib/python3.12/site-packages/airflow/models/taskinstance.py", line 3006, in _run_raw_task
    return _run_raw_task(
           ^^^^^^^^^^^^^^
  File "/home/airflow/.local/lib/python3.12/site-packages/airflow/models/taskinstance.py", line 274, in _run_raw_task
    TaskInstance._execute_task_with_callbacks(
  File "/home/airflow/.local/lib/python3.12/site-packages/airflow/models/taskinstance.py", line 3161, in _execute_task_with_callbacks
    result = self._execute_task(context, task_orig)
             ^^^^^^^^^^^^^^^^^^^^^^^^^^^^^^^^^^^^^^
  File "/home/airflow/.local/lib/python3.12/site-packages/airflow/models/taskinstance.py", line 3185, in _execute_task
    return _execute_task(self, context, task_orig)
           ^^^^^^^^^^^^^^^^^^^^^^^^^^^^^^^^^^^^^^^
  File "/home/airflow/.local/lib/python3.12/site-packages/airflow/models/taskinstance.py", line 768, in _execute_task
    result = _execute_callable(context=context, **execute_callable_kwargs)
             ^^^^^^^^^^^^^^^^^^^^^^^^^^^^^^^^^^^^^^^^^^^^^^^^^^^^^^^^^^^^^
  File "/home/airflow/.local/lib/python3.12/site-packages/airflow/models/taskinstance.py", line 734, in _execute_callable
    return ExecutionCallableRunner(
           ^^^^^^^^^^^^^^^^^^^^^^^^
  File "/home/airflow/.local/lib/python3.12/site-packages/airflow/utils/operator_helpers.py", line 252, in run
    return self.func(*args, **kwargs)
           ^^^^^^^^^^^^^^^^^^^^^^^^^^
  File "/home/airflow/.local/lib/python3.12/site-packages/airflow/models/baseoperator.py", line 424, in wrapper
    return func(self, *args, **kwargs)
           ^^^^^^^^^^^^^^^^^^^^^^^^^^^
  File "/home/airflow/.local/lib/python3.12/site-packages/airflow/providers/standard/operators/python.py", line 216, in execute
    return_value = self.execute_callable()
                   ^^^^^^^^^^^^^^^^^^^^^^^
  File "/home/airflow/.local/lib/python3.12/site-packages/airflow/providers/standard/operators/python.py", line 239, in execute_callable
    return runner.run(*self.op_args, **self.op_kwargs)
           ^^^^^^^^^^^^^^^^^^^^^^^^^^^^^^^^^^^^^^^^^^^
  File "/home/airflow/.local/lib/python3.12/site-packages/airflow/utils/operator_helpers.py", line 252, in run
    return self.func(*args, **kwargs)
           ^^^^^^^^^^^^^^^^^^^^^^^^^^
  File "/opt/airflow/dags/DEPI.py", line 82, in notify_and_mail
    ptiny
NameError: name 'ptiny' is not defined. Did you mean: 'print'?
[2025-11-15T11:57:34.357+0000] {local_task_job_runner.py:266} INFO - Task exited with return code 1
[2025-11-15T11:57:34.369+0000] {taskinstance.py:3901} INFO - 0 downstream tasks scheduled from follow-on schedule check
[2025-11-15T11:57:34.372+0000] {local_task_job_runner.py:245} INFO - ::endgroup::
