[2025-11-13T18:06:46.988+0000] {local_task_job_runner.py:123} INFO - ::group::Pre task execution logs
[2025-11-13T18:06:47.000+0000] {taskinstance.py:2614} INFO - Dependencies all met for dep_context=non-requeueable deps ti=<TaskInstance: iot_sensor_data_dag.generate_sensor_data scheduled__2025-11-13T18:06:30+00:00 [queued]>
[2025-11-13T18:06:47.006+0000] {taskinstance.py:2614} INFO - Dependencies all met for dep_context=requeueable deps ti=<TaskInstance: iot_sensor_data_dag.generate_sensor_data scheduled__2025-11-13T18:06:30+00:00 [queued]>
[2025-11-13T18:06:47.007+0000] {taskinstance.py:2867} INFO - Starting attempt 1 of 1
[2025-11-13T18:06:47.126+0000] {taskinstance.py:2890} INFO - Executing <Task(PythonOperator): generate_sensor_data> on 2025-11-13 18:06:30+00:00
[2025-11-13T18:06:47.133+0000] {warnings.py:112} WARNING - /home/***/.local/lib/python3.12/site-packages/***/task/task_runner/standard_task_runner.py:70: DeprecationWarning: This process (pid=2157) is multi-threaded, use of fork() may lead to deadlocks in the child.
  pid = os.fork()

[2025-11-13T18:06:47.135+0000] {standard_task_runner.py:72} INFO - Started process 2159 to run task
[2025-11-13T18:06:47.135+0000] {standard_task_runner.py:104} INFO - Running: ['***', 'tasks', 'run', 'iot_sensor_data_dag', 'generate_sensor_data', 'scheduled__2025-11-13T18:06:30+00:00', '--job-id', '420', '--raw', '--subdir', 'DAGS_FOLDER/DEPI.py', '--cfg-path', '/tmp/tmpjejfaxtx']
[2025-11-13T18:06:47.136+0000] {standard_task_runner.py:105} INFO - Job 420: Subtask generate_sensor_data
[2025-11-13T18:06:47.171+0000] {task_command.py:467} INFO - Running <TaskInstance: iot_sensor_data_dag.generate_sensor_data scheduled__2025-11-13T18:06:30+00:00 [running]> on host 4f76d54186b6
[2025-11-13T18:06:47.231+0000] {taskinstance.py:3134} INFO - Exporting env vars: AIRFLOW_CTX_DAG_OWNER='***' AIRFLOW_CTX_DAG_ID='iot_sensor_data_dag' AIRFLOW_CTX_TASK_ID='generate_sensor_data' AIRFLOW_CTX_EXECUTION_DATE='2025-11-13T18:06:30+00:00' AIRFLOW_CTX_TRY_NUMBER='1' AIRFLOW_CTX_DAG_RUN_ID='scheduled__2025-11-13T18:06:30+00:00'
[2025-11-13T18:06:47.232+0000] {logging_mixin.py:190} INFO - Task instance is in running state
[2025-11-13T18:06:47.232+0000] {logging_mixin.py:190} INFO -  Previous state of the Task instance: queued
[2025-11-13T18:06:47.233+0000] {logging_mixin.py:190} INFO - Current task name:generate_sensor_data state:running start_date:2025-11-13 18:06:47.001096+00:00
[2025-11-13T18:06:47.233+0000] {logging_mixin.py:190} INFO - Dag name:iot_sensor_data_dag and current dag run status:running
[2025-11-13T18:06:47.234+0000] {taskinstance.py:732} INFO - ::endgroup::
[2025-11-13T18:06:47.266+0000] {logging_mixin.py:190} INFO - [2025-11-13 18:06:47.244012] Inserted sensor data: {'time': datetime.datetime(2025, 11, 13, 18, 6, 47, 244012), 'temperature': 27.67964127793751, 'Dissolved_oxygen': 6.018540741171282, 'PH': 7.5564500532422425, 'Ammonia': 0.010207785854221458, 'Nitrite': 0.04966872496096368, 'Turbidty': 39.7994459317807, '_id': ObjectId('69161e374386a32ae5299e01')}
[2025-11-13T18:06:47.268+0000] {python.py:218} INFO - Done. Returned value was: None
[2025-11-13T18:06:47.278+0000] {taskinstance.py:341} INFO - ::group::Post task execution logs
[2025-11-13T18:06:47.278+0000] {taskinstance.py:353} INFO - Marking task as SUCCESS. dag_id=iot_sensor_data_dag, task_id=generate_sensor_data, run_id=scheduled__2025-11-13T18:06:30+00:00, execution_date=20251113T180630, start_date=20251113T180647, end_date=20251113T180647
[2025-11-13T18:06:47.296+0000] {logging_mixin.py:190} INFO - Task instance in success state
[2025-11-13T18:06:47.297+0000] {logging_mixin.py:190} INFO -  Previous state of the Task instance: running
[2025-11-13T18:06:47.298+0000] {logging_mixin.py:190} INFO - Dag name:iot_sensor_data_dag queued_at:2025-11-13 18:06:45.731734+00:00
[2025-11-13T18:06:47.298+0000] {logging_mixin.py:190} INFO - Task hostname:4f76d54186b6 operator:PythonOperator
[2025-11-13T18:06:47.314+0000] {local_task_job_runner.py:266} INFO - Task exited with return code 0
[2025-11-13T18:06:47.334+0000] {taskinstance.py:3901} INFO - 0 downstream tasks scheduled from follow-on schedule check
[2025-11-13T18:06:47.339+0000] {local_task_job_runner.py:245} INFO - ::endgroup::
