[2025-11-15T17:26:14.484+0000] {local_task_job_runner.py:123} INFO - ::group::Pre task execution logs
[2025-11-15T17:26:14.496+0000] {taskinstance.py:2614} INFO - Dependencies all met for dep_context=non-requeueable deps ti=<TaskInstance: iot_sensor_data_dag.generate_sensor_data scheduled__2025-11-15T17:25:45+00:00 [queued]>
[2025-11-15T17:26:14.501+0000] {taskinstance.py:2614} INFO - Dependencies all met for dep_context=requeueable deps ti=<TaskInstance: iot_sensor_data_dag.generate_sensor_data scheduled__2025-11-15T17:25:45+00:00 [queued]>
[2025-11-15T17:26:14.502+0000] {taskinstance.py:2867} INFO - Starting attempt 1 of 1
[2025-11-15T17:26:14.512+0000] {taskinstance.py:2890} INFO - Executing <Task(PythonOperator): generate_sensor_data> on 2025-11-15 17:25:45+00:00
[2025-11-15T17:26:14.518+0000] {warnings.py:112} WARNING - /home/***/.local/lib/python3.12/site-packages/***/task/task_runner/standard_task_runner.py:70: DeprecationWarning: This process (pid=761) is multi-threaded, use of fork() may lead to deadlocks in the child.
  pid = os.fork()

[2025-11-15T17:26:14.520+0000] {standard_task_runner.py:72} INFO - Started process 763 to run task
[2025-11-15T17:26:14.520+0000] {standard_task_runner.py:104} INFO - Running: ['***', 'tasks', 'run', 'iot_sensor_data_dag', 'generate_sensor_data', 'scheduled__2025-11-15T17:25:45+00:00', '--job-id', '1325', '--raw', '--subdir', 'DAGS_FOLDER/DEPI.py', '--cfg-path', '/tmp/tmpmb3qrgtv']
[2025-11-15T17:26:14.521+0000] {standard_task_runner.py:105} INFO - Job 1325: Subtask generate_sensor_data
[2025-11-15T17:26:14.739+0000] {task_command.py:467} INFO - Running <TaskInstance: iot_sensor_data_dag.generate_sensor_data scheduled__2025-11-15T17:25:45+00:00 [running]> on host 4f76d54186b6
[2025-11-15T17:26:14.792+0000] {taskinstance.py:3134} INFO - Exporting env vars: AIRFLOW_CTX_DAG_OWNER='***' AIRFLOW_CTX_DAG_ID='iot_sensor_data_dag' AIRFLOW_CTX_TASK_ID='generate_sensor_data' AIRFLOW_CTX_EXECUTION_DATE='2025-11-15T17:25:45+00:00' AIRFLOW_CTX_TRY_NUMBER='1' AIRFLOW_CTX_DAG_RUN_ID='scheduled__2025-11-15T17:25:45+00:00'
[2025-11-15T17:26:14.793+0000] {logging_mixin.py:190} INFO - Task instance is in running state
[2025-11-15T17:26:14.793+0000] {logging_mixin.py:190} INFO -  Previous state of the Task instance: queued
[2025-11-15T17:26:14.794+0000] {logging_mixin.py:190} INFO - Current task name:generate_sensor_data state:running start_date:2025-11-15 17:26:14.497081+00:00
[2025-11-15T17:26:14.794+0000] {logging_mixin.py:190} INFO - Dag name:iot_sensor_data_dag and current dag run status:running
[2025-11-15T17:26:14.795+0000] {taskinstance.py:732} INFO - ::endgroup::
[2025-11-15T17:26:14.825+0000] {logging_mixin.py:190} INFO - [2025-11-15 17:26:14.815014] Inserted sensor data: {'time': '2025-11-15T17:26:14.815014', 'temperature': 27.63023012491499, 'Dissolved_oxygen': 6.017879460948397, 'PH': 7.438111631034525, 'Ammonia': 0.009518658412189891, 'Nitrite': 0.047672256251460585, 'Turbidty': 40.35970637185576, '_id': '6918b7b6f76f3fc25fe5f1f9'}
[2025-11-15T17:31:29.792+0000] {python.py:218} INFO - Done. Returned value was: None
[2025-11-15T17:31:29.802+0000] {taskinstance.py:341} INFO - ::group::Post task execution logs
[2025-11-15T17:31:29.803+0000] {taskinstance.py:353} INFO - Marking task as SUCCESS. dag_id=iot_sensor_data_dag, task_id=generate_sensor_data, run_id=scheduled__2025-11-15T17:25:45+00:00, execution_date=20251115T172545, start_date=20251115T172614, end_date=20251115T173129
[2025-11-15T17:31:29.822+0000] {logging_mixin.py:190} INFO - Task instance in success state
[2025-11-15T17:31:29.823+0000] {logging_mixin.py:190} INFO -  Previous state of the Task instance: running
[2025-11-15T17:31:29.823+0000] {logging_mixin.py:190} INFO - Dag name:iot_sensor_data_dag queued_at:2025-11-15 17:26:10.639314+00:00
[2025-11-15T17:31:29.823+0000] {logging_mixin.py:190} INFO - Task hostname:4f76d54186b6 operator:PythonOperator
[2025-11-15T17:31:29.854+0000] {local_task_job_runner.py:266} INFO - Task exited with return code 0
[2025-11-15T17:31:29.870+0000] {taskinstance.py:3901} INFO - 0 downstream tasks scheduled from follow-on schedule check
[2025-11-15T17:31:29.874+0000] {local_task_job_runner.py:245} INFO - ::endgroup::
