[2025-11-15T17:02:01.838+0000] {local_task_job_runner.py:123} INFO - ::group::Pre task execution logs
[2025-11-15T17:02:01.849+0000] {taskinstance.py:2614} INFO - Dependencies all met for dep_context=non-requeueable deps ti=<TaskInstance: iot_sensor_data_dag.generate_sensor_data scheduled__2025-11-15T17:01:45+00:00 [queued]>
[2025-11-15T17:02:01.854+0000] {taskinstance.py:2614} INFO - Dependencies all met for dep_context=requeueable deps ti=<TaskInstance: iot_sensor_data_dag.generate_sensor_data scheduled__2025-11-15T17:01:45+00:00 [queued]>
[2025-11-15T17:02:01.855+0000] {taskinstance.py:2867} INFO - Starting attempt 1 of 1
[2025-11-15T17:02:01.866+0000] {taskinstance.py:2890} INFO - Executing <Task(PythonOperator): generate_sensor_data> on 2025-11-15 17:01:45+00:00
[2025-11-15T17:02:01.871+0000] {warnings.py:112} WARNING - /home/***/.local/lib/python3.12/site-packages/***/task/task_runner/standard_task_runner.py:70: DeprecationWarning: This process (pid=211) is multi-threaded, use of fork() may lead to deadlocks in the child.
  pid = os.fork()

[2025-11-15T17:02:01.872+0000] {standard_task_runner.py:72} INFO - Started process 213 to run task
[2025-11-15T17:02:01.873+0000] {standard_task_runner.py:104} INFO - Running: ['***', 'tasks', 'run', 'iot_sensor_data_dag', 'generate_sensor_data', 'scheduled__2025-11-15T17:01:45+00:00', '--job-id', '1297', '--raw', '--subdir', 'DAGS_FOLDER/DEPI.py', '--cfg-path', '/tmp/tmpg748kn_h']
[2025-11-15T17:02:01.874+0000] {standard_task_runner.py:105} INFO - Job 1297: Subtask generate_sensor_data
[2025-11-15T17:02:02.106+0000] {task_command.py:467} INFO - Running <TaskInstance: iot_sensor_data_dag.generate_sensor_data scheduled__2025-11-15T17:01:45+00:00 [running]> on host 4f76d54186b6
[2025-11-15T17:02:02.161+0000] {taskinstance.py:3134} INFO - Exporting env vars: AIRFLOW_CTX_DAG_OWNER='***' AIRFLOW_CTX_DAG_ID='iot_sensor_data_dag' AIRFLOW_CTX_TASK_ID='generate_sensor_data' AIRFLOW_CTX_EXECUTION_DATE='2025-11-15T17:01:45+00:00' AIRFLOW_CTX_TRY_NUMBER='1' AIRFLOW_CTX_DAG_RUN_ID='scheduled__2025-11-15T17:01:45+00:00'
[2025-11-15T17:02:02.162+0000] {logging_mixin.py:190} INFO - Task instance is in running state
[2025-11-15T17:02:02.162+0000] {logging_mixin.py:190} INFO -  Previous state of the Task instance: queued
[2025-11-15T17:02:02.163+0000] {logging_mixin.py:190} INFO - Current task name:generate_sensor_data state:running start_date:2025-11-15 17:02:01.850278+00:00
[2025-11-15T17:02:02.163+0000] {logging_mixin.py:190} INFO - Dag name:iot_sensor_data_dag and current dag run status:running
[2025-11-15T17:02:02.164+0000] {taskinstance.py:732} INFO - ::endgroup::
[2025-11-15T17:02:02.188+0000] {logging_mixin.py:190} INFO - [2025-11-15 17:02:02.177032] Inserted sensor data: {'time': '2025-11-15T17:02:02.177032', 'temperature': 27.52621467740403, 'Dissolved_oxygen': 6.023552971117556, 'PH': 7.550758595795709, 'Ammonia': 0.010539331415556127, 'Nitrite': 0.047119483207567495, 'Turbidty': 39.777078866119254, '_id': '6918b20a661fb82ac12b76cb'}
[2025-11-15T17:07:19.301+0000] {python.py:218} INFO - Done. Returned value was: None
[2025-11-15T17:07:19.370+0000] {taskinstance.py:341} INFO - ::group::Post task execution logs
[2025-11-15T17:07:19.373+0000] {taskinstance.py:353} INFO - Marking task as SUCCESS. dag_id=iot_sensor_data_dag, task_id=generate_sensor_data, run_id=scheduled__2025-11-15T17:01:45+00:00, execution_date=20251115T170145, start_date=20251115T170201, end_date=20251115T170719
[2025-11-15T17:07:19.439+0000] {logging_mixin.py:190} INFO - Task instance in success state
[2025-11-15T17:07:19.443+0000] {logging_mixin.py:190} INFO -  Previous state of the Task instance: running
[2025-11-15T17:07:19.443+0000] {logging_mixin.py:190} INFO - Dag name:iot_sensor_data_dag queued_at:2025-11-15 17:02:00.682582+00:00
[2025-11-15T17:07:19.443+0000] {logging_mixin.py:190} INFO - Task hostname:4f76d54186b6 operator:PythonOperator
[2025-11-15T17:07:19.488+0000] {local_task_job_runner.py:266} INFO - Task exited with return code 0
[2025-11-15T17:07:19.611+0000] {taskinstance.py:3901} INFO - 0 downstream tasks scheduled from follow-on schedule check
[2025-11-15T17:07:19.619+0000] {local_task_job_runner.py:245} INFO - ::endgroup::
