[2025-11-13T19:03:47.280+0000] {local_task_job_runner.py:123} INFO - ::group::Pre task execution logs
[2025-11-13T19:03:47.295+0000] {taskinstance.py:2614} INFO - Dependencies all met for dep_context=non-requeueable deps ti=<TaskInstance: iot_sensor_data_dag.generate_sensor_data scheduled__2025-11-13T19:03:30+00:00 [queued]>
[2025-11-13T19:03:47.303+0000] {taskinstance.py:2614} INFO - Dependencies all met for dep_context=requeueable deps ti=<TaskInstance: iot_sensor_data_dag.generate_sensor_data scheduled__2025-11-13T19:03:30+00:00 [queued]>
[2025-11-13T19:03:47.305+0000] {taskinstance.py:2867} INFO - Starting attempt 1 of 1
[2025-11-13T19:03:47.486+0000] {taskinstance.py:2890} INFO - Executing <Task(PythonOperator): generate_sensor_data> on 2025-11-13 19:03:30+00:00
[2025-11-13T19:03:47.501+0000] {warnings.py:112} WARNING - /home/***/.local/lib/python3.12/site-packages/***/task/task_runner/standard_task_runner.py:70: DeprecationWarning: This process (pid=4547) is multi-threaded, use of fork() may lead to deadlocks in the child.
  pid = os.fork()

[2025-11-13T19:03:47.506+0000] {standard_task_runner.py:72} INFO - Started process 4549 to run task
[2025-11-13T19:03:47.508+0000] {standard_task_runner.py:104} INFO - Running: ['***', 'tasks', 'run', 'iot_sensor_data_dag', 'generate_sensor_data', 'scheduled__2025-11-13T19:03:30+00:00', '--job-id', '648', '--raw', '--subdir', 'DAGS_FOLDER/DEPI.py', '--cfg-path', '/tmp/tmpp0d70my0']
[2025-11-13T19:03:47.511+0000] {standard_task_runner.py:105} INFO - Job 648: Subtask generate_sensor_data
[2025-11-13T19:03:47.564+0000] {task_command.py:467} INFO - Running <TaskInstance: iot_sensor_data_dag.generate_sensor_data scheduled__2025-11-13T19:03:30+00:00 [running]> on host 4f76d54186b6
[2025-11-13T19:03:47.635+0000] {taskinstance.py:3134} INFO - Exporting env vars: AIRFLOW_CTX_DAG_OWNER='***' AIRFLOW_CTX_DAG_ID='iot_sensor_data_dag' AIRFLOW_CTX_TASK_ID='generate_sensor_data' AIRFLOW_CTX_EXECUTION_DATE='2025-11-13T19:03:30+00:00' AIRFLOW_CTX_TRY_NUMBER='1' AIRFLOW_CTX_DAG_RUN_ID='scheduled__2025-11-13T19:03:30+00:00'
[2025-11-13T19:03:47.637+0000] {logging_mixin.py:190} INFO - Task instance is in running state
[2025-11-13T19:03:47.637+0000] {logging_mixin.py:190} INFO -  Previous state of the Task instance: queued
[2025-11-13T19:03:47.638+0000] {logging_mixin.py:190} INFO - Current task name:generate_sensor_data state:running start_date:2025-11-13 19:03:47.297562+00:00
[2025-11-13T19:03:47.639+0000] {logging_mixin.py:190} INFO - Dag name:iot_sensor_data_dag and current dag run status:running
[2025-11-13T19:03:47.640+0000] {taskinstance.py:732} INFO - ::endgroup::
[2025-11-13T19:03:47.679+0000] {logging_mixin.py:190} INFO - [2025-11-13 19:03:47.658268] Inserted sensor data: {'time': datetime.datetime(2025, 11, 13, 19, 3, 47, 658268), 'temperature': 27.554264402262607, 'Dissolved_oxygen': 6.055293522669782, 'PH': 7.573284628889574, 'Ammonia': 0.009600566500796865, 'Nitrite': 0.05423005951723906, 'Turbidty': 39.83119346711549, '_id': ObjectId('69162b937f1dd87259c79210')}
[2025-11-13T19:03:47.681+0000] {python.py:218} INFO - Done. Returned value was: None
[2025-11-13T19:03:47.694+0000] {taskinstance.py:341} INFO - ::group::Post task execution logs
[2025-11-13T19:03:47.695+0000] {taskinstance.py:353} INFO - Marking task as SUCCESS. dag_id=iot_sensor_data_dag, task_id=generate_sensor_data, run_id=scheduled__2025-11-13T19:03:30+00:00, execution_date=20251113T190330, start_date=20251113T190347, end_date=20251113T190347
[2025-11-13T19:03:47.717+0000] {logging_mixin.py:190} INFO - Task instance in success state
[2025-11-13T19:03:47.718+0000] {logging_mixin.py:190} INFO -  Previous state of the Task instance: running
[2025-11-13T19:03:47.719+0000] {logging_mixin.py:190} INFO - Dag name:iot_sensor_data_dag queued_at:2025-11-13 19:03:45.719536+00:00
[2025-11-13T19:03:47.720+0000] {logging_mixin.py:190} INFO - Task hostname:4f76d54186b6 operator:PythonOperator
[2025-11-13T19:03:47.764+0000] {local_task_job_runner.py:266} INFO - Task exited with return code 0
[2025-11-13T19:03:47.787+0000] {taskinstance.py:3901} INFO - 0 downstream tasks scheduled from follow-on schedule check
[2025-11-13T19:03:47.793+0000] {local_task_job_runner.py:245} INFO - ::endgroup::
