[2025-11-13T17:57:32.096+0000] {local_task_job_runner.py:123} INFO - ::group::Pre task execution logs
[2025-11-13T17:57:32.109+0000] {taskinstance.py:2614} INFO - Dependencies all met for dep_context=non-requeueable deps ti=<TaskInstance: iot_sensor_data_dag.generate_sensor_data scheduled__2025-11-13T17:57:15+00:00 [queued]>
[2025-11-13T17:57:32.114+0000] {taskinstance.py:2614} INFO - Dependencies all met for dep_context=requeueable deps ti=<TaskInstance: iot_sensor_data_dag.generate_sensor_data scheduled__2025-11-13T17:57:15+00:00 [queued]>
[2025-11-13T17:57:32.115+0000] {taskinstance.py:2867} INFO - Starting attempt 1 of 1
[2025-11-13T17:57:32.228+0000] {taskinstance.py:2890} INFO - Executing <Task(PythonOperator): generate_sensor_data> on 2025-11-13 17:57:15+00:00
[2025-11-13T17:57:32.235+0000] {warnings.py:112} WARNING - /home/***/.local/lib/python3.12/site-packages/***/task/task_runner/standard_task_runner.py:70: DeprecationWarning: This process (pid=1772) is multi-threaded, use of fork() may lead to deadlocks in the child.
  pid = os.fork()

[2025-11-13T17:57:32.237+0000] {standard_task_runner.py:104} INFO - Running: ['***', 'tasks', 'run', 'iot_sensor_data_dag', 'generate_sensor_data', 'scheduled__2025-11-13T17:57:15+00:00', '--job-id', '383', '--raw', '--subdir', 'DAGS_FOLDER/DEPI.py', '--cfg-path', '/tmp/tmpvclvnld7']
[2025-11-13T17:57:32.239+0000] {standard_task_runner.py:72} INFO - Started process 1774 to run task
[2025-11-13T17:57:32.240+0000] {standard_task_runner.py:105} INFO - Job 383: Subtask generate_sensor_data
[2025-11-13T17:57:32.283+0000] {task_command.py:467} INFO - Running <TaskInstance: iot_sensor_data_dag.generate_sensor_data scheduled__2025-11-13T17:57:15+00:00 [running]> on host 4f76d54186b6
[2025-11-13T17:57:32.339+0000] {taskinstance.py:3134} INFO - Exporting env vars: AIRFLOW_CTX_DAG_OWNER='***' AIRFLOW_CTX_DAG_ID='iot_sensor_data_dag' AIRFLOW_CTX_TASK_ID='generate_sensor_data' AIRFLOW_CTX_EXECUTION_DATE='2025-11-13T17:57:15+00:00' AIRFLOW_CTX_TRY_NUMBER='1' AIRFLOW_CTX_DAG_RUN_ID='scheduled__2025-11-13T17:57:15+00:00'
[2025-11-13T17:57:32.342+0000] {logging_mixin.py:190} INFO - Task instance is in running state
[2025-11-13T17:57:32.343+0000] {logging_mixin.py:190} INFO -  Previous state of the Task instance: queued
[2025-11-13T17:57:32.345+0000] {logging_mixin.py:190} INFO - Current task name:generate_sensor_data state:running start_date:2025-11-13 17:57:32.110018+00:00
[2025-11-13T17:57:32.347+0000] {logging_mixin.py:190} INFO - Dag name:iot_sensor_data_dag and current dag run status:running
[2025-11-13T17:57:32.349+0000] {taskinstance.py:732} INFO - ::endgroup::
[2025-11-13T17:57:32.410+0000] {logging_mixin.py:190} INFO - [2025-11-13 17:57:32.385462] Inserted sensor data: {'time': datetime.datetime(2025, 11, 13, 17, 57, 32, 385462), 'temperature': 27.312637817365452, 'Dissolved_oxygen': 5.928467474615936, 'PH': 7.547645524427696, 'Ammonia': 0.009795156581013527, 'Nitrite': 0.051482834395241366, 'Turbidty': 39.428650404299425, '_id': ObjectId('69161c0c1b413beb61e256ce')}
[2025-11-13T17:57:32.415+0000] {python.py:218} INFO - Done. Returned value was: None
[2025-11-13T17:57:32.426+0000] {taskinstance.py:341} INFO - ::group::Post task execution logs
[2025-11-13T17:57:32.427+0000] {taskinstance.py:353} INFO - Marking task as SUCCESS. dag_id=iot_sensor_data_dag, task_id=generate_sensor_data, run_id=scheduled__2025-11-13T17:57:15+00:00, execution_date=20251113T175715, start_date=20251113T175732, end_date=20251113T175732
[2025-11-13T17:57:32.443+0000] {logging_mixin.py:190} INFO - Task instance in success state
[2025-11-13T17:57:32.444+0000] {logging_mixin.py:190} INFO -  Previous state of the Task instance: running
[2025-11-13T17:57:32.445+0000] {logging_mixin.py:190} INFO - Dag name:iot_sensor_data_dag queued_at:2025-11-13 17:57:30.817912+00:00
[2025-11-13T17:57:32.446+0000] {logging_mixin.py:190} INFO - Task hostname:4f76d54186b6 operator:PythonOperator
[2025-11-13T17:57:32.464+0000] {local_task_job_runner.py:266} INFO - Task exited with return code 0
[2025-11-13T17:57:32.484+0000] {taskinstance.py:3901} INFO - 0 downstream tasks scheduled from follow-on schedule check
[2025-11-13T17:57:32.488+0000] {local_task_job_runner.py:245} INFO - ::endgroup::
