[2025-11-15T12:28:32.301+0000] {local_task_job_runner.py:123} INFO - ::group::Pre task execution logs
[2025-11-15T12:28:32.318+0000] {taskinstance.py:2614} INFO - Dependencies all met for dep_context=non-requeueable deps ti=<TaskInstance: iot_sensor_data_dag.generate_sensor_data scheduled__2025-11-15T12:28:15+00:00 [queued]>
[2025-11-15T12:28:32.325+0000] {taskinstance.py:2614} INFO - Dependencies all met for dep_context=requeueable deps ti=<TaskInstance: iot_sensor_data_dag.generate_sensor_data scheduled__2025-11-15T12:28:15+00:00 [queued]>
[2025-11-15T12:28:32.326+0000] {taskinstance.py:2867} INFO - Starting attempt 1 of 1
[2025-11-15T12:28:32.338+0000] {taskinstance.py:2890} INFO - Executing <Task(PythonOperator): generate_sensor_data> on 2025-11-15 12:28:15+00:00
[2025-11-15T12:28:32.344+0000] {warnings.py:112} WARNING - /home/***/.local/lib/python3.12/site-packages/***/task/task_runner/standard_task_runner.py:70: DeprecationWarning: This process (pid=1256) is multi-threaded, use of fork() may lead to deadlocks in the child.
  pid = os.fork()

[2025-11-15T12:28:32.346+0000] {standard_task_runner.py:72} INFO - Started process 1258 to run task
[2025-11-15T12:28:32.346+0000] {standard_task_runner.py:104} INFO - Running: ['***', 'tasks', 'run', 'iot_sensor_data_dag', 'generate_sensor_data', 'scheduled__2025-11-15T12:28:15+00:00', '--job-id', '1265', '--raw', '--subdir', 'DAGS_FOLDER/DEPI.py', '--cfg-path', '/tmp/tmp71n298hx']
[2025-11-15T12:28:32.348+0000] {standard_task_runner.py:105} INFO - Job 1265: Subtask generate_sensor_data
[2025-11-15T12:28:32.618+0000] {task_command.py:467} INFO - Running <TaskInstance: iot_sensor_data_dag.generate_sensor_data scheduled__2025-11-15T12:28:15+00:00 [running]> on host 4f76d54186b6
[2025-11-15T12:28:32.689+0000] {taskinstance.py:3134} INFO - Exporting env vars: AIRFLOW_CTX_DAG_OWNER='***' AIRFLOW_CTX_DAG_ID='iot_sensor_data_dag' AIRFLOW_CTX_TASK_ID='generate_sensor_data' AIRFLOW_CTX_EXECUTION_DATE='2025-11-15T12:28:15+00:00' AIRFLOW_CTX_TRY_NUMBER='1' AIRFLOW_CTX_DAG_RUN_ID='scheduled__2025-11-15T12:28:15+00:00'
[2025-11-15T12:28:32.690+0000] {logging_mixin.py:190} INFO - Task instance is in running state
[2025-11-15T12:28:32.691+0000] {logging_mixin.py:190} INFO -  Previous state of the Task instance: queued
[2025-11-15T12:28:32.691+0000] {logging_mixin.py:190} INFO - Current task name:generate_sensor_data state:running start_date:2025-11-15 12:28:32.319236+00:00
[2025-11-15T12:28:32.692+0000] {logging_mixin.py:190} INFO - Dag name:iot_sensor_data_dag and current dag run status:running
[2025-11-15T12:28:32.693+0000] {taskinstance.py:732} INFO - ::endgroup::
[2025-11-15T12:28:32.719+0000] {logging_mixin.py:190} INFO - [2025-11-15 12:28:32.706553] Inserted sensor data: {'time': '2025-11-15T12:28:32.706553', 'temperature': 27.5789294466674, 'Dissolved_oxygen': 6.018399455080519, 'PH': 7.453798877161584, 'Ammonia': 0.009776106469703227, 'Nitrite': 0.04951811673184472, 'Turbidty': 40.74451143597686, '_id': '691871f09df3d24f781e0b23'}
[2025-11-15T12:30:18.320+0000] {job.py:229} INFO - Heartbeat recovered after 19.92 seconds
[2025-11-15T12:30:35.973+0000] {job.py:229} INFO - Heartbeat recovered after 17.66 seconds
[2025-11-15T12:31:17.568+0000] {job.py:229} INFO - Heartbeat recovered after 41.63 seconds
[2025-11-16T19:14:19.882+0000] {local_task_job_runner.py:123} INFO - ::group::Pre task execution logs
[2025-11-16T19:14:19.907+0000] {taskinstance.py:2604} INFO - Dependencies not met for <TaskInstance: iot_sensor_data_dag.generate_sensor_data scheduled__2025-11-15T12:28:15+00:00 [failed]>, dependency 'Task Instance State' FAILED: Task is in the 'failed' state.
[2025-11-16T19:14:19.911+0000] {local_task_job_runner.py:166} INFO - Task is not able to be run
