[2025-11-14T10:53:53.916+0000] {local_task_job_runner.py:123} INFO - ::group::Pre task execution logs
[2025-11-14T10:53:53.932+0000] {taskinstance.py:2614} INFO - Dependencies all met for dep_context=non-requeueable deps ti=<TaskInstance: iot_sensor_data_dag.generate_sensor_data scheduled__2025-11-14T10:53:30+00:00 [queued]>
[2025-11-14T10:53:53.940+0000] {taskinstance.py:2614} INFO - Dependencies all met for dep_context=requeueable deps ti=<TaskInstance: iot_sensor_data_dag.generate_sensor_data scheduled__2025-11-14T10:53:30+00:00 [queued]>
[2025-11-14T10:53:53.941+0000] {taskinstance.py:2867} INFO - Starting attempt 1 of 1
[2025-11-14T10:53:54.101+0000] {taskinstance.py:2890} INFO - Executing <Task(PythonOperator): generate_sensor_data> on 2025-11-14 10:53:30+00:00
[2025-11-14T10:53:54.110+0000] {warnings.py:112} WARNING - /home/***/.local/lib/python3.12/site-packages/***/task/task_runner/standard_task_runner.py:70: DeprecationWarning: This process (pid=80) is multi-threaded, use of fork() may lead to deadlocks in the child.
  pid = os.fork()

[2025-11-14T10:53:54.112+0000] {standard_task_runner.py:104} INFO - Running: ['***', 'tasks', 'run', 'iot_sensor_data_dag', 'generate_sensor_data', 'scheduled__2025-11-14T10:53:30+00:00', '--job-id', '756', '--raw', '--subdir', 'DAGS_FOLDER/DEPI.py', '--cfg-path', '/tmp/tmph6wgvojy']
[2025-11-14T10:53:54.113+0000] {standard_task_runner.py:72} INFO - Started process 83 to run task
[2025-11-14T10:53:54.113+0000] {standard_task_runner.py:105} INFO - Job 756: Subtask generate_sensor_data
[2025-11-14T10:53:54.164+0000] {task_command.py:467} INFO - Running <TaskInstance: iot_sensor_data_dag.generate_sensor_data scheduled__2025-11-14T10:53:30+00:00 [running]> on host 4f76d54186b6
[2025-11-14T10:53:54.241+0000] {taskinstance.py:3134} INFO - Exporting env vars: AIRFLOW_CTX_DAG_OWNER='***' AIRFLOW_CTX_DAG_ID='iot_sensor_data_dag' AIRFLOW_CTX_TASK_ID='generate_sensor_data' AIRFLOW_CTX_EXECUTION_DATE='2025-11-14T10:53:30+00:00' AIRFLOW_CTX_TRY_NUMBER='1' AIRFLOW_CTX_DAG_RUN_ID='scheduled__2025-11-14T10:53:30+00:00'
[2025-11-14T10:53:54.244+0000] {logging_mixin.py:190} INFO - Task instance is in running state
[2025-11-14T10:53:54.244+0000] {logging_mixin.py:190} INFO -  Previous state of the Task instance: queued
[2025-11-14T10:53:54.245+0000] {logging_mixin.py:190} INFO - Current task name:generate_sensor_data state:running start_date:2025-11-14 10:53:53.933421+00:00
[2025-11-14T10:53:54.246+0000] {logging_mixin.py:190} INFO - Dag name:iot_sensor_data_dag and current dag run status:running
[2025-11-14T10:53:54.246+0000] {taskinstance.py:732} INFO - ::endgroup::
[2025-11-14T10:53:54.352+0000] {logging_mixin.py:190} INFO - [2025-11-14 10:53:54.269958] Inserted sensor data: {'time': datetime.datetime(2025, 11, 14, 10, 53, 54, 269958), 'temperature': 27.60416232205819, 'Dissolved_oxygen': 6.003664850638216, 'PH': 7.584121987566659, 'Ammonia': 0.009202405376679544, 'Nitrite': 0.0546481469053676, 'Turbidty': 40.112044836038756, '_id': ObjectId('69170a4281fe4a4079f2cecf')}
[2025-11-14T10:53:54.356+0000] {python.py:218} INFO - Done. Returned value was: None
[2025-11-14T10:53:54.365+0000] {taskinstance.py:341} INFO - ::group::Post task execution logs
[2025-11-14T10:53:54.366+0000] {taskinstance.py:353} INFO - Marking task as SUCCESS. dag_id=iot_sensor_data_dag, task_id=generate_sensor_data, run_id=scheduled__2025-11-14T10:53:30+00:00, execution_date=20251114T105330, start_date=20251114T105353, end_date=20251114T105354
[2025-11-14T10:53:54.402+0000] {logging_mixin.py:190} INFO - Task instance in success state
[2025-11-14T10:53:54.403+0000] {logging_mixin.py:190} INFO -  Previous state of the Task instance: running
[2025-11-14T10:53:54.403+0000] {logging_mixin.py:190} INFO - Dag name:iot_sensor_data_dag queued_at:2025-11-14 10:53:48.969098+00:00
[2025-11-14T10:53:54.404+0000] {logging_mixin.py:190} INFO - Task hostname:4f76d54186b6 operator:PythonOperator
[2025-11-14T10:53:54.450+0000] {local_task_job_runner.py:266} INFO - Task exited with return code 0
[2025-11-14T10:53:54.472+0000] {taskinstance.py:3901} INFO - 0 downstream tasks scheduled from follow-on schedule check
[2025-11-14T10:53:54.480+0000] {local_task_job_runner.py:245} INFO - ::endgroup::
