[2025-11-15T19:05:18.694+0000] {local_task_job_runner.py:123} INFO - ::group::Pre task execution logs
[2025-11-15T19:05:18.705+0000] {taskinstance.py:2614} INFO - Dependencies all met for dep_context=non-requeueable deps ti=<TaskInstance: iot_sensor_data_dag.generate_sensor_data scheduled__2025-11-15T19:05:00+00:00 [queued]>
[2025-11-15T19:05:18.710+0000] {taskinstance.py:2614} INFO - Dependencies all met for dep_context=requeueable deps ti=<TaskInstance: iot_sensor_data_dag.generate_sensor_data scheduled__2025-11-15T19:05:00+00:00 [queued]>
[2025-11-15T19:05:18.711+0000] {taskinstance.py:2867} INFO - Starting attempt 1 of 1
[2025-11-15T19:05:18.721+0000] {taskinstance.py:2890} INFO - Executing <Task(PythonOperator): generate_sensor_data> on 2025-11-15 19:05:00+00:00
[2025-11-15T19:05:18.727+0000] {warnings.py:112} WARNING - /home/***/.local/lib/python3.12/site-packages/***/task/task_runner/standard_task_runner.py:70: DeprecationWarning: This process (pid=142) is multi-threaded, use of fork() may lead to deadlocks in the child.
  pid = os.fork()

[2025-11-15T19:05:18.728+0000] {standard_task_runner.py:72} INFO - Started process 144 to run task
[2025-11-15T19:05:18.729+0000] {standard_task_runner.py:104} INFO - Running: ['***', 'tasks', 'run', 'iot_sensor_data_dag', 'generate_sensor_data', 'scheduled__2025-11-15T19:05:00+00:00', '--job-id', '1373', '--raw', '--subdir', 'DAGS_FOLDER/DEPI.py', '--cfg-path', '/tmp/tmps4x8a3k5']
[2025-11-15T19:05:18.730+0000] {standard_task_runner.py:105} INFO - Job 1373: Subtask generate_sensor_data
[2025-11-15T19:05:18.943+0000] {task_command.py:467} INFO - Running <TaskInstance: iot_sensor_data_dag.generate_sensor_data scheduled__2025-11-15T19:05:00+00:00 [running]> on host 4f76d54186b6
[2025-11-15T19:05:19.001+0000] {taskinstance.py:3134} INFO - Exporting env vars: AIRFLOW_CTX_DAG_OWNER='***' AIRFLOW_CTX_DAG_ID='iot_sensor_data_dag' AIRFLOW_CTX_TASK_ID='generate_sensor_data' AIRFLOW_CTX_EXECUTION_DATE='2025-11-15T19:05:00+00:00' AIRFLOW_CTX_TRY_NUMBER='1' AIRFLOW_CTX_DAG_RUN_ID='scheduled__2025-11-15T19:05:00+00:00'
[2025-11-15T19:05:19.003+0000] {logging_mixin.py:190} INFO - Task instance is in running state
[2025-11-15T19:05:19.003+0000] {logging_mixin.py:190} INFO -  Previous state of the Task instance: queued
[2025-11-15T19:05:19.005+0000] {logging_mixin.py:190} INFO - Current task name:generate_sensor_data state:running start_date:2025-11-15 19:05:18.705994+00:00
[2025-11-15T19:05:19.005+0000] {logging_mixin.py:190} INFO - Dag name:iot_sensor_data_dag and current dag run status:running
[2025-11-15T19:05:19.006+0000] {taskinstance.py:732} INFO - ::endgroup::
[2025-11-15T19:05:19.035+0000] {logging_mixin.py:190} INFO - [2025-11-15 19:05:19.022377] Inserted sensor data: {'time': '2025-11-15T19:05:19.022377', 'temperature': 27.376616511432886, 'Dissolved_oxygen': 6.096533111782927, 'PH': 7.45325217973702, 'Ammonia': 0.010159035348354842, 'Nitrite': 0.05033776111045854, 'Turbidty': 39.691479879434816, '_id': '6918ceef32926d1855c76ed5'}
[2025-11-15T19:09:42.817+0000] {job.py:229} INFO - Heartbeat recovered after 19.20 seconds
[2025-11-15T19:09:54.065+0000] {job.py:229} INFO - Heartbeat recovered after 11.27 seconds
[2025-11-15T19:10:42.738+0000] {python.py:218} INFO - Done. Returned value was: None
[2025-11-15T19:10:42.748+0000] {taskinstance.py:341} INFO - ::group::Post task execution logs
[2025-11-15T19:10:42.749+0000] {taskinstance.py:353} INFO - Marking task as SUCCESS. dag_id=iot_sensor_data_dag, task_id=generate_sensor_data, run_id=scheduled__2025-11-15T19:05:00+00:00, execution_date=20251115T190500, start_date=20251115T190518, end_date=20251115T191042
[2025-11-15T19:10:42.773+0000] {logging_mixin.py:190} INFO - Task instance in success state
[2025-11-15T19:10:42.773+0000] {logging_mixin.py:190} INFO -  Previous state of the Task instance: running
[2025-11-15T19:10:42.774+0000] {logging_mixin.py:190} INFO - Dag name:iot_sensor_data_dag queued_at:2025-11-15 19:05:17.471904+00:00
[2025-11-15T19:10:42.774+0000] {logging_mixin.py:190} INFO - Task hostname:4f76d54186b6 operator:PythonOperator
[2025-11-15T19:10:42.798+0000] {local_task_job_runner.py:266} INFO - Task exited with return code 0
[2025-11-15T19:10:42.817+0000] {taskinstance.py:3901} INFO - 0 downstream tasks scheduled from follow-on schedule check
[2025-11-15T19:10:42.823+0000] {local_task_job_runner.py:245} INFO - ::endgroup::
