[2025-11-13T17:34:31.954+0000] {local_task_job_runner.py:123} INFO - ::group::Pre task execution logs
[2025-11-13T17:34:31.971+0000] {taskinstance.py:2614} INFO - Dependencies all met for dep_context=non-requeueable deps ti=<TaskInstance: iot_sensor_data_dag.generate_sensor_data scheduled__2025-11-13T17:34:15+00:00 [queued]>
[2025-11-13T17:34:31.978+0000] {taskinstance.py:2614} INFO - Dependencies all met for dep_context=requeueable deps ti=<TaskInstance: iot_sensor_data_dag.generate_sensor_data scheduled__2025-11-13T17:34:15+00:00 [queued]>
[2025-11-13T17:34:31.980+0000] {taskinstance.py:2867} INFO - Starting attempt 1 of 1
[2025-11-13T17:34:32.117+0000] {taskinstance.py:2890} INFO - Executing <Task(PythonOperator): generate_sensor_data> on 2025-11-13 17:34:15+00:00
[2025-11-13T17:34:32.124+0000] {warnings.py:112} WARNING - /home/***/.local/lib/python3.12/site-packages/***/task/task_runner/standard_task_runner.py:70: DeprecationWarning: This process (pid=822) is multi-threaded, use of fork() may lead to deadlocks in the child.
  pid = os.fork()

[2025-11-13T17:34:32.126+0000] {standard_task_runner.py:72} INFO - Started process 824 to run task
[2025-11-13T17:34:32.126+0000] {standard_task_runner.py:104} INFO - Running: ['***', 'tasks', 'run', 'iot_sensor_data_dag', 'generate_sensor_data', 'scheduled__2025-11-13T17:34:15+00:00', '--job-id', '291', '--raw', '--subdir', 'DAGS_FOLDER/DEPI.py', '--cfg-path', '/tmp/tmpxh7cstv4']
[2025-11-13T17:34:32.128+0000] {standard_task_runner.py:105} INFO - Job 291: Subtask generate_sensor_data
[2025-11-13T17:34:32.178+0000] {task_command.py:467} INFO - Running <TaskInstance: iot_sensor_data_dag.generate_sensor_data scheduled__2025-11-13T17:34:15+00:00 [running]> on host 4f76d54186b6
[2025-11-13T17:34:32.252+0000] {taskinstance.py:3134} INFO - Exporting env vars: AIRFLOW_CTX_DAG_OWNER='***' AIRFLOW_CTX_DAG_ID='iot_sensor_data_dag' AIRFLOW_CTX_TASK_ID='generate_sensor_data' AIRFLOW_CTX_EXECUTION_DATE='2025-11-13T17:34:15+00:00' AIRFLOW_CTX_TRY_NUMBER='1' AIRFLOW_CTX_DAG_RUN_ID='scheduled__2025-11-13T17:34:15+00:00'
[2025-11-13T17:34:32.253+0000] {logging_mixin.py:190} INFO - Task instance is in running state
[2025-11-13T17:34:32.254+0000] {logging_mixin.py:190} INFO -  Previous state of the Task instance: queued
[2025-11-13T17:34:32.254+0000] {logging_mixin.py:190} INFO - Current task name:generate_sensor_data state:running start_date:2025-11-13 17:34:31.972276+00:00
[2025-11-13T17:34:32.255+0000] {logging_mixin.py:190} INFO - Dag name:iot_sensor_data_dag and current dag run status:running
[2025-11-13T17:34:32.255+0000] {taskinstance.py:732} INFO - ::endgroup::
[2025-11-13T17:34:32.288+0000] {logging_mixin.py:190} INFO - [2025-11-13 17:34:32.268304] Inserted sensor data: {'time': datetime.datetime(2025, 11, 13, 17, 34, 32, 268304), 'temperature': 27.317022792634223, 'Dissolved_oxygen': 5.9415891285421605, 'PH': 7.454237071744907, 'Ammonia': 0.009456135379101914, 'Nitrite': 0.05407323897739842, 'Turbidty': 40.63837170660854, '_id': ObjectId('691616a8d6504bef4eb99d1f')}
[2025-11-13T17:34:32.290+0000] {python.py:218} INFO - Done. Returned value was: None
[2025-11-13T17:34:32.300+0000] {taskinstance.py:341} INFO - ::group::Post task execution logs
[2025-11-13T17:34:32.301+0000] {taskinstance.py:353} INFO - Marking task as SUCCESS. dag_id=iot_sensor_data_dag, task_id=generate_sensor_data, run_id=scheduled__2025-11-13T17:34:15+00:00, execution_date=20251113T173415, start_date=20251113T173431, end_date=20251113T173432
[2025-11-13T17:34:32.321+0000] {logging_mixin.py:190} INFO - Task instance in success state
[2025-11-13T17:34:32.322+0000] {logging_mixin.py:190} INFO -  Previous state of the Task instance: running
[2025-11-13T17:34:32.323+0000] {logging_mixin.py:190} INFO - Dag name:iot_sensor_data_dag queued_at:2025-11-13 17:34:30.480117+00:00
[2025-11-13T17:34:32.324+0000] {logging_mixin.py:190} INFO - Task hostname:4f76d54186b6 operator:PythonOperator
[2025-11-13T17:34:32.343+0000] {local_task_job_runner.py:266} INFO - Task exited with return code 0
[2025-11-13T17:34:32.364+0000] {taskinstance.py:3901} INFO - 0 downstream tasks scheduled from follow-on schedule check
[2025-11-13T17:34:32.368+0000] {local_task_job_runner.py:245} INFO - ::endgroup::
