[2025-11-13T17:25:32.311+0000] {local_task_job_runner.py:123} INFO - ::group::Pre task execution logs
[2025-11-13T17:25:32.329+0000] {taskinstance.py:2614} INFO - Dependencies all met for dep_context=non-requeueable deps ti=<TaskInstance: iot_sensor_data_dag.generate_sensor_data scheduled__2025-11-13T17:25:15+00:00 [queued]>
[2025-11-13T17:25:32.337+0000] {taskinstance.py:2614} INFO - Dependencies all met for dep_context=requeueable deps ti=<TaskInstance: iot_sensor_data_dag.generate_sensor_data scheduled__2025-11-13T17:25:15+00:00 [queued]>
[2025-11-13T17:25:32.340+0000] {taskinstance.py:2867} INFO - Starting attempt 1 of 1
[2025-11-13T17:25:32.473+0000] {taskinstance.py:2890} INFO - Executing <Task(PythonOperator): generate_sensor_data> on 2025-11-13 17:25:15+00:00
[2025-11-13T17:25:32.480+0000] {warnings.py:112} WARNING - /home/***/.local/lib/python3.12/site-packages/***/task/task_runner/standard_task_runner.py:70: DeprecationWarning: This process (pid=443) is multi-threaded, use of fork() may lead to deadlocks in the child.
  pid = os.fork()

[2025-11-13T17:25:32.482+0000] {standard_task_runner.py:72} INFO - Started process 445 to run task
[2025-11-13T17:25:32.482+0000] {standard_task_runner.py:104} INFO - Running: ['***', 'tasks', 'run', 'iot_sensor_data_dag', 'generate_sensor_data', 'scheduled__2025-11-13T17:25:15+00:00', '--job-id', '255', '--raw', '--subdir', 'DAGS_FOLDER/DEPI.py', '--cfg-path', '/tmp/tmpdd3zt926']
[2025-11-13T17:25:32.484+0000] {standard_task_runner.py:105} INFO - Job 255: Subtask generate_sensor_data
[2025-11-13T17:25:32.530+0000] {task_command.py:467} INFO - Running <TaskInstance: iot_sensor_data_dag.generate_sensor_data scheduled__2025-11-13T17:25:15+00:00 [running]> on host 4f76d54186b6
[2025-11-13T17:25:32.599+0000] {taskinstance.py:3134} INFO - Exporting env vars: AIRFLOW_CTX_DAG_OWNER='***' AIRFLOW_CTX_DAG_ID='iot_sensor_data_dag' AIRFLOW_CTX_TASK_ID='generate_sensor_data' AIRFLOW_CTX_EXECUTION_DATE='2025-11-13T17:25:15+00:00' AIRFLOW_CTX_TRY_NUMBER='1' AIRFLOW_CTX_DAG_RUN_ID='scheduled__2025-11-13T17:25:15+00:00'
[2025-11-13T17:25:32.600+0000] {logging_mixin.py:190} INFO - Task instance is in running state
[2025-11-13T17:25:32.602+0000] {logging_mixin.py:190} INFO -  Previous state of the Task instance: queued
[2025-11-13T17:25:32.603+0000] {logging_mixin.py:190} INFO - Current task name:generate_sensor_data state:running start_date:2025-11-13 17:25:32.330903+00:00
[2025-11-13T17:25:32.604+0000] {logging_mixin.py:190} INFO - Dag name:iot_sensor_data_dag and current dag run status:running
[2025-11-13T17:25:32.604+0000] {taskinstance.py:732} INFO - ::endgroup::
[2025-11-13T17:25:32.635+0000] {logging_mixin.py:190} INFO - [2025-11-13 17:25:32.620486] Inserted sensor data: {'time': datetime.datetime(2025, 11, 13, 17, 25, 32, 620486), 'temperature': 27.492020616359657, 'Dissolved_oxygen': 5.966225526184955, 'PH': 7.575442199580032, 'Ammonia': 0.009620043372228061, 'Nitrite': 0.04609226855142231, 'Turbidty': 39.60531996547377, '_id': ObjectId('6916148c331b9252422877ea')}
[2025-11-13T17:25:32.638+0000] {python.py:218} INFO - Done. Returned value was: None
[2025-11-13T17:25:32.648+0000] {taskinstance.py:341} INFO - ::group::Post task execution logs
[2025-11-13T17:25:32.649+0000] {taskinstance.py:353} INFO - Marking task as SUCCESS. dag_id=iot_sensor_data_dag, task_id=generate_sensor_data, run_id=scheduled__2025-11-13T17:25:15+00:00, execution_date=20251113T172515, start_date=20251113T172532, end_date=20251113T172532
[2025-11-13T17:25:32.669+0000] {logging_mixin.py:190} INFO - Task instance in success state
[2025-11-13T17:25:32.670+0000] {logging_mixin.py:190} INFO -  Previous state of the Task instance: running
[2025-11-13T17:25:32.671+0000] {logging_mixin.py:190} INFO - Dag name:iot_sensor_data_dag queued_at:2025-11-13 17:25:30.874782+00:00
[2025-11-13T17:25:32.671+0000] {logging_mixin.py:190} INFO - Task hostname:4f76d54186b6 operator:PythonOperator
[2025-11-13T17:25:32.701+0000] {local_task_job_runner.py:266} INFO - Task exited with return code 0
[2025-11-13T17:25:32.731+0000] {taskinstance.py:3901} INFO - 0 downstream tasks scheduled from follow-on schedule check
[2025-11-13T17:25:32.735+0000] {local_task_job_runner.py:245} INFO - ::endgroup::
