[2025-11-13T19:21:16.553+0000] {local_task_job_runner.py:123} INFO - ::group::Pre task execution logs
[2025-11-13T19:21:16.569+0000] {taskinstance.py:2614} INFO - Dependencies all met for dep_context=non-requeueable deps ti=<TaskInstance: iot_sensor_data_dag.generate_sensor_data scheduled__2025-11-13T19:21:00+00:00 [queued]>
[2025-11-13T19:21:16.576+0000] {taskinstance.py:2614} INFO - Dependencies all met for dep_context=requeueable deps ti=<TaskInstance: iot_sensor_data_dag.generate_sensor_data scheduled__2025-11-13T19:21:00+00:00 [queued]>
[2025-11-13T19:21:16.577+0000] {taskinstance.py:2867} INFO - Starting attempt 1 of 1
[2025-11-13T19:21:16.713+0000] {taskinstance.py:2890} INFO - Executing <Task(PythonOperator): generate_sensor_data> on 2025-11-13 19:21:00+00:00
[2025-11-13T19:21:16.721+0000] {warnings.py:112} WARNING - /home/***/.local/lib/python3.12/site-packages/***/task/task_runner/standard_task_runner.py:70: DeprecationWarning: This process (pid=5275) is multi-threaded, use of fork() may lead to deadlocks in the child.
  pid = os.fork()

[2025-11-13T19:21:16.723+0000] {standard_task_runner.py:72} INFO - Started process 5284 to run task
[2025-11-13T19:21:16.723+0000] {standard_task_runner.py:104} INFO - Running: ['***', 'tasks', 'run', 'iot_sensor_data_dag', 'generate_sensor_data', 'scheduled__2025-11-13T19:21:00+00:00', '--job-id', '718', '--raw', '--subdir', 'DAGS_FOLDER/DEPI.py', '--cfg-path', '/tmp/tmpvgrr7snh']
[2025-11-13T19:21:16.725+0000] {standard_task_runner.py:105} INFO - Job 718: Subtask generate_sensor_data
[2025-11-13T19:21:16.775+0000] {task_command.py:467} INFO - Running <TaskInstance: iot_sensor_data_dag.generate_sensor_data scheduled__2025-11-13T19:21:00+00:00 [running]> on host 4f76d54186b6
[2025-11-13T19:21:16.847+0000] {taskinstance.py:3134} INFO - Exporting env vars: AIRFLOW_CTX_DAG_OWNER='***' AIRFLOW_CTX_DAG_ID='iot_sensor_data_dag' AIRFLOW_CTX_TASK_ID='generate_sensor_data' AIRFLOW_CTX_EXECUTION_DATE='2025-11-13T19:21:00+00:00' AIRFLOW_CTX_TRY_NUMBER='1' AIRFLOW_CTX_DAG_RUN_ID='scheduled__2025-11-13T19:21:00+00:00'
[2025-11-13T19:21:16.850+0000] {logging_mixin.py:190} INFO - Task instance is in running state
[2025-11-13T19:21:16.851+0000] {logging_mixin.py:190} INFO -  Previous state of the Task instance: queued
[2025-11-13T19:21:16.851+0000] {logging_mixin.py:190} INFO - Current task name:generate_sensor_data state:running start_date:2025-11-13 19:21:16.570561+00:00
[2025-11-13T19:21:16.852+0000] {logging_mixin.py:190} INFO - Dag name:iot_sensor_data_dag and current dag run status:running
[2025-11-13T19:21:16.852+0000] {taskinstance.py:732} INFO - ::endgroup::
[2025-11-13T19:21:16.886+0000] {logging_mixin.py:190} INFO - [2025-11-13 19:21:16.869785] Inserted sensor data: {'time': datetime.datetime(2025, 11, 13, 19, 21, 16, 869785), 'temperature': 27.344988838375365, 'Dissolved_oxygen': 5.948764109844705, 'PH': 7.561326154910039, 'Ammonia': 0.010700056987747, 'Nitrite': 0.050471039134491164, 'Turbidty': 39.20352251113999, '_id': ObjectId('69162fac2e37299f4c914801')}
[2025-11-13T19:21:16.888+0000] {python.py:218} INFO - Done. Returned value was: None
[2025-11-13T19:21:16.900+0000] {taskinstance.py:341} INFO - ::group::Post task execution logs
[2025-11-13T19:21:16.901+0000] {taskinstance.py:353} INFO - Marking task as SUCCESS. dag_id=iot_sensor_data_dag, task_id=generate_sensor_data, run_id=scheduled__2025-11-13T19:21:00+00:00, execution_date=20251113T192100, start_date=20251113T192116, end_date=20251113T192116
[2025-11-13T19:21:16.923+0000] {logging_mixin.py:190} INFO - Task instance in success state
[2025-11-13T19:21:16.926+0000] {logging_mixin.py:190} INFO -  Previous state of the Task instance: running
[2025-11-13T19:21:16.927+0000] {logging_mixin.py:190} INFO - Dag name:iot_sensor_data_dag queued_at:2025-11-13 19:21:15.034308+00:00
[2025-11-13T19:21:16.927+0000] {logging_mixin.py:190} INFO - Task hostname:4f76d54186b6 operator:PythonOperator
[2025-11-13T19:21:16.946+0000] {local_task_job_runner.py:266} INFO - Task exited with return code 0
[2025-11-13T19:21:16.967+0000] {taskinstance.py:3901} INFO - 0 downstream tasks scheduled from follow-on schedule check
[2025-11-13T19:21:16.972+0000] {local_task_job_runner.py:245} INFO - ::endgroup::
