[2025-11-13T17:33:46.633+0000] {local_task_job_runner.py:123} INFO - ::group::Pre task execution logs
[2025-11-13T17:33:46.647+0000] {taskinstance.py:2614} INFO - Dependencies all met for dep_context=non-requeueable deps ti=<TaskInstance: iot_sensor_data_dag.generate_sensor_data scheduled__2025-11-13T17:33:30+00:00 [queued]>
[2025-11-13T17:33:46.652+0000] {taskinstance.py:2614} INFO - Dependencies all met for dep_context=requeueable deps ti=<TaskInstance: iot_sensor_data_dag.generate_sensor_data scheduled__2025-11-13T17:33:30+00:00 [queued]>
[2025-11-13T17:33:46.655+0000] {taskinstance.py:2867} INFO - Starting attempt 1 of 1
[2025-11-13T17:33:46.823+0000] {taskinstance.py:2890} INFO - Executing <Task(PythonOperator): generate_sensor_data> on 2025-11-13 17:33:30+00:00
[2025-11-13T17:33:46.830+0000] {warnings.py:112} WARNING - /home/***/.local/lib/python3.12/site-packages/***/task/task_runner/standard_task_runner.py:70: DeprecationWarning: This process (pid=787) is multi-threaded, use of fork() may lead to deadlocks in the child.
  pid = os.fork()

[2025-11-13T17:33:46.833+0000] {standard_task_runner.py:72} INFO - Started process 789 to run task
[2025-11-13T17:33:46.832+0000] {standard_task_runner.py:104} INFO - Running: ['***', 'tasks', 'run', 'iot_sensor_data_dag', 'generate_sensor_data', 'scheduled__2025-11-13T17:33:30+00:00', '--job-id', '288', '--raw', '--subdir', 'DAGS_FOLDER/DEPI.py', '--cfg-path', '/tmp/tmp28kpu6t2']
[2025-11-13T17:33:46.834+0000] {standard_task_runner.py:105} INFO - Job 288: Subtask generate_sensor_data
[2025-11-13T17:33:46.879+0000] {task_command.py:467} INFO - Running <TaskInstance: iot_sensor_data_dag.generate_sensor_data scheduled__2025-11-13T17:33:30+00:00 [running]> on host 4f76d54186b6
[2025-11-13T17:33:46.954+0000] {taskinstance.py:3134} INFO - Exporting env vars: AIRFLOW_CTX_DAG_OWNER='***' AIRFLOW_CTX_DAG_ID='iot_sensor_data_dag' AIRFLOW_CTX_TASK_ID='generate_sensor_data' AIRFLOW_CTX_EXECUTION_DATE='2025-11-13T17:33:30+00:00' AIRFLOW_CTX_TRY_NUMBER='1' AIRFLOW_CTX_DAG_RUN_ID='scheduled__2025-11-13T17:33:30+00:00'
[2025-11-13T17:33:46.956+0000] {logging_mixin.py:190} INFO - Task instance is in running state
[2025-11-13T17:33:46.957+0000] {logging_mixin.py:190} INFO -  Previous state of the Task instance: queued
[2025-11-13T17:33:46.958+0000] {logging_mixin.py:190} INFO - Current task name:generate_sensor_data state:running start_date:2025-11-13 17:33:46.647863+00:00
[2025-11-13T17:33:46.959+0000] {logging_mixin.py:190} INFO - Dag name:iot_sensor_data_dag and current dag run status:running
[2025-11-13T17:33:46.960+0000] {taskinstance.py:732} INFO - ::endgroup::
[2025-11-13T17:33:46.998+0000] {logging_mixin.py:190} INFO - [2025-11-13 17:33:46.976232] Inserted sensor data: {'time': datetime.datetime(2025, 11, 13, 17, 33, 46, 976232), 'temperature': 27.42279036107874, 'Dissolved_oxygen': 5.979135292781216, 'PH': 7.423666376487994, 'Ammonia': 0.010503317800758154, 'Nitrite': 0.049365147843085815, 'Turbidty': 40.03251123719874, '_id': ObjectId('6916167a379c542e0d59e5a5')}
[2025-11-13T17:33:47.001+0000] {python.py:218} INFO - Done. Returned value was: None
[2025-11-13T17:33:47.011+0000] {taskinstance.py:341} INFO - ::group::Post task execution logs
[2025-11-13T17:33:47.011+0000] {taskinstance.py:353} INFO - Marking task as SUCCESS. dag_id=iot_sensor_data_dag, task_id=generate_sensor_data, run_id=scheduled__2025-11-13T17:33:30+00:00, execution_date=20251113T173330, start_date=20251113T173346, end_date=20251113T173347
[2025-11-13T17:33:47.031+0000] {logging_mixin.py:190} INFO - Task instance in success state
[2025-11-13T17:33:47.032+0000] {logging_mixin.py:190} INFO -  Previous state of the Task instance: running
[2025-11-13T17:33:47.033+0000] {logging_mixin.py:190} INFO - Dag name:iot_sensor_data_dag queued_at:2025-11-13 17:33:45.150497+00:00
[2025-11-13T17:33:47.034+0000] {logging_mixin.py:190} INFO - Task hostname:4f76d54186b6 operator:PythonOperator
[2025-11-13T17:33:47.050+0000] {local_task_job_runner.py:266} INFO - Task exited with return code 0
[2025-11-13T17:33:47.073+0000] {taskinstance.py:3901} INFO - 0 downstream tasks scheduled from follow-on schedule check
[2025-11-13T17:33:47.080+0000] {local_task_job_runner.py:245} INFO - ::endgroup::
