[2025-11-17T19:47:59.009+0000] {local_task_job_runner.py:123} INFO - ::group::Pre task execution logs
[2025-11-17T19:47:59.111+0000] {taskinstance.py:2614} INFO - Dependencies all met for dep_context=non-requeueable deps ti=<TaskInstance: iot_kafka_with_env.send_to_kafka scheduled__2025-11-17T19:47:30+00:00 [queued]>
[2025-11-17T19:47:59.117+0000] {taskinstance.py:2614} INFO - Dependencies all met for dep_context=requeueable deps ti=<TaskInstance: iot_kafka_with_env.send_to_kafka scheduled__2025-11-17T19:47:30+00:00 [queued]>
[2025-11-17T19:47:59.118+0000] {taskinstance.py:2867} INFO - Starting attempt 1 of 1
[2025-11-17T19:47:59.126+0000] {taskinstance.py:2890} INFO - Executing <Task(ProduceToTopicOperator): send_to_kafka> on 2025-11-17 19:47:30+00:00
[2025-11-17T19:47:59.132+0000] {warnings.py:112} WARNING - /home/***/.local/lib/python3.12/site-packages/***/task/task_runner/standard_task_runner.py:70: DeprecationWarning: This process (pid=564) is multi-threaded, use of fork() may lead to deadlocks in the child.
  pid = os.fork()

[2025-11-17T19:47:59.134+0000] {standard_task_runner.py:72} INFO - Started process 566 to run task
[2025-11-17T19:47:59.133+0000] {standard_task_runner.py:104} INFO - Running: ['***', 'tasks', 'run', 'iot_kafka_with_env', 'send_to_kafka', 'scheduled__2025-11-17T19:47:30+00:00', '--job-id', '2577', '--raw', '--subdir', 'DAGS_FOLDER/IOT.py', '--cfg-path', '/tmp/tmpv_2jz5ab']
[2025-11-17T19:47:59.134+0000] {standard_task_runner.py:105} INFO - Job 2577: Subtask send_to_kafka
[2025-11-17T19:47:59.170+0000] {task_command.py:467} INFO - Running <TaskInstance: iot_kafka_with_env.send_to_kafka scheduled__2025-11-17T19:47:30+00:00 [running]> on host 4f76d54186b6
[2025-11-17T19:47:59.227+0000] {taskinstance.py:3134} INFO - Exporting env vars: AIRFLOW_CTX_DAG_OWNER='***' AIRFLOW_CTX_DAG_ID='iot_kafka_with_env' AIRFLOW_CTX_TASK_ID='send_to_kafka' AIRFLOW_CTX_EXECUTION_DATE='2025-11-17T19:47:30+00:00' AIRFLOW_CTX_TRY_NUMBER='1' AIRFLOW_CTX_DAG_RUN_ID='scheduled__2025-11-17T19:47:30+00:00'
[2025-11-17T19:47:59.228+0000] {logging_mixin.py:190} INFO - Task instance is in running state
[2025-11-17T19:47:59.229+0000] {logging_mixin.py:190} INFO -  Previous state of the Task instance: queued
[2025-11-17T19:47:59.229+0000] {logging_mixin.py:190} INFO - Current task name:send_to_kafka state:running start_date:2025-11-17 19:47:59.112050+00:00
[2025-11-17T19:47:59.229+0000] {logging_mixin.py:190} INFO - Dag name:iot_kafka_with_env and current dag run status:running
[2025-11-17T19:47:59.230+0000] {taskinstance.py:732} INFO - ::endgroup::
[2025-11-17T19:47:59.233+0000] {producer.py:61} INFO - Producer <cimpl.Producer object at 0x7a3eaf30c400>
[2025-11-17T19:47:59.233+0000] {taskinstance.py:3313} ERROR - Task failed with exception
Traceback (most recent call last):
  File "/home/airflow/.local/lib/python3.12/site-packages/airflow/models/taskinstance.py", line 768, in _execute_task
    result = _execute_callable(context=context, **execute_callable_kwargs)
             ^^^^^^^^^^^^^^^^^^^^^^^^^^^^^^^^^^^^^^^^^^^^^^^^^^^^^^^^^^^^^
  File "/home/airflow/.local/lib/python3.12/site-packages/airflow/models/taskinstance.py", line 734, in _execute_callable
    return ExecutionCallableRunner(
           ^^^^^^^^^^^^^^^^^^^^^^^^
  File "/home/airflow/.local/lib/python3.12/site-packages/airflow/utils/operator_helpers.py", line 252, in run
    return self.func(*args, **kwargs)
           ^^^^^^^^^^^^^^^^^^^^^^^^^^
  File "/home/airflow/.local/lib/python3.12/site-packages/airflow/models/baseoperator.py", line 424, in wrapper
    return func(self, *args, **kwargs)
           ^^^^^^^^^^^^^^^^^^^^^^^^^^^
  File "/home/airflow/.local/lib/python3.12/site-packages/airflow_provider_kafka/operators/produce_to_topic.py", line 111, in execute
    producer_callable = partial(
                        ^^^^^^^^
TypeError: the first argument must be callable
[2025-11-17T19:47:59.240+0000] {logging_mixin.py:190} INFO - Task instance in failure state
[2025-11-17T19:47:59.241+0000] {logging_mixin.py:190} INFO - Task start:2025-11-17 19:47:59.112050+00:00 end:2025-11-17 19:47:59.240351+00:00 duration:0.128301
[2025-11-17T19:47:59.241+0000] {logging_mixin.py:190} INFO - Task:<Task(ProduceToTopicOperator): send_to_kafka> dag:<DAG: iot_kafka_with_env> dagrun:<DagRun iot_kafka_with_env @ 2025-11-17 19:47:30+00:00: scheduled__2025-11-17T19:47:30+00:00, state:running, queued_at: 2025-11-17 19:47:55.966639+00:00. externally triggered: False>
[2025-11-17T19:47:59.241+0000] {logging_mixin.py:190} INFO - Failure caused by the first argument must be callable
[2025-11-17T19:47:59.242+0000] {taskinstance.py:1226} INFO - Marking task as FAILED. dag_id=iot_kafka_with_env, task_id=send_to_kafka, run_id=scheduled__2025-11-17T19:47:30+00:00, execution_date=20251117T194730, start_date=20251117T194759, end_date=20251117T194759
[2025-11-17T19:47:59.259+0000] {taskinstance.py:341} INFO - ::group::Post task execution logs
[2025-11-17T19:47:59.260+0000] {standard_task_runner.py:124} ERROR - Failed to execute job 2577 for task send_to_kafka (the first argument must be callable; 566)
Traceback (most recent call last):
  File "/home/airflow/.local/lib/python3.12/site-packages/airflow/task/task_runner/standard_task_runner.py", line 117, in _start_by_fork
    ret = args.func(args, dag=self.dag)
          ^^^^^^^^^^^^^^^^^^^^^^^^^^^^^
  File "/home/airflow/.local/lib/python3.12/site-packages/airflow/cli/cli_config.py", line 49, in command
    return func(*args, **kwargs)
           ^^^^^^^^^^^^^^^^^^^^^
  File "/home/airflow/.local/lib/python3.12/site-packages/airflow/utils/cli.py", line 116, in wrapper
    return f(*args, **kwargs)
           ^^^^^^^^^^^^^^^^^^
  File "/home/airflow/.local/lib/python3.12/site-packages/airflow/cli/commands/task_command.py", line 483, in task_run
    task_return_code = _run_task_by_selected_method(args, _dag, ti)
                       ^^^^^^^^^^^^^^^^^^^^^^^^^^^^^^^^^^^^^^^^^^^^
  File "/home/airflow/.local/lib/python3.12/site-packages/airflow/cli/commands/task_command.py", line 256, in _run_task_by_selected_method
    return _run_raw_task(args, ti)
           ^^^^^^^^^^^^^^^^^^^^^^^
  File "/home/airflow/.local/lib/python3.12/site-packages/airflow/cli/commands/task_command.py", line 341, in _run_raw_task
    return ti._run_raw_task(
           ^^^^^^^^^^^^^^^^^
  File "/home/airflow/.local/lib/python3.12/site-packages/airflow/utils/session.py", line 97, in wrapper
    return func(*args, session=session, **kwargs)
           ^^^^^^^^^^^^^^^^^^^^^^^^^^^^^^^^^^^^^^
  File "/home/airflow/.local/lib/python3.12/site-packages/airflow/models/taskinstance.py", line 3006, in _run_raw_task
    return _run_raw_task(
           ^^^^^^^^^^^^^^
  File "/home/airflow/.local/lib/python3.12/site-packages/airflow/models/taskinstance.py", line 274, in _run_raw_task
    TaskInstance._execute_task_with_callbacks(
  File "/home/airflow/.local/lib/python3.12/site-packages/airflow/models/taskinstance.py", line 3161, in _execute_task_with_callbacks
    result = self._execute_task(context, task_orig)
             ^^^^^^^^^^^^^^^^^^^^^^^^^^^^^^^^^^^^^^
  File "/home/airflow/.local/lib/python3.12/site-packages/airflow/models/taskinstance.py", line 3185, in _execute_task
    return _execute_task(self, context, task_orig)
           ^^^^^^^^^^^^^^^^^^^^^^^^^^^^^^^^^^^^^^^
  File "/home/airflow/.local/lib/python3.12/site-packages/airflow/models/taskinstance.py", line 768, in _execute_task
    result = _execute_callable(context=context, **execute_callable_kwargs)
             ^^^^^^^^^^^^^^^^^^^^^^^^^^^^^^^^^^^^^^^^^^^^^^^^^^^^^^^^^^^^^
  File "/home/airflow/.local/lib/python3.12/site-packages/airflow/models/taskinstance.py", line 734, in _execute_callable
    return ExecutionCallableRunner(
           ^^^^^^^^^^^^^^^^^^^^^^^^
  File "/home/airflow/.local/lib/python3.12/site-packages/airflow/utils/operator_helpers.py", line 252, in run
    return self.func(*args, **kwargs)
           ^^^^^^^^^^^^^^^^^^^^^^^^^^
  File "/home/airflow/.local/lib/python3.12/site-packages/airflow/models/baseoperator.py", line 424, in wrapper
    return func(self, *args, **kwargs)
           ^^^^^^^^^^^^^^^^^^^^^^^^^^^
  File "/home/airflow/.local/lib/python3.12/site-packages/airflow_provider_kafka/operators/produce_to_topic.py", line 111, in execute
    producer_callable = partial(
                        ^^^^^^^^
TypeError: the first argument must be callable
[2025-11-17T19:47:59.268+0000] {local_task_job_runner.py:266} INFO - Task exited with return code 1
[2025-11-17T19:47:59.279+0000] {taskinstance.py:3901} INFO - 0 downstream tasks scheduled from follow-on schedule check
[2025-11-17T19:47:59.282+0000] {local_task_job_runner.py:245} INFO - ::endgroup::
