[2025-11-13T17:39:16.960+0000] {local_task_job_runner.py:123} INFO - ::group::Pre task execution logs
[2025-11-13T17:39:16.973+0000] {taskinstance.py:2614} INFO - Dependencies all met for dep_context=non-requeueable deps ti=<TaskInstance: iot_sensor_data_dag.generate_sensor_data scheduled__2025-11-13T17:39:00+00:00 [queued]>
[2025-11-13T17:39:16.980+0000] {taskinstance.py:2614} INFO - Dependencies all met for dep_context=requeueable deps ti=<TaskInstance: iot_sensor_data_dag.generate_sensor_data scheduled__2025-11-13T17:39:00+00:00 [queued]>
[2025-11-13T17:39:16.981+0000] {taskinstance.py:2867} INFO - Starting attempt 1 of 1
[2025-11-13T17:39:17.113+0000] {taskinstance.py:2890} INFO - Executing <Task(PythonOperator): generate_sensor_data> on 2025-11-13 17:39:00+00:00
[2025-11-13T17:39:17.120+0000] {warnings.py:112} WARNING - /home/***/.local/lib/python3.12/site-packages/***/task/task_runner/standard_task_runner.py:70: DeprecationWarning: This process (pid=1017) is multi-threaded, use of fork() may lead to deadlocks in the child.
  pid = os.fork()

[2025-11-13T17:39:17.123+0000] {standard_task_runner.py:104} INFO - Running: ['***', 'tasks', 'run', 'iot_sensor_data_dag', 'generate_sensor_data', 'scheduled__2025-11-13T17:39:00+00:00', '--job-id', '310', '--raw', '--subdir', 'DAGS_FOLDER/DEPI.py', '--cfg-path', '/tmp/tmpafbjj4o_']
[2025-11-13T17:39:17.124+0000] {standard_task_runner.py:72} INFO - Started process 1019 to run task
[2025-11-13T17:39:17.124+0000] {standard_task_runner.py:105} INFO - Job 310: Subtask generate_sensor_data
[2025-11-13T17:39:17.175+0000] {task_command.py:467} INFO - Running <TaskInstance: iot_sensor_data_dag.generate_sensor_data scheduled__2025-11-13T17:39:00+00:00 [running]> on host 4f76d54186b6
[2025-11-13T17:39:17.259+0000] {taskinstance.py:3134} INFO - Exporting env vars: AIRFLOW_CTX_DAG_OWNER='***' AIRFLOW_CTX_DAG_ID='iot_sensor_data_dag' AIRFLOW_CTX_TASK_ID='generate_sensor_data' AIRFLOW_CTX_EXECUTION_DATE='2025-11-13T17:39:00+00:00' AIRFLOW_CTX_TRY_NUMBER='1' AIRFLOW_CTX_DAG_RUN_ID='scheduled__2025-11-13T17:39:00+00:00'
[2025-11-13T17:39:17.261+0000] {logging_mixin.py:190} INFO - Task instance is in running state
[2025-11-13T17:39:17.261+0000] {logging_mixin.py:190} INFO -  Previous state of the Task instance: queued
[2025-11-13T17:39:17.262+0000] {logging_mixin.py:190} INFO - Current task name:generate_sensor_data state:running start_date:2025-11-13 17:39:16.974396+00:00
[2025-11-13T17:39:17.263+0000] {logging_mixin.py:190} INFO - Dag name:iot_sensor_data_dag and current dag run status:running
[2025-11-13T17:39:17.264+0000] {taskinstance.py:732} INFO - ::endgroup::
[2025-11-13T17:39:17.294+0000] {logging_mixin.py:190} INFO - [2025-11-13 17:39:17.279371] Inserted sensor data: {'time': datetime.datetime(2025, 11, 13, 17, 39, 17, 279371), 'temperature': 27.370903372113606, 'Dissolved_oxygen': 6.095436261707112, 'PH': 7.4866582438415294, 'Ammonia': 0.009242629738783228, 'Nitrite': 0.05246025442327624, 'Turbidty': 39.07101533957936, '_id': ObjectId('691617c5b37749f967b2b07e')}
[2025-11-13T17:39:17.297+0000] {python.py:218} INFO - Done. Returned value was: None
[2025-11-13T17:39:17.310+0000] {taskinstance.py:341} INFO - ::group::Post task execution logs
[2025-11-13T17:39:17.311+0000] {taskinstance.py:353} INFO - Marking task as SUCCESS. dag_id=iot_sensor_data_dag, task_id=generate_sensor_data, run_id=scheduled__2025-11-13T17:39:00+00:00, execution_date=20251113T173900, start_date=20251113T173916, end_date=20251113T173917
[2025-11-13T17:39:17.335+0000] {logging_mixin.py:190} INFO - Task instance in success state
[2025-11-13T17:39:17.337+0000] {logging_mixin.py:190} INFO -  Previous state of the Task instance: running
[2025-11-13T17:39:17.337+0000] {logging_mixin.py:190} INFO - Dag name:iot_sensor_data_dag queued_at:2025-11-13 17:39:15.545954+00:00
[2025-11-13T17:39:17.338+0000] {logging_mixin.py:190} INFO - Task hostname:4f76d54186b6 operator:PythonOperator
[2025-11-13T17:39:17.384+0000] {local_task_job_runner.py:266} INFO - Task exited with return code 0
[2025-11-13T17:39:17.411+0000] {taskinstance.py:3901} INFO - 0 downstream tasks scheduled from follow-on schedule check
[2025-11-13T17:39:17.417+0000] {local_task_job_runner.py:245} INFO - ::endgroup::
