[2025-11-13T17:40:17.249+0000] {local_task_job_runner.py:123} INFO - ::group::Pre task execution logs
[2025-11-13T17:40:17.270+0000] {taskinstance.py:2614} INFO - Dependencies all met for dep_context=non-requeueable deps ti=<TaskInstance: iot_sensor_data_dag.generate_sensor_data scheduled__2025-11-13T17:40:00+00:00 [queued]>
[2025-11-13T17:40:17.280+0000] {taskinstance.py:2614} INFO - Dependencies all met for dep_context=requeueable deps ti=<TaskInstance: iot_sensor_data_dag.generate_sensor_data scheduled__2025-11-13T17:40:00+00:00 [queued]>
[2025-11-13T17:40:17.281+0000] {taskinstance.py:2867} INFO - Starting attempt 1 of 1
[2025-11-13T17:40:17.485+0000] {taskinstance.py:2890} INFO - Executing <Task(PythonOperator): generate_sensor_data> on 2025-11-13 17:40:00+00:00
[2025-11-13T17:40:17.497+0000] {warnings.py:112} WARNING - /home/***/.local/lib/python3.12/site-packages/***/task/task_runner/standard_task_runner.py:70: DeprecationWarning: This process (pid=1059) is multi-threaded, use of fork() may lead to deadlocks in the child.
  pid = os.fork()

[2025-11-13T17:40:17.501+0000] {standard_task_runner.py:72} INFO - Started process 1061 to run task
[2025-11-13T17:40:17.501+0000] {standard_task_runner.py:104} INFO - Running: ['***', 'tasks', 'run', 'iot_sensor_data_dag', 'generate_sensor_data', 'scheduled__2025-11-13T17:40:00+00:00', '--job-id', '314', '--raw', '--subdir', 'DAGS_FOLDER/DEPI.py', '--cfg-path', '/tmp/tmptyqdx7ln']
[2025-11-13T17:40:17.504+0000] {standard_task_runner.py:105} INFO - Job 314: Subtask generate_sensor_data
[2025-11-13T17:40:17.619+0000] {task_command.py:467} INFO - Running <TaskInstance: iot_sensor_data_dag.generate_sensor_data scheduled__2025-11-13T17:40:00+00:00 [running]> on host 4f76d54186b6
[2025-11-13T17:40:17.752+0000] {taskinstance.py:3134} INFO - Exporting env vars: AIRFLOW_CTX_DAG_OWNER='***' AIRFLOW_CTX_DAG_ID='iot_sensor_data_dag' AIRFLOW_CTX_TASK_ID='generate_sensor_data' AIRFLOW_CTX_EXECUTION_DATE='2025-11-13T17:40:00+00:00' AIRFLOW_CTX_TRY_NUMBER='1' AIRFLOW_CTX_DAG_RUN_ID='scheduled__2025-11-13T17:40:00+00:00'
[2025-11-13T17:40:17.758+0000] {logging_mixin.py:190} INFO - Task instance is in running state
[2025-11-13T17:40:17.762+0000] {logging_mixin.py:190} INFO -  Previous state of the Task instance: queued
[2025-11-13T17:40:17.771+0000] {logging_mixin.py:190} INFO - Current task name:generate_sensor_data state:running start_date:2025-11-13 17:40:17.271934+00:00
[2025-11-13T17:40:17.777+0000] {logging_mixin.py:190} INFO - Dag name:iot_sensor_data_dag and current dag run status:running
[2025-11-13T17:40:17.786+0000] {taskinstance.py:732} INFO - ::endgroup::
[2025-11-13T17:40:17.888+0000] {logging_mixin.py:190} INFO - [2025-11-13 17:40:17.849737] Inserted sensor data: {'time': datetime.datetime(2025, 11, 13, 17, 40, 17, 849737), 'temperature': 27.466654452126285, 'Dissolved_oxygen': 5.962824825778501, 'PH': 7.52364503039855, 'Ammonia': 0.010359554187806819, 'Nitrite': 0.05371956219181017, 'Turbidty': 40.08911852299528, '_id': ObjectId('691618012647afb3f8b66e29')}
[2025-11-13T17:40:17.895+0000] {python.py:218} INFO - Done. Returned value was: None
[2025-11-13T17:40:17.913+0000] {taskinstance.py:341} INFO - ::group::Post task execution logs
[2025-11-13T17:40:17.914+0000] {taskinstance.py:353} INFO - Marking task as SUCCESS. dag_id=iot_sensor_data_dag, task_id=generate_sensor_data, run_id=scheduled__2025-11-13T17:40:00+00:00, execution_date=20251113T174000, start_date=20251113T174017, end_date=20251113T174017
[2025-11-13T17:40:17.956+0000] {logging_mixin.py:190} INFO - Task instance in success state
[2025-11-13T17:40:17.958+0000] {logging_mixin.py:190} INFO -  Previous state of the Task instance: running
[2025-11-13T17:40:17.959+0000] {logging_mixin.py:190} INFO - Dag name:iot_sensor_data_dag queued_at:2025-11-13 17:40:15.024171+00:00
[2025-11-13T17:40:17.961+0000] {logging_mixin.py:190} INFO - Task hostname:4f76d54186b6 operator:PythonOperator
[2025-11-13T17:40:17.979+0000] {local_task_job_runner.py:266} INFO - Task exited with return code 0
[2025-11-13T17:40:18.021+0000] {taskinstance.py:3901} INFO - 0 downstream tasks scheduled from follow-on schedule check
[2025-11-13T17:40:18.027+0000] {local_task_job_runner.py:245} INFO - ::endgroup::
