[2025-11-13T19:02:01.716+0000] {local_task_job_runner.py:123} INFO - ::group::Pre task execution logs
[2025-11-13T19:02:01.731+0000] {taskinstance.py:2614} INFO - Dependencies all met for dep_context=non-requeueable deps ti=<TaskInstance: iot_sensor_data_dag.generate_sensor_data scheduled__2025-11-13T19:01:45+00:00 [queued]>
[2025-11-13T19:02:01.741+0000] {taskinstance.py:2614} INFO - Dependencies all met for dep_context=requeueable deps ti=<TaskInstance: iot_sensor_data_dag.generate_sensor_data scheduled__2025-11-13T19:01:45+00:00 [queued]>
[2025-11-13T19:02:01.761+0000] {taskinstance.py:2867} INFO - Starting attempt 1 of 1
[2025-11-13T19:02:01.883+0000] {taskinstance.py:2890} INFO - Executing <Task(PythonOperator): generate_sensor_data> on 2025-11-13 19:01:45+00:00
[2025-11-13T19:02:01.889+0000] {warnings.py:112} WARNING - /home/***/.local/lib/python3.12/site-packages/***/task/task_runner/standard_task_runner.py:70: DeprecationWarning: This process (pid=4470) is multi-threaded, use of fork() may lead to deadlocks in the child.
  pid = os.fork()

[2025-11-13T19:02:01.891+0000] {standard_task_runner.py:72} INFO - Started process 4479 to run task
[2025-11-13T19:02:01.892+0000] {standard_task_runner.py:104} INFO - Running: ['***', 'tasks', 'run', 'iot_sensor_data_dag', 'generate_sensor_data', 'scheduled__2025-11-13T19:01:45+00:00', '--job-id', '641', '--raw', '--subdir', 'DAGS_FOLDER/DEPI.py', '--cfg-path', '/tmp/tmp1y154ecx']
[2025-11-13T19:02:01.893+0000] {standard_task_runner.py:105} INFO - Job 641: Subtask generate_sensor_data
[2025-11-13T19:02:01.934+0000] {task_command.py:467} INFO - Running <TaskInstance: iot_sensor_data_dag.generate_sensor_data scheduled__2025-11-13T19:01:45+00:00 [running]> on host 4f76d54186b6
[2025-11-13T19:02:02.000+0000] {taskinstance.py:3134} INFO - Exporting env vars: AIRFLOW_CTX_DAG_OWNER='***' AIRFLOW_CTX_DAG_ID='iot_sensor_data_dag' AIRFLOW_CTX_TASK_ID='generate_sensor_data' AIRFLOW_CTX_EXECUTION_DATE='2025-11-13T19:01:45+00:00' AIRFLOW_CTX_TRY_NUMBER='1' AIRFLOW_CTX_DAG_RUN_ID='scheduled__2025-11-13T19:01:45+00:00'
[2025-11-13T19:02:02.001+0000] {logging_mixin.py:190} INFO - Task instance is in running state
[2025-11-13T19:02:02.002+0000] {logging_mixin.py:190} INFO -  Previous state of the Task instance: queued
[2025-11-13T19:02:02.003+0000] {logging_mixin.py:190} INFO - Current task name:generate_sensor_data state:running start_date:2025-11-13 19:02:01.732667+00:00
[2025-11-13T19:02:02.004+0000] {logging_mixin.py:190} INFO - Dag name:iot_sensor_data_dag and current dag run status:running
[2025-11-13T19:02:02.004+0000] {taskinstance.py:732} INFO - ::endgroup::
[2025-11-13T19:02:02.035+0000] {logging_mixin.py:190} INFO - [2025-11-13 19:02:02.021396] Inserted sensor data: {'time': datetime.datetime(2025, 11, 13, 19, 2, 2, 21396), 'temperature': 27.615386499881218, 'Dissolved_oxygen': 5.9984217392922226, 'PH': 7.579627622524207, 'Ammonia': 0.009594345454772722, 'Nitrite': 0.052033259829947984, 'Turbidty': 40.27721811701246, '_id': ObjectId('69162b2a0c9d1326346ad521')}
[2025-11-13T19:02:02.038+0000] {python.py:218} INFO - Done. Returned value was: None
[2025-11-13T19:02:02.050+0000] {taskinstance.py:341} INFO - ::group::Post task execution logs
[2025-11-13T19:02:02.051+0000] {taskinstance.py:353} INFO - Marking task as SUCCESS. dag_id=iot_sensor_data_dag, task_id=generate_sensor_data, run_id=scheduled__2025-11-13T19:01:45+00:00, execution_date=20251113T190145, start_date=20251113T190201, end_date=20251113T190202
[2025-11-13T19:02:02.075+0000] {logging_mixin.py:190} INFO - Task instance in success state
[2025-11-13T19:02:02.075+0000] {logging_mixin.py:190} INFO -  Previous state of the Task instance: running
[2025-11-13T19:02:02.076+0000] {logging_mixin.py:190} INFO - Dag name:iot_sensor_data_dag queued_at:2025-11-13 19:02:00.391157+00:00
[2025-11-13T19:02:02.076+0000] {logging_mixin.py:190} INFO - Task hostname:4f76d54186b6 operator:PythonOperator
[2025-11-13T19:02:02.116+0000] {local_task_job_runner.py:266} INFO - Task exited with return code 0
[2025-11-13T19:02:02.137+0000] {taskinstance.py:3901} INFO - 0 downstream tasks scheduled from follow-on schedule check
[2025-11-13T19:02:02.143+0000] {local_task_job_runner.py:245} INFO - ::endgroup::
