[2025-11-13T17:20:01.667+0000] {local_task_job_runner.py:123} INFO - ::group::Pre task execution logs
[2025-11-13T17:20:01.682+0000] {taskinstance.py:2614} INFO - Dependencies all met for dep_context=non-requeueable deps ti=<TaskInstance: iot_sensor_data_dag.generate_sensor_data scheduled__2025-11-13T17:19:45+00:00 [queued]>
[2025-11-13T17:20:01.689+0000] {taskinstance.py:2614} INFO - Dependencies all met for dep_context=requeueable deps ti=<TaskInstance: iot_sensor_data_dag.generate_sensor_data scheduled__2025-11-13T17:19:45+00:00 [queued]>
[2025-11-13T17:20:01.691+0000] {taskinstance.py:2867} INFO - Starting attempt 1 of 1
[2025-11-13T17:20:01.832+0000] {taskinstance.py:2890} INFO - Executing <Task(PythonOperator): generate_sensor_data> on 2025-11-13 17:19:45+00:00
[2025-11-13T17:20:01.839+0000] {warnings.py:112} WARNING - /home/***/.local/lib/python3.12/site-packages/***/task/task_runner/standard_task_runner.py:70: DeprecationWarning: This process (pid=212) is multi-threaded, use of fork() may lead to deadlocks in the child.
  pid = os.fork()

[2025-11-13T17:20:01.841+0000] {standard_task_runner.py:104} INFO - Running: ['***', 'tasks', 'run', 'iot_sensor_data_dag', 'generate_sensor_data', 'scheduled__2025-11-13T17:19:45+00:00', '--job-id', '233', '--raw', '--subdir', 'DAGS_FOLDER/DEPI.py', '--cfg-path', '/tmp/tmpvr0airrq']
[2025-11-13T17:20:01.841+0000] {standard_task_runner.py:72} INFO - Started process 214 to run task
[2025-11-13T17:20:01.843+0000] {standard_task_runner.py:105} INFO - Job 233: Subtask generate_sensor_data
[2025-11-13T17:20:01.890+0000] {task_command.py:467} INFO - Running <TaskInstance: iot_sensor_data_dag.generate_sensor_data scheduled__2025-11-13T17:19:45+00:00 [running]> on host 4f76d54186b6
[2025-11-13T17:20:01.960+0000] {taskinstance.py:3134} INFO - Exporting env vars: AIRFLOW_CTX_DAG_OWNER='***' AIRFLOW_CTX_DAG_ID='iot_sensor_data_dag' AIRFLOW_CTX_TASK_ID='generate_sensor_data' AIRFLOW_CTX_EXECUTION_DATE='2025-11-13T17:19:45+00:00' AIRFLOW_CTX_TRY_NUMBER='1' AIRFLOW_CTX_DAG_RUN_ID='scheduled__2025-11-13T17:19:45+00:00'
[2025-11-13T17:20:01.962+0000] {logging_mixin.py:190} INFO - Task instance is in running state
[2025-11-13T17:20:01.963+0000] {logging_mixin.py:190} INFO -  Previous state of the Task instance: queued
[2025-11-13T17:20:01.964+0000] {logging_mixin.py:190} INFO - Current task name:generate_sensor_data state:running start_date:2025-11-13 17:20:01.683643+00:00
[2025-11-13T17:20:01.964+0000] {logging_mixin.py:190} INFO - Dag name:iot_sensor_data_dag and current dag run status:running
[2025-11-13T17:20:01.965+0000] {taskinstance.py:732} INFO - ::endgroup::
[2025-11-13T17:20:01.999+0000] {logging_mixin.py:190} INFO - [2025-11-13 17:20:01.984694] Inserted sensor data: {'time': datetime.datetime(2025, 11, 13, 17, 20, 1, 984694), 'temperature': 27.300056536743632, 'Dissolved_oxygen': 5.995183402488393, 'PH': 7.417755500214265, 'Ammonia': 0.009380208921551125, 'Nitrite': 0.054262769462706736, 'Turbidty': 40.42007873232854, '_id': ObjectId('6916134153f38a92451ea509')}
[2025-11-13T17:20:02.001+0000] {python.py:218} INFO - Done. Returned value was: None
[2025-11-13T17:20:02.010+0000] {taskinstance.py:341} INFO - ::group::Post task execution logs
[2025-11-13T17:20:02.011+0000] {taskinstance.py:353} INFO - Marking task as SUCCESS. dag_id=iot_sensor_data_dag, task_id=generate_sensor_data, run_id=scheduled__2025-11-13T17:19:45+00:00, execution_date=20251113T171945, start_date=20251113T172001, end_date=20251113T172002
[2025-11-13T17:20:02.031+0000] {logging_mixin.py:190} INFO - Task instance in success state
[2025-11-13T17:20:02.032+0000] {logging_mixin.py:190} INFO -  Previous state of the Task instance: running
[2025-11-13T17:20:02.033+0000] {logging_mixin.py:190} INFO - Dag name:iot_sensor_data_dag queued_at:2025-11-13 17:20:00.116755+00:00
[2025-11-13T17:20:02.033+0000] {logging_mixin.py:190} INFO - Task hostname:4f76d54186b6 operator:PythonOperator
[2025-11-13T17:20:02.058+0000] {local_task_job_runner.py:266} INFO - Task exited with return code 0
[2025-11-13T17:20:02.086+0000] {taskinstance.py:3901} INFO - 0 downstream tasks scheduled from follow-on schedule check
[2025-11-13T17:20:02.093+0000] {local_task_job_runner.py:245} INFO - ::endgroup::
