[2025-11-13T18:17:31.373+0000] {local_task_job_runner.py:123} INFO - ::group::Pre task execution logs
[2025-11-13T18:17:31.390+0000] {taskinstance.py:2614} INFO - Dependencies all met for dep_context=non-requeueable deps ti=<TaskInstance: iot_sensor_data_dag.generate_sensor_data scheduled__2025-11-13T18:17:15+00:00 [queued]>
[2025-11-13T18:17:31.399+0000] {taskinstance.py:2614} INFO - Dependencies all met for dep_context=requeueable deps ti=<TaskInstance: iot_sensor_data_dag.generate_sensor_data scheduled__2025-11-13T18:17:15+00:00 [queued]>
[2025-11-13T18:17:31.400+0000] {taskinstance.py:2867} INFO - Starting attempt 1 of 1
[2025-11-13T18:17:31.539+0000] {taskinstance.py:2890} INFO - Executing <Task(PythonOperator): generate_sensor_data> on 2025-11-13 18:17:15+00:00
[2025-11-13T18:17:31.546+0000] {warnings.py:112} WARNING - /home/***/.local/lib/python3.12/site-packages/***/task/task_runner/standard_task_runner.py:70: DeprecationWarning: This process (pid=2612) is multi-threaded, use of fork() may lead to deadlocks in the child.
  pid = os.fork()

[2025-11-13T18:17:31.548+0000] {standard_task_runner.py:72} INFO - Started process 2614 to run task
[2025-11-13T18:17:31.548+0000] {standard_task_runner.py:104} INFO - Running: ['***', 'tasks', 'run', 'iot_sensor_data_dag', 'generate_sensor_data', 'scheduled__2025-11-13T18:17:15+00:00', '--job-id', '463', '--raw', '--subdir', 'DAGS_FOLDER/DEPI.py', '--cfg-path', '/tmp/tmpzzzk8tog']
[2025-11-13T18:17:31.549+0000] {standard_task_runner.py:105} INFO - Job 463: Subtask generate_sensor_data
[2025-11-13T18:17:31.590+0000] {task_command.py:467} INFO - Running <TaskInstance: iot_sensor_data_dag.generate_sensor_data scheduled__2025-11-13T18:17:15+00:00 [running]> on host 4f76d54186b6
[2025-11-13T18:17:31.656+0000] {taskinstance.py:3134} INFO - Exporting env vars: AIRFLOW_CTX_DAG_OWNER='***' AIRFLOW_CTX_DAG_ID='iot_sensor_data_dag' AIRFLOW_CTX_TASK_ID='generate_sensor_data' AIRFLOW_CTX_EXECUTION_DATE='2025-11-13T18:17:15+00:00' AIRFLOW_CTX_TRY_NUMBER='1' AIRFLOW_CTX_DAG_RUN_ID='scheduled__2025-11-13T18:17:15+00:00'
[2025-11-13T18:17:31.658+0000] {logging_mixin.py:190} INFO - Task instance is in running state
[2025-11-13T18:17:31.658+0000] {logging_mixin.py:190} INFO -  Previous state of the Task instance: queued
[2025-11-13T18:17:31.659+0000] {logging_mixin.py:190} INFO - Current task name:generate_sensor_data state:running start_date:2025-11-13 18:17:31.391590+00:00
[2025-11-13T18:17:31.659+0000] {logging_mixin.py:190} INFO - Dag name:iot_sensor_data_dag and current dag run status:running
[2025-11-13T18:17:31.659+0000] {taskinstance.py:732} INFO - ::endgroup::
[2025-11-13T18:17:31.688+0000] {logging_mixin.py:190} INFO - [2025-11-13 18:17:31.672596] Inserted sensor data: {'time': datetime.datetime(2025, 11, 13, 18, 17, 31, 672596), 'temperature': 27.442401792784494, 'Dissolved_oxygen': 6.094409141276983, 'PH': 7.407989178217354, 'Ammonia': 0.009525136382807031, 'Nitrite': 0.04630763235301397, 'Turbidty': 40.859794964186335, '_id': ObjectId('691620bb75e1b0164ba9cc6f')}
[2025-11-13T18:17:31.690+0000] {python.py:218} INFO - Done. Returned value was: None
[2025-11-13T18:17:31.700+0000] {taskinstance.py:341} INFO - ::group::Post task execution logs
[2025-11-13T18:17:31.701+0000] {taskinstance.py:353} INFO - Marking task as SUCCESS. dag_id=iot_sensor_data_dag, task_id=generate_sensor_data, run_id=scheduled__2025-11-13T18:17:15+00:00, execution_date=20251113T181715, start_date=20251113T181731, end_date=20251113T181731
[2025-11-13T18:17:31.718+0000] {logging_mixin.py:190} INFO - Task instance in success state
[2025-11-13T18:17:31.719+0000] {logging_mixin.py:190} INFO -  Previous state of the Task instance: running
[2025-11-13T18:17:31.720+0000] {logging_mixin.py:190} INFO - Dag name:iot_sensor_data_dag queued_at:2025-11-13 18:17:30.059272+00:00
[2025-11-13T18:17:31.721+0000] {logging_mixin.py:190} INFO - Task hostname:4f76d54186b6 operator:PythonOperator
[2025-11-13T18:17:31.768+0000] {local_task_job_runner.py:266} INFO - Task exited with return code 0
[2025-11-13T18:17:31.781+0000] {taskinstance.py:3901} INFO - 0 downstream tasks scheduled from follow-on schedule check
[2025-11-13T18:17:31.784+0000] {local_task_job_runner.py:245} INFO - ::endgroup::
