[2025-11-13T19:08:47.068+0000] {local_task_job_runner.py:123} INFO - ::group::Pre task execution logs
[2025-11-13T19:08:47.084+0000] {taskinstance.py:2614} INFO - Dependencies all met for dep_context=non-requeueable deps ti=<TaskInstance: iot_sensor_data_dag.generate_sensor_data scheduled__2025-11-13T19:08:30+00:00 [queued]>
[2025-11-13T19:08:47.092+0000] {taskinstance.py:2614} INFO - Dependencies all met for dep_context=requeueable deps ti=<TaskInstance: iot_sensor_data_dag.generate_sensor_data scheduled__2025-11-13T19:08:30+00:00 [queued]>
[2025-11-13T19:08:47.094+0000] {taskinstance.py:2867} INFO - Starting attempt 1 of 1
[2025-11-13T19:08:47.270+0000] {taskinstance.py:2890} INFO - Executing <Task(PythonOperator): generate_sensor_data> on 2025-11-13 19:08:30+00:00
[2025-11-13T19:08:47.283+0000] {warnings.py:112} WARNING - /home/***/.local/lib/python3.12/site-packages/***/task/task_runner/standard_task_runner.py:70: DeprecationWarning: This process (pid=4757) is multi-threaded, use of fork() may lead to deadlocks in the child.
  pid = os.fork()

[2025-11-13T19:08:47.286+0000] {standard_task_runner.py:104} INFO - Running: ['***', 'tasks', 'run', 'iot_sensor_data_dag', 'generate_sensor_data', 'scheduled__2025-11-13T19:08:30+00:00', '--job-id', '668', '--raw', '--subdir', 'DAGS_FOLDER/DEPI.py', '--cfg-path', '/tmp/tmp5s8onawy']
[2025-11-13T19:08:47.287+0000] {standard_task_runner.py:72} INFO - Started process 4759 to run task
[2025-11-13T19:08:47.287+0000] {standard_task_runner.py:105} INFO - Job 668: Subtask generate_sensor_data
[2025-11-13T19:08:47.339+0000] {task_command.py:467} INFO - Running <TaskInstance: iot_sensor_data_dag.generate_sensor_data scheduled__2025-11-13T19:08:30+00:00 [running]> on host 4f76d54186b6
[2025-11-13T19:08:47.417+0000] {taskinstance.py:3134} INFO - Exporting env vars: AIRFLOW_CTX_DAG_OWNER='***' AIRFLOW_CTX_DAG_ID='iot_sensor_data_dag' AIRFLOW_CTX_TASK_ID='generate_sensor_data' AIRFLOW_CTX_EXECUTION_DATE='2025-11-13T19:08:30+00:00' AIRFLOW_CTX_TRY_NUMBER='1' AIRFLOW_CTX_DAG_RUN_ID='scheduled__2025-11-13T19:08:30+00:00'
[2025-11-13T19:08:47.419+0000] {logging_mixin.py:190} INFO - Task instance is in running state
[2025-11-13T19:08:47.420+0000] {logging_mixin.py:190} INFO -  Previous state of the Task instance: queued
[2025-11-13T19:08:47.421+0000] {logging_mixin.py:190} INFO - Current task name:generate_sensor_data state:running start_date:2025-11-13 19:08:47.085928+00:00
[2025-11-13T19:08:47.421+0000] {logging_mixin.py:190} INFO - Dag name:iot_sensor_data_dag and current dag run status:running
[2025-11-13T19:08:47.422+0000] {taskinstance.py:732} INFO - ::endgroup::
[2025-11-13T19:08:47.455+0000] {logging_mixin.py:190} INFO - [2025-11-13 19:08:47.438451] Inserted sensor data: {'time': datetime.datetime(2025, 11, 13, 19, 8, 47, 438451), 'temperature': 27.64854248196846, 'Dissolved_oxygen': 6.095919587262464, 'PH': 7.536762937167202, 'Ammonia': 0.00943444745817888, 'Nitrite': 0.04625933490673632, 'Turbidty': 39.27550242071989, '_id': ObjectId('69162cbf065e9acc7210e21c')}
[2025-11-13T19:08:47.457+0000] {python.py:218} INFO - Done. Returned value was: None
[2025-11-13T19:08:47.469+0000] {taskinstance.py:341} INFO - ::group::Post task execution logs
[2025-11-13T19:08:47.470+0000] {taskinstance.py:353} INFO - Marking task as SUCCESS. dag_id=iot_sensor_data_dag, task_id=generate_sensor_data, run_id=scheduled__2025-11-13T19:08:30+00:00, execution_date=20251113T190830, start_date=20251113T190847, end_date=20251113T190847
[2025-11-13T19:08:47.490+0000] {logging_mixin.py:190} INFO - Task instance in success state
[2025-11-13T19:08:47.490+0000] {logging_mixin.py:190} INFO -  Previous state of the Task instance: running
[2025-11-13T19:08:47.491+0000] {logging_mixin.py:190} INFO - Dag name:iot_sensor_data_dag queued_at:2025-11-13 19:08:45.688433+00:00
[2025-11-13T19:08:47.492+0000] {logging_mixin.py:190} INFO - Task hostname:4f76d54186b6 operator:PythonOperator
[2025-11-13T19:08:47.511+0000] {local_task_job_runner.py:266} INFO - Task exited with return code 0
[2025-11-13T19:08:47.531+0000] {taskinstance.py:3901} INFO - 0 downstream tasks scheduled from follow-on schedule check
[2025-11-13T19:08:47.535+0000] {local_task_job_runner.py:245} INFO - ::endgroup::
