[2025-11-13T18:09:31.269+0000] {local_task_job_runner.py:123} INFO - ::group::Pre task execution logs
[2025-11-13T18:09:31.281+0000] {taskinstance.py:2614} INFO - Dependencies all met for dep_context=non-requeueable deps ti=<TaskInstance: iot_sensor_data_dag.generate_sensor_data scheduled__2025-11-13T18:09:15+00:00 [queued]>
[2025-11-13T18:09:31.287+0000] {taskinstance.py:2614} INFO - Dependencies all met for dep_context=requeueable deps ti=<TaskInstance: iot_sensor_data_dag.generate_sensor_data scheduled__2025-11-13T18:09:15+00:00 [queued]>
[2025-11-13T18:09:31.288+0000] {taskinstance.py:2867} INFO - Starting attempt 1 of 1
[2025-11-13T18:09:31.404+0000] {taskinstance.py:2890} INFO - Executing <Task(PythonOperator): generate_sensor_data> on 2025-11-13 18:09:15+00:00
[2025-11-13T18:09:31.411+0000] {warnings.py:112} WARNING - /home/***/.local/lib/python3.12/site-packages/***/task/task_runner/standard_task_runner.py:70: DeprecationWarning: This process (pid=2276) is multi-threaded, use of fork() may lead to deadlocks in the child.
  pid = os.fork()

[2025-11-13T18:09:31.413+0000] {standard_task_runner.py:72} INFO - Started process 2278 to run task
[2025-11-13T18:09:31.413+0000] {standard_task_runner.py:104} INFO - Running: ['***', 'tasks', 'run', 'iot_sensor_data_dag', 'generate_sensor_data', 'scheduled__2025-11-13T18:09:15+00:00', '--job-id', '431', '--raw', '--subdir', 'DAGS_FOLDER/DEPI.py', '--cfg-path', '/tmp/tmpch5c248h']
[2025-11-13T18:09:31.415+0000] {standard_task_runner.py:105} INFO - Job 431: Subtask generate_sensor_data
[2025-11-13T18:09:31.458+0000] {task_command.py:467} INFO - Running <TaskInstance: iot_sensor_data_dag.generate_sensor_data scheduled__2025-11-13T18:09:15+00:00 [running]> on host 4f76d54186b6
[2025-11-13T18:09:31.524+0000] {taskinstance.py:3134} INFO - Exporting env vars: AIRFLOW_CTX_DAG_OWNER='***' AIRFLOW_CTX_DAG_ID='iot_sensor_data_dag' AIRFLOW_CTX_TASK_ID='generate_sensor_data' AIRFLOW_CTX_EXECUTION_DATE='2025-11-13T18:09:15+00:00' AIRFLOW_CTX_TRY_NUMBER='1' AIRFLOW_CTX_DAG_RUN_ID='scheduled__2025-11-13T18:09:15+00:00'
[2025-11-13T18:09:31.527+0000] {logging_mixin.py:190} INFO - Task instance is in running state
[2025-11-13T18:09:31.527+0000] {logging_mixin.py:190} INFO -  Previous state of the Task instance: queued
[2025-11-13T18:09:31.528+0000] {logging_mixin.py:190} INFO - Current task name:generate_sensor_data state:running start_date:2025-11-13 18:09:31.282648+00:00
[2025-11-13T18:09:31.529+0000] {logging_mixin.py:190} INFO - Dag name:iot_sensor_data_dag and current dag run status:running
[2025-11-13T18:09:31.529+0000] {taskinstance.py:732} INFO - ::endgroup::
[2025-11-13T18:09:31.561+0000] {logging_mixin.py:190} INFO - [2025-11-13 18:09:31.543198] Inserted sensor data: {'time': datetime.datetime(2025, 11, 13, 18, 9, 31, 543198), 'temperature': 27.668960910105046, 'Dissolved_oxygen': 6.095919300011924, 'PH': 7.554202878965865, 'Ammonia': 0.010286381072675396, 'Nitrite': 0.05106801336659557, 'Turbidty': 39.79810393356004, '_id': ObjectId('69161edb34732cd9cba8b038')}
[2025-11-13T18:09:31.563+0000] {python.py:218} INFO - Done. Returned value was: None
[2025-11-13T18:09:31.574+0000] {taskinstance.py:341} INFO - ::group::Post task execution logs
[2025-11-13T18:09:31.575+0000] {taskinstance.py:353} INFO - Marking task as SUCCESS. dag_id=iot_sensor_data_dag, task_id=generate_sensor_data, run_id=scheduled__2025-11-13T18:09:15+00:00, execution_date=20251113T180915, start_date=20251113T180931, end_date=20251113T180931
[2025-11-13T18:09:31.593+0000] {logging_mixin.py:190} INFO - Task instance in success state
[2025-11-13T18:09:31.594+0000] {logging_mixin.py:190} INFO -  Previous state of the Task instance: running
[2025-11-13T18:09:31.594+0000] {logging_mixin.py:190} INFO - Dag name:iot_sensor_data_dag queued_at:2025-11-13 18:09:30.106541+00:00
[2025-11-13T18:09:31.595+0000] {logging_mixin.py:190} INFO - Task hostname:4f76d54186b6 operator:PythonOperator
[2025-11-13T18:09:31.635+0000] {local_task_job_runner.py:266} INFO - Task exited with return code 0
[2025-11-13T18:09:31.656+0000] {taskinstance.py:3901} INFO - 0 downstream tasks scheduled from follow-on schedule check
[2025-11-13T18:09:31.660+0000] {local_task_job_runner.py:245} INFO - ::endgroup::
