[2025-11-13T19:03:17.438+0000] {local_task_job_runner.py:123} INFO - ::group::Pre task execution logs
[2025-11-13T19:03:17.454+0000] {taskinstance.py:2614} INFO - Dependencies all met for dep_context=non-requeueable deps ti=<TaskInstance: iot_sensor_data_dag.generate_sensor_data scheduled__2025-11-13T19:03:00+00:00 [queued]>
[2025-11-13T19:03:17.461+0000] {taskinstance.py:2614} INFO - Dependencies all met for dep_context=requeueable deps ti=<TaskInstance: iot_sensor_data_dag.generate_sensor_data scheduled__2025-11-13T19:03:00+00:00 [queued]>
[2025-11-13T19:03:17.463+0000] {taskinstance.py:2867} INFO - Starting attempt 1 of 1
[2025-11-13T19:03:17.650+0000] {taskinstance.py:2890} INFO - Executing <Task(PythonOperator): generate_sensor_data> on 2025-11-13 19:03:00+00:00
[2025-11-13T19:03:17.661+0000] {warnings.py:112} WARNING - /home/***/.local/lib/python3.12/site-packages/***/task/task_runner/standard_task_runner.py:70: DeprecationWarning: This process (pid=4526) is multi-threaded, use of fork() may lead to deadlocks in the child.
  pid = os.fork()

[2025-11-13T19:03:17.663+0000] {standard_task_runner.py:104} INFO - Running: ['***', 'tasks', 'run', 'iot_sensor_data_dag', 'generate_sensor_data', 'scheduled__2025-11-13T19:03:00+00:00', '--job-id', '646', '--raw', '--subdir', 'DAGS_FOLDER/DEPI.py', '--cfg-path', '/tmp/tmp01j94268']
[2025-11-13T19:03:17.664+0000] {standard_task_runner.py:72} INFO - Started process 4528 to run task
[2025-11-13T19:03:17.664+0000] {standard_task_runner.py:105} INFO - Job 646: Subtask generate_sensor_data
[2025-11-13T19:03:17.709+0000] {task_command.py:467} INFO - Running <TaskInstance: iot_sensor_data_dag.generate_sensor_data scheduled__2025-11-13T19:03:00+00:00 [running]> on host 4f76d54186b6
[2025-11-13T19:03:17.778+0000] {taskinstance.py:3134} INFO - Exporting env vars: AIRFLOW_CTX_DAG_OWNER='***' AIRFLOW_CTX_DAG_ID='iot_sensor_data_dag' AIRFLOW_CTX_TASK_ID='generate_sensor_data' AIRFLOW_CTX_EXECUTION_DATE='2025-11-13T19:03:00+00:00' AIRFLOW_CTX_TRY_NUMBER='1' AIRFLOW_CTX_DAG_RUN_ID='scheduled__2025-11-13T19:03:00+00:00'
[2025-11-13T19:03:17.779+0000] {logging_mixin.py:190} INFO - Task instance is in running state
[2025-11-13T19:03:17.780+0000] {logging_mixin.py:190} INFO -  Previous state of the Task instance: queued
[2025-11-13T19:03:17.781+0000] {logging_mixin.py:190} INFO - Current task name:generate_sensor_data state:running start_date:2025-11-13 19:03:17.455801+00:00
[2025-11-13T19:03:17.781+0000] {logging_mixin.py:190} INFO - Dag name:iot_sensor_data_dag and current dag run status:running
[2025-11-13T19:03:17.782+0000] {taskinstance.py:732} INFO - ::endgroup::
[2025-11-13T19:03:17.815+0000] {logging_mixin.py:190} INFO - [2025-11-13 19:03:17.799513] Inserted sensor data: {'time': datetime.datetime(2025, 11, 13, 19, 3, 17, 799513), 'temperature': 27.554962692043198, 'Dissolved_oxygen': 6.027637244807119, 'PH': 7.499647291043292, 'Ammonia': 0.009949760064598063, 'Nitrite': 0.050496776996041555, 'Turbidty': 40.58310485051763, '_id': ObjectId('69162b75bd70a2ff44b79be9')}
[2025-11-13T19:03:17.817+0000] {python.py:218} INFO - Done. Returned value was: None
[2025-11-13T19:03:17.829+0000] {taskinstance.py:341} INFO - ::group::Post task execution logs
[2025-11-13T19:03:17.830+0000] {taskinstance.py:353} INFO - Marking task as SUCCESS. dag_id=iot_sensor_data_dag, task_id=generate_sensor_data, run_id=scheduled__2025-11-13T19:03:00+00:00, execution_date=20251113T190300, start_date=20251113T190317, end_date=20251113T190317
[2025-11-13T19:03:17.854+0000] {logging_mixin.py:190} INFO - Task instance in success state
[2025-11-13T19:03:17.855+0000] {logging_mixin.py:190} INFO -  Previous state of the Task instance: running
[2025-11-13T19:03:17.856+0000] {logging_mixin.py:190} INFO - Dag name:iot_sensor_data_dag queued_at:2025-11-13 19:03:15.967662+00:00
[2025-11-13T19:03:17.857+0000] {logging_mixin.py:190} INFO - Task hostname:4f76d54186b6 operator:PythonOperator
[2025-11-13T19:03:17.882+0000] {local_task_job_runner.py:266} INFO - Task exited with return code 0
[2025-11-13T19:03:17.906+0000] {taskinstance.py:3901} INFO - 0 downstream tasks scheduled from follow-on schedule check
[2025-11-13T19:03:17.912+0000] {local_task_job_runner.py:245} INFO - ::endgroup::
