[2025-11-13T18:54:17.031+0000] {local_task_job_runner.py:123} INFO - ::group::Pre task execution logs
[2025-11-13T18:54:17.044+0000] {taskinstance.py:2614} INFO - Dependencies all met for dep_context=non-requeueable deps ti=<TaskInstance: iot_sensor_data_dag.generate_sensor_data scheduled__2025-11-13T18:54:00+00:00 [queued]>
[2025-11-13T18:54:17.050+0000] {taskinstance.py:2614} INFO - Dependencies all met for dep_context=requeueable deps ti=<TaskInstance: iot_sensor_data_dag.generate_sensor_data scheduled__2025-11-13T18:54:00+00:00 [queued]>
[2025-11-13T18:54:17.051+0000] {taskinstance.py:2867} INFO - Starting attempt 1 of 1
[2025-11-13T18:54:17.168+0000] {taskinstance.py:2890} INFO - Executing <Task(PythonOperator): generate_sensor_data> on 2025-11-13 18:54:00+00:00
[2025-11-13T18:54:17.175+0000] {warnings.py:112} WARNING - /home/***/.local/lib/python3.12/site-packages/***/task/task_runner/standard_task_runner.py:70: DeprecationWarning: This process (pid=4149) is multi-threaded, use of fork() may lead to deadlocks in the child.
  pid = os.fork()

[2025-11-13T18:54:17.176+0000] {standard_task_runner.py:72} INFO - Started process 4151 to run task
[2025-11-13T18:54:17.177+0000] {standard_task_runner.py:104} INFO - Running: ['***', 'tasks', 'run', 'iot_sensor_data_dag', 'generate_sensor_data', 'scheduled__2025-11-13T18:54:00+00:00', '--job-id', '610', '--raw', '--subdir', 'DAGS_FOLDER/DEPI.py', '--cfg-path', '/tmp/tmp01cul0kp']
[2025-11-13T18:54:17.178+0000] {standard_task_runner.py:105} INFO - Job 610: Subtask generate_sensor_data
[2025-11-13T18:54:17.215+0000] {task_command.py:467} INFO - Running <TaskInstance: iot_sensor_data_dag.generate_sensor_data scheduled__2025-11-13T18:54:00+00:00 [running]> on host 4f76d54186b6
[2025-11-13T18:54:17.276+0000] {taskinstance.py:3134} INFO - Exporting env vars: AIRFLOW_CTX_DAG_OWNER='***' AIRFLOW_CTX_DAG_ID='iot_sensor_data_dag' AIRFLOW_CTX_TASK_ID='generate_sensor_data' AIRFLOW_CTX_EXECUTION_DATE='2025-11-13T18:54:00+00:00' AIRFLOW_CTX_TRY_NUMBER='1' AIRFLOW_CTX_DAG_RUN_ID='scheduled__2025-11-13T18:54:00+00:00'
[2025-11-13T18:54:17.278+0000] {logging_mixin.py:190} INFO - Task instance is in running state
[2025-11-13T18:54:17.279+0000] {logging_mixin.py:190} INFO -  Previous state of the Task instance: queued
[2025-11-13T18:54:17.279+0000] {logging_mixin.py:190} INFO - Current task name:generate_sensor_data state:running start_date:2025-11-13 18:54:17.045562+00:00
[2025-11-13T18:54:17.280+0000] {logging_mixin.py:190} INFO - Dag name:iot_sensor_data_dag and current dag run status:running
[2025-11-13T18:54:17.281+0000] {taskinstance.py:732} INFO - ::endgroup::
[2025-11-13T18:54:17.314+0000] {logging_mixin.py:190} INFO - [2025-11-13 18:54:17.296200] Inserted sensor data: {'time': datetime.datetime(2025, 11, 13, 18, 54, 17, 296200), 'temperature': 27.313881649069312, 'Dissolved_oxygen': 5.927628773492225, 'PH': 7.4721932305589736, 'Ammonia': 0.009590285921116572, 'Nitrite': 0.04602245569424673, 'Turbidty': 40.665809817447276, '_id': ObjectId('6916295998a9d26c70d94935')}
[2025-11-13T18:54:17.317+0000] {python.py:218} INFO - Done. Returned value was: None
[2025-11-13T18:54:17.329+0000] {taskinstance.py:341} INFO - ::group::Post task execution logs
[2025-11-13T18:54:17.330+0000] {taskinstance.py:353} INFO - Marking task as SUCCESS. dag_id=iot_sensor_data_dag, task_id=generate_sensor_data, run_id=scheduled__2025-11-13T18:54:00+00:00, execution_date=20251113T185400, start_date=20251113T185417, end_date=20251113T185417
[2025-11-13T18:54:17.351+0000] {logging_mixin.py:190} INFO - Task instance in success state
[2025-11-13T18:54:17.353+0000] {logging_mixin.py:190} INFO -  Previous state of the Task instance: running
[2025-11-13T18:54:17.353+0000] {logging_mixin.py:190} INFO - Dag name:iot_sensor_data_dag queued_at:2025-11-13 18:54:15.772657+00:00
[2025-11-13T18:54:17.354+0000] {logging_mixin.py:190} INFO - Task hostname:4f76d54186b6 operator:PythonOperator
[2025-11-13T18:54:17.392+0000] {local_task_job_runner.py:266} INFO - Task exited with return code 0
[2025-11-13T18:54:16.789+0000] {taskinstance.py:3901} INFO - 0 downstream tasks scheduled from follow-on schedule check
[2025-11-13T18:54:16.794+0000] {local_task_job_runner.py:245} INFO - ::endgroup::
