[2025-11-13T19:15:47.163+0000] {local_task_job_runner.py:123} INFO - ::group::Pre task execution logs
[2025-11-13T19:15:47.181+0000] {taskinstance.py:2614} INFO - Dependencies all met for dep_context=non-requeueable deps ti=<TaskInstance: iot_sensor_data_dag.generate_sensor_data scheduled__2025-11-13T19:15:30+00:00 [queued]>
[2025-11-13T19:15:47.189+0000] {taskinstance.py:2614} INFO - Dependencies all met for dep_context=requeueable deps ti=<TaskInstance: iot_sensor_data_dag.generate_sensor_data scheduled__2025-11-13T19:15:30+00:00 [queued]>
[2025-11-13T19:15:47.191+0000] {taskinstance.py:2867} INFO - Starting attempt 1 of 1
[2025-11-13T19:15:47.362+0000] {taskinstance.py:2890} INFO - Executing <Task(PythonOperator): generate_sensor_data> on 2025-11-13 19:15:30+00:00
[2025-11-13T19:15:47.370+0000] {warnings.py:112} WARNING - /home/***/.local/lib/python3.12/site-packages/***/task/task_runner/standard_task_runner.py:70: DeprecationWarning: This process (pid=5051) is multi-threaded, use of fork() may lead to deadlocks in the child.
  pid = os.fork()

[2025-11-13T19:15:47.373+0000] {standard_task_runner.py:72} INFO - Started process 5053 to run task
[2025-11-13T19:15:47.372+0000] {standard_task_runner.py:104} INFO - Running: ['***', 'tasks', 'run', 'iot_sensor_data_dag', 'generate_sensor_data', 'scheduled__2025-11-13T19:15:30+00:00', '--job-id', '696', '--raw', '--subdir', 'DAGS_FOLDER/DEPI.py', '--cfg-path', '/tmp/tmppx1vfbko']
[2025-11-13T19:15:47.374+0000] {standard_task_runner.py:105} INFO - Job 696: Subtask generate_sensor_data
[2025-11-13T19:15:47.426+0000] {task_command.py:467} INFO - Running <TaskInstance: iot_sensor_data_dag.generate_sensor_data scheduled__2025-11-13T19:15:30+00:00 [running]> on host 4f76d54186b6
[2025-11-13T19:15:47.497+0000] {taskinstance.py:3134} INFO - Exporting env vars: AIRFLOW_CTX_DAG_OWNER='***' AIRFLOW_CTX_DAG_ID='iot_sensor_data_dag' AIRFLOW_CTX_TASK_ID='generate_sensor_data' AIRFLOW_CTX_EXECUTION_DATE='2025-11-13T19:15:30+00:00' AIRFLOW_CTX_TRY_NUMBER='1' AIRFLOW_CTX_DAG_RUN_ID='scheduled__2025-11-13T19:15:30+00:00'
[2025-11-13T19:15:47.499+0000] {logging_mixin.py:190} INFO - Task instance is in running state
[2025-11-13T19:15:47.500+0000] {logging_mixin.py:190} INFO -  Previous state of the Task instance: queued
[2025-11-13T19:15:47.500+0000] {logging_mixin.py:190} INFO - Current task name:generate_sensor_data state:running start_date:2025-11-13 19:15:47.183418+00:00
[2025-11-13T19:15:47.501+0000] {logging_mixin.py:190} INFO - Dag name:iot_sensor_data_dag and current dag run status:running
[2025-11-13T19:15:47.501+0000] {taskinstance.py:732} INFO - ::endgroup::
[2025-11-13T19:15:47.531+0000] {logging_mixin.py:190} INFO - [2025-11-13 19:15:47.517756] Inserted sensor data: {'time': datetime.datetime(2025, 11, 13, 19, 15, 47, 517756), 'temperature': 27.690548950988006, 'Dissolved_oxygen': 5.917216474780768, 'PH': 7.573612546632496, 'Ammonia': 0.01035540762729102, 'Nitrite': 0.04681571122338742, 'Turbidty': 39.32078985794476, '_id': ObjectId('69162e63e95ecfe52e8eb436')}
[2025-11-13T19:15:47.533+0000] {python.py:218} INFO - Done. Returned value was: None
[2025-11-13T19:15:47.545+0000] {taskinstance.py:341} INFO - ::group::Post task execution logs
[2025-11-13T19:15:47.546+0000] {taskinstance.py:353} INFO - Marking task as SUCCESS. dag_id=iot_sensor_data_dag, task_id=generate_sensor_data, run_id=scheduled__2025-11-13T19:15:30+00:00, execution_date=20251113T191530, start_date=20251113T191547, end_date=20251113T191547
[2025-11-13T19:15:47.565+0000] {logging_mixin.py:190} INFO - Task instance in success state
[2025-11-13T19:15:47.566+0000] {logging_mixin.py:190} INFO -  Previous state of the Task instance: running
[2025-11-13T19:15:47.566+0000] {logging_mixin.py:190} INFO - Dag name:iot_sensor_data_dag queued_at:2025-11-13 19:15:45.560582+00:00
[2025-11-13T19:15:47.567+0000] {logging_mixin.py:190} INFO - Task hostname:4f76d54186b6 operator:PythonOperator
[2025-11-13T19:15:47.599+0000] {local_task_job_runner.py:266} INFO - Task exited with return code 0
[2025-11-13T19:15:47.626+0000] {taskinstance.py:3901} INFO - 0 downstream tasks scheduled from follow-on schedule check
[2025-11-13T19:15:47.631+0000] {local_task_job_runner.py:245} INFO - ::endgroup::
