[2025-11-16T21:15:52.309+0000] {local_task_job_runner.py:123} INFO - ::group::Pre task execution logs
[2025-11-16T21:15:52.321+0000] {taskinstance.py:2614} INFO - Dependencies all met for dep_context=non-requeueable deps ti=<TaskInstance: iot_sensor_data_dag.generate_sensor_data scheduled__2025-11-16T21:15:25+00:00 [queued]>
[2025-11-16T21:15:52.326+0000] {taskinstance.py:2614} INFO - Dependencies all met for dep_context=requeueable deps ti=<TaskInstance: iot_sensor_data_dag.generate_sensor_data scheduled__2025-11-16T21:15:25+00:00 [queued]>
[2025-11-16T21:15:52.328+0000] {taskinstance.py:2867} INFO - Starting attempt 1 of 1
[2025-11-16T21:15:52.338+0000] {taskinstance.py:2890} INFO - Executing <Task(PythonOperator): generate_sensor_data> on 2025-11-16 21:15:25+00:00
[2025-11-16T21:15:52.345+0000] {warnings.py:112} WARNING - /home/***/.local/lib/python3.12/site-packages/***/task/task_runner/standard_task_runner.py:70: DeprecationWarning: This process (pid=1710) is multi-threaded, use of fork() may lead to deadlocks in the child.
  pid = os.fork()

[2025-11-16T21:15:52.347+0000] {standard_task_runner.py:72} INFO - Started process 1712 to run task
[2025-11-16T21:15:52.347+0000] {standard_task_runner.py:104} INFO - Running: ['***', 'tasks', 'run', 'iot_sensor_data_dag', 'generate_sensor_data', 'scheduled__2025-11-16T21:15:25+00:00', '--job-id', '1760', '--raw', '--subdir', 'DAGS_FOLDER/DEPI.py', '--cfg-path', '/tmp/tmpe22uv8y_']
[2025-11-16T21:15:52.348+0000] {standard_task_runner.py:105} INFO - Job 1760: Subtask generate_sensor_data
[2025-11-16T21:15:52.573+0000] {task_command.py:467} INFO - Running <TaskInstance: iot_sensor_data_dag.generate_sensor_data scheduled__2025-11-16T21:15:25+00:00 [running]> on host 4f76d54186b6
[2025-11-16T21:15:52.632+0000] {taskinstance.py:3134} INFO - Exporting env vars: AIRFLOW_CTX_DAG_OWNER='***' AIRFLOW_CTX_DAG_ID='iot_sensor_data_dag' AIRFLOW_CTX_TASK_ID='generate_sensor_data' AIRFLOW_CTX_EXECUTION_DATE='2025-11-16T21:15:25+00:00' AIRFLOW_CTX_TRY_NUMBER='1' AIRFLOW_CTX_DAG_RUN_ID='scheduled__2025-11-16T21:15:25+00:00'
[2025-11-16T21:15:52.633+0000] {logging_mixin.py:190} INFO - Task instance is in running state
[2025-11-16T21:15:52.635+0000] {logging_mixin.py:190} INFO -  Previous state of the Task instance: queued
[2025-11-16T21:15:52.636+0000] {logging_mixin.py:190} INFO - Current task name:generate_sensor_data state:running start_date:2025-11-16 21:15:52.322057+00:00
[2025-11-16T21:15:52.636+0000] {logging_mixin.py:190} INFO - Dag name:iot_sensor_data_dag and current dag run status:running
[2025-11-16T21:15:52.637+0000] {taskinstance.py:732} INFO - ::endgroup::
[2025-11-16T21:20:53.750+0000] {python.py:218} INFO - Done. Returned value was: None
[2025-11-16T21:20:53.761+0000] {taskinstance.py:341} INFO - ::group::Post task execution logs
[2025-11-16T21:20:53.762+0000] {taskinstance.py:353} INFO - Marking task as SUCCESS. dag_id=iot_sensor_data_dag, task_id=generate_sensor_data, run_id=scheduled__2025-11-16T21:15:25+00:00, execution_date=20251116T211525, start_date=20251116T211552, end_date=20251116T212053
[2025-11-16T21:20:53.781+0000] {logging_mixin.py:190} INFO - Task instance in success state
[2025-11-16T21:20:53.781+0000] {logging_mixin.py:190} INFO -  Previous state of the Task instance: running
[2025-11-16T21:20:53.782+0000] {logging_mixin.py:190} INFO - Dag name:iot_sensor_data_dag queued_at:2025-11-16 21:15:51.066845+00:00
[2025-11-16T21:20:53.782+0000] {logging_mixin.py:190} INFO - Task hostname:4f76d54186b6 operator:PythonOperator
[2025-11-16T21:20:53.831+0000] {local_task_job_runner.py:266} INFO - Task exited with return code 0
[2025-11-16T21:20:53.854+0000] {taskinstance.py:3901} INFO - 1 downstream tasks scheduled from follow-on schedule check
[2025-11-16T21:20:53.856+0000] {local_task_job_runner.py:245} INFO - ::endgroup::
