[2025-11-13T18:48:01.339+0000] {local_task_job_runner.py:123} INFO - ::group::Pre task execution logs
[2025-11-13T18:48:01.352+0000] {taskinstance.py:2614} INFO - Dependencies all met for dep_context=non-requeueable deps ti=<TaskInstance: iot_sensor_data_dag.generate_sensor_data scheduled__2025-11-13T18:47:45+00:00 [queued]>
[2025-11-13T18:48:01.357+0000] {taskinstance.py:2614} INFO - Dependencies all met for dep_context=requeueable deps ti=<TaskInstance: iot_sensor_data_dag.generate_sensor_data scheduled__2025-11-13T18:47:45+00:00 [queued]>
[2025-11-13T18:48:01.359+0000] {taskinstance.py:2867} INFO - Starting attempt 1 of 1
[2025-11-13T18:48:01.482+0000] {taskinstance.py:2890} INFO - Executing <Task(PythonOperator): generate_sensor_data> on 2025-11-13 18:47:45+00:00
[2025-11-13T18:48:01.488+0000] {warnings.py:112} WARNING - /home/***/.local/lib/python3.12/site-packages/***/task/task_runner/standard_task_runner.py:70: DeprecationWarning: This process (pid=3890) is multi-threaded, use of fork() may lead to deadlocks in the child.
  pid = os.fork()

[2025-11-13T18:48:01.490+0000] {standard_task_runner.py:104} INFO - Running: ['***', 'tasks', 'run', 'iot_sensor_data_dag', 'generate_sensor_data', 'scheduled__2025-11-13T18:47:45+00:00', '--job-id', '585', '--raw', '--subdir', 'DAGS_FOLDER/DEPI.py', '--cfg-path', '/tmp/tmprky9phvs']
[2025-11-13T18:48:01.491+0000] {standard_task_runner.py:72} INFO - Started process 3892 to run task
[2025-11-13T18:48:01.492+0000] {standard_task_runner.py:105} INFO - Job 585: Subtask generate_sensor_data
[2025-11-13T18:48:01.530+0000] {task_command.py:467} INFO - Running <TaskInstance: iot_sensor_data_dag.generate_sensor_data scheduled__2025-11-13T18:47:45+00:00 [running]> on host 4f76d54186b6
[2025-11-13T18:48:01.593+0000] {taskinstance.py:3134} INFO - Exporting env vars: AIRFLOW_CTX_DAG_OWNER='***' AIRFLOW_CTX_DAG_ID='iot_sensor_data_dag' AIRFLOW_CTX_TASK_ID='generate_sensor_data' AIRFLOW_CTX_EXECUTION_DATE='2025-11-13T18:47:45+00:00' AIRFLOW_CTX_TRY_NUMBER='1' AIRFLOW_CTX_DAG_RUN_ID='scheduled__2025-11-13T18:47:45+00:00'
[2025-11-13T18:48:01.595+0000] {logging_mixin.py:190} INFO - Task instance is in running state
[2025-11-13T18:48:01.596+0000] {logging_mixin.py:190} INFO -  Previous state of the Task instance: queued
[2025-11-13T18:48:01.596+0000] {logging_mixin.py:190} INFO - Current task name:generate_sensor_data state:running start_date:2025-11-13 18:48:01.352934+00:00
[2025-11-13T18:48:01.597+0000] {logging_mixin.py:190} INFO - Dag name:iot_sensor_data_dag and current dag run status:running
[2025-11-13T18:48:01.597+0000] {taskinstance.py:732} INFO - ::endgroup::
[2025-11-13T18:48:01.625+0000] {logging_mixin.py:190} INFO - [2025-11-13 18:48:01.610197] Inserted sensor data: {'time': datetime.datetime(2025, 11, 13, 18, 48, 1, 610197), 'temperature': 27.68168963087763, 'Dissolved_oxygen': 6.0082282592043015, 'PH': 7.450775571250961, 'Ammonia': 0.010212618759214273, 'Nitrite': 0.054438154027742866, 'Turbidty': 40.08811864673744, '_id': ObjectId('691627e1030ab12a4d954390')}
[2025-11-13T18:48:01.627+0000] {python.py:218} INFO - Done. Returned value was: None
[2025-11-13T18:48:01.638+0000] {taskinstance.py:341} INFO - ::group::Post task execution logs
[2025-11-13T18:48:01.639+0000] {taskinstance.py:353} INFO - Marking task as SUCCESS. dag_id=iot_sensor_data_dag, task_id=generate_sensor_data, run_id=scheduled__2025-11-13T18:47:45+00:00, execution_date=20251113T184745, start_date=20251113T184801, end_date=20251113T184801
[2025-11-13T18:48:01.657+0000] {logging_mixin.py:190} INFO - Task instance in success state
[2025-11-13T18:48:01.657+0000] {logging_mixin.py:190} INFO -  Previous state of the Task instance: running
[2025-11-13T18:48:01.658+0000] {logging_mixin.py:190} INFO - Dag name:iot_sensor_data_dag queued_at:2025-11-13 18:48:00.077067+00:00
[2025-11-13T18:48:01.659+0000] {logging_mixin.py:190} INFO - Task hostname:4f76d54186b6 operator:PythonOperator
[2025-11-13T18:48:01.668+0000] {local_task_job_runner.py:266} INFO - Task exited with return code 0
[2025-11-13T18:48:01.688+0000] {taskinstance.py:3901} INFO - 0 downstream tasks scheduled from follow-on schedule check
[2025-11-13T18:48:01.692+0000] {local_task_job_runner.py:245} INFO - ::endgroup::
