[2025-11-13T17:51:03.091+0000] {local_task_job_runner.py:123} INFO - ::group::Pre task execution logs
[2025-11-13T17:51:03.116+0000] {taskinstance.py:2614} INFO - Dependencies all met for dep_context=non-requeueable deps ti=<TaskInstance: iot_sensor_data_dag.generate_sensor_data scheduled__2025-11-13T17:50:45+00:00 [queued]>
[2025-11-13T17:51:03.127+0000] {taskinstance.py:2614} INFO - Dependencies all met for dep_context=requeueable deps ti=<TaskInstance: iot_sensor_data_dag.generate_sensor_data scheduled__2025-11-13T17:50:45+00:00 [queued]>
[2025-11-13T17:51:03.130+0000] {taskinstance.py:2867} INFO - Starting attempt 1 of 1
[2025-11-13T17:51:03.306+0000] {taskinstance.py:2890} INFO - Executing <Task(PythonOperator): generate_sensor_data> on 2025-11-13 17:50:45+00:00
[2025-11-13T17:51:03.316+0000] {warnings.py:112} WARNING - /home/***/.local/lib/python3.12/site-packages/***/task/task_runner/standard_task_runner.py:70: DeprecationWarning: This process (pid=1501) is multi-threaded, use of fork() may lead to deadlocks in the child.
  pid = os.fork()

[2025-11-13T17:51:03.321+0000] {standard_task_runner.py:72} INFO - Started process 1503 to run task
[2025-11-13T17:51:03.320+0000] {standard_task_runner.py:104} INFO - Running: ['***', 'tasks', 'run', 'iot_sensor_data_dag', 'generate_sensor_data', 'scheduled__2025-11-13T17:50:45+00:00', '--job-id', '357', '--raw', '--subdir', 'DAGS_FOLDER/DEPI.py', '--cfg-path', '/tmp/tmpccre92fv']
[2025-11-13T17:51:03.322+0000] {standard_task_runner.py:105} INFO - Job 357: Subtask generate_sensor_data
[2025-11-13T17:51:03.402+0000] {task_command.py:467} INFO - Running <TaskInstance: iot_sensor_data_dag.generate_sensor_data scheduled__2025-11-13T17:50:45+00:00 [running]> on host 4f76d54186b6
[2025-11-13T17:51:03.516+0000] {taskinstance.py:3134} INFO - Exporting env vars: AIRFLOW_CTX_DAG_OWNER='***' AIRFLOW_CTX_DAG_ID='iot_sensor_data_dag' AIRFLOW_CTX_TASK_ID='generate_sensor_data' AIRFLOW_CTX_EXECUTION_DATE='2025-11-13T17:50:45+00:00' AIRFLOW_CTX_TRY_NUMBER='1' AIRFLOW_CTX_DAG_RUN_ID='scheduled__2025-11-13T17:50:45+00:00'
[2025-11-13T17:51:03.518+0000] {logging_mixin.py:190} INFO - Task instance is in running state
[2025-11-13T17:51:03.519+0000] {logging_mixin.py:190} INFO -  Previous state of the Task instance: queued
[2025-11-13T17:51:03.520+0000] {logging_mixin.py:190} INFO - Current task name:generate_sensor_data state:running start_date:2025-11-13 17:51:03.117470+00:00
[2025-11-13T17:51:03.521+0000] {logging_mixin.py:190} INFO - Dag name:iot_sensor_data_dag and current dag run status:running
[2025-11-13T17:51:03.522+0000] {taskinstance.py:732} INFO - ::endgroup::
[2025-11-13T17:51:03.571+0000] {logging_mixin.py:190} INFO - [2025-11-13 17:51:03.549481] Inserted sensor data: {'time': datetime.datetime(2025, 11, 13, 17, 51, 3, 549481), 'temperature': 27.399025614552155, 'Dissolved_oxygen': 5.963319297469234, 'PH': 7.524387042735968, 'Ammonia': 0.0106718329354891, 'Nitrite': 0.05207662237998903, 'Turbidty': 40.60334643870011, '_id': ObjectId('69161a871ef2d1b9192a3bc8')}
[2025-11-13T17:51:03.575+0000] {python.py:218} INFO - Done. Returned value was: None
[2025-11-13T17:51:03.594+0000] {taskinstance.py:341} INFO - ::group::Post task execution logs
[2025-11-13T17:51:03.595+0000] {taskinstance.py:353} INFO - Marking task as SUCCESS. dag_id=iot_sensor_data_dag, task_id=generate_sensor_data, run_id=scheduled__2025-11-13T17:50:45+00:00, execution_date=20251113T175045, start_date=20251113T175103, end_date=20251113T175103
[2025-11-13T17:51:03.631+0000] {logging_mixin.py:190} INFO - Task instance in success state
[2025-11-13T17:51:03.632+0000] {logging_mixin.py:190} INFO -  Previous state of the Task instance: running
[2025-11-13T17:51:03.634+0000] {logging_mixin.py:190} INFO - Dag name:iot_sensor_data_dag queued_at:2025-11-13 17:51:00.762556+00:00
[2025-11-13T17:51:03.635+0000] {logging_mixin.py:190} INFO - Task hostname:4f76d54186b6 operator:PythonOperator
[2025-11-13T17:51:03.665+0000] {local_task_job_runner.py:266} INFO - Task exited with return code 0
[2025-11-13T17:51:03.709+0000] {taskinstance.py:3901} INFO - 0 downstream tasks scheduled from follow-on schedule check
[2025-11-13T17:51:03.718+0000] {local_task_job_runner.py:245} INFO - ::endgroup::
