[2025-11-13T17:24:32.350+0000] {local_task_job_runner.py:123} INFO - ::group::Pre task execution logs
[2025-11-13T17:24:32.371+0000] {taskinstance.py:2614} INFO - Dependencies all met for dep_context=non-requeueable deps ti=<TaskInstance: iot_sensor_data_dag.generate_sensor_data scheduled__2025-11-13T17:24:15+00:00 [queued]>
[2025-11-13T17:24:32.378+0000] {taskinstance.py:2614} INFO - Dependencies all met for dep_context=requeueable deps ti=<TaskInstance: iot_sensor_data_dag.generate_sensor_data scheduled__2025-11-13T17:24:15+00:00 [queued]>
[2025-11-13T17:24:32.379+0000] {taskinstance.py:2867} INFO - Starting attempt 1 of 1
[2025-11-13T17:24:32.543+0000] {taskinstance.py:2890} INFO - Executing <Task(PythonOperator): generate_sensor_data> on 2025-11-13 17:24:15+00:00
[2025-11-13T17:24:32.556+0000] {warnings.py:112} WARNING - /home/***/.local/lib/python3.12/site-packages/***/task/task_runner/standard_task_runner.py:70: DeprecationWarning: This process (pid=401) is multi-threaded, use of fork() may lead to deadlocks in the child.
  pid = os.fork()

[2025-11-13T17:24:32.561+0000] {standard_task_runner.py:72} INFO - Started process 403 to run task
[2025-11-13T17:24:32.560+0000] {standard_task_runner.py:104} INFO - Running: ['***', 'tasks', 'run', 'iot_sensor_data_dag', 'generate_sensor_data', 'scheduled__2025-11-13T17:24:15+00:00', '--job-id', '251', '--raw', '--subdir', 'DAGS_FOLDER/DEPI.py', '--cfg-path', '/tmp/tmp7scpf1ew']
[2025-11-13T17:24:32.563+0000] {standard_task_runner.py:105} INFO - Job 251: Subtask generate_sensor_data
[2025-11-13T17:24:32.639+0000] {task_command.py:467} INFO - Running <TaskInstance: iot_sensor_data_dag.generate_sensor_data scheduled__2025-11-13T17:24:15+00:00 [running]> on host 4f76d54186b6
[2025-11-13T17:24:32.735+0000] {taskinstance.py:3134} INFO - Exporting env vars: AIRFLOW_CTX_DAG_OWNER='***' AIRFLOW_CTX_DAG_ID='iot_sensor_data_dag' AIRFLOW_CTX_TASK_ID='generate_sensor_data' AIRFLOW_CTX_EXECUTION_DATE='2025-11-13T17:24:15+00:00' AIRFLOW_CTX_TRY_NUMBER='1' AIRFLOW_CTX_DAG_RUN_ID='scheduled__2025-11-13T17:24:15+00:00'
[2025-11-13T17:24:32.738+0000] {logging_mixin.py:190} INFO - Task instance is in running state
[2025-11-13T17:24:32.739+0000] {logging_mixin.py:190} INFO -  Previous state of the Task instance: queued
[2025-11-13T17:24:32.740+0000] {logging_mixin.py:190} INFO - Current task name:generate_sensor_data state:running start_date:2025-11-13 17:24:32.372474+00:00
[2025-11-13T17:24:32.742+0000] {logging_mixin.py:190} INFO - Dag name:iot_sensor_data_dag and current dag run status:running
[2025-11-13T17:24:32.743+0000] {taskinstance.py:732} INFO - ::endgroup::
[2025-11-13T17:24:32.796+0000] {logging_mixin.py:190} INFO - [2025-11-13 17:24:32.772025] Inserted sensor data: {'time': datetime.datetime(2025, 11, 13, 17, 24, 32, 772025), 'temperature': 27.517695744850876, 'Dissolved_oxygen': 6.024172323706143, 'PH': 7.5885227067264305, 'Ammonia': 0.0094611515983439, 'Nitrite': 0.05065074190902982, 'Turbidty': 40.170892722172375, '_id': ObjectId('6916145045b45042ba98a43f')}
[2025-11-13T17:24:32.800+0000] {python.py:218} INFO - Done. Returned value was: None
[2025-11-13T17:24:32.812+0000] {taskinstance.py:341} INFO - ::group::Post task execution logs
[2025-11-13T17:24:32.814+0000] {taskinstance.py:353} INFO - Marking task as SUCCESS. dag_id=iot_sensor_data_dag, task_id=generate_sensor_data, run_id=scheduled__2025-11-13T17:24:15+00:00, execution_date=20251113T172415, start_date=20251113T172432, end_date=20251113T172432
[2025-11-13T17:24:32.838+0000] {logging_mixin.py:190} INFO - Task instance in success state
[2025-11-13T17:24:32.839+0000] {logging_mixin.py:190} INFO -  Previous state of the Task instance: running
[2025-11-13T17:24:32.840+0000] {logging_mixin.py:190} INFO - Dag name:iot_sensor_data_dag queued_at:2025-11-13 17:24:30.904918+00:00
[2025-11-13T17:24:32.841+0000] {logging_mixin.py:190} INFO - Task hostname:4f76d54186b6 operator:PythonOperator
[2025-11-13T17:24:32.873+0000] {local_task_job_runner.py:266} INFO - Task exited with return code 0
[2025-11-13T17:24:32.909+0000] {taskinstance.py:3901} INFO - 0 downstream tasks scheduled from follow-on schedule check
[2025-11-13T17:24:32.915+0000] {local_task_job_runner.py:245} INFO - ::endgroup::
