[2025-11-14T14:19:55.898+0000] {local_task_job_runner.py:123} INFO - ::group::Pre task execution logs
[2025-11-14T14:19:55.909+0000] {taskinstance.py:2614} INFO - Dependencies all met for dep_context=non-requeueable deps ti=<TaskInstance: iot_sensor_data_dag.generate_sensor_data scheduled__2025-11-14T10:54:00+00:00 [queued]>
[2025-11-14T14:19:55.915+0000] {taskinstance.py:2614} INFO - Dependencies all met for dep_context=requeueable deps ti=<TaskInstance: iot_sensor_data_dag.generate_sensor_data scheduled__2025-11-14T10:54:00+00:00 [queued]>
[2025-11-14T14:19:55.917+0000] {taskinstance.py:2867} INFO - Starting attempt 1 of 1
[2025-11-14T14:19:56.054+0000] {taskinstance.py:2890} INFO - Executing <Task(PythonOperator): generate_sensor_data> on 2025-11-14 10:54:00+00:00
[2025-11-14T14:19:56.061+0000] {warnings.py:112} WARNING - /home/***/.local/lib/python3.12/site-packages/***/task/task_runner/standard_task_runner.py:70: DeprecationWarning: This process (pid=73) is multi-threaded, use of fork() may lead to deadlocks in the child.
  pid = os.fork()

[2025-11-14T14:19:56.063+0000] {standard_task_runner.py:72} INFO - Started process 77 to run task
[2025-11-14T14:19:56.063+0000] {standard_task_runner.py:104} INFO - Running: ['***', 'tasks', 'run', 'iot_sensor_data_dag', 'generate_sensor_data', 'scheduled__2025-11-14T10:54:00+00:00', '--job-id', '761', '--raw', '--subdir', 'DAGS_FOLDER/DEPI.py', '--cfg-path', '/tmp/tmpriakqi46']
[2025-11-14T14:19:56.065+0000] {standard_task_runner.py:105} INFO - Job 761: Subtask generate_sensor_data
[2025-11-14T14:19:56.112+0000] {task_command.py:467} INFO - Running <TaskInstance: iot_sensor_data_dag.generate_sensor_data scheduled__2025-11-14T10:54:00+00:00 [running]> on host 4f76d54186b6
[2025-11-14T14:19:56.183+0000] {taskinstance.py:3134} INFO - Exporting env vars: AIRFLOW_CTX_DAG_OWNER='***' AIRFLOW_CTX_DAG_ID='iot_sensor_data_dag' AIRFLOW_CTX_TASK_ID='generate_sensor_data' AIRFLOW_CTX_EXECUTION_DATE='2025-11-14T10:54:00+00:00' AIRFLOW_CTX_TRY_NUMBER='1' AIRFLOW_CTX_DAG_RUN_ID='scheduled__2025-11-14T10:54:00+00:00'
[2025-11-14T14:19:56.185+0000] {logging_mixin.py:190} INFO - Task instance is in running state
[2025-11-14T14:19:56.185+0000] {logging_mixin.py:190} INFO -  Previous state of the Task instance: queued
[2025-11-14T14:19:56.186+0000] {logging_mixin.py:190} INFO - Current task name:generate_sensor_data state:running start_date:2025-11-14 14:19:55.911324+00:00
[2025-11-14T14:19:56.186+0000] {logging_mixin.py:190} INFO - Dag name:iot_sensor_data_dag and current dag run status:running
[2025-11-14T14:19:56.187+0000] {taskinstance.py:732} INFO - ::endgroup::
[2025-11-14T14:19:56.237+0000] {logging_mixin.py:190} INFO - [2025-11-14 14:19:56.211947] Inserted sensor data: {'time': datetime.datetime(2025, 11, 14, 14, 19, 56, 211947), 'temperature': 27.610513103260168, 'Dissolved_oxygen': 5.972931242776622, 'PH': 7.559729439701358, 'Ammonia': 0.010589173002876411, 'Nitrite': 0.05206752183226014, 'Turbidty': 39.12989894733034, '_id': ObjectId('69173a8c104836ebdd2b2425')}
[2025-11-14T14:19:56.240+0000] {python.py:218} INFO - Done. Returned value was: None
[2025-11-14T14:19:56.248+0000] {taskinstance.py:341} INFO - ::group::Post task execution logs
[2025-11-14T14:19:56.249+0000] {taskinstance.py:353} INFO - Marking task as SUCCESS. dag_id=iot_sensor_data_dag, task_id=generate_sensor_data, run_id=scheduled__2025-11-14T10:54:00+00:00, execution_date=20251114T105400, start_date=20251114T141955, end_date=20251114T141956
[2025-11-14T14:19:56.271+0000] {logging_mixin.py:190} INFO - Task instance in success state
[2025-11-14T14:19:56.272+0000] {logging_mixin.py:190} INFO -  Previous state of the Task instance: running
[2025-11-14T14:19:56.272+0000] {logging_mixin.py:190} INFO - Dag name:iot_sensor_data_dag queued_at:2025-11-14 14:19:51.511012+00:00
[2025-11-14T14:19:56.273+0000] {logging_mixin.py:190} INFO - Task hostname:4f76d54186b6 operator:PythonOperator
[2025-11-14T14:19:56.319+0000] {local_task_job_runner.py:266} INFO - Task exited with return code 0
[2025-11-14T14:19:56.337+0000] {taskinstance.py:3901} INFO - 0 downstream tasks scheduled from follow-on schedule check
[2025-11-14T14:19:56.341+0000] {local_task_job_runner.py:245} INFO - ::endgroup::
