[2025-11-15T12:15:17.889+0000] {local_task_job_runner.py:123} INFO - ::group::Pre task execution logs
[2025-11-15T12:15:17.901+0000] {taskinstance.py:2614} INFO - Dependencies all met for dep_context=non-requeueable deps ti=<TaskInstance: iot_sensor_data_dag.generate_sensor_data scheduled__2025-11-15T12:14:45+00:00 [queued]>
[2025-11-15T12:15:17.907+0000] {taskinstance.py:2614} INFO - Dependencies all met for dep_context=requeueable deps ti=<TaskInstance: iot_sensor_data_dag.generate_sensor_data scheduled__2025-11-15T12:14:45+00:00 [queued]>
[2025-11-15T12:15:17.907+0000] {taskinstance.py:2867} INFO - Starting attempt 1 of 1
[2025-11-15T12:15:18.034+0000] {taskinstance.py:2890} INFO - Executing <Task(PythonOperator): generate_sensor_data> on 2025-11-15 12:14:45+00:00
[2025-11-15T12:15:18.045+0000] {warnings.py:112} WARNING - /home/***/.local/lib/python3.12/site-packages/***/task/task_runner/standard_task_runner.py:70: DeprecationWarning: This process (pid=883) is multi-threaded, use of fork() may lead to deadlocks in the child.
  pid = os.fork()

[2025-11-15T12:15:18.047+0000] {standard_task_runner.py:72} INFO - Started process 892 to run task
[2025-11-15T12:15:18.047+0000] {standard_task_runner.py:104} INFO - Running: ['***', 'tasks', 'run', 'iot_sensor_data_dag', 'generate_sensor_data', 'scheduled__2025-11-15T12:14:45+00:00', '--job-id', '1240', '--raw', '--subdir', 'DAGS_FOLDER/DEPI.py', '--cfg-path', '/tmp/tmpy4lisz5l']
[2025-11-15T12:15:18.048+0000] {standard_task_runner.py:105} INFO - Job 1240: Subtask generate_sensor_data
[2025-11-15T12:15:18.084+0000] {task_command.py:467} INFO - Running <TaskInstance: iot_sensor_data_dag.generate_sensor_data scheduled__2025-11-15T12:14:45+00:00 [running]> on host 4f76d54186b6
[2025-11-15T12:15:18.142+0000] {taskinstance.py:3134} INFO - Exporting env vars: AIRFLOW_CTX_DAG_OWNER='***' AIRFLOW_CTX_DAG_ID='iot_sensor_data_dag' AIRFLOW_CTX_TASK_ID='generate_sensor_data' AIRFLOW_CTX_EXECUTION_DATE='2025-11-15T12:14:45+00:00' AIRFLOW_CTX_TRY_NUMBER='1' AIRFLOW_CTX_DAG_RUN_ID='scheduled__2025-11-15T12:14:45+00:00'
[2025-11-15T12:15:18.144+0000] {logging_mixin.py:190} INFO - Task instance is in running state
[2025-11-15T12:15:18.144+0000] {logging_mixin.py:190} INFO -  Previous state of the Task instance: queued
[2025-11-15T12:15:18.145+0000] {logging_mixin.py:190} INFO - Current task name:generate_sensor_data state:running start_date:2025-11-15 12:15:17.902589+00:00
[2025-11-15T12:15:18.145+0000] {logging_mixin.py:190} INFO - Dag name:iot_sensor_data_dag and current dag run status:running
[2025-11-15T12:15:18.146+0000] {taskinstance.py:732} INFO - ::endgroup::
[2025-11-15T12:15:18.225+0000] {logging_mixin.py:190} INFO - [2025-11-15 12:15:18.188065] Inserted sensor data: {'time': '2025-11-15T12:15:18.188065', 'temperature': 27.42324312576187, 'Dissolved_oxygen': 5.963141475614829, 'PH': 7.564109726620671, 'Ammonia': 0.00989525126394531, 'Nitrite': 0.05452857753655976, 'Turbidty': 40.68902817832268, '_id': '69186ed6841594c07aeb4803'}
[2025-11-15T12:17:05.965+0000] {job.py:229} INFO - Heartbeat recovered after 92.81 seconds
[2025-11-15T12:20:11.493+0000] {python.py:218} INFO - Done. Returned value was: None
[2025-11-15T12:20:11.506+0000] {taskinstance.py:341} INFO - ::group::Post task execution logs
[2025-11-15T12:20:11.507+0000] {taskinstance.py:353} INFO - Marking task as SUCCESS. dag_id=iot_sensor_data_dag, task_id=generate_sensor_data, run_id=scheduled__2025-11-15T12:14:45+00:00, execution_date=20251115T121445, start_date=20251115T121517, end_date=20251115T122011
[2025-11-15T12:20:11.535+0000] {logging_mixin.py:190} INFO - Task instance in success state
[2025-11-15T12:20:11.536+0000] {logging_mixin.py:190} INFO -  Previous state of the Task instance: running
[2025-11-15T12:20:11.537+0000] {logging_mixin.py:190} INFO - Dag name:iot_sensor_data_dag queued_at:2025-11-15 12:15:12.528017+00:00
[2025-11-15T12:20:11.538+0000] {logging_mixin.py:190} INFO - Task hostname:4f76d54186b6 operator:PythonOperator
[2025-11-15T12:20:11.573+0000] {local_task_job_runner.py:266} INFO - Task exited with return code 0
[2025-11-15T12:20:11.599+0000] {taskinstance.py:3901} INFO - 0 downstream tasks scheduled from follow-on schedule check
[2025-11-15T12:20:11.604+0000] {local_task_job_runner.py:245} INFO - ::endgroup::
