[2025-11-14T14:27:17.020+0000] {local_task_job_runner.py:123} INFO - ::group::Pre task execution logs
[2025-11-14T14:27:17.138+0000] {taskinstance.py:2614} INFO - Dependencies all met for dep_context=non-requeueable deps ti=<TaskInstance: iot_sensor_data_dag.generate_sensor_data scheduled__2025-11-14T14:27:00+00:00 [queued]>
[2025-11-14T14:27:17.145+0000] {taskinstance.py:2614} INFO - Dependencies all met for dep_context=requeueable deps ti=<TaskInstance: iot_sensor_data_dag.generate_sensor_data scheduled__2025-11-14T14:27:00+00:00 [queued]>
[2025-11-14T14:27:17.146+0000] {taskinstance.py:2867} INFO - Starting attempt 1 of 1
[2025-11-14T14:27:17.157+0000] {taskinstance.py:2890} INFO - Executing <Task(PythonOperator): generate_sensor_data> on 2025-11-14 14:27:00+00:00
[2025-11-14T14:27:17.163+0000] {warnings.py:112} WARNING - /home/***/.local/lib/python3.12/site-packages/***/task/task_runner/standard_task_runner.py:70: DeprecationWarning: This process (pid=423) is multi-threaded, use of fork() may lead to deadlocks in the child.
  pid = os.fork()

[2025-11-14T14:27:17.165+0000] {standard_task_runner.py:104} INFO - Running: ['***', 'tasks', 'run', 'iot_sensor_data_dag', 'generate_sensor_data', 'scheduled__2025-11-14T14:27:00+00:00', '--job-id', '792', '--raw', '--subdir', 'DAGS_FOLDER/DEPI.py', '--cfg-path', '/tmp/tmpaiv4dtja']
[2025-11-14T14:27:17.166+0000] {standard_task_runner.py:72} INFO - Started process 425 to run task
[2025-11-14T14:27:17.166+0000] {standard_task_runner.py:105} INFO - Job 792: Subtask generate_sensor_data
[2025-11-14T14:27:17.207+0000] {task_command.py:467} INFO - Running <TaskInstance: iot_sensor_data_dag.generate_sensor_data scheduled__2025-11-14T14:27:00+00:00 [running]> on host 4f76d54186b6
[2025-11-14T14:27:17.271+0000] {taskinstance.py:3134} INFO - Exporting env vars: AIRFLOW_CTX_DAG_OWNER='***' AIRFLOW_CTX_DAG_ID='iot_sensor_data_dag' AIRFLOW_CTX_TASK_ID='generate_sensor_data' AIRFLOW_CTX_EXECUTION_DATE='2025-11-14T14:27:00+00:00' AIRFLOW_CTX_TRY_NUMBER='1' AIRFLOW_CTX_DAG_RUN_ID='scheduled__2025-11-14T14:27:00+00:00'
[2025-11-14T14:27:17.272+0000] {logging_mixin.py:190} INFO - Task instance is in running state
[2025-11-14T14:27:17.273+0000] {logging_mixin.py:190} INFO -  Previous state of the Task instance: queued
[2025-11-14T14:27:17.273+0000] {logging_mixin.py:190} INFO - Current task name:generate_sensor_data state:running start_date:2025-11-14 14:27:17.139303+00:00
[2025-11-14T14:27:17.274+0000] {logging_mixin.py:190} INFO - Dag name:iot_sensor_data_dag and current dag run status:running
[2025-11-14T14:27:17.274+0000] {taskinstance.py:732} INFO - ::endgroup::
[2025-11-14T14:27:17.299+0000] {logging_mixin.py:190} INFO - [2025-11-14 14:27:17.287840] Inserted sensor data: {'time': datetime.datetime(2025, 11, 14, 14, 27, 17, 287840), 'temperature': 27.677464180060568, 'Dissolved_oxygen': 5.913305845566904, 'PH': 7.49896257846178, 'Ammonia': 0.009584253544898388, 'Nitrite': 0.04880033385111542, 'Turbidty': 39.823403699455966, '_id': ObjectId('69173c456b58bc70fcbc7998')}
[2025-11-14T14:27:17.301+0000] {python.py:218} INFO - Done. Returned value was: None
[2025-11-14T14:27:17.310+0000] {taskinstance.py:341} INFO - ::group::Post task execution logs
[2025-11-14T14:27:17.311+0000] {taskinstance.py:353} INFO - Marking task as SUCCESS. dag_id=iot_sensor_data_dag, task_id=generate_sensor_data, run_id=scheduled__2025-11-14T14:27:00+00:00, execution_date=20251114T142700, start_date=20251114T142717, end_date=20251114T142717
[2025-11-14T14:27:17.327+0000] {logging_mixin.py:190} INFO - Task instance in success state
[2025-11-14T14:27:17.327+0000] {logging_mixin.py:190} INFO -  Previous state of the Task instance: running
[2025-11-14T14:27:17.328+0000] {logging_mixin.py:190} INFO - Dag name:iot_sensor_data_dag queued_at:2025-11-14 14:27:15.814113+00:00
[2025-11-14T14:27:17.329+0000] {logging_mixin.py:190} INFO - Task hostname:4f76d54186b6 operator:PythonOperator
[2025-11-14T14:27:17.343+0000] {local_task_job_runner.py:266} INFO - Task exited with return code 0
[2025-11-14T14:27:17.361+0000] {taskinstance.py:3901} INFO - 0 downstream tasks scheduled from follow-on schedule check
[2025-11-14T14:27:17.364+0000] {local_task_job_runner.py:245} INFO - ::endgroup::
