[2025-11-16T21:31:42.218+0000] {local_task_job_runner.py:123} INFO - ::group::Pre task execution logs
[2025-11-16T21:31:42.229+0000] {taskinstance.py:2614} INFO - Dependencies all met for dep_context=non-requeueable deps ti=<TaskInstance: iot_sensor_data_dag.generate_sensor_data scheduled__2025-11-16T21:31:15+00:00 [queued]>
[2025-11-16T21:31:42.235+0000] {taskinstance.py:2614} INFO - Dependencies all met for dep_context=requeueable deps ti=<TaskInstance: iot_sensor_data_dag.generate_sensor_data scheduled__2025-11-16T21:31:15+00:00 [queued]>
[2025-11-16T21:31:42.236+0000] {taskinstance.py:2867} INFO - Starting attempt 1 of 1
[2025-11-16T21:31:42.246+0000] {taskinstance.py:2890} INFO - Executing <Task(PythonOperator): generate_sensor_data> on 2025-11-16 21:31:15+00:00
[2025-11-16T21:31:42.251+0000] {warnings.py:112} WARNING - /home/***/.local/lib/python3.12/site-packages/***/task/task_runner/standard_task_runner.py:70: DeprecationWarning: This process (pid=3789) is multi-threaded, use of fork() may lead to deadlocks in the child.
  pid = os.fork()

[2025-11-16T21:31:42.253+0000] {standard_task_runner.py:72} INFO - Started process 3794 to run task
[2025-11-16T21:31:42.253+0000] {standard_task_runner.py:104} INFO - Running: ['***', 'tasks', 'run', 'iot_sensor_data_dag', 'generate_sensor_data', 'scheduled__2025-11-16T21:31:15+00:00', '--job-id', '1829', '--raw', '--subdir', 'DAGS_FOLDER/DEPI.py', '--cfg-path', '/tmp/tmpze6ftp14']
[2025-11-16T21:31:42.255+0000] {standard_task_runner.py:105} INFO - Job 1829: Subtask generate_sensor_data
[2025-11-16T21:31:42.454+0000] {task_command.py:467} INFO - Running <TaskInstance: iot_sensor_data_dag.generate_sensor_data scheduled__2025-11-16T21:31:15+00:00 [running]> on host 4f76d54186b6
[2025-11-16T21:31:42.533+0000] {taskinstance.py:3134} INFO - Exporting env vars: AIRFLOW_CTX_DAG_OWNER='***' AIRFLOW_CTX_DAG_ID='iot_sensor_data_dag' AIRFLOW_CTX_TASK_ID='generate_sensor_data' AIRFLOW_CTX_EXECUTION_DATE='2025-11-16T21:31:15+00:00' AIRFLOW_CTX_TRY_NUMBER='1' AIRFLOW_CTX_DAG_RUN_ID='scheduled__2025-11-16T21:31:15+00:00'
[2025-11-16T21:31:42.535+0000] {logging_mixin.py:190} INFO - Task instance is in running state
[2025-11-16T21:31:42.536+0000] {logging_mixin.py:190} INFO -  Previous state of the Task instance: queued
[2025-11-16T21:31:42.537+0000] {logging_mixin.py:190} INFO - Current task name:generate_sensor_data state:running start_date:2025-11-16 21:31:42.230215+00:00
[2025-11-16T21:31:42.538+0000] {logging_mixin.py:190} INFO - Dag name:iot_sensor_data_dag and current dag run status:running
[2025-11-16T21:31:42.538+0000] {taskinstance.py:732} INFO - ::endgroup::
[2025-11-16T21:36:48.176+0000] {python.py:218} INFO - Done. Returned value was: None
[2025-11-16T21:36:48.186+0000] {taskinstance.py:341} INFO - ::group::Post task execution logs
[2025-11-16T21:36:48.187+0000] {taskinstance.py:353} INFO - Marking task as SUCCESS. dag_id=iot_sensor_data_dag, task_id=generate_sensor_data, run_id=scheduled__2025-11-16T21:31:15+00:00, execution_date=20251116T213115, start_date=20251116T213142, end_date=20251116T213648
[2025-11-16T21:36:48.208+0000] {logging_mixin.py:190} INFO - Task instance in success state
[2025-11-16T21:36:48.209+0000] {logging_mixin.py:190} INFO -  Previous state of the Task instance: running
[2025-11-16T21:36:48.209+0000] {logging_mixin.py:190} INFO - Dag name:iot_sensor_data_dag queued_at:2025-11-16 21:31:40.785364+00:00
[2025-11-16T21:36:48.210+0000] {logging_mixin.py:190} INFO - Task hostname:4f76d54186b6 operator:PythonOperator
[2025-11-16T21:36:48.226+0000] {local_task_job_runner.py:266} INFO - Task exited with return code 0
[2025-11-16T21:36:48.243+0000] {taskinstance.py:3901} INFO - 1 downstream tasks scheduled from follow-on schedule check
[2025-11-16T21:36:48.247+0000] {local_task_job_runner.py:245} INFO - ::endgroup::
