[2025-11-13T18:28:46.919+0000] {local_task_job_runner.py:123} INFO - ::group::Pre task execution logs
[2025-11-13T18:28:46.934+0000] {taskinstance.py:2614} INFO - Dependencies all met for dep_context=non-requeueable deps ti=<TaskInstance: iot_sensor_data_dag.generate_sensor_data scheduled__2025-11-13T18:28:30+00:00 [queued]>
[2025-11-13T18:28:46.940+0000] {taskinstance.py:2614} INFO - Dependencies all met for dep_context=requeueable deps ti=<TaskInstance: iot_sensor_data_dag.generate_sensor_data scheduled__2025-11-13T18:28:30+00:00 [queued]>
[2025-11-13T18:28:46.942+0000] {taskinstance.py:2867} INFO - Starting attempt 1 of 1
[2025-11-13T18:28:47.081+0000] {taskinstance.py:2890} INFO - Executing <Task(PythonOperator): generate_sensor_data> on 2025-11-13 18:28:30+00:00
[2025-11-13T18:28:47.089+0000] {warnings.py:112} WARNING - /home/***/.local/lib/python3.12/site-packages/***/task/task_runner/standard_task_runner.py:70: DeprecationWarning: This process (pid=3080) is multi-threaded, use of fork() may lead to deadlocks in the child.
  pid = os.fork()

[2025-11-13T18:28:47.091+0000] {standard_task_runner.py:104} INFO - Running: ['***', 'tasks', 'run', 'iot_sensor_data_dag', 'generate_sensor_data', 'scheduled__2025-11-13T18:28:30+00:00', '--job-id', '508', '--raw', '--subdir', 'DAGS_FOLDER/DEPI.py', '--cfg-path', '/tmp/tmp5n4rz4gr']
[2025-11-13T18:28:47.092+0000] {standard_task_runner.py:72} INFO - Started process 3082 to run task
[2025-11-13T18:28:47.092+0000] {standard_task_runner.py:105} INFO - Job 508: Subtask generate_sensor_data
[2025-11-13T18:28:47.133+0000] {task_command.py:467} INFO - Running <TaskInstance: iot_sensor_data_dag.generate_sensor_data scheduled__2025-11-13T18:28:30+00:00 [running]> on host 4f76d54186b6
[2025-11-13T18:28:47.199+0000] {taskinstance.py:3134} INFO - Exporting env vars: AIRFLOW_CTX_DAG_OWNER='***' AIRFLOW_CTX_DAG_ID='iot_sensor_data_dag' AIRFLOW_CTX_TASK_ID='generate_sensor_data' AIRFLOW_CTX_EXECUTION_DATE='2025-11-13T18:28:30+00:00' AIRFLOW_CTX_TRY_NUMBER='1' AIRFLOW_CTX_DAG_RUN_ID='scheduled__2025-11-13T18:28:30+00:00'
[2025-11-13T18:28:47.202+0000] {logging_mixin.py:190} INFO - Task instance is in running state
[2025-11-13T18:28:47.203+0000] {logging_mixin.py:190} INFO -  Previous state of the Task instance: queued
[2025-11-13T18:28:47.203+0000] {logging_mixin.py:190} INFO - Current task name:generate_sensor_data state:running start_date:2025-11-13 18:28:46.935427+00:00
[2025-11-13T18:28:47.204+0000] {logging_mixin.py:190} INFO - Dag name:iot_sensor_data_dag and current dag run status:running
[2025-11-13T18:28:47.205+0000] {taskinstance.py:732} INFO - ::endgroup::
[2025-11-13T18:28:47.244+0000] {logging_mixin.py:190} INFO - [2025-11-13 18:28:47.219125] Inserted sensor data: {'time': datetime.datetime(2025, 11, 13, 18, 28, 47, 219125), 'temperature': 27.49134629806402, 'Dissolved_oxygen': 5.993257961725993, 'PH': 7.417862599261955, 'Ammonia': 0.009404688726636485, 'Nitrite': 0.05061148311075304, 'Turbidty': 39.22765165939159, '_id': ObjectId('6916235f721b5a28accabdb4')}
[2025-11-13T18:28:47.246+0000] {python.py:218} INFO - Done. Returned value was: None
[2025-11-13T18:28:47.257+0000] {taskinstance.py:341} INFO - ::group::Post task execution logs
[2025-11-13T18:28:47.258+0000] {taskinstance.py:353} INFO - Marking task as SUCCESS. dag_id=iot_sensor_data_dag, task_id=generate_sensor_data, run_id=scheduled__2025-11-13T18:28:30+00:00, execution_date=20251113T182830, start_date=20251113T182846, end_date=20251113T182847
[2025-11-13T18:28:47.278+0000] {logging_mixin.py:190} INFO - Task instance in success state
[2025-11-13T18:28:47.278+0000] {logging_mixin.py:190} INFO -  Previous state of the Task instance: running
[2025-11-13T18:28:47.279+0000] {logging_mixin.py:190} INFO - Dag name:iot_sensor_data_dag queued_at:2025-11-13 18:28:45.552139+00:00
[2025-11-13T18:28:47.279+0000] {logging_mixin.py:190} INFO - Task hostname:4f76d54186b6 operator:PythonOperator
[2025-11-13T18:28:47.312+0000] {local_task_job_runner.py:266} INFO - Task exited with return code 0
[2025-11-13T18:28:47.333+0000] {taskinstance.py:3901} INFO - 0 downstream tasks scheduled from follow-on schedule check
[2025-11-13T18:28:47.338+0000] {local_task_job_runner.py:245} INFO - ::endgroup::
