[2025-11-17T19:29:36.455+0000] {local_task_job_runner.py:123} INFO - ::group::Pre task execution logs
[2025-11-17T19:29:36.569+0000] {taskinstance.py:2614} INFO - Dependencies all met for dep_context=non-requeueable deps ti=<TaskInstance: iot_kafka_with_env.generate_data scheduled__2025-11-17T19:29:10+00:00 [queued]>
[2025-11-17T19:29:36.577+0000] {taskinstance.py:2614} INFO - Dependencies all met for dep_context=requeueable deps ti=<TaskInstance: iot_kafka_with_env.generate_data scheduled__2025-11-17T19:29:10+00:00 [queued]>
[2025-11-17T19:29:36.578+0000] {taskinstance.py:2867} INFO - Starting attempt 1 of 1
[2025-11-17T19:29:36.589+0000] {taskinstance.py:2890} INFO - Executing <Task(PythonOperator): generate_data> on 2025-11-17 19:29:10+00:00
[2025-11-17T19:29:36.596+0000] {warnings.py:112} WARNING - /home/***/.local/lib/python3.12/site-packages/***/task/task_runner/standard_task_runner.py:70: DeprecationWarning: This process (pid=117) is multi-threaded, use of fork() may lead to deadlocks in the child.
  pid = os.fork()

[2025-11-17T19:29:36.598+0000] {standard_task_runner.py:72} INFO - Started process 119 to run task
[2025-11-17T19:29:36.598+0000] {standard_task_runner.py:104} INFO - Running: ['***', 'tasks', 'run', 'iot_kafka_with_env', 'generate_data', 'scheduled__2025-11-17T19:29:10+00:00', '--job-id', '2487', '--raw', '--subdir', 'DAGS_FOLDER/IOT.py', '--cfg-path', '/tmp/tmpvxm719gu']
[2025-11-17T19:29:36.599+0000] {standard_task_runner.py:105} INFO - Job 2487: Subtask generate_data
[2025-11-17T19:29:36.642+0000] {task_command.py:467} INFO - Running <TaskInstance: iot_kafka_with_env.generate_data scheduled__2025-11-17T19:29:10+00:00 [running]> on host 4f76d54186b6
[2025-11-17T19:29:36.701+0000] {taskinstance.py:3134} INFO - Exporting env vars: AIRFLOW_CTX_DAG_OWNER='***' AIRFLOW_CTX_DAG_ID='iot_kafka_with_env' AIRFLOW_CTX_TASK_ID='generate_data' AIRFLOW_CTX_EXECUTION_DATE='2025-11-17T19:29:10+00:00' AIRFLOW_CTX_TRY_NUMBER='1' AIRFLOW_CTX_DAG_RUN_ID='scheduled__2025-11-17T19:29:10+00:00'
[2025-11-17T19:29:36.702+0000] {logging_mixin.py:190} INFO - Task instance is in running state
[2025-11-17T19:29:36.702+0000] {logging_mixin.py:190} INFO -  Previous state of the Task instance: queued
[2025-11-17T19:29:36.703+0000] {logging_mixin.py:190} INFO - Current task name:generate_data state:running start_date:2025-11-17 19:29:36.570788+00:00
[2025-11-17T19:29:36.703+0000] {logging_mixin.py:190} INFO - Dag name:iot_kafka_with_env and current dag run status:running
[2025-11-17T19:29:36.704+0000] {taskinstance.py:732} INFO - ::endgroup::
[2025-11-17T19:29:36.705+0000] {python.py:218} INFO - Done. Returned value was: {'time': '2025-11-17T19:29:36.705089', 'temperature': 27.655028876894303, 'Dissolved_oxygen': 6.074711481756985, 'PH': 7.501141157453893, 'Ammonia': 0.009512666160463801, 'Nitrite': 0.04717735713363818, 'Turbidty': 40.2163586220487}
[2025-11-17T19:29:36.722+0000] {taskinstance.py:341} INFO - ::group::Post task execution logs
[2025-11-17T19:29:36.722+0000] {taskinstance.py:353} INFO - Marking task as SUCCESS. dag_id=iot_kafka_with_env, task_id=generate_data, run_id=scheduled__2025-11-17T19:29:10+00:00, execution_date=20251117T192910, start_date=20251117T192936, end_date=20251117T192936
[2025-11-17T19:29:36.742+0000] {logging_mixin.py:190} INFO - Task instance in success state
[2025-11-17T19:29:36.743+0000] {logging_mixin.py:190} INFO -  Previous state of the Task instance: running
[2025-11-17T19:29:36.743+0000] {logging_mixin.py:190} INFO - Dag name:iot_kafka_with_env queued_at:2025-11-17 19:29:35.418830+00:00
[2025-11-17T19:29:36.744+0000] {logging_mixin.py:190} INFO - Task hostname:4f76d54186b6 operator:PythonOperator
[2025-11-17T19:29:36.773+0000] {local_task_job_runner.py:266} INFO - Task exited with return code 0
[2025-11-17T19:29:36.789+0000] {taskinstance.py:3901} INFO - 1 downstream tasks scheduled from follow-on schedule check
[2025-11-17T19:29:36.791+0000] {local_task_job_runner.py:245} INFO - ::endgroup::
