[2025-11-15T12:18:19.115+0000] {local_task_job_runner.py:123} INFO - ::group::Pre task execution logs
[2025-11-15T12:18:19.126+0000] {taskinstance.py:2614} INFO - Dependencies all met for dep_context=non-requeueable deps ti=<TaskInstance: iot_sensor_data_dag.generate_sensor_data scheduled__2025-11-15T12:18:00+00:00 [queued]>
[2025-11-15T12:18:19.132+0000] {taskinstance.py:2614} INFO - Dependencies all met for dep_context=requeueable deps ti=<TaskInstance: iot_sensor_data_dag.generate_sensor_data scheduled__2025-11-15T12:18:00+00:00 [queued]>
[2025-11-15T12:18:19.132+0000] {taskinstance.py:2867} INFO - Starting attempt 1 of 1
[2025-11-15T12:18:19.143+0000] {taskinstance.py:2890} INFO - Executing <Task(PythonOperator): generate_sensor_data> on 2025-11-15 12:18:00+00:00
[2025-11-15T12:18:19.149+0000] {warnings.py:112} WARNING - /home/***/.local/lib/python3.12/site-packages/***/task/task_runner/standard_task_runner.py:70: DeprecationWarning: This process (pid=954) is multi-threaded, use of fork() may lead to deadlocks in the child.
  pid = os.fork()

[2025-11-15T12:18:19.151+0000] {standard_task_runner.py:72} INFO - Started process 956 to run task
[2025-11-15T12:18:19.152+0000] {standard_task_runner.py:104} INFO - Running: ['***', 'tasks', 'run', 'iot_sensor_data_dag', 'generate_sensor_data', 'scheduled__2025-11-15T12:18:00+00:00', '--job-id', '1244', '--raw', '--subdir', 'DAGS_FOLDER/DEPI.py', '--cfg-path', '/tmp/tmpwiovi4un']
[2025-11-15T12:18:19.153+0000] {standard_task_runner.py:105} INFO - Job 1244: Subtask generate_sensor_data
[2025-11-15T12:18:19.356+0000] {task_command.py:467} INFO - Running <TaskInstance: iot_sensor_data_dag.generate_sensor_data scheduled__2025-11-15T12:18:00+00:00 [running]> on host 4f76d54186b6
[2025-11-15T12:18:19.411+0000] {taskinstance.py:3134} INFO - Exporting env vars: AIRFLOW_CTX_DAG_OWNER='***' AIRFLOW_CTX_DAG_ID='iot_sensor_data_dag' AIRFLOW_CTX_TASK_ID='generate_sensor_data' AIRFLOW_CTX_EXECUTION_DATE='2025-11-15T12:18:00+00:00' AIRFLOW_CTX_TRY_NUMBER='1' AIRFLOW_CTX_DAG_RUN_ID='scheduled__2025-11-15T12:18:00+00:00'
[2025-11-15T12:18:19.412+0000] {logging_mixin.py:190} INFO - Task instance is in running state
[2025-11-15T12:18:19.412+0000] {logging_mixin.py:190} INFO -  Previous state of the Task instance: queued
[2025-11-15T12:18:19.413+0000] {logging_mixin.py:190} INFO - Current task name:generate_sensor_data state:running start_date:2025-11-15 12:18:19.127649+00:00
[2025-11-15T12:18:19.413+0000] {logging_mixin.py:190} INFO - Dag name:iot_sensor_data_dag and current dag run status:running
[2025-11-15T12:18:19.414+0000] {taskinstance.py:732} INFO - ::endgroup::
[2025-11-15T12:18:19.440+0000] {logging_mixin.py:190} INFO - [2025-11-15 12:18:19.427244] Inserted sensor data: {'time': '2025-11-15T12:18:19.427244', 'temperature': 27.41460834800682, 'Dissolved_oxygen': 5.992801290986561, 'PH': 7.594484431967321, 'Ammonia': 0.010048710414910395, 'Nitrite': 0.053026624768344736, 'Turbidty': 39.60903929945241, '_id': '69186f8b16893c81d19f2060'}
[2025-11-15T12:21:25.879+0000] {job.py:229} INFO - Heartbeat recovered after 10.55 seconds
[2025-11-15T12:24:11.308+0000] {python.py:218} INFO - Done. Returned value was: None
[2025-11-15T12:24:09.833+0000] {taskinstance.py:341} INFO - ::group::Post task execution logs
[2025-11-15T12:24:09.834+0000] {taskinstance.py:353} INFO - Marking task as SUCCESS. dag_id=iot_sensor_data_dag, task_id=generate_sensor_data, run_id=scheduled__2025-11-15T12:18:00+00:00, execution_date=20251115T121800, start_date=20251115T121819, end_date=20251115T122409
[2025-11-15T12:24:09.846+0000] {job.py:229} INFO - Heartbeat recovered after 163.99 seconds
[2025-11-15T12:24:09.896+0000] {logging_mixin.py:190} INFO - Task instance in success state
[2025-11-15T12:24:09.897+0000] {logging_mixin.py:190} INFO -  Previous state of the Task instance: running
[2025-11-15T12:24:09.897+0000] {logging_mixin.py:190} INFO - Dag name:iot_sensor_data_dag queued_at:2025-11-15 12:18:15.621801+00:00
[2025-11-15T12:24:09.898+0000] {logging_mixin.py:190} INFO - Task hostname:4f76d54186b6 operator:PythonOperator
[2025-11-15T12:24:09.953+0000] {local_task_job_runner.py:266} INFO - Task exited with return code 0
[2025-11-15T12:24:09.979+0000] {taskinstance.py:3901} INFO - 0 downstream tasks scheduled from follow-on schedule check
[2025-11-15T12:24:09.985+0000] {local_task_job_runner.py:245} INFO - ::endgroup::
