[2025-11-15T17:02:16.955+0000] {local_task_job_runner.py:123} INFO - ::group::Pre task execution logs
[2025-11-15T17:02:16.966+0000] {taskinstance.py:2614} INFO - Dependencies all met for dep_context=non-requeueable deps ti=<TaskInstance: iot_sensor_data_dag.generate_sensor_data scheduled__2025-11-15T17:02:00+00:00 [queued]>
[2025-11-15T17:02:16.971+0000] {taskinstance.py:2614} INFO - Dependencies all met for dep_context=requeueable deps ti=<TaskInstance: iot_sensor_data_dag.generate_sensor_data scheduled__2025-11-15T17:02:00+00:00 [queued]>
[2025-11-15T17:02:16.972+0000] {taskinstance.py:2867} INFO - Starting attempt 1 of 1
[2025-11-15T17:02:16.982+0000] {taskinstance.py:2890} INFO - Executing <Task(PythonOperator): generate_sensor_data> on 2025-11-15 17:02:00+00:00
[2025-11-15T17:02:16.988+0000] {warnings.py:112} WARNING - /home/***/.local/lib/python3.12/site-packages/***/task/task_runner/standard_task_runner.py:70: DeprecationWarning: This process (pid=221) is multi-threaded, use of fork() may lead to deadlocks in the child.
  pid = os.fork()

[2025-11-15T17:02:16.990+0000] {standard_task_runner.py:72} INFO - Started process 223 to run task
[2025-11-15T17:02:16.990+0000] {standard_task_runner.py:104} INFO - Running: ['***', 'tasks', 'run', 'iot_sensor_data_dag', 'generate_sensor_data', 'scheduled__2025-11-15T17:02:00+00:00', '--job-id', '1298', '--raw', '--subdir', 'DAGS_FOLDER/DEPI.py', '--cfg-path', '/tmp/tmpo1okrquv']
[2025-11-15T17:02:16.992+0000] {standard_task_runner.py:105} INFO - Job 1298: Subtask generate_sensor_data
[2025-11-15T17:02:17.260+0000] {task_command.py:467} INFO - Running <TaskInstance: iot_sensor_data_dag.generate_sensor_data scheduled__2025-11-15T17:02:00+00:00 [running]> on host 4f76d54186b6
[2025-11-15T17:02:17.318+0000] {taskinstance.py:3134} INFO - Exporting env vars: AIRFLOW_CTX_DAG_OWNER='***' AIRFLOW_CTX_DAG_ID='iot_sensor_data_dag' AIRFLOW_CTX_TASK_ID='generate_sensor_data' AIRFLOW_CTX_EXECUTION_DATE='2025-11-15T17:02:00+00:00' AIRFLOW_CTX_TRY_NUMBER='1' AIRFLOW_CTX_DAG_RUN_ID='scheduled__2025-11-15T17:02:00+00:00'
[2025-11-15T17:02:17.319+0000] {logging_mixin.py:190} INFO - Task instance is in running state
[2025-11-15T17:02:17.320+0000] {logging_mixin.py:190} INFO -  Previous state of the Task instance: queued
[2025-11-15T17:02:17.320+0000] {logging_mixin.py:190} INFO - Current task name:generate_sensor_data state:running start_date:2025-11-15 17:02:16.966809+00:00
[2025-11-15T17:02:17.321+0000] {logging_mixin.py:190} INFO - Dag name:iot_sensor_data_dag and current dag run status:running
[2025-11-15T17:02:17.321+0000] {taskinstance.py:732} INFO - ::endgroup::
[2025-11-15T17:02:17.357+0000] {logging_mixin.py:190} INFO - [2025-11-15 17:02:17.343107] Inserted sensor data: {'time': '2025-11-15T17:02:17.343107', 'temperature': 27.540483730398876, 'Dissolved_oxygen': 6.064698034852664, 'PH': 7.435011198441447, 'Ammonia': 0.0100889596092568, 'Nitrite': 0.046383929080923786, 'Turbidty': 39.15104624192624, '_id': '6918b21932a7b6937233e670'}
[2025-11-15T17:07:28.999+0000] {python.py:218} INFO - Done. Returned value was: None
[2025-11-15T17:07:29.015+0000] {taskinstance.py:341} INFO - ::group::Post task execution logs
[2025-11-15T17:07:29.016+0000] {taskinstance.py:353} INFO - Marking task as SUCCESS. dag_id=iot_sensor_data_dag, task_id=generate_sensor_data, run_id=scheduled__2025-11-15T17:02:00+00:00, execution_date=20251115T170200, start_date=20251115T170216, end_date=20251115T170729
[2025-11-15T17:07:29.034+0000] {logging_mixin.py:190} INFO - Task instance in success state
[2025-11-15T17:07:29.034+0000] {logging_mixin.py:190} INFO -  Previous state of the Task instance: running
[2025-11-15T17:07:29.035+0000] {logging_mixin.py:190} INFO - Dag name:iot_sensor_data_dag queued_at:2025-11-15 17:02:15.679957+00:00
[2025-11-15T17:07:29.035+0000] {logging_mixin.py:190} INFO - Task hostname:4f76d54186b6 operator:PythonOperator
[2025-11-15T17:07:29.067+0000] {local_task_job_runner.py:266} INFO - Task exited with return code 0
[2025-11-15T17:07:29.085+0000] {taskinstance.py:3901} INFO - 0 downstream tasks scheduled from follow-on schedule check
[2025-11-15T17:07:29.088+0000] {local_task_job_runner.py:245} INFO - ::endgroup::
