[2025-11-16T21:53:46.150+0000] {local_task_job_runner.py:123} INFO - ::group::Pre task execution logs
[2025-11-16T21:53:46.160+0000] {taskinstance.py:2614} INFO - Dependencies all met for dep_context=non-requeueable deps ti=<TaskInstance: iot_sensor_data_dag.generate_sensor_data scheduled__2025-11-16T21:53:20+00:00 [queued]>
[2025-11-16T21:53:46.165+0000] {taskinstance.py:2614} INFO - Dependencies all met for dep_context=requeueable deps ti=<TaskInstance: iot_sensor_data_dag.generate_sensor_data scheduled__2025-11-16T21:53:20+00:00 [queued]>
[2025-11-16T21:53:46.167+0000] {taskinstance.py:2867} INFO - Starting attempt 1 of 1
[2025-11-16T21:53:46.177+0000] {taskinstance.py:2890} INFO - Executing <Task(PythonOperator): generate_sensor_data> on 2025-11-16 21:53:20+00:00
[2025-11-16T21:53:46.183+0000] {warnings.py:112} WARNING - /home/***/.local/lib/python3.12/site-packages/***/task/task_runner/standard_task_runner.py:70: DeprecationWarning: This process (pid=7230) is multi-threaded, use of fork() may lead to deadlocks in the child.
  pid = os.fork()

[2025-11-16T21:53:46.184+0000] {standard_task_runner.py:72} INFO - Started process 7233 to run task
[2025-11-16T21:53:46.184+0000] {standard_task_runner.py:104} INFO - Running: ['***', 'tasks', 'run', 'iot_sensor_data_dag', 'generate_sensor_data', 'scheduled__2025-11-16T21:53:20+00:00', '--job-id', '1933', '--raw', '--subdir', 'DAGS_FOLDER/DEPI.py', '--cfg-path', '/tmp/tmpoi1pb_uz']
[2025-11-16T21:53:46.185+0000] {standard_task_runner.py:105} INFO - Job 1933: Subtask generate_sensor_data
[2025-11-16T21:53:46.376+0000] {task_command.py:467} INFO - Running <TaskInstance: iot_sensor_data_dag.generate_sensor_data scheduled__2025-11-16T21:53:20+00:00 [running]> on host 4f76d54186b6
[2025-11-16T21:53:46.430+0000] {taskinstance.py:3134} INFO - Exporting env vars: AIRFLOW_CTX_DAG_OWNER='***' AIRFLOW_CTX_DAG_ID='iot_sensor_data_dag' AIRFLOW_CTX_TASK_ID='generate_sensor_data' AIRFLOW_CTX_EXECUTION_DATE='2025-11-16T21:53:20+00:00' AIRFLOW_CTX_TRY_NUMBER='1' AIRFLOW_CTX_DAG_RUN_ID='scheduled__2025-11-16T21:53:20+00:00'
[2025-11-16T21:53:46.432+0000] {logging_mixin.py:190} INFO - Task instance is in running state
[2025-11-16T21:53:46.432+0000] {logging_mixin.py:190} INFO -  Previous state of the Task instance: queued
[2025-11-16T21:53:46.433+0000] {logging_mixin.py:190} INFO - Current task name:generate_sensor_data state:running start_date:2025-11-16 21:53:46.161422+00:00
[2025-11-16T21:53:46.434+0000] {logging_mixin.py:190} INFO - Dag name:iot_sensor_data_dag and current dag run status:running
[2025-11-16T21:53:46.434+0000] {taskinstance.py:732} INFO - ::endgroup::
[2025-11-16T21:58:45.827+0000] {python.py:218} INFO - Done. Returned value was: None
[2025-11-16T21:58:45.840+0000] {taskinstance.py:341} INFO - ::group::Post task execution logs
[2025-11-16T21:58:45.842+0000] {taskinstance.py:353} INFO - Marking task as SUCCESS. dag_id=iot_sensor_data_dag, task_id=generate_sensor_data, run_id=scheduled__2025-11-16T21:53:20+00:00, execution_date=20251116T215320, start_date=20251116T215346, end_date=20251116T215845
[2025-11-16T21:58:45.865+0000] {logging_mixin.py:190} INFO - Task instance in success state
[2025-11-16T21:58:45.866+0000] {logging_mixin.py:190} INFO -  Previous state of the Task instance: running
[2025-11-16T21:58:45.868+0000] {logging_mixin.py:190} INFO - Dag name:iot_sensor_data_dag queued_at:2025-11-16 21:53:45.042548+00:00
[2025-11-16T21:58:45.870+0000] {logging_mixin.py:190} INFO - Task hostname:4f76d54186b6 operator:PythonOperator
[2025-11-16T21:58:45.908+0000] {local_task_job_runner.py:266} INFO - Task exited with return code 0
[2025-11-16T21:58:45.928+0000] {taskinstance.py:3901} INFO - 1 downstream tasks scheduled from follow-on schedule check
[2025-11-16T21:58:45.931+0000] {local_task_job_runner.py:245} INFO - ::endgroup::
