[2025-11-17T19:56:41.430+0000] {local_task_job_runner.py:123} INFO - ::group::Pre task execution logs
[2025-11-17T19:56:41.442+0000] {taskinstance.py:2614} INFO - Dependencies all met for dep_context=non-requeueable deps ti=<TaskInstance: iot_kafka_single_task.send_sensor_data scheduled__2025-11-17T19:56:15+00:00 [queued]>
[2025-11-17T19:56:41.447+0000] {taskinstance.py:2614} INFO - Dependencies all met for dep_context=requeueable deps ti=<TaskInstance: iot_kafka_single_task.send_sensor_data scheduled__2025-11-17T19:56:15+00:00 [queued]>
[2025-11-17T19:56:41.448+0000] {taskinstance.py:2867} INFO - Starting attempt 1 of 1
[2025-11-17T19:56:41.457+0000] {taskinstance.py:2890} INFO - Executing <Task(ProduceToTopicOperator): send_sensor_data> on 2025-11-17 19:56:15+00:00
[2025-11-17T19:56:41.463+0000] {warnings.py:112} WARNING - /home/***/.local/lib/python3.12/site-packages/***/task/task_runner/standard_task_runner.py:70: DeprecationWarning: This process (pid=145) is multi-threaded, use of fork() may lead to deadlocks in the child.
  pid = os.fork()

[2025-11-17T19:56:41.465+0000] {standard_task_runner.py:72} INFO - Started process 154 to run task
[2025-11-17T19:56:41.465+0000] {standard_task_runner.py:104} INFO - Running: ['***', 'tasks', 'run', 'iot_kafka_single_task', 'send_sensor_data', 'scheduled__2025-11-17T19:56:15+00:00', '--job-id', '2608', '--raw', '--subdir', 'DAGS_FOLDER/IOT.py', '--cfg-path', '/tmp/tmpk1bo9rzr']
[2025-11-17T19:56:41.466+0000] {standard_task_runner.py:105} INFO - Job 2608: Subtask send_sensor_data
[2025-11-17T19:56:41.507+0000] {task_command.py:467} INFO - Running <TaskInstance: iot_kafka_single_task.send_sensor_data scheduled__2025-11-17T19:56:15+00:00 [running]> on host 4f76d54186b6
[2025-11-17T19:56:41.712+0000] {abstractoperator.py:783} ERROR - Exception rendering Jinja template for task 'send_sensor_data', field 'producer_function'. Template: <function produce_sensor_data_to_kafka at 0x7378bf29c540>
Traceback (most recent call last):
  File "/home/airflow/.local/lib/python3.12/site-packages/airflow/models/abstractoperator.py", line 773, in _do_render_template_fields
    rendered_content = value(context=context, jinja_env=jinja_env)
                       ^^^^^^^^^^^^^^^^^^^^^^^^^^^^^^^^^^^^^^^^^^^
TypeError: produce_sensor_data_to_kafka() got an unexpected keyword argument 'jinja_env'
[2025-11-17T19:56:41.714+0000] {taskinstance.py:3313} ERROR - Task failed with exception
Traceback (most recent call last):
  File "/home/airflow/.local/lib/python3.12/site-packages/airflow/models/taskinstance.py", line 274, in _run_raw_task
    TaskInstance._execute_task_with_callbacks(
  File "/home/airflow/.local/lib/python3.12/site-packages/airflow/models/taskinstance.py", line 3117, in _execute_task_with_callbacks
    task_orig = self.render_templates(context=context, jinja_env=jinja_env)
                ^^^^^^^^^^^^^^^^^^^^^^^^^^^^^^^^^^^^^^^^^^^^^^^^^^^^^^^^^^^
  File "/home/airflow/.local/lib/python3.12/site-packages/airflow/models/taskinstance.py", line 3540, in render_templates
    original_task.render_template_fields(context, jinja_env)
  File "/home/airflow/.local/lib/python3.12/site-packages/airflow/models/baseoperator.py", line 1442, in render_template_fields
    self._do_render_template_fields(self, self.template_fields, context, jinja_env, set())
  File "/home/airflow/.local/lib/python3.12/site-packages/airflow/models/abstractoperator.py", line 773, in _do_render_template_fields
    rendered_content = value(context=context, jinja_env=jinja_env)
                       ^^^^^^^^^^^^^^^^^^^^^^^^^^^^^^^^^^^^^^^^^^^
TypeError: produce_sensor_data_to_kafka() got an unexpected keyword argument 'jinja_env'
[2025-11-17T19:56:41.720+0000] {logging_mixin.py:190} INFO - Task instance in failure state
[2025-11-17T19:56:41.721+0000] {logging_mixin.py:190} INFO - Task start:2025-11-17 19:56:41.443226+00:00 end:2025-11-17 19:56:41.720423+00:00 duration:0.277197
[2025-11-17T19:56:41.721+0000] {logging_mixin.py:190} INFO - Task:<Task(ProduceToTopicOperator): send_sensor_data> dag:<DAG: iot_kafka_single_task> dagrun:<DagRun iot_kafka_single_task @ 2025-11-17 19:56:15+00:00: scheduled__2025-11-17T19:56:15+00:00, state:running, queued_at: 2025-11-17 19:56:40.378599+00:00. externally triggered: False>
[2025-11-17T19:56:41.722+0000] {logging_mixin.py:190} INFO - Failure caused by produce_sensor_data_to_kafka() got an unexpected keyword argument 'jinja_env'
[2025-11-17T19:56:41.722+0000] {taskinstance.py:1226} INFO - Marking task as FAILED. dag_id=iot_kafka_single_task, task_id=send_sensor_data, run_id=scheduled__2025-11-17T19:56:15+00:00, execution_date=20251117T195615, start_date=20251117T195641, end_date=20251117T195641
[2025-11-17T19:56:41.745+0000] {taskinstance.py:341} INFO - ::group::Post task execution logs
[2025-11-17T19:56:41.746+0000] {standard_task_runner.py:124} ERROR - Failed to execute job 2608 for task send_sensor_data (produce_sensor_data_to_kafka() got an unexpected keyword argument 'jinja_env'; 154)
Traceback (most recent call last):
  File "/home/airflow/.local/lib/python3.12/site-packages/airflow/task/task_runner/standard_task_runner.py", line 117, in _start_by_fork
    ret = args.func(args, dag=self.dag)
          ^^^^^^^^^^^^^^^^^^^^^^^^^^^^^
  File "/home/airflow/.local/lib/python3.12/site-packages/airflow/cli/cli_config.py", line 49, in command
    return func(*args, **kwargs)
           ^^^^^^^^^^^^^^^^^^^^^
  File "/home/airflow/.local/lib/python3.12/site-packages/airflow/utils/cli.py", line 116, in wrapper
    return f(*args, **kwargs)
           ^^^^^^^^^^^^^^^^^^
  File "/home/airflow/.local/lib/python3.12/site-packages/airflow/cli/commands/task_command.py", line 483, in task_run
    task_return_code = _run_task_by_selected_method(args, _dag, ti)
                       ^^^^^^^^^^^^^^^^^^^^^^^^^^^^^^^^^^^^^^^^^^^^
  File "/home/airflow/.local/lib/python3.12/site-packages/airflow/cli/commands/task_command.py", line 256, in _run_task_by_selected_method
    return _run_raw_task(args, ti)
           ^^^^^^^^^^^^^^^^^^^^^^^
  File "/home/airflow/.local/lib/python3.12/site-packages/airflow/cli/commands/task_command.py", line 341, in _run_raw_task
    return ti._run_raw_task(
           ^^^^^^^^^^^^^^^^^
  File "/home/airflow/.local/lib/python3.12/site-packages/airflow/utils/session.py", line 97, in wrapper
    return func(*args, session=session, **kwargs)
           ^^^^^^^^^^^^^^^^^^^^^^^^^^^^^^^^^^^^^^
  File "/home/airflow/.local/lib/python3.12/site-packages/airflow/models/taskinstance.py", line 3006, in _run_raw_task
    return _run_raw_task(
           ^^^^^^^^^^^^^^
  File "/home/airflow/.local/lib/python3.12/site-packages/airflow/models/taskinstance.py", line 274, in _run_raw_task
    TaskInstance._execute_task_with_callbacks(
  File "/home/airflow/.local/lib/python3.12/site-packages/airflow/models/taskinstance.py", line 3117, in _execute_task_with_callbacks
    task_orig = self.render_templates(context=context, jinja_env=jinja_env)
                ^^^^^^^^^^^^^^^^^^^^^^^^^^^^^^^^^^^^^^^^^^^^^^^^^^^^^^^^^^^
  File "/home/airflow/.local/lib/python3.12/site-packages/airflow/models/taskinstance.py", line 3540, in render_templates
    original_task.render_template_fields(context, jinja_env)
  File "/home/airflow/.local/lib/python3.12/site-packages/airflow/models/baseoperator.py", line 1442, in render_template_fields
    self._do_render_template_fields(self, self.template_fields, context, jinja_env, set())
  File "/home/airflow/.local/lib/python3.12/site-packages/airflow/models/abstractoperator.py", line 773, in _do_render_template_fields
    rendered_content = value(context=context, jinja_env=jinja_env)
                       ^^^^^^^^^^^^^^^^^^^^^^^^^^^^^^^^^^^^^^^^^^^
TypeError: produce_sensor_data_to_kafka() got an unexpected keyword argument 'jinja_env'
[2025-11-17T19:56:41.761+0000] {local_task_job_runner.py:266} INFO - Task exited with return code 1
[2025-11-17T19:56:41.774+0000] {taskinstance.py:3901} INFO - 0 downstream tasks scheduled from follow-on schedule check
[2025-11-17T19:56:41.776+0000] {local_task_job_runner.py:245} INFO - ::endgroup::
