[2025-11-13T18:31:16.650+0000] {local_task_job_runner.py:123} INFO - ::group::Pre task execution logs
[2025-11-13T18:31:16.662+0000] {taskinstance.py:2614} INFO - Dependencies all met for dep_context=non-requeueable deps ti=<TaskInstance: iot_sensor_data_dag.generate_sensor_data scheduled__2025-11-13T18:31:00+00:00 [queued]>
[2025-11-13T18:31:16.667+0000] {taskinstance.py:2614} INFO - Dependencies all met for dep_context=requeueable deps ti=<TaskInstance: iot_sensor_data_dag.generate_sensor_data scheduled__2025-11-13T18:31:00+00:00 [queued]>
[2025-11-13T18:31:16.668+0000] {taskinstance.py:2867} INFO - Starting attempt 1 of 1
[2025-11-13T18:31:16.782+0000] {taskinstance.py:2890} INFO - Executing <Task(PythonOperator): generate_sensor_data> on 2025-11-13 18:31:00+00:00
[2025-11-13T18:31:16.788+0000] {warnings.py:112} WARNING - /home/***/.local/lib/python3.12/site-packages/***/task/task_runner/standard_task_runner.py:70: DeprecationWarning: This process (pid=3185) is multi-threaded, use of fork() may lead to deadlocks in the child.
  pid = os.fork()

[2025-11-13T18:31:16.791+0000] {standard_task_runner.py:72} INFO - Started process 3187 to run task
[2025-11-13T18:31:16.790+0000] {standard_task_runner.py:104} INFO - Running: ['***', 'tasks', 'run', 'iot_sensor_data_dag', 'generate_sensor_data', 'scheduled__2025-11-13T18:31:00+00:00', '--job-id', '518', '--raw', '--subdir', 'DAGS_FOLDER/DEPI.py', '--cfg-path', '/tmp/tmpklm_tqnk']
[2025-11-13T18:31:16.791+0000] {standard_task_runner.py:105} INFO - Job 518: Subtask generate_sensor_data
[2025-11-13T18:31:16.827+0000] {task_command.py:467} INFO - Running <TaskInstance: iot_sensor_data_dag.generate_sensor_data scheduled__2025-11-13T18:31:00+00:00 [running]> on host 4f76d54186b6
[2025-11-13T18:31:16.886+0000] {taskinstance.py:3134} INFO - Exporting env vars: AIRFLOW_CTX_DAG_OWNER='***' AIRFLOW_CTX_DAG_ID='iot_sensor_data_dag' AIRFLOW_CTX_TASK_ID='generate_sensor_data' AIRFLOW_CTX_EXECUTION_DATE='2025-11-13T18:31:00+00:00' AIRFLOW_CTX_TRY_NUMBER='1' AIRFLOW_CTX_DAG_RUN_ID='scheduled__2025-11-13T18:31:00+00:00'
[2025-11-13T18:31:16.888+0000] {logging_mixin.py:190} INFO - Task instance is in running state
[2025-11-13T18:31:16.888+0000] {logging_mixin.py:190} INFO -  Previous state of the Task instance: queued
[2025-11-13T18:31:16.889+0000] {logging_mixin.py:190} INFO - Current task name:generate_sensor_data state:running start_date:2025-11-13 18:31:16.662572+00:00
[2025-11-13T18:31:16.890+0000] {logging_mixin.py:190} INFO - Dag name:iot_sensor_data_dag and current dag run status:running
[2025-11-13T18:31:16.890+0000] {taskinstance.py:732} INFO - ::endgroup::
[2025-11-13T18:31:16.921+0000] {logging_mixin.py:190} INFO - [2025-11-13 18:31:16.904834] Inserted sensor data: {'time': datetime.datetime(2025, 11, 13, 18, 31, 16, 904834), 'temperature': 27.658256282512024, 'Dissolved_oxygen': 6.0906287797928185, 'PH': 7.43769454355666, 'Ammonia': 0.009359408177697148, 'Nitrite': 0.048930166313471676, 'Turbidty': 40.96349108479325, '_id': ObjectId('691623f4ac3d880096a634b0')}
[2025-11-13T18:31:16.922+0000] {python.py:218} INFO - Done. Returned value was: None
[2025-11-13T18:31:16.932+0000] {taskinstance.py:341} INFO - ::group::Post task execution logs
[2025-11-13T18:31:16.933+0000] {taskinstance.py:353} INFO - Marking task as SUCCESS. dag_id=iot_sensor_data_dag, task_id=generate_sensor_data, run_id=scheduled__2025-11-13T18:31:00+00:00, execution_date=20251113T183100, start_date=20251113T183116, end_date=20251113T183116
[2025-11-13T18:31:16.949+0000] {logging_mixin.py:190} INFO - Task instance in success state
[2025-11-13T18:31:16.949+0000] {logging_mixin.py:190} INFO -  Previous state of the Task instance: running
[2025-11-13T18:31:16.950+0000] {logging_mixin.py:190} INFO - Dag name:iot_sensor_data_dag queued_at:2025-11-13 18:31:15.485521+00:00
[2025-11-13T18:31:16.950+0000] {logging_mixin.py:190} INFO - Task hostname:4f76d54186b6 operator:PythonOperator
[2025-11-13T18:31:16.968+0000] {local_task_job_runner.py:266} INFO - Task exited with return code 0
[2025-11-13T18:31:16.986+0000] {taskinstance.py:3901} INFO - 0 downstream tasks scheduled from follow-on schedule check
[2025-11-13T18:31:16.990+0000] {local_task_job_runner.py:245} INFO - ::endgroup::
