[2025-11-15T17:01:32.023+0000] {local_task_job_runner.py:123} INFO - ::group::Pre task execution logs
[2025-11-15T17:01:32.033+0000] {taskinstance.py:2614} INFO - Dependencies all met for dep_context=non-requeueable deps ti=<TaskInstance: iot_sensor_data_dag.generate_sensor_data scheduled__2025-11-15T17:01:15+00:00 [queued]>
[2025-11-15T17:01:32.037+0000] {taskinstance.py:2614} INFO - Dependencies all met for dep_context=requeueable deps ti=<TaskInstance: iot_sensor_data_dag.generate_sensor_data scheduled__2025-11-15T17:01:15+00:00 [queued]>
[2025-11-15T17:01:32.038+0000] {taskinstance.py:2867} INFO - Starting attempt 1 of 1
[2025-11-15T17:01:32.047+0000] {taskinstance.py:2890} INFO - Executing <Task(PythonOperator): generate_sensor_data> on 2025-11-15 17:01:15+00:00
[2025-11-15T17:01:32.052+0000] {warnings.py:112} WARNING - /home/***/.local/lib/python3.12/site-packages/***/task/task_runner/standard_task_runner.py:70: DeprecationWarning: This process (pid=183) is multi-threaded, use of fork() may lead to deadlocks in the child.
  pid = os.fork()

[2025-11-15T17:01:32.054+0000] {standard_task_runner.py:72} INFO - Started process 185 to run task
[2025-11-15T17:01:32.054+0000] {standard_task_runner.py:104} INFO - Running: ['***', 'tasks', 'run', 'iot_sensor_data_dag', 'generate_sensor_data', 'scheduled__2025-11-15T17:01:15+00:00', '--job-id', '1295', '--raw', '--subdir', 'DAGS_FOLDER/DEPI.py', '--cfg-path', '/tmp/tmptwx_kpnw']
[2025-11-15T17:01:32.055+0000] {standard_task_runner.py:105} INFO - Job 1295: Subtask generate_sensor_data
[2025-11-15T17:01:32.230+0000] {task_command.py:467} INFO - Running <TaskInstance: iot_sensor_data_dag.generate_sensor_data scheduled__2025-11-15T17:01:15+00:00 [running]> on host 4f76d54186b6
[2025-11-15T17:01:32.276+0000] {taskinstance.py:3134} INFO - Exporting env vars: AIRFLOW_CTX_DAG_OWNER='***' AIRFLOW_CTX_DAG_ID='iot_sensor_data_dag' AIRFLOW_CTX_TASK_ID='generate_sensor_data' AIRFLOW_CTX_EXECUTION_DATE='2025-11-15T17:01:15+00:00' AIRFLOW_CTX_TRY_NUMBER='1' AIRFLOW_CTX_DAG_RUN_ID='scheduled__2025-11-15T17:01:15+00:00'
[2025-11-15T17:01:32.277+0000] {logging_mixin.py:190} INFO - Task instance is in running state
[2025-11-15T17:01:32.278+0000] {logging_mixin.py:190} INFO -  Previous state of the Task instance: queued
[2025-11-15T17:01:32.278+0000] {logging_mixin.py:190} INFO - Current task name:generate_sensor_data state:running start_date:2025-11-15 17:01:32.033817+00:00
[2025-11-15T17:01:32.279+0000] {logging_mixin.py:190} INFO - Dag name:iot_sensor_data_dag and current dag run status:running
[2025-11-15T17:01:32.279+0000] {taskinstance.py:732} INFO - ::endgroup::
[2025-11-15T17:01:32.301+0000] {logging_mixin.py:190} INFO - [2025-11-15 17:01:32.290192] Inserted sensor data: {'time': '2025-11-15T17:01:32.290192', 'temperature': 27.46339080414693, 'Dissolved_oxygen': 6.022947966950848, 'PH': 7.43620510051588, 'Ammonia': 0.010358266963749313, 'Nitrite': 0.05326007384598061, 'Turbidty': 39.904482987321416, '_id': '6918b1ec7b85cf10890fc9c2'}
[2025-11-15T17:06:46.686+0000] {python.py:218} INFO - Done. Returned value was: None
[2025-11-15T17:06:46.725+0000] {taskinstance.py:341} INFO - ::group::Post task execution logs
[2025-11-15T17:06:46.726+0000] {taskinstance.py:353} INFO - Marking task as SUCCESS. dag_id=iot_sensor_data_dag, task_id=generate_sensor_data, run_id=scheduled__2025-11-15T17:01:15+00:00, execution_date=20251115T170115, start_date=20251115T170132, end_date=20251115T170646
[2025-11-15T17:06:46.751+0000] {logging_mixin.py:190} INFO - Task instance in success state
[2025-11-15T17:06:46.752+0000] {logging_mixin.py:190} INFO -  Previous state of the Task instance: running
[2025-11-15T17:06:46.752+0000] {logging_mixin.py:190} INFO - Dag name:iot_sensor_data_dag queued_at:2025-11-15 17:01:30.691988+00:00
[2025-11-15T17:06:46.752+0000] {logging_mixin.py:190} INFO - Task hostname:4f76d54186b6 operator:PythonOperator
[2025-11-15T17:06:46.777+0000] {local_task_job_runner.py:266} INFO - Task exited with return code 0
[2025-11-15T17:06:46.910+0000] {taskinstance.py:3901} INFO - 0 downstream tasks scheduled from follow-on schedule check
[2025-11-15T17:06:46.920+0000] {local_task_job_runner.py:245} INFO - ::endgroup::
