[2025-11-13T17:57:17.497+0000] {local_task_job_runner.py:123} INFO - ::group::Pre task execution logs
[2025-11-13T17:57:17.515+0000] {taskinstance.py:2614} INFO - Dependencies all met for dep_context=non-requeueable deps ti=<TaskInstance: iot_sensor_data_dag.generate_sensor_data scheduled__2025-11-13T17:57:00+00:00 [queued]>
[2025-11-13T17:57:17.524+0000] {taskinstance.py:2614} INFO - Dependencies all met for dep_context=requeueable deps ti=<TaskInstance: iot_sensor_data_dag.generate_sensor_data scheduled__2025-11-13T17:57:00+00:00 [queued]>
[2025-11-13T17:57:17.526+0000] {taskinstance.py:2867} INFO - Starting attempt 1 of 1
[2025-11-13T17:57:17.704+0000] {taskinstance.py:2890} INFO - Executing <Task(PythonOperator): generate_sensor_data> on 2025-11-13 17:57:00+00:00
[2025-11-13T17:57:17.712+0000] {warnings.py:112} WARNING - /home/***/.local/lib/python3.12/site-packages/***/task/task_runner/standard_task_runner.py:70: DeprecationWarning: This process (pid=1759) is multi-threaded, use of fork() may lead to deadlocks in the child.
  pid = os.fork()

[2025-11-13T17:57:17.715+0000] {standard_task_runner.py:72} INFO - Started process 1761 to run task
[2025-11-13T17:57:17.715+0000] {standard_task_runner.py:104} INFO - Running: ['***', 'tasks', 'run', 'iot_sensor_data_dag', 'generate_sensor_data', 'scheduled__2025-11-13T17:57:00+00:00', '--job-id', '382', '--raw', '--subdir', 'DAGS_FOLDER/DEPI.py', '--cfg-path', '/tmp/tmp55gkds6r']
[2025-11-13T17:57:17.717+0000] {standard_task_runner.py:105} INFO - Job 382: Subtask generate_sensor_data
[2025-11-13T17:57:17.763+0000] {task_command.py:467} INFO - Running <TaskInstance: iot_sensor_data_dag.generate_sensor_data scheduled__2025-11-13T17:57:00+00:00 [running]> on host 4f76d54186b6
[2025-11-13T17:57:17.835+0000] {taskinstance.py:3134} INFO - Exporting env vars: AIRFLOW_CTX_DAG_OWNER='***' AIRFLOW_CTX_DAG_ID='iot_sensor_data_dag' AIRFLOW_CTX_TASK_ID='generate_sensor_data' AIRFLOW_CTX_EXECUTION_DATE='2025-11-13T17:57:00+00:00' AIRFLOW_CTX_TRY_NUMBER='1' AIRFLOW_CTX_DAG_RUN_ID='scheduled__2025-11-13T17:57:00+00:00'
[2025-11-13T17:57:17.836+0000] {logging_mixin.py:190} INFO - Task instance is in running state
[2025-11-13T17:57:17.837+0000] {logging_mixin.py:190} INFO -  Previous state of the Task instance: queued
[2025-11-13T17:57:17.838+0000] {logging_mixin.py:190} INFO - Current task name:generate_sensor_data state:running start_date:2025-11-13 17:57:17.516709+00:00
[2025-11-13T17:57:17.838+0000] {logging_mixin.py:190} INFO - Dag name:iot_sensor_data_dag and current dag run status:running
[2025-11-13T17:57:17.839+0000] {taskinstance.py:732} INFO - ::endgroup::
[2025-11-13T17:57:17.873+0000] {logging_mixin.py:190} INFO - [2025-11-13 17:57:17.853074] Inserted sensor data: {'time': datetime.datetime(2025, 11, 13, 17, 57, 17, 853074), 'temperature': 27.528875816455358, 'Dissolved_oxygen': 5.998071111243816, 'PH': 7.517203018610692, 'Ammonia': 0.009232962785292639, 'Nitrite': 0.04804903368737573, 'Turbidty': 39.92476945837237, '_id': ObjectId('69161bfd692fece0c8b075e8')}
[2025-11-13T17:57:17.876+0000] {python.py:218} INFO - Done. Returned value was: None
[2025-11-13T17:57:17.887+0000] {taskinstance.py:341} INFO - ::group::Post task execution logs
[2025-11-13T17:57:17.888+0000] {taskinstance.py:353} INFO - Marking task as SUCCESS. dag_id=iot_sensor_data_dag, task_id=generate_sensor_data, run_id=scheduled__2025-11-13T17:57:00+00:00, execution_date=20251113T175700, start_date=20251113T175717, end_date=20251113T175717
[2025-11-13T17:57:17.910+0000] {logging_mixin.py:190} INFO - Task instance in success state
[2025-11-13T17:57:17.911+0000] {logging_mixin.py:190} INFO -  Previous state of the Task instance: running
[2025-11-13T17:57:17.911+0000] {logging_mixin.py:190} INFO - Dag name:iot_sensor_data_dag queued_at:2025-11-13 17:57:15.432992+00:00
[2025-11-13T17:57:17.912+0000] {logging_mixin.py:190} INFO - Task hostname:4f76d54186b6 operator:PythonOperator
[2025-11-13T17:57:17.939+0000] {local_task_job_runner.py:266} INFO - Task exited with return code 0
[2025-11-13T17:57:17.962+0000] {taskinstance.py:3901} INFO - 0 downstream tasks scheduled from follow-on schedule check
[2025-11-13T17:57:17.968+0000] {local_task_job_runner.py:245} INFO - ::endgroup::
