[2025-11-15T12:07:48.036+0000] {local_task_job_runner.py:123} INFO - ::group::Pre task execution logs
[2025-11-15T12:07:48.048+0000] {taskinstance.py:2614} INFO - Dependencies all met for dep_context=non-requeueable deps ti=<TaskInstance: iot_sensor_data_dag.generate_sensor_data scheduled__2025-11-15T12:07:30+00:00 [queued]>
[2025-11-15T12:07:48.053+0000] {taskinstance.py:2614} INFO - Dependencies all met for dep_context=requeueable deps ti=<TaskInstance: iot_sensor_data_dag.generate_sensor_data scheduled__2025-11-15T12:07:30+00:00 [queued]>
[2025-11-15T12:07:48.054+0000] {taskinstance.py:2867} INFO - Starting attempt 1 of 1
[2025-11-15T12:07:48.064+0000] {taskinstance.py:2890} INFO - Executing <Task(PythonOperator): generate_sensor_data> on 2025-11-15 12:07:30+00:00
[2025-11-15T12:07:48.071+0000] {warnings.py:112} WARNING - /home/***/.local/lib/python3.12/site-packages/***/task/task_runner/standard_task_runner.py:70: DeprecationWarning: This process (pid=578) is multi-threaded, use of fork() may lead to deadlocks in the child.
  pid = os.fork()

[2025-11-15T12:07:48.073+0000] {standard_task_runner.py:72} INFO - Started process 580 to run task
[2025-11-15T12:07:48.072+0000] {standard_task_runner.py:104} INFO - Running: ['***', 'tasks', 'run', 'iot_sensor_data_dag', 'generate_sensor_data', 'scheduled__2025-11-15T12:07:30+00:00', '--job-id', '1218', '--raw', '--subdir', 'DAGS_FOLDER/DEPI.py', '--cfg-path', '/tmp/tmpx3vo98qd']
[2025-11-15T12:07:48.074+0000] {standard_task_runner.py:105} INFO - Job 1218: Subtask generate_sensor_data
[2025-11-15T12:07:48.351+0000] {task_command.py:467} INFO - Running <TaskInstance: iot_sensor_data_dag.generate_sensor_data scheduled__2025-11-15T12:07:30+00:00 [running]> on host 4f76d54186b6
[2025-11-15T12:07:48.418+0000] {taskinstance.py:3134} INFO - Exporting env vars: AIRFLOW_CTX_DAG_OWNER='***' AIRFLOW_CTX_DAG_ID='iot_sensor_data_dag' AIRFLOW_CTX_TASK_ID='generate_sensor_data' AIRFLOW_CTX_EXECUTION_DATE='2025-11-15T12:07:30+00:00' AIRFLOW_CTX_TRY_NUMBER='1' AIRFLOW_CTX_DAG_RUN_ID='scheduled__2025-11-15T12:07:30+00:00'
[2025-11-15T12:07:48.420+0000] {logging_mixin.py:190} INFO - Task instance is in running state
[2025-11-15T12:07:48.420+0000] {logging_mixin.py:190} INFO -  Previous state of the Task instance: queued
[2025-11-15T12:07:48.421+0000] {logging_mixin.py:190} INFO - Current task name:generate_sensor_data state:running start_date:2025-11-15 12:07:48.048984+00:00
[2025-11-15T12:07:48.421+0000] {logging_mixin.py:190} INFO - Dag name:iot_sensor_data_dag and current dag run status:running
[2025-11-15T12:07:48.422+0000] {taskinstance.py:732} INFO - ::endgroup::
[2025-11-15T12:07:48.466+0000] {logging_mixin.py:190} INFO - [2025-11-15 12:07:48.449130] Inserted sensor data: {'time': '2025-11-15T12:07:48.449130', 'temperature': 27.409389199905227, 'Dissolved_oxygen': 6.022490908990568, 'PH': 7.533969956463037, 'Ammonia': 0.009483442422179345, 'Nitrite': 0.050959279837735426, 'Turbidty': 39.54061284652388, '_id': '69186d148062bd7f8190136d'}
[2025-11-15T12:11:43.627+0000] {job.py:229} INFO - Heartbeat recovered after 11.63 seconds
[2025-11-15T12:12:41.271+0000] {python.py:218} INFO - Done. Returned value was: None
[2025-11-15T12:12:46.217+0000] {taskinstance.py:341} INFO - ::group::Post task execution logs
[2025-11-15T12:12:46.218+0000] {taskinstance.py:353} INFO - Marking task as SUCCESS. dag_id=iot_sensor_data_dag, task_id=generate_sensor_data, run_id=scheduled__2025-11-15T12:07:30+00:00, execution_date=20251115T120730, start_date=20251115T120748, end_date=20251115T121246
[2025-11-15T12:12:46.220+0000] {job.py:229} INFO - Heartbeat recovered after 32.56 seconds
[2025-11-15T12:12:46.258+0000] {logging_mixin.py:190} INFO - Task instance in success state
[2025-11-15T12:12:46.259+0000] {logging_mixin.py:190} INFO -  Previous state of the Task instance: running
[2025-11-15T12:12:46.260+0000] {logging_mixin.py:190} INFO - Dag name:iot_sensor_data_dag queued_at:2025-11-15 12:07:45.044093+00:00
[2025-11-15T12:12:46.261+0000] {logging_mixin.py:190} INFO - Task hostname:4f76d54186b6 operator:PythonOperator
[2025-11-15T12:12:46.285+0000] {local_task_job_runner.py:266} INFO - Task exited with return code 0
[2025-11-15T12:12:46.313+0000] {taskinstance.py:3901} INFO - 0 downstream tasks scheduled from follow-on schedule check
[2025-11-15T12:12:46.317+0000] {local_task_job_runner.py:245} INFO - ::endgroup::
