[2025-11-13T17:29:02.355+0000] {local_task_job_runner.py:123} INFO - ::group::Pre task execution logs
[2025-11-13T17:29:02.369+0000] {taskinstance.py:2614} INFO - Dependencies all met for dep_context=non-requeueable deps ti=<TaskInstance: iot_sensor_data_dag.generate_sensor_data scheduled__2025-11-13T17:28:45+00:00 [queued]>
[2025-11-13T17:29:02.377+0000] {taskinstance.py:2614} INFO - Dependencies all met for dep_context=requeueable deps ti=<TaskInstance: iot_sensor_data_dag.generate_sensor_data scheduled__2025-11-13T17:28:45+00:00 [queued]>
[2025-11-13T17:29:02.378+0000] {taskinstance.py:2867} INFO - Starting attempt 1 of 1
[2025-11-13T17:29:02.542+0000] {taskinstance.py:2890} INFO - Executing <Task(PythonOperator): generate_sensor_data> on 2025-11-13 17:28:45+00:00
[2025-11-13T17:29:02.553+0000] {warnings.py:112} WARNING - /home/***/.local/lib/python3.12/site-packages/***/task/task_runner/standard_task_runner.py:70: DeprecationWarning: This process (pid=591) is multi-threaded, use of fork() may lead to deadlocks in the child.
  pid = os.fork()

[2025-11-13T17:29:02.555+0000] {standard_task_runner.py:72} INFO - Started process 593 to run task
[2025-11-13T17:29:02.556+0000] {standard_task_runner.py:104} INFO - Running: ['***', 'tasks', 'run', 'iot_sensor_data_dag', 'generate_sensor_data', 'scheduled__2025-11-13T17:28:45+00:00', '--job-id', '269', '--raw', '--subdir', 'DAGS_FOLDER/DEPI.py', '--cfg-path', '/tmp/tmplgxv9eap']
[2025-11-13T17:29:02.557+0000] {standard_task_runner.py:105} INFO - Job 269: Subtask generate_sensor_data
[2025-11-13T17:29:02.604+0000] {task_command.py:467} INFO - Running <TaskInstance: iot_sensor_data_dag.generate_sensor_data scheduled__2025-11-13T17:28:45+00:00 [running]> on host 4f76d54186b6
[2025-11-13T17:29:02.677+0000] {taskinstance.py:3134} INFO - Exporting env vars: AIRFLOW_CTX_DAG_OWNER='***' AIRFLOW_CTX_DAG_ID='iot_sensor_data_dag' AIRFLOW_CTX_TASK_ID='generate_sensor_data' AIRFLOW_CTX_EXECUTION_DATE='2025-11-13T17:28:45+00:00' AIRFLOW_CTX_TRY_NUMBER='1' AIRFLOW_CTX_DAG_RUN_ID='scheduled__2025-11-13T17:28:45+00:00'
[2025-11-13T17:29:02.678+0000] {logging_mixin.py:190} INFO - Task instance is in running state
[2025-11-13T17:29:02.680+0000] {logging_mixin.py:190} INFO -  Previous state of the Task instance: queued
[2025-11-13T17:29:02.681+0000] {logging_mixin.py:190} INFO - Current task name:generate_sensor_data state:running start_date:2025-11-13 17:29:02.371151+00:00
[2025-11-13T17:29:02.681+0000] {logging_mixin.py:190} INFO - Dag name:iot_sensor_data_dag and current dag run status:running
[2025-11-13T17:29:02.682+0000] {taskinstance.py:732} INFO - ::endgroup::
[2025-11-13T17:29:02.714+0000] {logging_mixin.py:190} INFO - [2025-11-13 17:29:02.698781] Inserted sensor data: {'time': datetime.datetime(2025, 11, 13, 17, 29, 2, 698781), 'temperature': 27.36570511646769, 'Dissolved_oxygen': 6.023532524652153, 'PH': 7.587383367307515, 'Ammonia': 0.010256853352716038, 'Nitrite': 0.05187432864207989, 'Turbidty': 39.95297051434617, '_id': ObjectId('6916155ef44c95f4cd3ccfdd')}
[2025-11-13T17:29:02.716+0000] {python.py:218} INFO - Done. Returned value was: None
[2025-11-13T17:29:02.726+0000] {taskinstance.py:341} INFO - ::group::Post task execution logs
[2025-11-13T17:29:02.727+0000] {taskinstance.py:353} INFO - Marking task as SUCCESS. dag_id=iot_sensor_data_dag, task_id=generate_sensor_data, run_id=scheduled__2025-11-13T17:28:45+00:00, execution_date=20251113T172845, start_date=20251113T172902, end_date=20251113T172902
[2025-11-13T17:29:02.748+0000] {logging_mixin.py:190} INFO - Task instance in success state
[2025-11-13T17:29:02.749+0000] {logging_mixin.py:190} INFO -  Previous state of the Task instance: running
[2025-11-13T17:29:02.750+0000] {logging_mixin.py:190} INFO - Dag name:iot_sensor_data_dag queued_at:2025-11-13 17:29:00.922111+00:00
[2025-11-13T17:29:02.751+0000] {logging_mixin.py:190} INFO - Task hostname:4f76d54186b6 operator:PythonOperator
[2025-11-13T17:29:02.776+0000] {local_task_job_runner.py:266} INFO - Task exited with return code 0
[2025-11-13T17:29:02.799+0000] {taskinstance.py:3901} INFO - 0 downstream tasks scheduled from follow-on schedule check
[2025-11-13T17:29:02.805+0000] {local_task_job_runner.py:245} INFO - ::endgroup::
