[2025-11-13T19:09:01.609+0000] {local_task_job_runner.py:123} INFO - ::group::Pre task execution logs
[2025-11-13T19:09:01.623+0000] {taskinstance.py:2614} INFO - Dependencies all met for dep_context=non-requeueable deps ti=<TaskInstance: iot_sensor_data_dag.generate_sensor_data scheduled__2025-11-13T19:08:45+00:00 [queued]>
[2025-11-13T19:09:01.631+0000] {taskinstance.py:2614} INFO - Dependencies all met for dep_context=requeueable deps ti=<TaskInstance: iot_sensor_data_dag.generate_sensor_data scheduled__2025-11-13T19:08:45+00:00 [queued]>
[2025-11-13T19:09:01.632+0000] {taskinstance.py:2867} INFO - Starting attempt 1 of 1
[2025-11-13T19:09:01.799+0000] {taskinstance.py:2890} INFO - Executing <Task(PythonOperator): generate_sensor_data> on 2025-11-13 19:08:45+00:00
[2025-11-13T19:09:01.809+0000] {warnings.py:112} WARNING - /home/***/.local/lib/python3.12/site-packages/***/task/task_runner/standard_task_runner.py:70: DeprecationWarning: This process (pid=4764) is multi-threaded, use of fork() may lead to deadlocks in the child.
  pid = os.fork()

[2025-11-13T19:09:01.811+0000] {standard_task_runner.py:72} INFO - Started process 4766 to run task
[2025-11-13T19:09:01.811+0000] {standard_task_runner.py:104} INFO - Running: ['***', 'tasks', 'run', 'iot_sensor_data_dag', 'generate_sensor_data', 'scheduled__2025-11-13T19:08:45+00:00', '--job-id', '669', '--raw', '--subdir', 'DAGS_FOLDER/DEPI.py', '--cfg-path', '/tmp/tmpoiebczai']
[2025-11-13T19:09:01.814+0000] {standard_task_runner.py:105} INFO - Job 669: Subtask generate_sensor_data
[2025-11-13T19:09:01.863+0000] {task_command.py:467} INFO - Running <TaskInstance: iot_sensor_data_dag.generate_sensor_data scheduled__2025-11-13T19:08:45+00:00 [running]> on host 4f76d54186b6
[2025-11-13T19:09:01.933+0000] {taskinstance.py:3134} INFO - Exporting env vars: AIRFLOW_CTX_DAG_OWNER='***' AIRFLOW_CTX_DAG_ID='iot_sensor_data_dag' AIRFLOW_CTX_TASK_ID='generate_sensor_data' AIRFLOW_CTX_EXECUTION_DATE='2025-11-13T19:08:45+00:00' AIRFLOW_CTX_TRY_NUMBER='1' AIRFLOW_CTX_DAG_RUN_ID='scheduled__2025-11-13T19:08:45+00:00'
[2025-11-13T19:09:01.935+0000] {logging_mixin.py:190} INFO - Task instance is in running state
[2025-11-13T19:09:01.936+0000] {logging_mixin.py:190} INFO -  Previous state of the Task instance: queued
[2025-11-13T19:09:01.936+0000] {logging_mixin.py:190} INFO - Current task name:generate_sensor_data state:running start_date:2025-11-13 19:09:01.625025+00:00
[2025-11-13T19:09:01.937+0000] {logging_mixin.py:190} INFO - Dag name:iot_sensor_data_dag and current dag run status:running
[2025-11-13T19:09:01.938+0000] {taskinstance.py:732} INFO - ::endgroup::
[2025-11-13T19:09:01.969+0000] {logging_mixin.py:190} INFO - [2025-11-13 19:09:01.955862] Inserted sensor data: {'time': datetime.datetime(2025, 11, 13, 19, 9, 1, 955862), 'temperature': 27.418327888264336, 'Dissolved_oxygen': 6.0860284528556745, 'PH': 7.481733302227056, 'Ammonia': 0.01000887959128401, 'Nitrite': 0.04806325034447917, 'Turbidty': 39.858224981832166, '_id': ObjectId('69162ccdfbd439a5737b2dfe')}
[2025-11-13T19:09:01.971+0000] {python.py:218} INFO - Done. Returned value was: None
[2025-11-13T19:09:01.983+0000] {taskinstance.py:341} INFO - ::group::Post task execution logs
[2025-11-13T19:09:01.984+0000] {taskinstance.py:353} INFO - Marking task as SUCCESS. dag_id=iot_sensor_data_dag, task_id=generate_sensor_data, run_id=scheduled__2025-11-13T19:08:45+00:00, execution_date=20251113T190845, start_date=20251113T190901, end_date=20251113T190901
[2025-11-13T19:09:02.003+0000] {logging_mixin.py:190} INFO - Task instance in success state
[2025-11-13T19:09:02.004+0000] {logging_mixin.py:190} INFO -  Previous state of the Task instance: running
[2025-11-13T19:09:02.005+0000] {logging_mixin.py:190} INFO - Dag name:iot_sensor_data_dag queued_at:2025-11-13 19:09:00.107360+00:00
[2025-11-13T19:09:02.006+0000] {logging_mixin.py:190} INFO - Task hostname:4f76d54186b6 operator:PythonOperator
[2025-11-13T19:09:02.033+0000] {local_task_job_runner.py:266} INFO - Task exited with return code 0
[2025-11-13T19:09:02.059+0000] {taskinstance.py:3901} INFO - 0 downstream tasks scheduled from follow-on schedule check
[2025-11-13T19:09:02.063+0000] {local_task_job_runner.py:245} INFO - ::endgroup::
