[2025-11-13T17:19:17.178+0000] {local_task_job_runner.py:123} INFO - ::group::Pre task execution logs
[2025-11-13T17:19:17.191+0000] {taskinstance.py:2614} INFO - Dependencies all met for dep_context=non-requeueable deps ti=<TaskInstance: iot_sensor_data_dag.generate_sensor_data scheduled__2025-11-13T17:19:00+00:00 [queued]>
[2025-11-13T17:19:17.198+0000] {taskinstance.py:2614} INFO - Dependencies all met for dep_context=requeueable deps ti=<TaskInstance: iot_sensor_data_dag.generate_sensor_data scheduled__2025-11-13T17:19:00+00:00 [queued]>
[2025-11-13T17:19:17.200+0000] {taskinstance.py:2867} INFO - Starting attempt 1 of 1
[2025-11-13T17:19:17.363+0000] {taskinstance.py:2890} INFO - Executing <Task(PythonOperator): generate_sensor_data> on 2025-11-13 17:19:00+00:00
[2025-11-13T17:19:17.373+0000] {warnings.py:112} WARNING - /home/***/.local/lib/python3.12/site-packages/***/task/task_runner/standard_task_runner.py:70: DeprecationWarning: This process (pid=184) is multi-threaded, use of fork() may lead to deadlocks in the child.
  pid = os.fork()

[2025-11-13T17:19:17.375+0000] {standard_task_runner.py:72} INFO - Started process 186 to run task
[2025-11-13T17:19:17.375+0000] {standard_task_runner.py:104} INFO - Running: ['***', 'tasks', 'run', 'iot_sensor_data_dag', 'generate_sensor_data', 'scheduled__2025-11-13T17:19:00+00:00', '--job-id', '230', '--raw', '--subdir', 'DAGS_FOLDER/DEPI.py', '--cfg-path', '/tmp/tmplsle6uox']
[2025-11-13T17:19:17.376+0000] {standard_task_runner.py:105} INFO - Job 230: Subtask generate_sensor_data
[2025-11-13T17:19:17.419+0000] {task_command.py:467} INFO - Running <TaskInstance: iot_sensor_data_dag.generate_sensor_data scheduled__2025-11-13T17:19:00+00:00 [running]> on host 4f76d54186b6
[2025-11-13T17:19:17.491+0000] {taskinstance.py:3134} INFO - Exporting env vars: AIRFLOW_CTX_DAG_OWNER='***' AIRFLOW_CTX_DAG_ID='iot_sensor_data_dag' AIRFLOW_CTX_TASK_ID='generate_sensor_data' AIRFLOW_CTX_EXECUTION_DATE='2025-11-13T17:19:00+00:00' AIRFLOW_CTX_TRY_NUMBER='1' AIRFLOW_CTX_DAG_RUN_ID='scheduled__2025-11-13T17:19:00+00:00'
[2025-11-13T17:19:17.493+0000] {logging_mixin.py:190} INFO - Task instance is in running state
[2025-11-13T17:19:17.494+0000] {logging_mixin.py:190} INFO -  Previous state of the Task instance: queued
[2025-11-13T17:19:17.494+0000] {logging_mixin.py:190} INFO - Current task name:generate_sensor_data state:running start_date:2025-11-13 17:19:17.192716+00:00
[2025-11-13T17:19:17.495+0000] {logging_mixin.py:190} INFO - Dag name:iot_sensor_data_dag and current dag run status:running
[2025-11-13T17:19:17.495+0000] {taskinstance.py:732} INFO - ::endgroup::
[2025-11-13T17:19:17.524+0000] {logging_mixin.py:190} INFO - [2025-11-13 17:19:17.509679] Inserted sensor data: {'time': datetime.datetime(2025, 11, 13, 17, 19, 17, 509679), 'temperature': 27.452355122231975, 'Dissolved_oxygen': 6.022100413282478, 'PH': 7.4158073747444, 'Ammonia': 0.009906771606885391, 'Nitrite': 0.05347176297233804, 'Turbidty': 39.784559320457255, '_id': ObjectId('69161315f0a6f3c748d5f8b8')}
[2025-11-13T17:19:17.526+0000] {python.py:218} INFO - Done. Returned value was: None
[2025-11-13T17:19:17.537+0000] {taskinstance.py:341} INFO - ::group::Post task execution logs
[2025-11-13T17:19:17.537+0000] {taskinstance.py:353} INFO - Marking task as SUCCESS. dag_id=iot_sensor_data_dag, task_id=generate_sensor_data, run_id=scheduled__2025-11-13T17:19:00+00:00, execution_date=20251113T171900, start_date=20251113T171917, end_date=20251113T171917
[2025-11-13T17:19:17.558+0000] {logging_mixin.py:190} INFO - Task instance in success state
[2025-11-13T17:19:17.559+0000] {logging_mixin.py:190} INFO -  Previous state of the Task instance: running
[2025-11-13T17:19:17.560+0000] {logging_mixin.py:190} INFO - Dag name:iot_sensor_data_dag queued_at:2025-11-13 17:19:15.795754+00:00
[2025-11-13T17:19:17.560+0000] {logging_mixin.py:190} INFO - Task hostname:4f76d54186b6 operator:PythonOperator
[2025-11-13T17:19:17.595+0000] {local_task_job_runner.py:266} INFO - Task exited with return code 0
[2025-11-13T17:19:17.622+0000] {taskinstance.py:3901} INFO - 0 downstream tasks scheduled from follow-on schedule check
[2025-11-13T17:19:17.628+0000] {local_task_job_runner.py:245} INFO - ::endgroup::
