[2025-11-13T19:11:47.512+0000] {local_task_job_runner.py:123} INFO - ::group::Pre task execution logs
[2025-11-13T19:11:47.527+0000] {taskinstance.py:2614} INFO - Dependencies all met for dep_context=non-requeueable deps ti=<TaskInstance: iot_sensor_data_dag.generate_sensor_data scheduled__2025-11-13T19:11:30+00:00 [queued]>
[2025-11-13T19:11:47.534+0000] {taskinstance.py:2614} INFO - Dependencies all met for dep_context=requeueable deps ti=<TaskInstance: iot_sensor_data_dag.generate_sensor_data scheduled__2025-11-13T19:11:30+00:00 [queued]>
[2025-11-13T19:11:47.536+0000] {taskinstance.py:2867} INFO - Starting attempt 1 of 1
[2025-11-13T19:11:47.698+0000] {taskinstance.py:2890} INFO - Executing <Task(PythonOperator): generate_sensor_data> on 2025-11-13 19:11:30+00:00
[2025-11-13T19:11:47.704+0000] {warnings.py:112} WARNING - /home/***/.local/lib/python3.12/site-packages/***/task/task_runner/standard_task_runner.py:70: DeprecationWarning: This process (pid=4883) is multi-threaded, use of fork() may lead to deadlocks in the child.
  pid = os.fork()

[2025-11-13T19:11:47.707+0000] {standard_task_runner.py:72} INFO - Started process 4885 to run task
[2025-11-13T19:11:47.707+0000] {standard_task_runner.py:104} INFO - Running: ['***', 'tasks', 'run', 'iot_sensor_data_dag', 'generate_sensor_data', 'scheduled__2025-11-13T19:11:30+00:00', '--job-id', '680', '--raw', '--subdir', 'DAGS_FOLDER/DEPI.py', '--cfg-path', '/tmp/tmpu8ppys2u']
[2025-11-13T19:11:47.708+0000] {standard_task_runner.py:105} INFO - Job 680: Subtask generate_sensor_data
[2025-11-13T19:11:47.756+0000] {task_command.py:467} INFO - Running <TaskInstance: iot_sensor_data_dag.generate_sensor_data scheduled__2025-11-13T19:11:30+00:00 [running]> on host 4f76d54186b6
[2025-11-13T19:11:47.839+0000] {taskinstance.py:3134} INFO - Exporting env vars: AIRFLOW_CTX_DAG_OWNER='***' AIRFLOW_CTX_DAG_ID='iot_sensor_data_dag' AIRFLOW_CTX_TASK_ID='generate_sensor_data' AIRFLOW_CTX_EXECUTION_DATE='2025-11-13T19:11:30+00:00' AIRFLOW_CTX_TRY_NUMBER='1' AIRFLOW_CTX_DAG_RUN_ID='scheduled__2025-11-13T19:11:30+00:00'
[2025-11-13T19:11:47.841+0000] {logging_mixin.py:190} INFO - Task instance is in running state
[2025-11-13T19:11:47.842+0000] {logging_mixin.py:190} INFO -  Previous state of the Task instance: queued
[2025-11-13T19:11:47.843+0000] {logging_mixin.py:190} INFO - Current task name:generate_sensor_data state:running start_date:2025-11-13 19:11:47.528276+00:00
[2025-11-13T19:11:47.844+0000] {logging_mixin.py:190} INFO - Dag name:iot_sensor_data_dag and current dag run status:running
[2025-11-13T19:11:47.844+0000] {taskinstance.py:732} INFO - ::endgroup::
[2025-11-13T19:11:47.875+0000] {logging_mixin.py:190} INFO - [2025-11-13 19:11:47.859043] Inserted sensor data: {'time': datetime.datetime(2025, 11, 13, 19, 11, 47, 859043), 'temperature': 27.533916190504208, 'Dissolved_oxygen': 5.958925715534499, 'PH': 7.526828169657343, 'Ammonia': 0.010292217056453614, 'Nitrite': 0.053492460108966584, 'Turbidty': 40.98565522106678, '_id': ObjectId('69162d7310ae378292b10f68')}
[2025-11-13T19:11:47.878+0000] {python.py:218} INFO - Done. Returned value was: None
[2025-11-13T19:11:47.888+0000] {taskinstance.py:341} INFO - ::group::Post task execution logs
[2025-11-13T19:11:47.889+0000] {taskinstance.py:353} INFO - Marking task as SUCCESS. dag_id=iot_sensor_data_dag, task_id=generate_sensor_data, run_id=scheduled__2025-11-13T19:11:30+00:00, execution_date=20251113T191130, start_date=20251113T191147, end_date=20251113T191147
[2025-11-13T19:11:47.910+0000] {logging_mixin.py:190} INFO - Task instance in success state
[2025-11-13T19:11:47.911+0000] {logging_mixin.py:190} INFO -  Previous state of the Task instance: running
[2025-11-13T19:11:47.912+0000] {logging_mixin.py:190} INFO - Dag name:iot_sensor_data_dag queued_at:2025-11-13 19:11:45.965090+00:00
[2025-11-13T19:11:47.913+0000] {logging_mixin.py:190} INFO - Task hostname:4f76d54186b6 operator:PythonOperator
[2025-11-13T19:11:47.924+0000] {local_task_job_runner.py:266} INFO - Task exited with return code 0
[2025-11-13T19:11:47.947+0000] {taskinstance.py:3901} INFO - 0 downstream tasks scheduled from follow-on schedule check
[2025-11-13T19:11:47.952+0000] {local_task_job_runner.py:245} INFO - ::endgroup::
