[2025-11-13T18:33:31.478+0000] {local_task_job_runner.py:123} INFO - ::group::Pre task execution logs
[2025-11-13T18:33:31.490+0000] {taskinstance.py:2614} INFO - Dependencies all met for dep_context=non-requeueable deps ti=<TaskInstance: iot_sensor_data_dag.generate_sensor_data scheduled__2025-11-13T18:33:15+00:00 [queued]>
[2025-11-13T18:33:31.496+0000] {taskinstance.py:2614} INFO - Dependencies all met for dep_context=requeueable deps ti=<TaskInstance: iot_sensor_data_dag.generate_sensor_data scheduled__2025-11-13T18:33:15+00:00 [queued]>
[2025-11-13T18:33:31.497+0000] {taskinstance.py:2867} INFO - Starting attempt 1 of 1
[2025-11-13T18:33:31.621+0000] {taskinstance.py:2890} INFO - Executing <Task(PythonOperator): generate_sensor_data> on 2025-11-13 18:33:15+00:00
[2025-11-13T18:33:31.627+0000] {warnings.py:112} WARNING - /home/***/.local/lib/python3.12/site-packages/***/task/task_runner/standard_task_runner.py:70: DeprecationWarning: This process (pid=3283) is multi-threaded, use of fork() may lead to deadlocks in the child.
  pid = os.fork()

[2025-11-13T18:33:31.629+0000] {standard_task_runner.py:72} INFO - Started process 3285 to run task
[2025-11-13T18:33:31.629+0000] {standard_task_runner.py:104} INFO - Running: ['***', 'tasks', 'run', 'iot_sensor_data_dag', 'generate_sensor_data', 'scheduled__2025-11-13T18:33:15+00:00', '--job-id', '527', '--raw', '--subdir', 'DAGS_FOLDER/DEPI.py', '--cfg-path', '/tmp/tmpk5qs9hav']
[2025-11-13T18:33:31.630+0000] {standard_task_runner.py:105} INFO - Job 527: Subtask generate_sensor_data
[2025-11-13T18:33:31.666+0000] {task_command.py:467} INFO - Running <TaskInstance: iot_sensor_data_dag.generate_sensor_data scheduled__2025-11-13T18:33:15+00:00 [running]> on host 4f76d54186b6
[2025-11-13T18:33:31.727+0000] {taskinstance.py:3134} INFO - Exporting env vars: AIRFLOW_CTX_DAG_OWNER='***' AIRFLOW_CTX_DAG_ID='iot_sensor_data_dag' AIRFLOW_CTX_TASK_ID='generate_sensor_data' AIRFLOW_CTX_EXECUTION_DATE='2025-11-13T18:33:15+00:00' AIRFLOW_CTX_TRY_NUMBER='1' AIRFLOW_CTX_DAG_RUN_ID='scheduled__2025-11-13T18:33:15+00:00'
[2025-11-13T18:33:31.728+0000] {logging_mixin.py:190} INFO - Task instance is in running state
[2025-11-13T18:33:31.729+0000] {logging_mixin.py:190} INFO -  Previous state of the Task instance: queued
[2025-11-13T18:33:31.729+0000] {logging_mixin.py:190} INFO - Current task name:generate_sensor_data state:running start_date:2025-11-13 18:33:31.491528+00:00
[2025-11-13T18:33:31.729+0000] {logging_mixin.py:190} INFO - Dag name:iot_sensor_data_dag and current dag run status:running
[2025-11-13T18:33:31.730+0000] {taskinstance.py:732} INFO - ::endgroup::
[2025-11-13T18:33:31.755+0000] {logging_mixin.py:190} INFO - [2025-11-13 18:33:31.741974] Inserted sensor data: {'time': datetime.datetime(2025, 11, 13, 18, 33, 31, 741974), 'temperature': 27.649428018024008, 'Dissolved_oxygen': 5.987433596926703, 'PH': 7.560920652009519, 'Ammonia': 0.00999753143361224, 'Nitrite': 0.04783892535539936, 'Turbidty': 40.996604969402874, '_id': ObjectId('6916247b3d53cc9093ac5e55')}
[2025-11-13T18:33:31.756+0000] {python.py:218} INFO - Done. Returned value was: None
[2025-11-13T18:33:31.765+0000] {taskinstance.py:341} INFO - ::group::Post task execution logs
[2025-11-13T18:33:31.766+0000] {taskinstance.py:353} INFO - Marking task as SUCCESS. dag_id=iot_sensor_data_dag, task_id=generate_sensor_data, run_id=scheduled__2025-11-13T18:33:15+00:00, execution_date=20251113T183315, start_date=20251113T183331, end_date=20251113T183331
[2025-11-13T18:33:31.783+0000] {logging_mixin.py:190} INFO - Task instance in success state
[2025-11-13T18:33:31.784+0000] {logging_mixin.py:190} INFO -  Previous state of the Task instance: running
[2025-11-13T18:33:31.784+0000] {logging_mixin.py:190} INFO - Dag name:iot_sensor_data_dag queued_at:2025-11-13 18:33:30.166791+00:00
[2025-11-13T18:33:31.785+0000] {logging_mixin.py:190} INFO - Task hostname:4f76d54186b6 operator:PythonOperator
[2025-11-13T18:33:31.813+0000] {local_task_job_runner.py:266} INFO - Task exited with return code 0
[2025-11-13T18:33:31.832+0000] {taskinstance.py:3901} INFO - 0 downstream tasks scheduled from follow-on schedule check
[2025-11-13T18:33:31.836+0000] {local_task_job_runner.py:245} INFO - ::endgroup::
