[2025-11-15T12:10:32.636+0000] {local_task_job_runner.py:123} INFO - ::group::Pre task execution logs
[2025-11-15T12:10:32.651+0000] {taskinstance.py:2614} INFO - Dependencies all met for dep_context=non-requeueable deps ti=<TaskInstance: iot_sensor_data_dag.generate_sensor_data scheduled__2025-11-15T12:10:00+00:00 [queued]>
[2025-11-15T12:10:32.657+0000] {taskinstance.py:2614} INFO - Dependencies all met for dep_context=requeueable deps ti=<TaskInstance: iot_sensor_data_dag.generate_sensor_data scheduled__2025-11-15T12:10:00+00:00 [queued]>
[2025-11-15T12:10:32.658+0000] {taskinstance.py:2867} INFO - Starting attempt 1 of 1
[2025-11-15T12:10:32.669+0000] {taskinstance.py:2890} INFO - Executing <Task(PythonOperator): generate_sensor_data> on 2025-11-15 12:10:00+00:00
[2025-11-15T12:10:32.677+0000] {warnings.py:112} WARNING - /home/***/.local/lib/python3.12/site-packages/***/task/task_runner/standard_task_runner.py:70: DeprecationWarning: This process (pid=683) is multi-threaded, use of fork() may lead to deadlocks in the child.
  pid = os.fork()

[2025-11-15T12:10:32.678+0000] {standard_task_runner.py:72} INFO - Started process 685 to run task
[2025-11-15T12:10:32.679+0000] {standard_task_runner.py:104} INFO - Running: ['***', 'tasks', 'run', 'iot_sensor_data_dag', 'generate_sensor_data', 'scheduled__2025-11-15T12:10:00+00:00', '--job-id', '1225', '--raw', '--subdir', 'DAGS_FOLDER/DEPI.py', '--cfg-path', '/tmp/tmplpe5yzy2']
[2025-11-15T12:10:32.680+0000] {standard_task_runner.py:105} INFO - Job 1225: Subtask generate_sensor_data
[2025-11-15T12:10:32.900+0000] {task_command.py:467} INFO - Running <TaskInstance: iot_sensor_data_dag.generate_sensor_data scheduled__2025-11-15T12:10:00+00:00 [running]> on host 4f76d54186b6
[2025-11-15T12:10:32.955+0000] {taskinstance.py:3134} INFO - Exporting env vars: AIRFLOW_CTX_DAG_OWNER='***' AIRFLOW_CTX_DAG_ID='iot_sensor_data_dag' AIRFLOW_CTX_TASK_ID='generate_sensor_data' AIRFLOW_CTX_EXECUTION_DATE='2025-11-15T12:10:00+00:00' AIRFLOW_CTX_TRY_NUMBER='1' AIRFLOW_CTX_DAG_RUN_ID='scheduled__2025-11-15T12:10:00+00:00'
[2025-11-15T12:10:32.956+0000] {logging_mixin.py:190} INFO - Task instance is in running state
[2025-11-15T12:10:32.957+0000] {logging_mixin.py:190} INFO -  Previous state of the Task instance: queued
[2025-11-15T12:10:32.957+0000] {logging_mixin.py:190} INFO - Current task name:generate_sensor_data state:running start_date:2025-11-15 12:10:32.652069+00:00
[2025-11-15T12:10:32.958+0000] {logging_mixin.py:190} INFO - Dag name:iot_sensor_data_dag and current dag run status:running
[2025-11-15T12:10:32.958+0000] {taskinstance.py:732} INFO - ::endgroup::
[2025-11-15T12:10:33.045+0000] {logging_mixin.py:190} INFO - [2025-11-15 12:10:33.000012] Inserted sensor data: {'time': '2025-11-15T12:10:33.000012', 'temperature': 27.662485157016874, 'Dissolved_oxygen': 6.068373340334415, 'PH': 7.567006859826158, 'Ammonia': 0.010159267448087175, 'Nitrite': 0.046024395181449185, 'Turbidty': 40.570077373913115, '_id': '69186db90f48301e5e4144a2'}
[2025-11-15T12:11:43.632+0000] {job.py:229} INFO - Heartbeat recovered after 11.64 seconds
[2025-11-15T12:12:41.326+0000] {job.py:229} INFO - Heartbeat recovered after 27.66 seconds
[2025-11-15T12:14:12.136+0000] {job.py:229} INFO - Heartbeat recovered after 19.87 seconds
[2025-11-15T12:14:33.984+0000] {job.py:229} INFO - Heartbeat recovered after 21.85 seconds
[2025-11-15T12:15:25.320+0000] {python.py:218} INFO - Done. Returned value was: None
[2025-11-15T12:15:25.337+0000] {taskinstance.py:341} INFO - ::group::Post task execution logs
[2025-11-15T12:15:25.338+0000] {taskinstance.py:353} INFO - Marking task as SUCCESS. dag_id=iot_sensor_data_dag, task_id=generate_sensor_data, run_id=scheduled__2025-11-15T12:10:00+00:00, execution_date=20251115T121000, start_date=20251115T121032, end_date=20251115T121525
[2025-11-15T12:15:25.361+0000] {logging_mixin.py:190} INFO - Task instance in success state
[2025-11-15T12:15:25.362+0000] {logging_mixin.py:190} INFO -  Previous state of the Task instance: running
[2025-11-15T12:15:25.362+0000] {logging_mixin.py:190} INFO - Dag name:iot_sensor_data_dag queued_at:2025-11-15 12:10:28.192742+00:00
[2025-11-15T12:15:25.363+0000] {logging_mixin.py:190} INFO - Task hostname:4f76d54186b6 operator:PythonOperator
[2025-11-15T12:15:25.406+0000] {local_task_job_runner.py:266} INFO - Task exited with return code 0
[2025-11-15T12:15:25.429+0000] {taskinstance.py:3901} INFO - 0 downstream tasks scheduled from follow-on schedule check
[2025-11-15T12:15:25.432+0000] {local_task_job_runner.py:245} INFO - ::endgroup::
