[2025-11-15T19:01:04.358+0000] {local_task_job_runner.py:123} INFO - ::group::Pre task execution logs
[2025-11-15T19:01:04.368+0000] {taskinstance.py:2614} INFO - Dependencies all met for dep_context=non-requeueable deps ti=<TaskInstance: iot_sensor_data_dag.generate_sensor_data scheduled__2025-11-15T19:00:45+00:00 [queued]>
[2025-11-15T19:01:04.374+0000] {taskinstance.py:2614} INFO - Dependencies all met for dep_context=requeueable deps ti=<TaskInstance: iot_sensor_data_dag.generate_sensor_data scheduled__2025-11-15T19:00:45+00:00 [queued]>
[2025-11-15T19:01:04.375+0000] {taskinstance.py:2867} INFO - Starting attempt 1 of 1
[2025-11-15T19:01:04.384+0000] {taskinstance.py:2890} INFO - Executing <Task(PythonOperator): generate_sensor_data> on 2025-11-15 19:00:45+00:00
[2025-11-15T19:01:04.389+0000] {warnings.py:112} WARNING - /home/***/.local/lib/python3.12/site-packages/***/task/task_runner/standard_task_runner.py:70: DeprecationWarning: This process (pid=513) is multi-threaded, use of fork() may lead to deadlocks in the child.
  pid = os.fork()

[2025-11-15T19:01:04.391+0000] {standard_task_runner.py:72} INFO - Started process 516 to run task
[2025-11-15T19:01:04.391+0000] {standard_task_runner.py:104} INFO - Running: ['***', 'tasks', 'run', 'iot_sensor_data_dag', 'generate_sensor_data', 'scheduled__2025-11-15T19:00:45+00:00', '--job-id', '1365', '--raw', '--subdir', 'DAGS_FOLDER/DEPI.py', '--cfg-path', '/tmp/tmpswe45a0f']
[2025-11-15T19:01:04.392+0000] {standard_task_runner.py:105} INFO - Job 1365: Subtask generate_sensor_data
[2025-11-15T19:01:04.594+0000] {task_command.py:467} INFO - Running <TaskInstance: iot_sensor_data_dag.generate_sensor_data scheduled__2025-11-15T19:00:45+00:00 [running]> on host 4f76d54186b6
[2025-11-15T19:01:04.645+0000] {taskinstance.py:3134} INFO - Exporting env vars: AIRFLOW_CTX_DAG_OWNER='***' AIRFLOW_CTX_DAG_ID='iot_sensor_data_dag' AIRFLOW_CTX_TASK_ID='generate_sensor_data' AIRFLOW_CTX_EXECUTION_DATE='2025-11-15T19:00:45+00:00' AIRFLOW_CTX_TRY_NUMBER='1' AIRFLOW_CTX_DAG_RUN_ID='scheduled__2025-11-15T19:00:45+00:00'
[2025-11-15T19:01:04.647+0000] {logging_mixin.py:190} INFO - Task instance is in running state
[2025-11-15T19:01:04.648+0000] {logging_mixin.py:190} INFO -  Previous state of the Task instance: queued
[2025-11-15T19:01:04.648+0000] {logging_mixin.py:190} INFO - Current task name:generate_sensor_data state:running start_date:2025-11-15 19:01:04.370085+00:00
[2025-11-15T19:01:04.649+0000] {logging_mixin.py:190} INFO - Dag name:iot_sensor_data_dag and current dag run status:running
[2025-11-15T19:01:04.649+0000] {taskinstance.py:732} INFO - ::endgroup::
[2025-11-15T19:01:04.674+0000] {logging_mixin.py:190} INFO - [2025-11-15 19:01:04.664177] Inserted sensor data: {'time': '2025-11-15T19:01:04.664177', 'temperature': 27.497749754063097, 'Dissolved_oxygen': 6.018635943232061, 'PH': 7.422365560515461, 'Ammonia': 0.009790646392376744, 'Nitrite': 0.05349919684288727, 'Turbidty': 39.78666003748925, '_id': '6918cdf0aced030b75923cab'}
[2025-11-16T19:14:22.541+0000] {local_task_job_runner.py:123} INFO - ::group::Pre task execution logs
[2025-11-16T19:14:22.566+0000] {taskinstance.py:2604} INFO - Dependencies not met for <TaskInstance: iot_sensor_data_dag.generate_sensor_data scheduled__2025-11-15T19:00:45+00:00 [failed]>, dependency 'Task Instance State' FAILED: Task is in the 'failed' state.
[2025-11-16T19:14:22.574+0000] {local_task_job_runner.py:166} INFO - Task is not able to be run
