[2025-11-13T19:03:31.769+0000] {local_task_job_runner.py:123} INFO - ::group::Pre task execution logs
[2025-11-13T19:03:31.785+0000] {taskinstance.py:2614} INFO - Dependencies all met for dep_context=non-requeueable deps ti=<TaskInstance: iot_sensor_data_dag.generate_sensor_data scheduled__2025-11-13T19:03:15+00:00 [queued]>
[2025-11-13T19:03:31.793+0000] {taskinstance.py:2614} INFO - Dependencies all met for dep_context=requeueable deps ti=<TaskInstance: iot_sensor_data_dag.generate_sensor_data scheduled__2025-11-13T19:03:15+00:00 [queued]>
[2025-11-13T19:03:31.794+0000] {taskinstance.py:2867} INFO - Starting attempt 1 of 1
[2025-11-13T19:03:31.958+0000] {taskinstance.py:2890} INFO - Executing <Task(PythonOperator): generate_sensor_data> on 2025-11-13 19:03:15+00:00
[2025-11-13T19:03:31.965+0000] {warnings.py:112} WARNING - /home/***/.local/lib/python3.12/site-packages/***/task/task_runner/standard_task_runner.py:70: DeprecationWarning: This process (pid=4533) is multi-threaded, use of fork() may lead to deadlocks in the child.
  pid = os.fork()

[2025-11-13T19:03:31.967+0000] {standard_task_runner.py:72} INFO - Started process 4542 to run task
[2025-11-13T19:03:31.968+0000] {standard_task_runner.py:104} INFO - Running: ['***', 'tasks', 'run', 'iot_sensor_data_dag', 'generate_sensor_data', 'scheduled__2025-11-13T19:03:15+00:00', '--job-id', '647', '--raw', '--subdir', 'DAGS_FOLDER/DEPI.py', '--cfg-path', '/tmp/tmp4gtd9xhz']
[2025-11-13T19:03:31.969+0000] {standard_task_runner.py:105} INFO - Job 647: Subtask generate_sensor_data
[2025-11-13T19:03:32.021+0000] {task_command.py:467} INFO - Running <TaskInstance: iot_sensor_data_dag.generate_sensor_data scheduled__2025-11-13T19:03:15+00:00 [running]> on host 4f76d54186b6
[2025-11-13T19:03:32.098+0000] {taskinstance.py:3134} INFO - Exporting env vars: AIRFLOW_CTX_DAG_OWNER='***' AIRFLOW_CTX_DAG_ID='iot_sensor_data_dag' AIRFLOW_CTX_TASK_ID='generate_sensor_data' AIRFLOW_CTX_EXECUTION_DATE='2025-11-13T19:03:15+00:00' AIRFLOW_CTX_TRY_NUMBER='1' AIRFLOW_CTX_DAG_RUN_ID='scheduled__2025-11-13T19:03:15+00:00'
[2025-11-13T19:03:32.100+0000] {logging_mixin.py:190} INFO - Task instance is in running state
[2025-11-13T19:03:32.102+0000] {logging_mixin.py:190} INFO -  Previous state of the Task instance: queued
[2025-11-13T19:03:32.102+0000] {logging_mixin.py:190} INFO - Current task name:generate_sensor_data state:running start_date:2025-11-13 19:03:31.786731+00:00
[2025-11-13T19:03:32.103+0000] {logging_mixin.py:190} INFO - Dag name:iot_sensor_data_dag and current dag run status:running
[2025-11-13T19:03:32.104+0000] {taskinstance.py:732} INFO - ::endgroup::
[2025-11-13T19:03:32.138+0000] {logging_mixin.py:190} INFO - [2025-11-13 19:03:32.122685] Inserted sensor data: {'time': datetime.datetime(2025, 11, 13, 19, 3, 32, 122685), 'temperature': 27.33069963521567, 'Dissolved_oxygen': 5.9969077264646, 'PH': 7.5996888551724044, 'Ammonia': 0.010110787700302317, 'Nitrite': 0.04976455902403388, 'Turbidty': 40.54975050575219, '_id': ObjectId('69162b84aa8d6062543cb697')}
[2025-11-13T19:03:32.142+0000] {python.py:218} INFO - Done. Returned value was: None
[2025-11-13T19:03:32.154+0000] {taskinstance.py:341} INFO - ::group::Post task execution logs
[2025-11-13T19:03:32.155+0000] {taskinstance.py:353} INFO - Marking task as SUCCESS. dag_id=iot_sensor_data_dag, task_id=generate_sensor_data, run_id=scheduled__2025-11-13T19:03:15+00:00, execution_date=20251113T190315, start_date=20251113T190331, end_date=20251113T190332
[2025-11-13T19:03:32.179+0000] {logging_mixin.py:190} INFO - Task instance in success state
[2025-11-13T19:03:32.180+0000] {logging_mixin.py:190} INFO -  Previous state of the Task instance: running
[2025-11-13T19:03:32.181+0000] {logging_mixin.py:190} INFO - Dag name:iot_sensor_data_dag queued_at:2025-11-13 19:03:30.117867+00:00
[2025-11-13T19:03:32.181+0000] {logging_mixin.py:190} INFO - Task hostname:4f76d54186b6 operator:PythonOperator
[2025-11-13T19:03:32.225+0000] {local_task_job_runner.py:266} INFO - Task exited with return code 0
[2025-11-13T19:03:32.250+0000] {taskinstance.py:3901} INFO - 0 downstream tasks scheduled from follow-on schedule check
[2025-11-13T19:03:32.255+0000] {local_task_job_runner.py:245} INFO - ::endgroup::
