[2025-11-13T18:34:46.645+0000] {local_task_job_runner.py:123} INFO - ::group::Pre task execution logs
[2025-11-13T18:34:46.657+0000] {taskinstance.py:2614} INFO - Dependencies all met for dep_context=non-requeueable deps ti=<TaskInstance: iot_sensor_data_dag.generate_sensor_data scheduled__2025-11-13T18:34:30+00:00 [queued]>
[2025-11-13T18:34:46.662+0000] {taskinstance.py:2614} INFO - Dependencies all met for dep_context=requeueable deps ti=<TaskInstance: iot_sensor_data_dag.generate_sensor_data scheduled__2025-11-13T18:34:30+00:00 [queued]>
[2025-11-13T18:34:46.663+0000] {taskinstance.py:2867} INFO - Starting attempt 1 of 1
[2025-11-13T18:34:46.787+0000] {taskinstance.py:2890} INFO - Executing <Task(PythonOperator): generate_sensor_data> on 2025-11-13 18:34:30+00:00
[2025-11-13T18:34:46.796+0000] {warnings.py:112} WARNING - /home/***/.local/lib/python3.12/site-packages/***/task/task_runner/standard_task_runner.py:70: DeprecationWarning: This process (pid=3332) is multi-threaded, use of fork() may lead to deadlocks in the child.
  pid = os.fork()

[2025-11-13T18:34:46.799+0000] {standard_task_runner.py:72} INFO - Started process 3334 to run task
[2025-11-13T18:34:46.800+0000] {standard_task_runner.py:104} INFO - Running: ['***', 'tasks', 'run', 'iot_sensor_data_dag', 'generate_sensor_data', 'scheduled__2025-11-13T18:34:30+00:00', '--job-id', '532', '--raw', '--subdir', 'DAGS_FOLDER/DEPI.py', '--cfg-path', '/tmp/tmp9dr827cy']
[2025-11-13T18:34:46.803+0000] {standard_task_runner.py:105} INFO - Job 532: Subtask generate_sensor_data
[2025-11-13T18:34:46.875+0000] {task_command.py:467} INFO - Running <TaskInstance: iot_sensor_data_dag.generate_sensor_data scheduled__2025-11-13T18:34:30+00:00 [running]> on host 4f76d54186b6
[2025-11-13T18:34:46.952+0000] {taskinstance.py:3134} INFO - Exporting env vars: AIRFLOW_CTX_DAG_OWNER='***' AIRFLOW_CTX_DAG_ID='iot_sensor_data_dag' AIRFLOW_CTX_TASK_ID='generate_sensor_data' AIRFLOW_CTX_EXECUTION_DATE='2025-11-13T18:34:30+00:00' AIRFLOW_CTX_TRY_NUMBER='1' AIRFLOW_CTX_DAG_RUN_ID='scheduled__2025-11-13T18:34:30+00:00'
[2025-11-13T18:34:46.954+0000] {logging_mixin.py:190} INFO - Task instance is in running state
[2025-11-13T18:34:46.954+0000] {logging_mixin.py:190} INFO -  Previous state of the Task instance: queued
[2025-11-13T18:34:46.955+0000] {logging_mixin.py:190} INFO - Current task name:generate_sensor_data state:running start_date:2025-11-13 18:34:46.657970+00:00
[2025-11-13T18:34:46.956+0000] {logging_mixin.py:190} INFO - Dag name:iot_sensor_data_dag and current dag run status:running
[2025-11-13T18:34:46.956+0000] {taskinstance.py:732} INFO - ::endgroup::
[2025-11-13T18:34:46.981+0000] {logging_mixin.py:190} INFO - [2025-11-13 18:34:46.967459] Inserted sensor data: {'time': datetime.datetime(2025, 11, 13, 18, 34, 46, 967459), 'temperature': 27.545823303319033, 'Dissolved_oxygen': 5.95526879405668, 'PH': 7.447728566141324, 'Ammonia': 0.010632819410787052, 'Nitrite': 0.048677607404853857, 'Turbidty': 39.10633966748378, '_id': ObjectId('691624c627ff3013d042c2e3')}
[2025-11-13T18:34:46.982+0000] {python.py:218} INFO - Done. Returned value was: None
[2025-11-13T18:34:46.994+0000] {taskinstance.py:341} INFO - ::group::Post task execution logs
[2025-11-13T18:34:46.994+0000] {taskinstance.py:353} INFO - Marking task as SUCCESS. dag_id=iot_sensor_data_dag, task_id=generate_sensor_data, run_id=scheduled__2025-11-13T18:34:30+00:00, execution_date=20251113T183430, start_date=20251113T183446, end_date=20251113T183446
[2025-11-13T18:34:47.016+0000] {logging_mixin.py:190} INFO - Task instance in success state
[2025-11-13T18:34:47.017+0000] {logging_mixin.py:190} INFO -  Previous state of the Task instance: running
[2025-11-13T18:34:47.017+0000] {logging_mixin.py:190} INFO - Dag name:iot_sensor_data_dag queued_at:2025-11-13 18:34:45.436595+00:00
[2025-11-13T18:34:47.018+0000] {logging_mixin.py:190} INFO - Task hostname:4f76d54186b6 operator:PythonOperator
[2025-11-13T18:34:47.027+0000] {local_task_job_runner.py:266} INFO - Task exited with return code 0
[2025-11-13T18:34:47.050+0000] {taskinstance.py:3901} INFO - 0 downstream tasks scheduled from follow-on schedule check
[2025-11-13T18:34:47.055+0000] {local_task_job_runner.py:245} INFO - ::endgroup::
