[2025-11-13T17:48:01.214+0000] {local_task_job_runner.py:123} INFO - ::group::Pre task execution logs
[2025-11-13T17:48:01.239+0000] {taskinstance.py:2614} INFO - Dependencies all met for dep_context=non-requeueable deps ti=<TaskInstance: iot_sensor_data_dag.generate_sensor_data scheduled__2025-11-13T17:47:45+00:00 [queued]>
[2025-11-13T17:48:01.250+0000] {taskinstance.py:2614} INFO - Dependencies all met for dep_context=requeueable deps ti=<TaskInstance: iot_sensor_data_dag.generate_sensor_data scheduled__2025-11-13T17:47:45+00:00 [queued]>
[2025-11-13T17:48:01.251+0000] {taskinstance.py:2867} INFO - Starting attempt 1 of 1
[2025-11-13T17:48:01.442+0000] {taskinstance.py:2890} INFO - Executing <Task(PythonOperator): generate_sensor_data> on 2025-11-13 17:47:45+00:00
[2025-11-13T17:48:01.454+0000] {warnings.py:112} WARNING - /home/***/.local/lib/python3.12/site-packages/***/task/task_runner/standard_task_runner.py:70: DeprecationWarning: This process (pid=1382) is multi-threaded, use of fork() may lead to deadlocks in the child.
  pid = os.fork()

[2025-11-13T17:48:01.457+0000] {standard_task_runner.py:72} INFO - Started process 1384 to run task
[2025-11-13T17:48:01.457+0000] {standard_task_runner.py:104} INFO - Running: ['***', 'tasks', 'run', 'iot_sensor_data_dag', 'generate_sensor_data', 'scheduled__2025-11-13T17:47:45+00:00', '--job-id', '345', '--raw', '--subdir', 'DAGS_FOLDER/DEPI.py', '--cfg-path', '/tmp/tmpzm51t3lr']
[2025-11-13T17:48:01.459+0000] {standard_task_runner.py:105} INFO - Job 345: Subtask generate_sensor_data
[2025-11-13T17:48:01.523+0000] {task_command.py:467} INFO - Running <TaskInstance: iot_sensor_data_dag.generate_sensor_data scheduled__2025-11-13T17:47:45+00:00 [running]> on host 4f76d54186b6
[2025-11-13T17:48:01.627+0000] {taskinstance.py:3134} INFO - Exporting env vars: AIRFLOW_CTX_DAG_OWNER='***' AIRFLOW_CTX_DAG_ID='iot_sensor_data_dag' AIRFLOW_CTX_TASK_ID='generate_sensor_data' AIRFLOW_CTX_EXECUTION_DATE='2025-11-13T17:47:45+00:00' AIRFLOW_CTX_TRY_NUMBER='1' AIRFLOW_CTX_DAG_RUN_ID='scheduled__2025-11-13T17:47:45+00:00'
[2025-11-13T17:48:01.629+0000] {logging_mixin.py:190} INFO - Task instance is in running state
[2025-11-13T17:48:01.630+0000] {logging_mixin.py:190} INFO -  Previous state of the Task instance: queued
[2025-11-13T17:48:01.631+0000] {logging_mixin.py:190} INFO - Current task name:generate_sensor_data state:running start_date:2025-11-13 17:48:01.240280+00:00
[2025-11-13T17:48:01.632+0000] {logging_mixin.py:190} INFO - Dag name:iot_sensor_data_dag and current dag run status:running
[2025-11-13T17:48:01.633+0000] {taskinstance.py:732} INFO - ::endgroup::
[2025-11-13T17:48:01.673+0000] {logging_mixin.py:190} INFO - [2025-11-13 17:48:01.654460] Inserted sensor data: {'time': datetime.datetime(2025, 11, 13, 17, 48, 1, 654460), 'temperature': 27.579088063763308, 'Dissolved_oxygen': 5.990690501643432, 'PH': 7.575940850224912, 'Ammonia': 0.00968673714222538, 'Nitrite': 0.05187567816426179, 'Turbidty': 40.49661718367195, '_id': ObjectId('691619d142b35d76f6c1b599')}
[2025-11-13T17:48:01.676+0000] {python.py:218} INFO - Done. Returned value was: None
[2025-11-13T17:48:01.693+0000] {taskinstance.py:341} INFO - ::group::Post task execution logs
[2025-11-13T17:48:01.694+0000] {taskinstance.py:353} INFO - Marking task as SUCCESS. dag_id=iot_sensor_data_dag, task_id=generate_sensor_data, run_id=scheduled__2025-11-13T17:47:45+00:00, execution_date=20251113T174745, start_date=20251113T174801, end_date=20251113T174801
[2025-11-13T17:48:01.724+0000] {logging_mixin.py:190} INFO - Task instance in success state
[2025-11-13T17:48:01.726+0000] {logging_mixin.py:190} INFO -  Previous state of the Task instance: running
[2025-11-13T17:48:01.727+0000] {logging_mixin.py:190} INFO - Dag name:iot_sensor_data_dag queued_at:2025-11-13 17:48:00.785442+00:00
[2025-11-13T17:48:01.728+0000] {logging_mixin.py:190} INFO - Task hostname:4f76d54186b6 operator:PythonOperator
[2025-11-13T17:48:01.760+0000] {local_task_job_runner.py:266} INFO - Task exited with return code 0
[2025-11-13T17:48:01.800+0000] {taskinstance.py:3901} INFO - 0 downstream tasks scheduled from follow-on schedule check
[2025-11-13T17:48:01.808+0000] {local_task_job_runner.py:245} INFO - ::endgroup::
