[2025-11-13T19:10:01.974+0000] {local_task_job_runner.py:123} INFO - ::group::Pre task execution logs
[2025-11-13T19:10:01.988+0000] {taskinstance.py:2614} INFO - Dependencies all met for dep_context=non-requeueable deps ti=<TaskInstance: iot_sensor_data_dag.generate_sensor_data scheduled__2025-11-13T19:09:45+00:00 [queued]>
[2025-11-13T19:10:01.997+0000] {taskinstance.py:2614} INFO - Dependencies all met for dep_context=requeueable deps ti=<TaskInstance: iot_sensor_data_dag.generate_sensor_data scheduled__2025-11-13T19:09:45+00:00 [queued]>
[2025-11-13T19:10:01.999+0000] {taskinstance.py:2867} INFO - Starting attempt 1 of 1
[2025-11-13T19:10:02.132+0000] {taskinstance.py:2890} INFO - Executing <Task(PythonOperator): generate_sensor_data> on 2025-11-13 19:09:45+00:00
[2025-11-13T19:10:02.139+0000] {warnings.py:112} WARNING - /home/***/.local/lib/python3.12/site-packages/***/task/task_runner/standard_task_runner.py:70: DeprecationWarning: This process (pid=4806) is multi-threaded, use of fork() may lead to deadlocks in the child.
  pid = os.fork()

[2025-11-13T19:10:02.142+0000] {standard_task_runner.py:104} INFO - Running: ['***', 'tasks', 'run', 'iot_sensor_data_dag', 'generate_sensor_data', 'scheduled__2025-11-13T19:09:45+00:00', '--job-id', '673', '--raw', '--subdir', 'DAGS_FOLDER/DEPI.py', '--cfg-path', '/tmp/tmpriba2lln']
[2025-11-13T19:10:02.143+0000] {standard_task_runner.py:72} INFO - Started process 4808 to run task
[2025-11-13T19:10:02.145+0000] {standard_task_runner.py:105} INFO - Job 673: Subtask generate_sensor_data
[2025-11-13T19:10:02.212+0000] {task_command.py:467} INFO - Running <TaskInstance: iot_sensor_data_dag.generate_sensor_data scheduled__2025-11-13T19:09:45+00:00 [running]> on host 4f76d54186b6
[2025-11-13T19:10:02.301+0000] {taskinstance.py:3134} INFO - Exporting env vars: AIRFLOW_CTX_DAG_OWNER='***' AIRFLOW_CTX_DAG_ID='iot_sensor_data_dag' AIRFLOW_CTX_TASK_ID='generate_sensor_data' AIRFLOW_CTX_EXECUTION_DATE='2025-11-13T19:09:45+00:00' AIRFLOW_CTX_TRY_NUMBER='1' AIRFLOW_CTX_DAG_RUN_ID='scheduled__2025-11-13T19:09:45+00:00'
[2025-11-13T19:10:02.304+0000] {logging_mixin.py:190} INFO - Task instance is in running state
[2025-11-13T19:10:02.307+0000] {logging_mixin.py:190} INFO -  Previous state of the Task instance: queued
[2025-11-13T19:10:02.309+0000] {logging_mixin.py:190} INFO - Current task name:generate_sensor_data state:running start_date:2025-11-13 19:10:01.989632+00:00
[2025-11-13T19:10:02.312+0000] {logging_mixin.py:190} INFO - Dag name:iot_sensor_data_dag and current dag run status:running
[2025-11-13T19:10:02.316+0000] {taskinstance.py:732} INFO - ::endgroup::
[2025-11-13T19:10:02.415+0000] {logging_mixin.py:190} INFO - [2025-11-13 19:10:02.372774] Inserted sensor data: {'time': datetime.datetime(2025, 11, 13, 19, 10, 2, 372774), 'temperature': 27.45807582570592, 'Dissolved_oxygen': 5.994045591048574, 'PH': 7.466701428560383, 'Ammonia': 0.010005722904958396, 'Nitrite': 0.054432958674358566, 'Turbidty': 39.832569898324756, '_id': ObjectId('69162d0a43c32dec08d56d93')}
[2025-11-13T19:10:02.428+0000] {python.py:218} INFO - Done. Returned value was: None
[2025-11-13T19:10:02.448+0000] {taskinstance.py:341} INFO - ::group::Post task execution logs
[2025-11-13T19:10:02.451+0000] {taskinstance.py:353} INFO - Marking task as SUCCESS. dag_id=iot_sensor_data_dag, task_id=generate_sensor_data, run_id=scheduled__2025-11-13T19:09:45+00:00, execution_date=20251113T190945, start_date=20251113T191001, end_date=20251113T191002
[2025-11-13T19:10:02.518+0000] {logging_mixin.py:190} INFO - Task instance in success state
[2025-11-13T19:10:02.521+0000] {logging_mixin.py:190} INFO -  Previous state of the Task instance: running
[2025-11-13T19:10:02.525+0000] {logging_mixin.py:190} INFO - Dag name:iot_sensor_data_dag queued_at:2025-11-13 19:10:00.135193+00:00
[2025-11-13T19:10:02.529+0000] {logging_mixin.py:190} INFO - Task hostname:4f76d54186b6 operator:PythonOperator
[2025-11-13T19:10:02.548+0000] {local_task_job_runner.py:266} INFO - Task exited with return code 0
[2025-11-13T19:10:02.573+0000] {taskinstance.py:3901} INFO - 0 downstream tasks scheduled from follow-on schedule check
[2025-11-13T19:10:02.581+0000] {local_task_job_runner.py:245} INFO - ::endgroup::
