[2025-11-14T14:23:46.559+0000] {local_task_job_runner.py:123} INFO - ::group::Pre task execution logs
[2025-11-14T14:23:46.677+0000] {taskinstance.py:2614} INFO - Dependencies all met for dep_context=non-requeueable deps ti=<TaskInstance: iot_sensor_data_dag.generate_sensor_data scheduled__2025-11-14T14:23:30+00:00 [queued]>
[2025-11-14T14:23:46.684+0000] {taskinstance.py:2614} INFO - Dependencies all met for dep_context=requeueable deps ti=<TaskInstance: iot_sensor_data_dag.generate_sensor_data scheduled__2025-11-14T14:23:30+00:00 [queued]>
[2025-11-14T14:23:46.685+0000] {taskinstance.py:2867} INFO - Starting attempt 1 of 1
[2025-11-14T14:23:46.695+0000] {taskinstance.py:2890} INFO - Executing <Task(PythonOperator): generate_sensor_data> on 2025-11-14 14:23:30+00:00
[2025-11-14T14:23:46.702+0000] {warnings.py:112} WARNING - /home/***/.local/lib/python3.12/site-packages/***/task/task_runner/standard_task_runner.py:70: DeprecationWarning: This process (pid=277) is multi-threaded, use of fork() may lead to deadlocks in the child.
  pid = os.fork()

[2025-11-14T14:23:46.704+0000] {standard_task_runner.py:72} INFO - Started process 279 to run task
[2025-11-14T14:23:46.705+0000] {standard_task_runner.py:104} INFO - Running: ['***', 'tasks', 'run', 'iot_sensor_data_dag', 'generate_sensor_data', 'scheduled__2025-11-14T14:23:30+00:00', '--job-id', '778', '--raw', '--subdir', 'DAGS_FOLDER/DEPI.py', '--cfg-path', '/tmp/tmp6zeyhmj9']
[2025-11-14T14:23:46.707+0000] {standard_task_runner.py:105} INFO - Job 778: Subtask generate_sensor_data
[2025-11-14T14:23:46.747+0000] {task_command.py:467} INFO - Running <TaskInstance: iot_sensor_data_dag.generate_sensor_data scheduled__2025-11-14T14:23:30+00:00 [running]> on host 4f76d54186b6
[2025-11-14T14:23:46.808+0000] {taskinstance.py:3134} INFO - Exporting env vars: AIRFLOW_CTX_DAG_OWNER='***' AIRFLOW_CTX_DAG_ID='iot_sensor_data_dag' AIRFLOW_CTX_TASK_ID='generate_sensor_data' AIRFLOW_CTX_EXECUTION_DATE='2025-11-14T14:23:30+00:00' AIRFLOW_CTX_TRY_NUMBER='1' AIRFLOW_CTX_DAG_RUN_ID='scheduled__2025-11-14T14:23:30+00:00'
[2025-11-14T14:23:46.809+0000] {logging_mixin.py:190} INFO - Task instance is in running state
[2025-11-14T14:23:46.810+0000] {logging_mixin.py:190} INFO -  Previous state of the Task instance: queued
[2025-11-14T14:23:46.810+0000] {logging_mixin.py:190} INFO - Current task name:generate_sensor_data state:running start_date:2025-11-14 14:23:46.678761+00:00
[2025-11-14T14:23:46.811+0000] {logging_mixin.py:190} INFO - Dag name:iot_sensor_data_dag and current dag run status:running
[2025-11-14T14:23:46.811+0000] {taskinstance.py:732} INFO - ::endgroup::
[2025-11-14T14:23:46.836+0000] {logging_mixin.py:190} INFO - [2025-11-14 14:23:46.824077] Inserted sensor data: {'time': datetime.datetime(2025, 11, 14, 14, 23, 46, 824077), 'temperature': 27.644235737396478, 'Dissolved_oxygen': 6.03575324356461, 'PH': 7.453275352632495, 'Ammonia': 0.010239139261329078, 'Nitrite': 0.05412607122619829, 'Turbidty': 39.852638819005705, '_id': ObjectId('69173b72589ddb09605a2a65')}
[2025-11-14T14:23:46.838+0000] {python.py:218} INFO - Done. Returned value was: None
[2025-11-14T14:23:46.847+0000] {taskinstance.py:341} INFO - ::group::Post task execution logs
[2025-11-14T14:23:46.848+0000] {taskinstance.py:353} INFO - Marking task as SUCCESS. dag_id=iot_sensor_data_dag, task_id=generate_sensor_data, run_id=scheduled__2025-11-14T14:23:30+00:00, execution_date=20251114T142330, start_date=20251114T142346, end_date=20251114T142346
[2025-11-14T14:23:46.864+0000] {logging_mixin.py:190} INFO - Task instance in success state
[2025-11-14T14:23:46.865+0000] {logging_mixin.py:190} INFO -  Previous state of the Task instance: running
[2025-11-14T14:23:46.865+0000] {logging_mixin.py:190} INFO - Dag name:iot_sensor_data_dag queued_at:2025-11-14 14:23:45.326349+00:00
[2025-11-14T14:23:46.866+0000] {logging_mixin.py:190} INFO - Task hostname:4f76d54186b6 operator:PythonOperator
[2025-11-14T14:23:46.883+0000] {local_task_job_runner.py:266} INFO - Task exited with return code 0
[2025-11-14T14:23:46.902+0000] {taskinstance.py:3901} INFO - 0 downstream tasks scheduled from follow-on schedule check
[2025-11-14T14:23:46.906+0000] {local_task_job_runner.py:245} INFO - ::endgroup::
