[2025-11-13T19:07:46.954+0000] {local_task_job_runner.py:123} INFO - ::group::Pre task execution logs
[2025-11-13T19:07:46.968+0000] {taskinstance.py:2614} INFO - Dependencies all met for dep_context=non-requeueable deps ti=<TaskInstance: iot_sensor_data_dag.generate_sensor_data scheduled__2025-11-13T19:07:30+00:00 [queued]>
[2025-11-13T19:07:46.975+0000] {taskinstance.py:2614} INFO - Dependencies all met for dep_context=requeueable deps ti=<TaskInstance: iot_sensor_data_dag.generate_sensor_data scheduled__2025-11-13T19:07:30+00:00 [queued]>
[2025-11-13T19:07:46.976+0000] {taskinstance.py:2867} INFO - Starting attempt 1 of 1
[2025-11-13T19:07:47.108+0000] {taskinstance.py:2890} INFO - Executing <Task(PythonOperator): generate_sensor_data> on 2025-11-13 19:07:30+00:00
[2025-11-13T19:07:47.117+0000] {warnings.py:112} WARNING - /home/***/.local/lib/python3.12/site-packages/***/task/task_runner/standard_task_runner.py:70: DeprecationWarning: This process (pid=4715) is multi-threaded, use of fork() may lead to deadlocks in the child.
  pid = os.fork()

[2025-11-13T19:07:47.119+0000] {standard_task_runner.py:104} INFO - Running: ['***', 'tasks', 'run', 'iot_sensor_data_dag', 'generate_sensor_data', 'scheduled__2025-11-13T19:07:30+00:00', '--job-id', '664', '--raw', '--subdir', 'DAGS_FOLDER/DEPI.py', '--cfg-path', '/tmp/tmp3owhtm3l']
[2025-11-13T19:07:47.120+0000] {standard_task_runner.py:72} INFO - Started process 4717 to run task
[2025-11-13T19:07:47.121+0000] {standard_task_runner.py:105} INFO - Job 664: Subtask generate_sensor_data
[2025-11-13T19:07:47.166+0000] {task_command.py:467} INFO - Running <TaskInstance: iot_sensor_data_dag.generate_sensor_data scheduled__2025-11-13T19:07:30+00:00 [running]> on host 4f76d54186b6
[2025-11-13T19:07:47.240+0000] {taskinstance.py:3134} INFO - Exporting env vars: AIRFLOW_CTX_DAG_OWNER='***' AIRFLOW_CTX_DAG_ID='iot_sensor_data_dag' AIRFLOW_CTX_TASK_ID='generate_sensor_data' AIRFLOW_CTX_EXECUTION_DATE='2025-11-13T19:07:30+00:00' AIRFLOW_CTX_TRY_NUMBER='1' AIRFLOW_CTX_DAG_RUN_ID='scheduled__2025-11-13T19:07:30+00:00'
[2025-11-13T19:07:47.242+0000] {logging_mixin.py:190} INFO - Task instance is in running state
[2025-11-13T19:07:47.243+0000] {logging_mixin.py:190} INFO -  Previous state of the Task instance: queued
[2025-11-13T19:07:47.244+0000] {logging_mixin.py:190} INFO - Current task name:generate_sensor_data state:running start_date:2025-11-13 19:07:46.969300+00:00
[2025-11-13T19:07:47.244+0000] {logging_mixin.py:190} INFO - Dag name:iot_sensor_data_dag and current dag run status:running
[2025-11-13T19:07:47.245+0000] {taskinstance.py:732} INFO - ::endgroup::
[2025-11-13T19:07:47.281+0000] {logging_mixin.py:190} INFO - [2025-11-13 19:07:47.264588] Inserted sensor data: {'time': datetime.datetime(2025, 11, 13, 19, 7, 47, 264588), 'temperature': 27.56236525231272, 'Dissolved_oxygen': 5.918054843424251, 'PH': 7.469230724290039, 'Ammonia': 0.009868413630566623, 'Nitrite': 0.05487167590682625, 'Turbidty': 39.039969665237344, '_id': ObjectId('69162c8369b13f3d6cf70842')}
[2025-11-13T19:07:47.284+0000] {python.py:218} INFO - Done. Returned value was: None
[2025-11-13T19:07:47.297+0000] {taskinstance.py:341} INFO - ::group::Post task execution logs
[2025-11-13T19:07:47.297+0000] {taskinstance.py:353} INFO - Marking task as SUCCESS. dag_id=iot_sensor_data_dag, task_id=generate_sensor_data, run_id=scheduled__2025-11-13T19:07:30+00:00, execution_date=20251113T190730, start_date=20251113T190746, end_date=20251113T190747
[2025-11-13T19:07:47.319+0000] {logging_mixin.py:190} INFO - Task instance in success state
[2025-11-13T19:07:47.320+0000] {logging_mixin.py:190} INFO -  Previous state of the Task instance: running
[2025-11-13T19:07:47.320+0000] {logging_mixin.py:190} INFO - Dag name:iot_sensor_data_dag queued_at:2025-11-13 19:07:45.548615+00:00
[2025-11-13T19:07:47.321+0000] {logging_mixin.py:190} INFO - Task hostname:4f76d54186b6 operator:PythonOperator
[2025-11-13T19:07:47.344+0000] {local_task_job_runner.py:266} INFO - Task exited with return code 0
[2025-11-13T19:07:47.365+0000] {taskinstance.py:3901} INFO - 0 downstream tasks scheduled from follow-on schedule check
[2025-11-13T19:07:47.369+0000] {local_task_job_runner.py:245} INFO - ::endgroup::
