[2025-11-13T19:02:32.503+0000] {local_task_job_runner.py:123} INFO - ::group::Pre task execution logs
[2025-11-13T19:02:32.518+0000] {taskinstance.py:2614} INFO - Dependencies all met for dep_context=non-requeueable deps ti=<TaskInstance: iot_sensor_data_dag.generate_sensor_data scheduled__2025-11-13T19:02:15+00:00 [queued]>
[2025-11-13T19:02:32.525+0000] {taskinstance.py:2614} INFO - Dependencies all met for dep_context=requeueable deps ti=<TaskInstance: iot_sensor_data_dag.generate_sensor_data scheduled__2025-11-13T19:02:15+00:00 [queued]>
[2025-11-13T19:02:32.538+0000] {taskinstance.py:2867} INFO - Starting attempt 1 of 1
[2025-11-13T19:02:32.704+0000] {taskinstance.py:2890} INFO - Executing <Task(PythonOperator): generate_sensor_data> on 2025-11-13 19:02:15+00:00
[2025-11-13T19:02:32.712+0000] {warnings.py:112} WARNING - /home/***/.local/lib/python3.12/site-packages/***/task/task_runner/standard_task_runner.py:70: DeprecationWarning: This process (pid=4498) is multi-threaded, use of fork() may lead to deadlocks in the child.
  pid = os.fork()

[2025-11-13T19:02:32.714+0000] {standard_task_runner.py:72} INFO - Started process 4500 to run task
[2025-11-13T19:02:32.714+0000] {standard_task_runner.py:104} INFO - Running: ['***', 'tasks', 'run', 'iot_sensor_data_dag', 'generate_sensor_data', 'scheduled__2025-11-13T19:02:15+00:00', '--job-id', '643', '--raw', '--subdir', 'DAGS_FOLDER/DEPI.py', '--cfg-path', '/tmp/tmpmemovid0']
[2025-11-13T19:02:32.716+0000] {standard_task_runner.py:105} INFO - Job 643: Subtask generate_sensor_data
[2025-11-13T19:02:32.764+0000] {task_command.py:467} INFO - Running <TaskInstance: iot_sensor_data_dag.generate_sensor_data scheduled__2025-11-13T19:02:15+00:00 [running]> on host 4f76d54186b6
[2025-11-13T19:02:32.878+0000] {taskinstance.py:3134} INFO - Exporting env vars: AIRFLOW_CTX_DAG_OWNER='***' AIRFLOW_CTX_DAG_ID='iot_sensor_data_dag' AIRFLOW_CTX_TASK_ID='generate_sensor_data' AIRFLOW_CTX_EXECUTION_DATE='2025-11-13T19:02:15+00:00' AIRFLOW_CTX_TRY_NUMBER='1' AIRFLOW_CTX_DAG_RUN_ID='scheduled__2025-11-13T19:02:15+00:00'
[2025-11-13T19:02:32.880+0000] {logging_mixin.py:190} INFO - Task instance is in running state
[2025-11-13T19:02:32.882+0000] {logging_mixin.py:190} INFO -  Previous state of the Task instance: queued
[2025-11-13T19:02:32.882+0000] {logging_mixin.py:190} INFO - Current task name:generate_sensor_data state:running start_date:2025-11-13 19:02:32.519632+00:00
[2025-11-13T19:02:32.883+0000] {logging_mixin.py:190} INFO - Dag name:iot_sensor_data_dag and current dag run status:running
[2025-11-13T19:02:32.884+0000] {taskinstance.py:732} INFO - ::endgroup::
[2025-11-13T19:02:32.927+0000] {logging_mixin.py:190} INFO - [2025-11-13 19:02:32.903505] Inserted sensor data: {'time': datetime.datetime(2025, 11, 13, 19, 2, 32, 903505), 'temperature': 27.47545059824529, 'Dissolved_oxygen': 6.025470108947788, 'PH': 7.450532768730583, 'Ammonia': 0.00987206691741856, 'Nitrite': 0.04710166392021429, 'Turbidty': 39.72069273298178, '_id': ObjectId('69162b4864e3d52c80320c3f')}
[2025-11-13T19:02:32.931+0000] {python.py:218} INFO - Done. Returned value was: None
[2025-11-13T19:02:32.948+0000] {taskinstance.py:341} INFO - ::group::Post task execution logs
[2025-11-13T19:02:32.949+0000] {taskinstance.py:353} INFO - Marking task as SUCCESS. dag_id=iot_sensor_data_dag, task_id=generate_sensor_data, run_id=scheduled__2025-11-13T19:02:15+00:00, execution_date=20251113T190215, start_date=20251113T190232, end_date=20251113T190232
[2025-11-13T19:02:32.977+0000] {logging_mixin.py:190} INFO - Task instance in success state
[2025-11-13T19:02:32.979+0000] {logging_mixin.py:190} INFO -  Previous state of the Task instance: running
[2025-11-13T19:02:32.979+0000] {logging_mixin.py:190} INFO - Dag name:iot_sensor_data_dag queued_at:2025-11-13 19:02:31.000280+00:00
[2025-11-13T19:02:32.980+0000] {logging_mixin.py:190} INFO - Task hostname:4f76d54186b6 operator:PythonOperator
[2025-11-13T19:02:33.017+0000] {local_task_job_runner.py:266} INFO - Task exited with return code 0
[2025-11-13T19:02:33.040+0000] {taskinstance.py:3901} INFO - 0 downstream tasks scheduled from follow-on schedule check
[2025-11-13T19:02:33.052+0000] {local_task_job_runner.py:245} INFO - ::endgroup::
