[2025-11-13T17:36:01.503+0000] {local_task_job_runner.py:123} INFO - ::group::Pre task execution logs
[2025-11-13T17:36:01.519+0000] {taskinstance.py:2614} INFO - Dependencies all met for dep_context=non-requeueable deps ti=<TaskInstance: iot_sensor_data_dag.generate_sensor_data scheduled__2025-11-13T17:35:45+00:00 [queued]>
[2025-11-13T17:36:01.526+0000] {taskinstance.py:2614} INFO - Dependencies all met for dep_context=requeueable deps ti=<TaskInstance: iot_sensor_data_dag.generate_sensor_data scheduled__2025-11-13T17:35:45+00:00 [queued]>
[2025-11-13T17:36:01.535+0000] {taskinstance.py:2867} INFO - Starting attempt 1 of 1
[2025-11-13T17:36:01.664+0000] {taskinstance.py:2890} INFO - Executing <Task(PythonOperator): generate_sensor_data> on 2025-11-13 17:35:45+00:00
[2025-11-13T17:36:01.670+0000] {warnings.py:112} WARNING - /home/***/.local/lib/python3.12/site-packages/***/task/task_runner/standard_task_runner.py:70: DeprecationWarning: This process (pid=885) is multi-threaded, use of fork() may lead to deadlocks in the child.
  pid = os.fork()

[2025-11-13T17:36:01.673+0000] {standard_task_runner.py:72} INFO - Started process 887 to run task
[2025-11-13T17:36:01.673+0000] {standard_task_runner.py:104} INFO - Running: ['***', 'tasks', 'run', 'iot_sensor_data_dag', 'generate_sensor_data', 'scheduled__2025-11-13T17:35:45+00:00', '--job-id', '297', '--raw', '--subdir', 'DAGS_FOLDER/DEPI.py', '--cfg-path', '/tmp/tmpt6or51y_']
[2025-11-13T17:36:01.674+0000] {standard_task_runner.py:105} INFO - Job 297: Subtask generate_sensor_data
[2025-11-13T17:36:01.723+0000] {task_command.py:467} INFO - Running <TaskInstance: iot_sensor_data_dag.generate_sensor_data scheduled__2025-11-13T17:35:45+00:00 [running]> on host 4f76d54186b6
[2025-11-13T17:36:01.805+0000] {taskinstance.py:3134} INFO - Exporting env vars: AIRFLOW_CTX_DAG_OWNER='***' AIRFLOW_CTX_DAG_ID='iot_sensor_data_dag' AIRFLOW_CTX_TASK_ID='generate_sensor_data' AIRFLOW_CTX_EXECUTION_DATE='2025-11-13T17:35:45+00:00' AIRFLOW_CTX_TRY_NUMBER='1' AIRFLOW_CTX_DAG_RUN_ID='scheduled__2025-11-13T17:35:45+00:00'
[2025-11-13T17:36:01.807+0000] {logging_mixin.py:190} INFO - Task instance is in running state
[2025-11-13T17:36:01.807+0000] {logging_mixin.py:190} INFO -  Previous state of the Task instance: queued
[2025-11-13T17:36:01.808+0000] {logging_mixin.py:190} INFO - Current task name:generate_sensor_data state:running start_date:2025-11-13 17:36:01.520365+00:00
[2025-11-13T17:36:01.809+0000] {logging_mixin.py:190} INFO - Dag name:iot_sensor_data_dag and current dag run status:running
[2025-11-13T17:36:01.809+0000] {taskinstance.py:732} INFO - ::endgroup::
[2025-11-13T17:36:01.841+0000] {logging_mixin.py:190} INFO - [2025-11-13 17:36:01.827960] Inserted sensor data: {'time': datetime.datetime(2025, 11, 13, 17, 36, 1, 827960), 'temperature': 27.50590808122894, 'Dissolved_oxygen': 6.080231384182267, 'PH': 7.401222389465452, 'Ammonia': 0.010395670750101635, 'Nitrite': 0.04771326561626974, 'Turbidty': 39.12432615056941, '_id': ObjectId('69161701dbd57e17d1fea76a')}
[2025-11-13T17:36:01.844+0000] {python.py:218} INFO - Done. Returned value was: None
[2025-11-13T17:36:01.854+0000] {taskinstance.py:341} INFO - ::group::Post task execution logs
[2025-11-13T17:36:01.855+0000] {taskinstance.py:353} INFO - Marking task as SUCCESS. dag_id=iot_sensor_data_dag, task_id=generate_sensor_data, run_id=scheduled__2025-11-13T17:35:45+00:00, execution_date=20251113T173545, start_date=20251113T173601, end_date=20251113T173601
[2025-11-13T17:36:01.891+0000] {logging_mixin.py:190} INFO - Task instance in success state
[2025-11-13T17:36:01.892+0000] {logging_mixin.py:190} INFO -  Previous state of the Task instance: running
[2025-11-13T17:36:01.893+0000] {logging_mixin.py:190} INFO - Dag name:iot_sensor_data_dag queued_at:2025-11-13 17:36:00.048933+00:00
[2025-11-13T17:36:01.893+0000] {logging_mixin.py:190} INFO - Task hostname:4f76d54186b6 operator:PythonOperator
[2025-11-13T17:36:01.936+0000] {local_task_job_runner.py:266} INFO - Task exited with return code 0
[2025-11-13T17:36:01.961+0000] {taskinstance.py:3901} INFO - 0 downstream tasks scheduled from follow-on schedule check
[2025-11-13T17:36:01.967+0000] {local_task_job_runner.py:245} INFO - ::endgroup::
