[2025-11-13T18:33:16.277+0000] {local_task_job_runner.py:123} INFO - ::group::Pre task execution logs
[2025-11-13T18:33:16.288+0000] {taskinstance.py:2614} INFO - Dependencies all met for dep_context=non-requeueable deps ti=<TaskInstance: iot_sensor_data_dag.generate_sensor_data scheduled__2025-11-13T18:33:00+00:00 [queued]>
[2025-11-13T18:33:16.294+0000] {taskinstance.py:2614} INFO - Dependencies all met for dep_context=requeueable deps ti=<TaskInstance: iot_sensor_data_dag.generate_sensor_data scheduled__2025-11-13T18:33:00+00:00 [queued]>
[2025-11-13T18:33:16.295+0000] {taskinstance.py:2867} INFO - Starting attempt 1 of 1
[2025-11-13T18:33:16.415+0000] {taskinstance.py:2890} INFO - Executing <Task(PythonOperator): generate_sensor_data> on 2025-11-13 18:33:00+00:00
[2025-11-13T18:33:16.423+0000] {warnings.py:112} WARNING - /home/***/.local/lib/python3.12/site-packages/***/task/task_runner/standard_task_runner.py:70: DeprecationWarning: This process (pid=3269) is multi-threaded, use of fork() may lead to deadlocks in the child.
  pid = os.fork()

[2025-11-13T18:33:16.424+0000] {standard_task_runner.py:104} INFO - Running: ['***', 'tasks', 'run', 'iot_sensor_data_dag', 'generate_sensor_data', 'scheduled__2025-11-13T18:33:00+00:00', '--job-id', '526', '--raw', '--subdir', 'DAGS_FOLDER/DEPI.py', '--cfg-path', '/tmp/tmpmoszswkg']
[2025-11-13T18:33:16.426+0000] {standard_task_runner.py:72} INFO - Started process 3271 to run task
[2025-11-13T18:33:16.426+0000] {standard_task_runner.py:105} INFO - Job 526: Subtask generate_sensor_data
[2025-11-13T18:33:16.472+0000] {task_command.py:467} INFO - Running <TaskInstance: iot_sensor_data_dag.generate_sensor_data scheduled__2025-11-13T18:33:00+00:00 [running]> on host 4f76d54186b6
[2025-11-13T18:33:16.532+0000] {taskinstance.py:3134} INFO - Exporting env vars: AIRFLOW_CTX_DAG_OWNER='***' AIRFLOW_CTX_DAG_ID='iot_sensor_data_dag' AIRFLOW_CTX_TASK_ID='generate_sensor_data' AIRFLOW_CTX_EXECUTION_DATE='2025-11-13T18:33:00+00:00' AIRFLOW_CTX_TRY_NUMBER='1' AIRFLOW_CTX_DAG_RUN_ID='scheduled__2025-11-13T18:33:00+00:00'
[2025-11-13T18:33:16.534+0000] {logging_mixin.py:190} INFO - Task instance is in running state
[2025-11-13T18:33:16.534+0000] {logging_mixin.py:190} INFO -  Previous state of the Task instance: queued
[2025-11-13T18:33:16.535+0000] {logging_mixin.py:190} INFO - Current task name:generate_sensor_data state:running start_date:2025-11-13 18:33:16.289584+00:00
[2025-11-13T18:33:16.536+0000] {logging_mixin.py:190} INFO - Dag name:iot_sensor_data_dag and current dag run status:running
[2025-11-13T18:33:16.536+0000] {taskinstance.py:732} INFO - ::endgroup::
[2025-11-13T18:33:16.562+0000] {logging_mixin.py:190} INFO - [2025-11-13 18:33:16.549681] Inserted sensor data: {'time': datetime.datetime(2025, 11, 13, 18, 33, 16, 549681), 'temperature': 27.553372584683174, 'Dissolved_oxygen': 5.9054478963404025, 'PH': 7.439502373600004, 'Ammonia': 0.009566463192821173, 'Nitrite': 0.05253911646480662, 'Turbidty': 40.55704790805545, '_id': ObjectId('6916246c53d9cb4f6f52bb29')}
[2025-11-13T18:33:16.564+0000] {python.py:218} INFO - Done. Returned value was: None
[2025-11-13T18:33:16.575+0000] {taskinstance.py:341} INFO - ::group::Post task execution logs
[2025-11-13T18:33:16.575+0000] {taskinstance.py:353} INFO - Marking task as SUCCESS. dag_id=iot_sensor_data_dag, task_id=generate_sensor_data, run_id=scheduled__2025-11-13T18:33:00+00:00, execution_date=20251113T183300, start_date=20251113T183316, end_date=20251113T183316
[2025-11-13T18:33:16.593+0000] {logging_mixin.py:190} INFO - Task instance in success state
[2025-11-13T18:33:16.594+0000] {logging_mixin.py:190} INFO -  Previous state of the Task instance: running
[2025-11-13T18:33:16.594+0000] {logging_mixin.py:190} INFO - Dag name:iot_sensor_data_dag queued_at:2025-11-13 18:33:15.019975+00:00
[2025-11-13T18:33:16.595+0000] {logging_mixin.py:190} INFO - Task hostname:4f76d54186b6 operator:PythonOperator
[2025-11-13T18:33:16.605+0000] {local_task_job_runner.py:266} INFO - Task exited with return code 0
[2025-11-13T18:33:16.623+0000] {taskinstance.py:3901} INFO - 0 downstream tasks scheduled from follow-on schedule check
[2025-11-13T18:33:16.627+0000] {local_task_job_runner.py:245} INFO - ::endgroup::
