[2025-11-13T19:14:46.643+0000] {local_task_job_runner.py:123} INFO - ::group::Pre task execution logs
[2025-11-13T19:14:46.658+0000] {taskinstance.py:2614} INFO - Dependencies all met for dep_context=non-requeueable deps ti=<TaskInstance: iot_sensor_data_dag.generate_sensor_data scheduled__2025-11-13T19:14:30+00:00 [queued]>
[2025-11-13T19:14:46.666+0000] {taskinstance.py:2614} INFO - Dependencies all met for dep_context=requeueable deps ti=<TaskInstance: iot_sensor_data_dag.generate_sensor_data scheduled__2025-11-13T19:14:30+00:00 [queued]>
[2025-11-13T19:14:46.668+0000] {taskinstance.py:2867} INFO - Starting attempt 1 of 1
[2025-11-13T19:14:46.834+0000] {taskinstance.py:2890} INFO - Executing <Task(PythonOperator): generate_sensor_data> on 2025-11-13 19:14:30+00:00
[2025-11-13T19:14:46.846+0000] {warnings.py:112} WARNING - /home/***/.local/lib/python3.12/site-packages/***/task/task_runner/standard_task_runner.py:70: DeprecationWarning: This process (pid=5009) is multi-threaded, use of fork() may lead to deadlocks in the child.
  pid = os.fork()

[2025-11-13T19:14:46.848+0000] {standard_task_runner.py:72} INFO - Started process 5011 to run task
[2025-11-13T19:14:46.848+0000] {standard_task_runner.py:104} INFO - Running: ['***', 'tasks', 'run', 'iot_sensor_data_dag', 'generate_sensor_data', 'scheduled__2025-11-13T19:14:30+00:00', '--job-id', '692', '--raw', '--subdir', 'DAGS_FOLDER/DEPI.py', '--cfg-path', '/tmp/tmp_15knbim']
[2025-11-13T19:14:46.850+0000] {standard_task_runner.py:105} INFO - Job 692: Subtask generate_sensor_data
[2025-11-13T19:14:46.904+0000] {task_command.py:467} INFO - Running <TaskInstance: iot_sensor_data_dag.generate_sensor_data scheduled__2025-11-13T19:14:30+00:00 [running]> on host 4f76d54186b6
[2025-11-13T19:14:46.983+0000] {taskinstance.py:3134} INFO - Exporting env vars: AIRFLOW_CTX_DAG_OWNER='***' AIRFLOW_CTX_DAG_ID='iot_sensor_data_dag' AIRFLOW_CTX_TASK_ID='generate_sensor_data' AIRFLOW_CTX_EXECUTION_DATE='2025-11-13T19:14:30+00:00' AIRFLOW_CTX_TRY_NUMBER='1' AIRFLOW_CTX_DAG_RUN_ID='scheduled__2025-11-13T19:14:30+00:00'
[2025-11-13T19:14:46.985+0000] {logging_mixin.py:190} INFO - Task instance is in running state
[2025-11-13T19:14:46.985+0000] {logging_mixin.py:190} INFO -  Previous state of the Task instance: queued
[2025-11-13T19:14:46.986+0000] {logging_mixin.py:190} INFO - Current task name:generate_sensor_data state:running start_date:2025-11-13 19:14:46.660148+00:00
[2025-11-13T19:14:46.987+0000] {logging_mixin.py:190} INFO - Dag name:iot_sensor_data_dag and current dag run status:running
[2025-11-13T19:14:46.988+0000] {taskinstance.py:732} INFO - ::endgroup::
[2025-11-13T19:14:47.029+0000] {logging_mixin.py:190} INFO - [2025-11-13 19:14:47.008295] Inserted sensor data: {'time': datetime.datetime(2025, 11, 13, 19, 14, 47, 8295), 'temperature': 27.405720557210884, 'Dissolved_oxygen': 5.981648348151315, 'PH': 7.507403310107263, 'Ammonia': 0.009454807153116335, 'Nitrite': 0.053468558693890014, 'Turbidty': 40.12470757001255, '_id': ObjectId('69162e27b1398278c91eb64c')}
[2025-11-13T19:14:47.031+0000] {python.py:218} INFO - Done. Returned value was: None
[2025-11-13T19:14:47.046+0000] {taskinstance.py:341} INFO - ::group::Post task execution logs
[2025-11-13T19:14:47.047+0000] {taskinstance.py:353} INFO - Marking task as SUCCESS. dag_id=iot_sensor_data_dag, task_id=generate_sensor_data, run_id=scheduled__2025-11-13T19:14:30+00:00, execution_date=20251113T191430, start_date=20251113T191446, end_date=20251113T191447
[2025-11-13T19:14:47.073+0000] {logging_mixin.py:190} INFO - Task instance in success state
[2025-11-13T19:14:47.074+0000] {logging_mixin.py:190} INFO -  Previous state of the Task instance: running
[2025-11-13T19:14:47.075+0000] {logging_mixin.py:190} INFO - Dag name:iot_sensor_data_dag queued_at:2025-11-13 19:14:45.142880+00:00
[2025-11-13T19:14:47.076+0000] {logging_mixin.py:190} INFO - Task hostname:4f76d54186b6 operator:PythonOperator
[2025-11-13T19:14:47.124+0000] {local_task_job_runner.py:266} INFO - Task exited with return code 0
[2025-11-13T19:14:47.139+0000] {taskinstance.py:3901} INFO - 0 downstream tasks scheduled from follow-on schedule check
[2025-11-13T19:14:47.142+0000] {local_task_job_runner.py:245} INFO - ::endgroup::
