[2025-11-13T17:46:17.371+0000] {local_task_job_runner.py:123} INFO - ::group::Pre task execution logs
[2025-11-13T17:46:17.394+0000] {taskinstance.py:2614} INFO - Dependencies all met for dep_context=non-requeueable deps ti=<TaskInstance: iot_sensor_data_dag.generate_sensor_data scheduled__2025-11-13T17:46:00+00:00 [queued]>
[2025-11-13T17:46:17.404+0000] {taskinstance.py:2614} INFO - Dependencies all met for dep_context=requeueable deps ti=<TaskInstance: iot_sensor_data_dag.generate_sensor_data scheduled__2025-11-13T17:46:00+00:00 [queued]>
[2025-11-13T17:46:17.407+0000] {taskinstance.py:2867} INFO - Starting attempt 1 of 1
[2025-11-13T17:46:17.578+0000] {taskinstance.py:2890} INFO - Executing <Task(PythonOperator): generate_sensor_data> on 2025-11-13 17:46:00+00:00
[2025-11-13T17:46:17.587+0000] {warnings.py:112} WARNING - /home/***/.local/lib/python3.12/site-packages/***/task/task_runner/standard_task_runner.py:70: DeprecationWarning: This process (pid=1304) is multi-threaded, use of fork() may lead to deadlocks in the child.
  pid = os.fork()

[2025-11-13T17:46:17.590+0000] {standard_task_runner.py:72} INFO - Started process 1306 to run task
[2025-11-13T17:46:17.591+0000] {standard_task_runner.py:104} INFO - Running: ['***', 'tasks', 'run', 'iot_sensor_data_dag', 'generate_sensor_data', 'scheduled__2025-11-13T17:46:00+00:00', '--job-id', '338', '--raw', '--subdir', 'DAGS_FOLDER/DEPI.py', '--cfg-path', '/tmp/tmp371_8rfi']
[2025-11-13T17:46:17.593+0000] {standard_task_runner.py:105} INFO - Job 338: Subtask generate_sensor_data
[2025-11-13T17:46:17.665+0000] {task_command.py:467} INFO - Running <TaskInstance: iot_sensor_data_dag.generate_sensor_data scheduled__2025-11-13T17:46:00+00:00 [running]> on host 4f76d54186b6
[2025-11-13T17:46:17.770+0000] {taskinstance.py:3134} INFO - Exporting env vars: AIRFLOW_CTX_DAG_OWNER='***' AIRFLOW_CTX_DAG_ID='iot_sensor_data_dag' AIRFLOW_CTX_TASK_ID='generate_sensor_data' AIRFLOW_CTX_EXECUTION_DATE='2025-11-13T17:46:00+00:00' AIRFLOW_CTX_TRY_NUMBER='1' AIRFLOW_CTX_DAG_RUN_ID='scheduled__2025-11-13T17:46:00+00:00'
[2025-11-13T17:46:17.772+0000] {logging_mixin.py:190} INFO - Task instance is in running state
[2025-11-13T17:46:17.773+0000] {logging_mixin.py:190} INFO -  Previous state of the Task instance: queued
[2025-11-13T17:46:17.774+0000] {logging_mixin.py:190} INFO - Current task name:generate_sensor_data state:running start_date:2025-11-13 17:46:17.395328+00:00
[2025-11-13T17:46:17.774+0000] {logging_mixin.py:190} INFO - Dag name:iot_sensor_data_dag and current dag run status:running
[2025-11-13T17:46:17.775+0000] {taskinstance.py:732} INFO - ::endgroup::
[2025-11-13T17:46:17.827+0000] {logging_mixin.py:190} INFO - [2025-11-13 17:46:17.796472] Inserted sensor data: {'time': datetime.datetime(2025, 11, 13, 17, 46, 17, 796472), 'temperature': 27.699088034219855, 'Dissolved_oxygen': 6.022504025290825, 'PH': 7.5214552661957095, 'Ammonia': 0.009657995760892157, 'Nitrite': 0.053665240609780236, 'Turbidty': 39.0566936720289, '_id': ObjectId('69161969b49fb6d246bbbcf9')}
[2025-11-13T17:46:17.831+0000] {python.py:218} INFO - Done. Returned value was: None
[2025-11-13T17:46:17.845+0000] {taskinstance.py:341} INFO - ::group::Post task execution logs
[2025-11-13T17:46:17.846+0000] {taskinstance.py:353} INFO - Marking task as SUCCESS. dag_id=iot_sensor_data_dag, task_id=generate_sensor_data, run_id=scheduled__2025-11-13T17:46:00+00:00, execution_date=20251113T174600, start_date=20251113T174617, end_date=20251113T174617
[2025-11-13T17:46:17.875+0000] {logging_mixin.py:190} INFO - Task instance in success state
[2025-11-13T17:46:17.876+0000] {logging_mixin.py:190} INFO -  Previous state of the Task instance: running
[2025-11-13T17:46:17.877+0000] {logging_mixin.py:190} INFO - Dag name:iot_sensor_data_dag queued_at:2025-11-13 17:46:15.259988+00:00
[2025-11-13T17:46:17.878+0000] {logging_mixin.py:190} INFO - Task hostname:4f76d54186b6 operator:PythonOperator
[2025-11-13T17:46:17.895+0000] {local_task_job_runner.py:266} INFO - Task exited with return code 0
[2025-11-13T17:46:17.925+0000] {taskinstance.py:3901} INFO - 0 downstream tasks scheduled from follow-on schedule check
[2025-11-13T17:46:17.931+0000] {local_task_job_runner.py:245} INFO - ::endgroup::
