[2025-11-13T18:09:02.267+0000] {local_task_job_runner.py:123} INFO - ::group::Pre task execution logs
[2025-11-13T18:09:02.281+0000] {taskinstance.py:2614} INFO - Dependencies all met for dep_context=non-requeueable deps ti=<TaskInstance: iot_sensor_data_dag.generate_sensor_data scheduled__2025-11-13T18:08:45+00:00 [queued]>
[2025-11-13T18:09:02.286+0000] {taskinstance.py:2614} INFO - Dependencies all met for dep_context=requeueable deps ti=<TaskInstance: iot_sensor_data_dag.generate_sensor_data scheduled__2025-11-13T18:08:45+00:00 [queued]>
[2025-11-13T18:09:02.287+0000] {taskinstance.py:2867} INFO - Starting attempt 1 of 1
[2025-11-13T18:09:02.416+0000] {taskinstance.py:2890} INFO - Executing <Task(PythonOperator): generate_sensor_data> on 2025-11-13 18:08:45+00:00
[2025-11-13T18:09:02.425+0000] {warnings.py:112} WARNING - /home/***/.local/lib/python3.12/site-packages/***/task/task_runner/standard_task_runner.py:70: DeprecationWarning: This process (pid=2255) is multi-threaded, use of fork() may lead to deadlocks in the child.
  pid = os.fork()

[2025-11-13T18:09:02.426+0000] {standard_task_runner.py:72} INFO - Started process 2257 to run task
[2025-11-13T18:09:02.427+0000] {standard_task_runner.py:104} INFO - Running: ['***', 'tasks', 'run', 'iot_sensor_data_dag', 'generate_sensor_data', 'scheduled__2025-11-13T18:08:45+00:00', '--job-id', '429', '--raw', '--subdir', 'DAGS_FOLDER/DEPI.py', '--cfg-path', '/tmp/tmpkja_e131']
[2025-11-13T18:09:02.428+0000] {standard_task_runner.py:105} INFO - Job 429: Subtask generate_sensor_data
[2025-11-13T18:09:02.471+0000] {task_command.py:467} INFO - Running <TaskInstance: iot_sensor_data_dag.generate_sensor_data scheduled__2025-11-13T18:08:45+00:00 [running]> on host 4f76d54186b6
[2025-11-13T18:09:02.540+0000] {taskinstance.py:3134} INFO - Exporting env vars: AIRFLOW_CTX_DAG_OWNER='***' AIRFLOW_CTX_DAG_ID='iot_sensor_data_dag' AIRFLOW_CTX_TASK_ID='generate_sensor_data' AIRFLOW_CTX_EXECUTION_DATE='2025-11-13T18:08:45+00:00' AIRFLOW_CTX_TRY_NUMBER='1' AIRFLOW_CTX_DAG_RUN_ID='scheduled__2025-11-13T18:08:45+00:00'
[2025-11-13T18:09:02.542+0000] {logging_mixin.py:190} INFO - Task instance is in running state
[2025-11-13T18:09:02.543+0000] {logging_mixin.py:190} INFO -  Previous state of the Task instance: queued
[2025-11-13T18:09:02.543+0000] {logging_mixin.py:190} INFO - Current task name:generate_sensor_data state:running start_date:2025-11-13 18:09:02.281974+00:00
[2025-11-13T18:09:02.544+0000] {logging_mixin.py:190} INFO - Dag name:iot_sensor_data_dag and current dag run status:running
[2025-11-13T18:09:02.544+0000] {taskinstance.py:732} INFO - ::endgroup::
[2025-11-13T18:09:02.571+0000] {logging_mixin.py:190} INFO - [2025-11-13 18:09:02.557978] Inserted sensor data: {'time': datetime.datetime(2025, 11, 13, 18, 9, 2, 557978), 'temperature': 27.337835747743394, 'Dissolved_oxygen': 6.033691995584977, 'PH': 7.415776965553179, 'Ammonia': 0.009703895331879505, 'Nitrite': 0.054274189322655916, 'Turbidty': 40.90788400915817, '_id': ObjectId('69161ebeccfa54953d6af943')}
[2025-11-13T18:09:02.573+0000] {python.py:218} INFO - Done. Returned value was: None
[2025-11-13T18:09:02.585+0000] {taskinstance.py:341} INFO - ::group::Post task execution logs
[2025-11-13T18:09:02.586+0000] {taskinstance.py:353} INFO - Marking task as SUCCESS. dag_id=iot_sensor_data_dag, task_id=generate_sensor_data, run_id=scheduled__2025-11-13T18:08:45+00:00, execution_date=20251113T180845, start_date=20251113T180902, end_date=20251113T180902
[2025-11-13T18:09:02.604+0000] {logging_mixin.py:190} INFO - Task instance in success state
[2025-11-13T18:09:02.605+0000] {logging_mixin.py:190} INFO -  Previous state of the Task instance: running
[2025-11-13T18:09:02.605+0000] {logging_mixin.py:190} INFO - Dag name:iot_sensor_data_dag queued_at:2025-11-13 18:09:01.042096+00:00
[2025-11-13T18:09:02.606+0000] {logging_mixin.py:190} INFO - Task hostname:4f76d54186b6 operator:PythonOperator
[2025-11-13T18:09:02.656+0000] {local_task_job_runner.py:266} INFO - Task exited with return code 0
[2025-11-13T18:09:02.676+0000] {taskinstance.py:3901} INFO - 0 downstream tasks scheduled from follow-on schedule check
[2025-11-13T18:09:02.680+0000] {local_task_job_runner.py:245} INFO - ::endgroup::
