{"timestamp":"2025-11-17T22:37:06.638927Z","level":"info","event":"DAG bundles loaded: dags-folder, example_dags","logger":"airflow.dag_processing.bundles.manager.DagBundlesManager","filename":"manager.py","lineno":179}
{"timestamp":"2025-11-17T22:37:06.640369Z","level":"info","event":"Filling up the DagBag from /opt/airflow/dags/DEPI.py","logger":"airflow.models.dagbag.DagBag","filename":"dagbag.py","lineno":593}
{"timestamp":"2025-11-17T22:37:06.740400Z","level":"info","event":"Task instance is in running state","logger":"task.stdout"}
{"timestamp":"2025-11-17T22:37:06.741287Z","level":"info","event":" Previous state of the Task instance: TaskInstanceState.QUEUED","logger":"task.stdout"}
{"timestamp":"2025-11-17T22:37:06.741694Z","level":"info","event":"Current task name:generate_sensor_data","logger":"task.stdout"}
{"timestamp":"2025-11-17T22:37:06.741973Z","level":"info","event":"Dag name:iot_sensor_data_dag","logger":"task.stdout"}
{"timestamp":"2025-11-17T22:37:10.714614Z","level":"error","event":"%3|1763419030.714|FAIL|rdkafka#producer-1| [thrd:kafka:9092/bootstrap]: kafka:9092/bootstrap: Failed to resolve 'kafka:9092': Name or service not known (after 3971ms in state CONNECT)","logger":"task.stderr"}
{"timestamp":"2025-11-17T22:37:19.705828Z","level":"error","event":"%3|1763419039.705|FAIL|rdkafka#producer-1| [thrd:kafka:9092/bootstrap]: kafka:9092/bootstrap: Failed to resolve 'kafka:9092': Name or service not known (after 7960ms in state CONNECT, 1 identical error(s) suppressed)","logger":"task.stderr"}
{"timestamp":"2025-11-17T22:37:57.790153Z","level":"error","event":"%3|1763419077.789|FAIL|rdkafka#producer-1| [thrd:kafka:9092/bootstrap]: kafka:9092/bootstrap: Failed to resolve 'kafka:9092': Temporary failure in name resolution (after 8002ms in state CONNECT)","logger":"task.stderr"}
{"timestamp":"2025-11-17T22:38:02.765270Z","level":"error","event":"%3|1763419082.765|FAIL|rdkafka#producer-1| [thrd:kafka:9092/bootstrap]: kafka:9092/bootstrap: Failed to resolve 'kafka:9092': Name or service not known (after 3973ms in state CONNECT)","logger":"task.stderr"}
{"timestamp":"2025-11-17T22:38:07.751564Z","level":"error","event":"%3|1763419087.751|FAIL|rdkafka#producer-1| [thrd:kafka:9092/bootstrap]: kafka:9092/bootstrap: Failed to resolve 'kafka:9092': Name or service not known (after 3957ms in state CONNECT, 1 identical error(s) suppressed)","logger":"task.stderr"}
{"timestamp":"2025-11-17T22:38:40.793732Z","level":"error","event":"%3|1763419120.793|FAIL|rdkafka#producer-1| [thrd:kafka:9092/bootstrap]: kafka:9092/bootstrap: Failed to resolve 'kafka:9092': Name or service not known (after 7953ms in state CONNECT, 5 identical error(s) suppressed)","logger":"task.stderr"}
{"timestamp":"2025-11-17T22:39:18.426261Z","level":"error","event":"%3|1763419158.426|FAIL|rdkafka#producer-1| [thrd:kafka:9092/bootstrap]: kafka:9092/bootstrap: Failed to resolve 'kafka:9092': Name or service not known (after 7528ms in state CONNECT, 6 identical error(s) suppressed)","logger":"task.stderr"}
{"timestamp":"2025-11-17T22:39:48.423667Z","level":"error","event":"%3|1763419188.423|FAIL|rdkafka#producer-1| [thrd:kafka:9092/bootstrap]: kafka:9092/bootstrap: Failed to resolve 'kafka:9092': Name or service not known (after 3961ms in state CONNECT, 6 identical error(s) suppressed)","logger":"task.stderr"}
{"timestamp":"2025-11-17T22:40:21.448941Z","level":"error","event":"%3|1763419221.448|FAIL|rdkafka#producer-1| [thrd:kafka:9092/bootstrap]: kafka:9092/bootstrap: Failed to resolve 'kafka:9092': Name or service not known (after 7950ms in state CONNECT, 5 identical error(s) suppressed)","logger":"task.stderr"}
{"timestamp":"2025-11-17T22:40:59.539245Z","level":"error","event":"%3|1763419259.539|FAIL|rdkafka#producer-1| [thrd:kafka:9092/bootstrap]: kafka:9092/bootstrap: Failed to resolve 'kafka:9092': Name or service not known (after 7975ms in state CONNECT, 6 identical error(s) suppressed)","logger":"task.stderr"}
{"timestamp":"2025-11-17T22:41:33.141368Z","level":"error","event":"%3|1763419293.141|FAIL|rdkafka#producer-1| [thrd:kafka:9092/bootstrap]: kafka:9092/bootstrap: Failed to resolve 'kafka:9092': Name or service not known (after 3535ms in state CONNECT, 6 identical error(s) suppressed)","logger":"task.stderr"}
{"timestamp":"2025-11-17T22:42:07.115714Z","level":"info","event":"Message delivery failed: KafkaError{code=_MSG_TIMED_OUT,val=-192,str=\"Local: Message timed out\"}","logger":"task.stdout"}
{"timestamp":"2025-11-17T22:42:07.632187Z","level":"error","event":"%3|1763419327.631|FAIL|rdkafka#producer-1| [thrd:kafka:9092/bootstrap]: kafka:9092/bootstrap: Failed to resolve 'kafka:9092': Name or service not known (after 3972ms in state CONNECT, 6 identical error(s) suppressed)","logger":"task.stderr"}
{"timestamp":"2025-11-17T22:42:07.633789Z","level":"info","event":"Done. Returned value was: None","logger":"airflow.task.operators.airflow.providers.standard.operators.python.PythonOperator","filename":"python.py","lineno":215}
{"timestamp":"2025-11-17T22:42:07.657468Z","level":"info","event":"Task instance in success state","logger":"task.stdout"}
{"timestamp":"2025-11-17T22:42:07.658476Z","level":"info","event":" Previous state of the Task instance: TaskInstanceState.RUNNING","logger":"task.stdout"}
{"timestamp":"2025-11-17T22:42:07.658904Z","level":"info","event":"Task operator:<Task(PythonOperator): generate_sensor_data>","logger":"task.stdout"}
