[2025-11-16T21:56:17.530+0000] {local_task_job_runner.py:123} INFO - ::group::Pre task execution logs
[2025-11-16T21:56:17.543+0000] {taskinstance.py:2614} INFO - Dependencies all met for dep_context=non-requeueable deps ti=<TaskInstance: iot_sensor_data_dag.generate_sensor_data scheduled__2025-11-16T21:55:50+00:00 [queued]>
[2025-11-16T21:56:17.550+0000] {taskinstance.py:2614} INFO - Dependencies all met for dep_context=requeueable deps ti=<TaskInstance: iot_sensor_data_dag.generate_sensor_data scheduled__2025-11-16T21:55:50+00:00 [queued]>
[2025-11-16T21:56:17.551+0000] {taskinstance.py:2867} INFO - Starting attempt 1 of 1
[2025-11-16T21:56:17.678+0000] {taskinstance.py:2890} INFO - Executing <Task(PythonOperator): generate_sensor_data> on 2025-11-16 21:55:50+00:00
[2025-11-16T21:56:17.685+0000] {warnings.py:112} WARNING - /home/***/.local/lib/python3.12/site-packages/***/task/task_runner/standard_task_runner.py:70: DeprecationWarning: This process (pid=7618) is multi-threaded, use of fork() may lead to deadlocks in the child.
  pid = os.fork()

[2025-11-16T21:56:17.687+0000] {standard_task_runner.py:72} INFO - Started process 7625 to run task
[2025-11-16T21:56:17.687+0000] {standard_task_runner.py:104} INFO - Running: ['***', 'tasks', 'run', 'iot_sensor_data_dag', 'generate_sensor_data', 'scheduled__2025-11-16T21:55:50+00:00', '--job-id', '1944', '--raw', '--subdir', 'DAGS_FOLDER/DEPI.py', '--cfg-path', '/tmp/tmpj4i2_8jp']
[2025-11-16T21:56:17.688+0000] {standard_task_runner.py:105} INFO - Job 1944: Subtask generate_sensor_data
[2025-11-16T21:56:17.730+0000] {task_command.py:467} INFO - Running <TaskInstance: iot_sensor_data_dag.generate_sensor_data scheduled__2025-11-16T21:55:50+00:00 [running]> on host 4f76d54186b6
[2025-11-16T21:56:17.796+0000] {taskinstance.py:3134} INFO - Exporting env vars: AIRFLOW_CTX_DAG_OWNER='***' AIRFLOW_CTX_DAG_ID='iot_sensor_data_dag' AIRFLOW_CTX_TASK_ID='generate_sensor_data' AIRFLOW_CTX_EXECUTION_DATE='2025-11-16T21:55:50+00:00' AIRFLOW_CTX_TRY_NUMBER='1' AIRFLOW_CTX_DAG_RUN_ID='scheduled__2025-11-16T21:55:50+00:00'
[2025-11-16T21:56:17.798+0000] {logging_mixin.py:190} INFO - Task instance is in running state
[2025-11-16T21:56:17.799+0000] {logging_mixin.py:190} INFO -  Previous state of the Task instance: queued
[2025-11-16T21:56:17.799+0000] {logging_mixin.py:190} INFO - Current task name:generate_sensor_data state:running start_date:2025-11-16 21:56:17.544961+00:00
[2025-11-16T21:56:17.800+0000] {logging_mixin.py:190} INFO - Dag name:iot_sensor_data_dag and current dag run status:running
[2025-11-16T21:56:17.801+0000] {taskinstance.py:732} INFO - ::endgroup::
[2025-11-16T22:01:10.099+0000] {job.py:229} INFO - Heartbeat recovered after 114.65 seconds
[2025-11-16T22:01:25.240+0000] {python.py:218} INFO - Done. Returned value was: None
[2025-11-16T22:01:25.250+0000] {taskinstance.py:341} INFO - ::group::Post task execution logs
[2025-11-16T22:01:25.251+0000] {taskinstance.py:353} INFO - Marking task as SUCCESS. dag_id=iot_sensor_data_dag, task_id=generate_sensor_data, run_id=scheduled__2025-11-16T21:55:50+00:00, execution_date=20251116T215550, start_date=20251116T215617, end_date=20251116T220125
[2025-11-16T22:01:25.270+0000] {logging_mixin.py:190} INFO - Task instance in success state
[2025-11-16T22:01:25.271+0000] {logging_mixin.py:190} INFO -  Previous state of the Task instance: running
[2025-11-16T22:01:25.272+0000] {logging_mixin.py:190} INFO - Dag name:iot_sensor_data_dag queued_at:2025-11-16 21:56:15.580225+00:00
[2025-11-16T22:01:25.273+0000] {logging_mixin.py:190} INFO - Task hostname:4f76d54186b6 operator:PythonOperator
[2025-11-16T22:01:25.298+0000] {local_task_job_runner.py:266} INFO - Task exited with return code 0
[2025-11-16T22:01:25.313+0000] {taskinstance.py:3901} INFO - 1 downstream tasks scheduled from follow-on schedule check
[2025-11-16T22:01:25.317+0000] {local_task_job_runner.py:245} INFO - ::endgroup::
