[2025-11-13T19:00:01.634+0000] {local_task_job_runner.py:123} INFO - ::group::Pre task execution logs
[2025-11-13T19:00:01.647+0000] {taskinstance.py:2614} INFO - Dependencies all met for dep_context=non-requeueable deps ti=<TaskInstance: iot_sensor_data_dag.generate_sensor_data scheduled__2025-11-13T18:59:45+00:00 [queued]>
[2025-11-13T19:00:01.655+0000] {taskinstance.py:2614} INFO - Dependencies all met for dep_context=requeueable deps ti=<TaskInstance: iot_sensor_data_dag.generate_sensor_data scheduled__2025-11-13T18:59:45+00:00 [queued]>
[2025-11-13T19:00:01.657+0000] {taskinstance.py:2867} INFO - Starting attempt 1 of 1
[2025-11-13T19:00:01.772+0000] {taskinstance.py:2890} INFO - Executing <Task(PythonOperator): generate_sensor_data> on 2025-11-13 18:59:45+00:00
[2025-11-13T19:00:01.779+0000] {warnings.py:112} WARNING - /home/***/.local/lib/python3.12/site-packages/***/task/task_runner/standard_task_runner.py:70: DeprecationWarning: This process (pid=4394) is multi-threaded, use of fork() may lead to deadlocks in the child.
  pid = os.fork()

[2025-11-13T19:00:01.781+0000] {standard_task_runner.py:104} INFO - Running: ['***', 'tasks', 'run', 'iot_sensor_data_dag', 'generate_sensor_data', 'scheduled__2025-11-13T18:59:45+00:00', '--job-id', '633', '--raw', '--subdir', 'DAGS_FOLDER/DEPI.py', '--cfg-path', '/tmp/tmp08kpqchq']
[2025-11-13T19:00:01.782+0000] {standard_task_runner.py:72} INFO - Started process 4396 to run task
[2025-11-13T19:00:01.786+0000] {standard_task_runner.py:105} INFO - Job 633: Subtask generate_sensor_data
[2025-11-13T19:00:01.844+0000] {task_command.py:467} INFO - Running <TaskInstance: iot_sensor_data_dag.generate_sensor_data scheduled__2025-11-13T18:59:45+00:00 [running]> on host 4f76d54186b6
[2025-11-13T19:00:01.903+0000] {taskinstance.py:3134} INFO - Exporting env vars: AIRFLOW_CTX_DAG_OWNER='***' AIRFLOW_CTX_DAG_ID='iot_sensor_data_dag' AIRFLOW_CTX_TASK_ID='generate_sensor_data' AIRFLOW_CTX_EXECUTION_DATE='2025-11-13T18:59:45+00:00' AIRFLOW_CTX_TRY_NUMBER='1' AIRFLOW_CTX_DAG_RUN_ID='scheduled__2025-11-13T18:59:45+00:00'
[2025-11-13T19:00:01.909+0000] {logging_mixin.py:190} INFO - Task instance is in running state
[2025-11-13T19:00:01.918+0000] {logging_mixin.py:190} INFO -  Previous state of the Task instance: queued
[2025-11-13T19:00:01.923+0000] {logging_mixin.py:190} INFO - Current task name:generate_sensor_data state:running start_date:2025-11-13 19:00:01.648956+00:00
[2025-11-13T19:00:01.926+0000] {logging_mixin.py:190} INFO - Dag name:iot_sensor_data_dag and current dag run status:running
[2025-11-13T19:00:01.927+0000] {taskinstance.py:732} INFO - ::endgroup::
[2025-11-13T19:00:01.968+0000] {logging_mixin.py:190} INFO - [2025-11-13 19:00:01.952327] Inserted sensor data: {'time': datetime.datetime(2025, 11, 13, 19, 0, 1, 952327), 'temperature': 27.371771064090893, 'Dissolved_oxygen': 6.016814506759985, 'PH': 7.413765202507725, 'Ammonia': 0.010301994769039114, 'Nitrite': 0.049317562870496566, 'Turbidty': 39.13202331077685, '_id': ObjectId('69162ab1d0dc8384fbbc277b')}
[2025-11-13T19:00:01.973+0000] {python.py:218} INFO - Done. Returned value was: None
[2025-11-13T19:00:01.984+0000] {taskinstance.py:341} INFO - ::group::Post task execution logs
[2025-11-13T19:00:01.985+0000] {taskinstance.py:353} INFO - Marking task as SUCCESS. dag_id=iot_sensor_data_dag, task_id=generate_sensor_data, run_id=scheduled__2025-11-13T18:59:45+00:00, execution_date=20251113T185945, start_date=20251113T190001, end_date=20251113T190001
[2025-11-13T19:00:02.003+0000] {logging_mixin.py:190} INFO - Task instance in success state
[2025-11-13T19:00:02.004+0000] {logging_mixin.py:190} INFO -  Previous state of the Task instance: running
[2025-11-13T19:00:02.005+0000] {logging_mixin.py:190} INFO - Dag name:iot_sensor_data_dag queued_at:2025-11-13 19:00:00.191581+00:00
[2025-11-13T19:00:02.006+0000] {logging_mixin.py:190} INFO - Task hostname:4f76d54186b6 operator:PythonOperator
[2025-11-13T19:00:02.053+0000] {local_task_job_runner.py:266} INFO - Task exited with return code 0
[2025-11-13T19:00:02.074+0000] {taskinstance.py:3901} INFO - 0 downstream tasks scheduled from follow-on schedule check
[2025-11-13T19:00:02.078+0000] {local_task_job_runner.py:245} INFO - ::endgroup::
