[2025-11-13T17:29:32.256+0000] {local_task_job_runner.py:123} INFO - ::group::Pre task execution logs
[2025-11-13T17:29:32.268+0000] {taskinstance.py:2614} INFO - Dependencies all met for dep_context=non-requeueable deps ti=<TaskInstance: iot_sensor_data_dag.generate_sensor_data scheduled__2025-11-13T17:29:15+00:00 [queued]>
[2025-11-13T17:29:32.275+0000] {taskinstance.py:2614} INFO - Dependencies all met for dep_context=requeueable deps ti=<TaskInstance: iot_sensor_data_dag.generate_sensor_data scheduled__2025-11-13T17:29:15+00:00 [queued]>
[2025-11-13T17:29:32.287+0000] {taskinstance.py:2867} INFO - Starting attempt 1 of 1
[2025-11-13T17:29:32.425+0000] {taskinstance.py:2890} INFO - Executing <Task(PythonOperator): generate_sensor_data> on 2025-11-13 17:29:15+00:00
[2025-11-13T17:29:32.431+0000] {warnings.py:112} WARNING - /home/***/.local/lib/python3.12/site-packages/***/task/task_runner/standard_task_runner.py:70: DeprecationWarning: This process (pid=612) is multi-threaded, use of fork() may lead to deadlocks in the child.
  pid = os.fork()

[2025-11-13T17:29:32.434+0000] {standard_task_runner.py:72} INFO - Started process 614 to run task
[2025-11-13T17:29:32.434+0000] {standard_task_runner.py:104} INFO - Running: ['***', 'tasks', 'run', 'iot_sensor_data_dag', 'generate_sensor_data', 'scheduled__2025-11-13T17:29:15+00:00', '--job-id', '271', '--raw', '--subdir', 'DAGS_FOLDER/DEPI.py', '--cfg-path', '/tmp/tmpr0wfygag']
[2025-11-13T17:29:32.436+0000] {standard_task_runner.py:105} INFO - Job 271: Subtask generate_sensor_data
[2025-11-13T17:29:32.483+0000] {task_command.py:467} INFO - Running <TaskInstance: iot_sensor_data_dag.generate_sensor_data scheduled__2025-11-13T17:29:15+00:00 [running]> on host 4f76d54186b6
[2025-11-13T17:29:32.573+0000] {taskinstance.py:3134} INFO - Exporting env vars: AIRFLOW_CTX_DAG_OWNER='***' AIRFLOW_CTX_DAG_ID='iot_sensor_data_dag' AIRFLOW_CTX_TASK_ID='generate_sensor_data' AIRFLOW_CTX_EXECUTION_DATE='2025-11-13T17:29:15+00:00' AIRFLOW_CTX_TRY_NUMBER='1' AIRFLOW_CTX_DAG_RUN_ID='scheduled__2025-11-13T17:29:15+00:00'
[2025-11-13T17:29:32.576+0000] {logging_mixin.py:190} INFO - Task instance is in running state
[2025-11-13T17:29:32.577+0000] {logging_mixin.py:190} INFO -  Previous state of the Task instance: queued
[2025-11-13T17:29:32.578+0000] {logging_mixin.py:190} INFO - Current task name:generate_sensor_data state:running start_date:2025-11-13 17:29:32.269671+00:00
[2025-11-13T17:29:32.578+0000] {logging_mixin.py:190} INFO - Dag name:iot_sensor_data_dag and current dag run status:running
[2025-11-13T17:29:32.579+0000] {taskinstance.py:732} INFO - ::endgroup::
[2025-11-13T17:29:32.613+0000] {logging_mixin.py:190} INFO - [2025-11-13 17:29:32.596070] Inserted sensor data: {'time': datetime.datetime(2025, 11, 13, 17, 29, 32, 596070), 'temperature': 27.424395481868924, 'Dissolved_oxygen': 6.007277331404406, 'PH': 7.579710763110209, 'Ammonia': 0.009871509347006039, 'Nitrite': 0.04726296976471581, 'Turbidty': 39.995845169316624, '_id': ObjectId('6916157c1bdd094569424ff6')}
[2025-11-13T17:29:32.616+0000] {python.py:218} INFO - Done. Returned value was: None
[2025-11-13T17:29:32.625+0000] {taskinstance.py:341} INFO - ::group::Post task execution logs
[2025-11-13T17:29:32.626+0000] {taskinstance.py:353} INFO - Marking task as SUCCESS. dag_id=iot_sensor_data_dag, task_id=generate_sensor_data, run_id=scheduled__2025-11-13T17:29:15+00:00, execution_date=20251113T172915, start_date=20251113T172932, end_date=20251113T172932
[2025-11-13T17:29:32.646+0000] {logging_mixin.py:190} INFO - Task instance in success state
[2025-11-13T17:29:32.647+0000] {logging_mixin.py:190} INFO -  Previous state of the Task instance: running
[2025-11-13T17:29:32.647+0000] {logging_mixin.py:190} INFO - Dag name:iot_sensor_data_dag queued_at:2025-11-13 17:29:30.781478+00:00
[2025-11-13T17:29:32.648+0000] {logging_mixin.py:190} INFO - Task hostname:4f76d54186b6 operator:PythonOperator
[2025-11-13T17:29:32.661+0000] {local_task_job_runner.py:266} INFO - Task exited with return code 0
[2025-11-13T17:29:32.682+0000] {taskinstance.py:3901} INFO - 0 downstream tasks scheduled from follow-on schedule check
[2025-11-13T17:29:32.687+0000] {local_task_job_runner.py:245} INFO - ::endgroup::
