[2025-11-15T18:47:34.207+0000] {local_task_job_runner.py:123} INFO - ::group::Pre task execution logs
[2025-11-15T18:47:34.220+0000] {taskinstance.py:2614} INFO - Dependencies all met for dep_context=non-requeueable deps ti=<TaskInstance: iot_sensor_data_dag.generate_sensor_data scheduled__2025-11-15T18:47:15+00:00 [queued]>
[2025-11-15T18:47:34.226+0000] {taskinstance.py:2614} INFO - Dependencies all met for dep_context=requeueable deps ti=<TaskInstance: iot_sensor_data_dag.generate_sensor_data scheduled__2025-11-15T18:47:15+00:00 [queued]>
[2025-11-15T18:47:34.228+0000] {taskinstance.py:2867} INFO - Starting attempt 1 of 1
[2025-11-15T18:47:34.238+0000] {taskinstance.py:2890} INFO - Executing <Task(PythonOperator): generate_sensor_data> on 2025-11-15 18:47:15+00:00
[2025-11-15T18:47:34.245+0000] {warnings.py:112} WARNING - /home/***/.local/lib/python3.12/site-packages/***/task/task_runner/standard_task_runner.py:70: DeprecationWarning: This process (pid=1934) is multi-threaded, use of fork() may lead to deadlocks in the child.
  pid = os.fork()

[2025-11-15T18:47:34.247+0000] {standard_task_runner.py:72} INFO - Started process 1943 to run task
[2025-11-15T18:47:34.247+0000] {standard_task_runner.py:104} INFO - Running: ['***', 'tasks', 'run', 'iot_sensor_data_dag', 'generate_sensor_data', 'scheduled__2025-11-15T18:47:15+00:00', '--job-id', '1340', '--raw', '--subdir', 'DAGS_FOLDER/DEPI.py', '--cfg-path', '/tmp/tmpz9kbfsya']
[2025-11-15T18:47:34.248+0000] {standard_task_runner.py:105} INFO - Job 1340: Subtask generate_sensor_data
[2025-11-15T18:47:34.699+0000] {task_command.py:467} INFO - Running <TaskInstance: iot_sensor_data_dag.generate_sensor_data scheduled__2025-11-15T18:47:15+00:00 [running]> on host 4f76d54186b6
[2025-11-15T18:47:34.777+0000] {taskinstance.py:3134} INFO - Exporting env vars: AIRFLOW_CTX_DAG_OWNER='***' AIRFLOW_CTX_DAG_ID='iot_sensor_data_dag' AIRFLOW_CTX_TASK_ID='generate_sensor_data' AIRFLOW_CTX_EXECUTION_DATE='2025-11-15T18:47:15+00:00' AIRFLOW_CTX_TRY_NUMBER='1' AIRFLOW_CTX_DAG_RUN_ID='scheduled__2025-11-15T18:47:15+00:00'
[2025-11-15T18:47:34.778+0000] {logging_mixin.py:190} INFO - Task instance is in running state
[2025-11-15T18:47:34.779+0000] {logging_mixin.py:190} INFO -  Previous state of the Task instance: queued
[2025-11-15T18:47:34.780+0000] {logging_mixin.py:190} INFO - Current task name:generate_sensor_data state:running start_date:2025-11-15 18:47:34.221283+00:00
[2025-11-15T18:47:34.781+0000] {logging_mixin.py:190} INFO - Dag name:iot_sensor_data_dag and current dag run status:running
[2025-11-15T18:47:34.781+0000] {taskinstance.py:732} INFO - ::endgroup::
[2025-11-15T18:47:34.828+0000] {logging_mixin.py:190} INFO - [2025-11-15 18:47:34.810737] Inserted sensor data: {'time': '2025-11-15T18:47:34.810737', 'temperature': 27.362137193803527, 'Dissolved_oxygen': 6.053757984281842, 'PH': 7.407249511523833, 'Ammonia': 0.010420418753909344, 'Nitrite': 0.054543179137703075, 'Turbidty': 40.55095546552041, '_id': '6918cac62c23165c0173ed54'}
[2025-11-16T19:14:22.520+0000] {local_task_job_runner.py:123} INFO - ::group::Pre task execution logs
[2025-11-16T19:14:22.546+0000] {taskinstance.py:2604} INFO - Dependencies not met for <TaskInstance: iot_sensor_data_dag.generate_sensor_data scheduled__2025-11-15T18:47:15+00:00 [failed]>, dependency 'Task Instance State' FAILED: Task is in the 'failed' state.
[2025-11-16T19:14:22.554+0000] {local_task_job_runner.py:166} INFO - Task is not able to be run
