[2025-11-13T17:17:03.675+0000] {local_task_job_runner.py:123} INFO - ::group::Pre task execution logs
[2025-11-13T17:17:03.695+0000] {taskinstance.py:2614} INFO - Dependencies all met for dep_context=non-requeueable deps ti=<TaskInstance: iot_sensor_data_dag.generate_sensor_data scheduled__2025-11-13T17:16:45+00:00 [queued]>
[2025-11-13T17:17:03.703+0000] {taskinstance.py:2614} INFO - Dependencies all met for dep_context=requeueable deps ti=<TaskInstance: iot_sensor_data_dag.generate_sensor_data scheduled__2025-11-13T17:16:45+00:00 [queued]>
[2025-11-13T17:17:03.704+0000] {taskinstance.py:2867} INFO - Starting attempt 1 of 1
[2025-11-13T17:17:03.875+0000] {taskinstance.py:2890} INFO - Executing <Task(PythonOperator): generate_sensor_data> on 2025-11-13 17:16:45+00:00
[2025-11-13T17:17:03.882+0000] {warnings.py:112} WARNING - /home/***/.local/lib/python3.12/site-packages/***/task/task_runner/standard_task_runner.py:70: DeprecationWarning: This process (pid=80) is multi-threaded, use of fork() may lead to deadlocks in the child.
  pid = os.fork()

[2025-11-13T17:17:03.885+0000] {standard_task_runner.py:104} INFO - Running: ['***', 'tasks', 'run', 'iot_sensor_data_dag', 'generate_sensor_data', 'scheduled__2025-11-13T17:16:45+00:00', '--job-id', '219', '--raw', '--subdir', 'DAGS_FOLDER/DEPI.py', '--cfg-path', '/tmp/tmpcc_rxgzg']
[2025-11-13T17:17:03.887+0000] {standard_task_runner.py:72} INFO - Started process 87 to run task
[2025-11-13T17:17:03.887+0000] {standard_task_runner.py:105} INFO - Job 219: Subtask generate_sensor_data
[2025-11-13T17:17:03.957+0000] {task_command.py:467} INFO - Running <TaskInstance: iot_sensor_data_dag.generate_sensor_data scheduled__2025-11-13T17:16:45+00:00 [running]> on host 4f76d54186b6
[2025-11-13T17:17:04.055+0000] {taskinstance.py:3134} INFO - Exporting env vars: AIRFLOW_CTX_DAG_OWNER='***' AIRFLOW_CTX_DAG_ID='iot_sensor_data_dag' AIRFLOW_CTX_TASK_ID='generate_sensor_data' AIRFLOW_CTX_EXECUTION_DATE='2025-11-13T17:16:45+00:00' AIRFLOW_CTX_TRY_NUMBER='1' AIRFLOW_CTX_DAG_RUN_ID='scheduled__2025-11-13T17:16:45+00:00'
[2025-11-13T17:17:04.057+0000] {logging_mixin.py:190} INFO - Task instance is in running state
[2025-11-13T17:17:04.058+0000] {logging_mixin.py:190} INFO -  Previous state of the Task instance: queued
[2025-11-13T17:17:04.060+0000] {logging_mixin.py:190} INFO - Current task name:generate_sensor_data state:running start_date:2025-11-13 17:17:03.696329+00:00
[2025-11-13T17:17:04.060+0000] {logging_mixin.py:190} INFO - Dag name:iot_sensor_data_dag and current dag run status:running
[2025-11-13T17:17:04.061+0000] {taskinstance.py:732} INFO - ::endgroup::
[2025-11-13T17:17:04.174+0000] {logging_mixin.py:190} INFO - [2025-11-13 17:17:04.085569] Inserted sensor data: {'time': datetime.datetime(2025, 11, 13, 17, 17, 4, 85569), 'temperature': 27.48152802878034, 'Dissolved_oxygen': 6.01639786379926, 'PH': 7.402349149848621, 'Ammonia': 0.009589134469381234, 'Nitrite': 0.05257031123237607, 'Turbidty': 40.45643476197487, '_id': ObjectId('69161290bf560ce38be6eee8')}
[2025-11-13T17:17:04.178+0000] {python.py:218} INFO - Done. Returned value was: None
[2025-11-13T17:17:04.190+0000] {taskinstance.py:341} INFO - ::group::Post task execution logs
[2025-11-13T17:17:04.191+0000] {taskinstance.py:353} INFO - Marking task as SUCCESS. dag_id=iot_sensor_data_dag, task_id=generate_sensor_data, run_id=scheduled__2025-11-13T17:16:45+00:00, execution_date=20251113T171645, start_date=20251113T171703, end_date=20251113T171704
[2025-11-13T17:17:04.214+0000] {logging_mixin.py:190} INFO - Task instance in success state
[2025-11-13T17:17:04.214+0000] {logging_mixin.py:190} INFO -  Previous state of the Task instance: running
[2025-11-13T17:17:04.215+0000] {logging_mixin.py:190} INFO - Dag name:iot_sensor_data_dag queued_at:2025-11-13 17:17:00.078313+00:00
[2025-11-13T17:17:04.216+0000] {logging_mixin.py:190} INFO - Task hostname:4f76d54186b6 operator:PythonOperator
[2025-11-13T17:17:04.224+0000] {local_task_job_runner.py:266} INFO - Task exited with return code 0
[2025-11-13T17:17:04.249+0000] {taskinstance.py:3901} INFO - 0 downstream tasks scheduled from follow-on schedule check
[2025-11-13T17:17:04.254+0000] {local_task_job_runner.py:245} INFO - ::endgroup::
