[2025-11-15T18:47:13.285+0000] {local_task_job_runner.py:123} INFO - ::group::Pre task execution logs
[2025-11-15T18:47:13.295+0000] {taskinstance.py:2614} INFO - Dependencies all met for dep_context=non-requeueable deps ti=<TaskInstance: iot_sensor_data_dag.generate_sensor_data scheduled__2025-11-15T18:46:45+00:00 [queued]>
[2025-11-15T18:47:13.299+0000] {taskinstance.py:2614} INFO - Dependencies all met for dep_context=requeueable deps ti=<TaskInstance: iot_sensor_data_dag.generate_sensor_data scheduled__2025-11-15T18:46:45+00:00 [queued]>
[2025-11-15T18:47:13.300+0000] {taskinstance.py:2867} INFO - Starting attempt 1 of 1
[2025-11-15T18:47:13.309+0000] {taskinstance.py:2890} INFO - Executing <Task(PythonOperator): generate_sensor_data> on 2025-11-15 18:46:45+00:00
[2025-11-15T18:47:13.314+0000] {warnings.py:112} WARNING - /home/***/.local/lib/python3.12/site-packages/***/task/task_runner/standard_task_runner.py:70: DeprecationWarning: This process (pid=1914) is multi-threaded, use of fork() may lead to deadlocks in the child.
  pid = os.fork()

[2025-11-15T18:47:13.316+0000] {standard_task_runner.py:72} INFO - Started process 1916 to run task
[2025-11-15T18:47:13.316+0000] {standard_task_runner.py:104} INFO - Running: ['***', 'tasks', 'run', 'iot_sensor_data_dag', 'generate_sensor_data', 'scheduled__2025-11-15T18:46:45+00:00', '--job-id', '1338', '--raw', '--subdir', 'DAGS_FOLDER/DEPI.py', '--cfg-path', '/tmp/tmpnwqfl19i']
[2025-11-15T18:47:13.318+0000] {standard_task_runner.py:105} INFO - Job 1338: Subtask generate_sensor_data
[2025-11-15T18:47:13.532+0000] {task_command.py:467} INFO - Running <TaskInstance: iot_sensor_data_dag.generate_sensor_data scheduled__2025-11-15T18:46:45+00:00 [running]> on host 4f76d54186b6
[2025-11-15T18:47:13.596+0000] {taskinstance.py:3134} INFO - Exporting env vars: AIRFLOW_CTX_DAG_OWNER='***' AIRFLOW_CTX_DAG_ID='iot_sensor_data_dag' AIRFLOW_CTX_TASK_ID='generate_sensor_data' AIRFLOW_CTX_EXECUTION_DATE='2025-11-15T18:46:45+00:00' AIRFLOW_CTX_TRY_NUMBER='1' AIRFLOW_CTX_DAG_RUN_ID='scheduled__2025-11-15T18:46:45+00:00'
[2025-11-15T18:47:13.597+0000] {logging_mixin.py:190} INFO - Task instance is in running state
[2025-11-15T18:47:13.598+0000] {logging_mixin.py:190} INFO -  Previous state of the Task instance: queued
[2025-11-15T18:47:13.599+0000] {logging_mixin.py:190} INFO - Current task name:generate_sensor_data state:running start_date:2025-11-15 18:47:13.295781+00:00
[2025-11-15T18:47:13.600+0000] {logging_mixin.py:190} INFO - Dag name:iot_sensor_data_dag and current dag run status:running
[2025-11-15T18:47:13.601+0000] {taskinstance.py:732} INFO - ::endgroup::
[2025-11-15T18:47:13.627+0000] {logging_mixin.py:190} INFO - [2025-11-15 18:47:13.615897] Inserted sensor data: {'time': '2025-11-15T18:47:13.615897', 'temperature': 27.378406747283297, 'Dissolved_oxygen': 5.916814841626652, 'PH': 7.559272992306674, 'Ammonia': 0.010597872529235736, 'Nitrite': 0.046123791760161396, 'Turbidty': 40.99187072298841, '_id': '6918cab1f6397c804e9b3a88'}
[2025-11-16T19:14:22.606+0000] {local_task_job_runner.py:123} INFO - ::group::Pre task execution logs
[2025-11-16T19:14:22.634+0000] {taskinstance.py:2604} INFO - Dependencies not met for <TaskInstance: iot_sensor_data_dag.generate_sensor_data scheduled__2025-11-15T18:46:45+00:00 [failed]>, dependency 'Task Instance State' FAILED: Task is in the 'failed' state.
[2025-11-16T19:14:22.636+0000] {local_task_job_runner.py:166} INFO - Task is not able to be run
