[2025-11-13T19:06:16.750+0000] {local_task_job_runner.py:123} INFO - ::group::Pre task execution logs
[2025-11-13T19:06:16.767+0000] {taskinstance.py:2614} INFO - Dependencies all met for dep_context=non-requeueable deps ti=<TaskInstance: iot_sensor_data_dag.generate_sensor_data scheduled__2025-11-13T19:06:00+00:00 [queued]>
[2025-11-13T19:06:16.774+0000] {taskinstance.py:2614} INFO - Dependencies all met for dep_context=requeueable deps ti=<TaskInstance: iot_sensor_data_dag.generate_sensor_data scheduled__2025-11-13T19:06:00+00:00 [queued]>
[2025-11-13T19:06:16.778+0000] {taskinstance.py:2867} INFO - Starting attempt 1 of 1
[2025-11-13T19:06:16.930+0000] {taskinstance.py:2890} INFO - Executing <Task(PythonOperator): generate_sensor_data> on 2025-11-13 19:06:00+00:00
[2025-11-13T19:06:16.937+0000] {warnings.py:112} WARNING - /home/***/.local/lib/python3.12/site-packages/***/task/task_runner/standard_task_runner.py:70: DeprecationWarning: This process (pid=4653) is multi-threaded, use of fork() may lead to deadlocks in the child.
  pid = os.fork()

[2025-11-13T19:06:16.939+0000] {standard_task_runner.py:72} INFO - Started process 4655 to run task
[2025-11-13T19:06:16.940+0000] {standard_task_runner.py:104} INFO - Running: ['***', 'tasks', 'run', 'iot_sensor_data_dag', 'generate_sensor_data', 'scheduled__2025-11-13T19:06:00+00:00', '--job-id', '658', '--raw', '--subdir', 'DAGS_FOLDER/DEPI.py', '--cfg-path', '/tmp/tmp0ebd0dr7']
[2025-11-13T19:06:16.941+0000] {standard_task_runner.py:105} INFO - Job 658: Subtask generate_sensor_data
[2025-11-13T19:06:16.988+0000] {task_command.py:467} INFO - Running <TaskInstance: iot_sensor_data_dag.generate_sensor_data scheduled__2025-11-13T19:06:00+00:00 [running]> on host 4f76d54186b6
[2025-11-13T19:06:17.072+0000] {taskinstance.py:3134} INFO - Exporting env vars: AIRFLOW_CTX_DAG_OWNER='***' AIRFLOW_CTX_DAG_ID='iot_sensor_data_dag' AIRFLOW_CTX_TASK_ID='generate_sensor_data' AIRFLOW_CTX_EXECUTION_DATE='2025-11-13T19:06:00+00:00' AIRFLOW_CTX_TRY_NUMBER='1' AIRFLOW_CTX_DAG_RUN_ID='scheduled__2025-11-13T19:06:00+00:00'
[2025-11-13T19:06:17.074+0000] {logging_mixin.py:190} INFO - Task instance is in running state
[2025-11-13T19:06:17.075+0000] {logging_mixin.py:190} INFO -  Previous state of the Task instance: queued
[2025-11-13T19:06:17.076+0000] {logging_mixin.py:190} INFO - Current task name:generate_sensor_data state:running start_date:2025-11-13 19:06:16.769215+00:00
[2025-11-13T19:06:17.077+0000] {logging_mixin.py:190} INFO - Dag name:iot_sensor_data_dag and current dag run status:running
[2025-11-13T19:06:17.078+0000] {taskinstance.py:732} INFO - ::endgroup::
[2025-11-13T19:06:17.110+0000] {logging_mixin.py:190} INFO - [2025-11-13 19:06:17.095615] Inserted sensor data: {'time': datetime.datetime(2025, 11, 13, 19, 6, 17, 95615), 'temperature': 27.428827987516726, 'Dissolved_oxygen': 6.080951814924286, 'PH': 7.515328394167413, 'Ammonia': 0.010056618661481559, 'Nitrite': 0.049329207355720134, 'Turbidty': 39.536298079110225, '_id': ObjectId('69162c29fbe4a0e9108d8e7a')}
[2025-11-13T19:06:17.112+0000] {python.py:218} INFO - Done. Returned value was: None
[2025-11-13T19:06:17.124+0000] {taskinstance.py:341} INFO - ::group::Post task execution logs
[2025-11-13T19:06:17.125+0000] {taskinstance.py:353} INFO - Marking task as SUCCESS. dag_id=iot_sensor_data_dag, task_id=generate_sensor_data, run_id=scheduled__2025-11-13T19:06:00+00:00, execution_date=20251113T190600, start_date=20251113T190616, end_date=20251113T190617
[2025-11-13T19:06:17.152+0000] {logging_mixin.py:190} INFO - Task instance in success state
[2025-11-13T19:06:17.153+0000] {logging_mixin.py:190} INFO -  Previous state of the Task instance: running
[2025-11-13T19:06:17.153+0000] {logging_mixin.py:190} INFO - Dag name:iot_sensor_data_dag queued_at:2025-11-13 19:06:15.293980+00:00
[2025-11-13T19:06:17.154+0000] {logging_mixin.py:190} INFO - Task hostname:4f76d54186b6 operator:PythonOperator
[2025-11-13T19:06:17.165+0000] {local_task_job_runner.py:266} INFO - Task exited with return code 0
[2025-11-13T19:06:17.191+0000] {taskinstance.py:3901} INFO - 0 downstream tasks scheduled from follow-on schedule check
[2025-11-13T19:06:17.205+0000] {local_task_job_runner.py:245} INFO - ::endgroup::
