[2025-11-13T18:02:02.057+0000] {local_task_job_runner.py:123} INFO - ::group::Pre task execution logs
[2025-11-13T18:02:02.071+0000] {taskinstance.py:2614} INFO - Dependencies all met for dep_context=non-requeueable deps ti=<TaskInstance: iot_sensor_data_dag.generate_sensor_data scheduled__2025-11-13T18:01:45+00:00 [queued]>
[2025-11-13T18:02:02.078+0000] {taskinstance.py:2614} INFO - Dependencies all met for dep_context=requeueable deps ti=<TaskInstance: iot_sensor_data_dag.generate_sensor_data scheduled__2025-11-13T18:01:45+00:00 [queued]>
[2025-11-13T18:02:02.079+0000] {taskinstance.py:2867} INFO - Starting attempt 1 of 1
[2025-11-13T18:02:02.213+0000] {taskinstance.py:2890} INFO - Executing <Task(PythonOperator): generate_sensor_data> on 2025-11-13 18:01:45+00:00
[2025-11-13T18:02:02.219+0000] {warnings.py:112} WARNING - /home/***/.local/lib/python3.12/site-packages/***/task/task_runner/standard_task_runner.py:70: DeprecationWarning: This process (pid=1961) is multi-threaded, use of fork() may lead to deadlocks in the child.
  pid = os.fork()

[2025-11-13T18:02:02.221+0000] {standard_task_runner.py:104} INFO - Running: ['***', 'tasks', 'run', 'iot_sensor_data_dag', 'generate_sensor_data', 'scheduled__2025-11-13T18:01:45+00:00', '--job-id', '401', '--raw', '--subdir', 'DAGS_FOLDER/DEPI.py', '--cfg-path', '/tmp/tmpsh09ge46']
[2025-11-13T18:02:02.222+0000] {standard_task_runner.py:72} INFO - Started process 1963 to run task
[2025-11-13T18:02:02.223+0000] {standard_task_runner.py:105} INFO - Job 401: Subtask generate_sensor_data
[2025-11-13T18:02:02.266+0000] {task_command.py:467} INFO - Running <TaskInstance: iot_sensor_data_dag.generate_sensor_data scheduled__2025-11-13T18:01:45+00:00 [running]> on host 4f76d54186b6
[2025-11-13T18:02:02.333+0000] {taskinstance.py:3134} INFO - Exporting env vars: AIRFLOW_CTX_DAG_OWNER='***' AIRFLOW_CTX_DAG_ID='iot_sensor_data_dag' AIRFLOW_CTX_TASK_ID='generate_sensor_data' AIRFLOW_CTX_EXECUTION_DATE='2025-11-13T18:01:45+00:00' AIRFLOW_CTX_TRY_NUMBER='1' AIRFLOW_CTX_DAG_RUN_ID='scheduled__2025-11-13T18:01:45+00:00'
[2025-11-13T18:02:02.335+0000] {logging_mixin.py:190} INFO - Task instance is in running state
[2025-11-13T18:02:02.335+0000] {logging_mixin.py:190} INFO -  Previous state of the Task instance: queued
[2025-11-13T18:02:02.336+0000] {logging_mixin.py:190} INFO - Current task name:generate_sensor_data state:running start_date:2025-11-13 18:02:02.072697+00:00
[2025-11-13T18:02:02.336+0000] {logging_mixin.py:190} INFO - Dag name:iot_sensor_data_dag and current dag run status:running
[2025-11-13T18:02:02.336+0000] {taskinstance.py:732} INFO - ::endgroup::
[2025-11-13T18:02:02.364+0000] {logging_mixin.py:190} INFO - [2025-11-13 18:02:02.348389] Inserted sensor data: {'time': datetime.datetime(2025, 11, 13, 18, 2, 2, 348389), 'temperature': 27.437685583688516, 'Dissolved_oxygen': 6.015489903490435, 'PH': 7.454810100669972, 'Ammonia': 0.010667160184183986, 'Nitrite': 0.049232887500438444, 'Turbidty': 39.9105694942606, '_id': ObjectId('69161d1af7fc16900db05e59')}
[2025-11-13T18:02:02.366+0000] {python.py:218} INFO - Done. Returned value was: None
[2025-11-13T18:02:02.377+0000] {taskinstance.py:341} INFO - ::group::Post task execution logs
[2025-11-13T18:02:02.377+0000] {taskinstance.py:353} INFO - Marking task as SUCCESS. dag_id=iot_sensor_data_dag, task_id=generate_sensor_data, run_id=scheduled__2025-11-13T18:01:45+00:00, execution_date=20251113T180145, start_date=20251113T180202, end_date=20251113T180202
[2025-11-13T18:02:02.397+0000] {logging_mixin.py:190} INFO - Task instance in success state
[2025-11-13T18:02:02.397+0000] {logging_mixin.py:190} INFO -  Previous state of the Task instance: running
[2025-11-13T18:02:02.398+0000] {logging_mixin.py:190} INFO - Dag name:iot_sensor_data_dag queued_at:2025-11-13 18:02:00.732348+00:00
[2025-11-13T18:02:02.399+0000] {logging_mixin.py:190} INFO - Task hostname:4f76d54186b6 operator:PythonOperator
[2025-11-13T18:02:02.440+0000] {local_task_job_runner.py:266} INFO - Task exited with return code 0
[2025-11-13T18:02:02.464+0000] {taskinstance.py:3901} INFO - 0 downstream tasks scheduled from follow-on schedule check
[2025-11-13T18:02:02.468+0000] {local_task_job_runner.py:245} INFO - ::endgroup::
