[2025-11-15T17:03:48.278+0000] {local_task_job_runner.py:123} INFO - ::group::Pre task execution logs
[2025-11-15T17:03:48.289+0000] {taskinstance.py:2614} INFO - Dependencies all met for dep_context=non-requeueable deps ti=<TaskInstance: iot_sensor_data_dag.generate_sensor_data scheduled__2025-11-15T17:03:30+00:00 [queued]>
[2025-11-15T17:03:48.294+0000] {taskinstance.py:2614} INFO - Dependencies all met for dep_context=requeueable deps ti=<TaskInstance: iot_sensor_data_dag.generate_sensor_data scheduled__2025-11-15T17:03:30+00:00 [queued]>
[2025-11-15T17:03:48.303+0000] {taskinstance.py:2867} INFO - Starting attempt 1 of 1
[2025-11-15T17:03:48.313+0000] {taskinstance.py:2890} INFO - Executing <Task(PythonOperator): generate_sensor_data> on 2025-11-15 17:03:30+00:00
[2025-11-15T17:03:48.319+0000] {warnings.py:112} WARNING - /home/***/.local/lib/python3.12/site-packages/***/task/task_runner/standard_task_runner.py:70: DeprecationWarning: This process (pid=302) is multi-threaded, use of fork() may lead to deadlocks in the child.
  pid = os.fork()

[2025-11-15T17:03:48.323+0000] {standard_task_runner.py:72} INFO - Started process 304 to run task
[2025-11-15T17:03:48.323+0000] {standard_task_runner.py:104} INFO - Running: ['***', 'tasks', 'run', 'iot_sensor_data_dag', 'generate_sensor_data', 'scheduled__2025-11-15T17:03:30+00:00', '--job-id', '1304', '--raw', '--subdir', 'DAGS_FOLDER/DEPI.py', '--cfg-path', '/tmp/tmpsepyk7bg']
[2025-11-15T17:03:48.324+0000] {standard_task_runner.py:105} INFO - Job 1304: Subtask generate_sensor_data
[2025-11-15T17:03:48.590+0000] {task_command.py:467} INFO - Running <TaskInstance: iot_sensor_data_dag.generate_sensor_data scheduled__2025-11-15T17:03:30+00:00 [running]> on host 4f76d54186b6
[2025-11-15T17:03:48.652+0000] {taskinstance.py:3134} INFO - Exporting env vars: AIRFLOW_CTX_DAG_OWNER='***' AIRFLOW_CTX_DAG_ID='iot_sensor_data_dag' AIRFLOW_CTX_TASK_ID='generate_sensor_data' AIRFLOW_CTX_EXECUTION_DATE='2025-11-15T17:03:30+00:00' AIRFLOW_CTX_TRY_NUMBER='1' AIRFLOW_CTX_DAG_RUN_ID='scheduled__2025-11-15T17:03:30+00:00'
[2025-11-15T17:03:48.653+0000] {logging_mixin.py:190} INFO - Task instance is in running state
[2025-11-15T17:03:48.654+0000] {logging_mixin.py:190} INFO -  Previous state of the Task instance: queued
[2025-11-15T17:03:48.654+0000] {logging_mixin.py:190} INFO - Current task name:generate_sensor_data state:running start_date:2025-11-15 17:03:48.290287+00:00
[2025-11-15T17:03:48.655+0000] {logging_mixin.py:190} INFO - Dag name:iot_sensor_data_dag and current dag run status:running
[2025-11-15T17:03:48.655+0000] {taskinstance.py:732} INFO - ::endgroup::
[2025-11-15T17:03:48.679+0000] {logging_mixin.py:190} INFO - [2025-11-15 17:03:48.668414] Inserted sensor data: {'time': '2025-11-15T17:03:48.668414', 'temperature': 27.383164355911305, 'Dissolved_oxygen': 5.940649571308006, 'PH': 7.481627768394709, 'Ammonia': 0.010088132530442214, 'Nitrite': 0.04860770911305541, 'Turbidty': 39.38688765589445, '_id': '6918b2740941088b3b6a2b48'}
[2025-11-15T17:08:14.243+0000] {job.py:229} INFO - Heartbeat recovered after 10.76 seconds
[2025-11-15T17:09:03.354+0000] {python.py:218} INFO - Done. Returned value was: None
[2025-11-15T17:09:03.368+0000] {taskinstance.py:341} INFO - ::group::Post task execution logs
[2025-11-15T17:09:03.369+0000] {taskinstance.py:353} INFO - Marking task as SUCCESS. dag_id=iot_sensor_data_dag, task_id=generate_sensor_data, run_id=scheduled__2025-11-15T17:03:30+00:00, execution_date=20251115T170330, start_date=20251115T170348, end_date=20251115T170903
[2025-11-15T17:09:03.389+0000] {logging_mixin.py:190} INFO - Task instance in success state
[2025-11-15T17:09:03.390+0000] {logging_mixin.py:190} INFO -  Previous state of the Task instance: running
[2025-11-15T17:09:03.390+0000] {logging_mixin.py:190} INFO - Dag name:iot_sensor_data_dag queued_at:2025-11-15 17:03:45.959315+00:00
[2025-11-15T17:09:03.391+0000] {logging_mixin.py:190} INFO - Task hostname:4f76d54186b6 operator:PythonOperator
[2025-11-15T17:09:03.418+0000] {local_task_job_runner.py:266} INFO - Task exited with return code 0
[2025-11-15T17:09:03.451+0000] {taskinstance.py:3901} INFO - 0 downstream tasks scheduled from follow-on schedule check
[2025-11-15T17:09:03.455+0000] {local_task_job_runner.py:245} INFO - ::endgroup::
