[2025-11-13T18:16:31.712+0000] {local_task_job_runner.py:123} INFO - ::group::Pre task execution logs
[2025-11-13T18:16:31.725+0000] {taskinstance.py:2614} INFO - Dependencies all met for dep_context=non-requeueable deps ti=<TaskInstance: iot_sensor_data_dag.generate_sensor_data scheduled__2025-11-13T18:16:15+00:00 [queued]>
[2025-11-13T18:16:31.730+0000] {taskinstance.py:2614} INFO - Dependencies all met for dep_context=requeueable deps ti=<TaskInstance: iot_sensor_data_dag.generate_sensor_data scheduled__2025-11-13T18:16:15+00:00 [queued]>
[2025-11-13T18:16:31.731+0000] {taskinstance.py:2867} INFO - Starting attempt 1 of 1
[2025-11-13T18:16:31.850+0000] {taskinstance.py:2890} INFO - Executing <Task(PythonOperator): generate_sensor_data> on 2025-11-13 18:16:15+00:00
[2025-11-13T18:16:31.856+0000] {warnings.py:112} WARNING - /home/***/.local/lib/python3.12/site-packages/***/task/task_runner/standard_task_runner.py:70: DeprecationWarning: This process (pid=2570) is multi-threaded, use of fork() may lead to deadlocks in the child.
  pid = os.fork()

[2025-11-13T18:16:31.858+0000] {standard_task_runner.py:72} INFO - Started process 2572 to run task
[2025-11-13T18:16:31.858+0000] {standard_task_runner.py:104} INFO - Running: ['***', 'tasks', 'run', 'iot_sensor_data_dag', 'generate_sensor_data', 'scheduled__2025-11-13T18:16:15+00:00', '--job-id', '459', '--raw', '--subdir', 'DAGS_FOLDER/DEPI.py', '--cfg-path', '/tmp/tmpt1gpjas7']
[2025-11-13T18:16:31.859+0000] {standard_task_runner.py:105} INFO - Job 459: Subtask generate_sensor_data
[2025-11-13T18:16:31.895+0000] {task_command.py:467} INFO - Running <TaskInstance: iot_sensor_data_dag.generate_sensor_data scheduled__2025-11-13T18:16:15+00:00 [running]> on host 4f76d54186b6
[2025-11-13T18:16:31.959+0000] {taskinstance.py:3134} INFO - Exporting env vars: AIRFLOW_CTX_DAG_OWNER='***' AIRFLOW_CTX_DAG_ID='iot_sensor_data_dag' AIRFLOW_CTX_TASK_ID='generate_sensor_data' AIRFLOW_CTX_EXECUTION_DATE='2025-11-13T18:16:15+00:00' AIRFLOW_CTX_TRY_NUMBER='1' AIRFLOW_CTX_DAG_RUN_ID='scheduled__2025-11-13T18:16:15+00:00'
[2025-11-13T18:16:31.960+0000] {logging_mixin.py:190} INFO - Task instance is in running state
[2025-11-13T18:16:31.961+0000] {logging_mixin.py:190} INFO -  Previous state of the Task instance: queued
[2025-11-13T18:16:31.961+0000] {logging_mixin.py:190} INFO - Current task name:generate_sensor_data state:running start_date:2025-11-13 18:16:31.726050+00:00
[2025-11-13T18:16:31.962+0000] {logging_mixin.py:190} INFO - Dag name:iot_sensor_data_dag and current dag run status:running
[2025-11-13T18:16:31.962+0000] {taskinstance.py:732} INFO - ::endgroup::
[2025-11-13T18:16:31.989+0000] {logging_mixin.py:190} INFO - [2025-11-13 18:16:31.973658] Inserted sensor data: {'time': datetime.datetime(2025, 11, 13, 18, 16, 31, 973658), 'temperature': 27.437925782197702, 'Dissolved_oxygen': 6.049471235247918, 'PH': 7.495221547625728, 'Ammonia': 0.009334990749238695, 'Nitrite': 0.0483518301184178, 'Turbidty': 39.124767190174765, '_id': ObjectId('6916207ff3358ef053ad53c5')}
[2025-11-13T18:16:31.991+0000] {python.py:218} INFO - Done. Returned value was: None
[2025-11-13T18:16:32.002+0000] {taskinstance.py:341} INFO - ::group::Post task execution logs
[2025-11-13T18:16:32.003+0000] {taskinstance.py:353} INFO - Marking task as SUCCESS. dag_id=iot_sensor_data_dag, task_id=generate_sensor_data, run_id=scheduled__2025-11-13T18:16:15+00:00, execution_date=20251113T181615, start_date=20251113T181631, end_date=20251113T181632
[2025-11-13T18:16:32.021+0000] {logging_mixin.py:190} INFO - Task instance in success state
[2025-11-13T18:16:32.021+0000] {logging_mixin.py:190} INFO -  Previous state of the Task instance: running
[2025-11-13T18:16:32.022+0000] {logging_mixin.py:190} INFO - Dag name:iot_sensor_data_dag queued_at:2025-11-13 18:16:30.538637+00:00
[2025-11-13T18:16:32.023+0000] {logging_mixin.py:190} INFO - Task hostname:4f76d54186b6 operator:PythonOperator
[2025-11-13T18:16:32.034+0000] {local_task_job_runner.py:266} INFO - Task exited with return code 0
[2025-11-13T18:16:32.054+0000] {taskinstance.py:3901} INFO - 0 downstream tasks scheduled from follow-on schedule check
[2025-11-13T18:16:32.058+0000] {local_task_job_runner.py:245} INFO - ::endgroup::
