[2025-11-13T17:37:47.202+0000] {local_task_job_runner.py:123} INFO - ::group::Pre task execution logs
[2025-11-13T17:37:47.218+0000] {taskinstance.py:2614} INFO - Dependencies all met for dep_context=non-requeueable deps ti=<TaskInstance: iot_sensor_data_dag.generate_sensor_data scheduled__2025-11-13T17:37:30+00:00 [queued]>
[2025-11-13T17:37:47.225+0000] {taskinstance.py:2614} INFO - Dependencies all met for dep_context=requeueable deps ti=<TaskInstance: iot_sensor_data_dag.generate_sensor_data scheduled__2025-11-13T17:37:30+00:00 [queued]>
[2025-11-13T17:37:47.226+0000] {taskinstance.py:2867} INFO - Starting attempt 1 of 1
[2025-11-13T17:37:47.367+0000] {taskinstance.py:2890} INFO - Executing <Task(PythonOperator): generate_sensor_data> on 2025-11-13 17:37:30+00:00
[2025-11-13T17:37:47.374+0000] {warnings.py:112} WARNING - /home/***/.local/lib/python3.12/site-packages/***/task/task_runner/standard_task_runner.py:70: DeprecationWarning: This process (pid=955) is multi-threaded, use of fork() may lead to deadlocks in the child.
  pid = os.fork()

[2025-11-13T17:37:47.376+0000] {standard_task_runner.py:72} INFO - Started process 957 to run task
[2025-11-13T17:37:47.376+0000] {standard_task_runner.py:104} INFO - Running: ['***', 'tasks', 'run', 'iot_sensor_data_dag', 'generate_sensor_data', 'scheduled__2025-11-13T17:37:30+00:00', '--job-id', '304', '--raw', '--subdir', 'DAGS_FOLDER/DEPI.py', '--cfg-path', '/tmp/tmp5uqm0q1w']
[2025-11-13T17:37:47.378+0000] {standard_task_runner.py:105} INFO - Job 304: Subtask generate_sensor_data
[2025-11-13T17:37:47.426+0000] {task_command.py:467} INFO - Running <TaskInstance: iot_sensor_data_dag.generate_sensor_data scheduled__2025-11-13T17:37:30+00:00 [running]> on host 4f76d54186b6
[2025-11-13T17:37:47.494+0000] {taskinstance.py:3134} INFO - Exporting env vars: AIRFLOW_CTX_DAG_OWNER='***' AIRFLOW_CTX_DAG_ID='iot_sensor_data_dag' AIRFLOW_CTX_TASK_ID='generate_sensor_data' AIRFLOW_CTX_EXECUTION_DATE='2025-11-13T17:37:30+00:00' AIRFLOW_CTX_TRY_NUMBER='1' AIRFLOW_CTX_DAG_RUN_ID='scheduled__2025-11-13T17:37:30+00:00'
[2025-11-13T17:37:47.496+0000] {logging_mixin.py:190} INFO - Task instance is in running state
[2025-11-13T17:37:47.497+0000] {logging_mixin.py:190} INFO -  Previous state of the Task instance: queued
[2025-11-13T17:37:47.498+0000] {logging_mixin.py:190} INFO - Current task name:generate_sensor_data state:running start_date:2025-11-13 17:37:47.219323+00:00
[2025-11-13T17:37:47.498+0000] {logging_mixin.py:190} INFO - Dag name:iot_sensor_data_dag and current dag run status:running
[2025-11-13T17:37:47.499+0000] {taskinstance.py:732} INFO - ::endgroup::
[2025-11-13T17:37:47.539+0000] {logging_mixin.py:190} INFO - [2025-11-13 17:37:47.515866] Inserted sensor data: {'time': datetime.datetime(2025, 11, 13, 17, 37, 47, 515866), 'temperature': 27.33269996366036, 'Dissolved_oxygen': 5.989107185049824, 'PH': 7.438151128855306, 'Ammonia': 0.010629331491183839, 'Nitrite': 0.05190935992527142, 'Turbidty': 39.61008622617265, '_id': ObjectId('6916176b0a1254fb767c5af4')}
[2025-11-13T17:37:47.543+0000] {python.py:218} INFO - Done. Returned value was: None
[2025-11-13T17:37:47.557+0000] {taskinstance.py:341} INFO - ::group::Post task execution logs
[2025-11-13T17:37:47.561+0000] {taskinstance.py:353} INFO - Marking task as SUCCESS. dag_id=iot_sensor_data_dag, task_id=generate_sensor_data, run_id=scheduled__2025-11-13T17:37:30+00:00, execution_date=20251113T173730, start_date=20251113T173747, end_date=20251113T173747
[2025-11-13T17:37:47.584+0000] {logging_mixin.py:190} INFO - Task instance in success state
[2025-11-13T17:37:47.589+0000] {logging_mixin.py:190} INFO -  Previous state of the Task instance: running
[2025-11-13T17:37:47.593+0000] {logging_mixin.py:190} INFO - Dag name:iot_sensor_data_dag queued_at:2025-11-13 17:37:45.678240+00:00
[2025-11-13T17:37:47.594+0000] {logging_mixin.py:190} INFO - Task hostname:4f76d54186b6 operator:PythonOperator
[2025-11-13T17:37:47.641+0000] {local_task_job_runner.py:266} INFO - Task exited with return code 0
[2025-11-13T17:37:47.664+0000] {taskinstance.py:3901} INFO - 0 downstream tasks scheduled from follow-on schedule check
[2025-11-13T17:37:47.669+0000] {local_task_job_runner.py:245} INFO - ::endgroup::
