[2025-11-15T18:49:02.038+0000] {local_task_job_runner.py:123} INFO - ::group::Pre task execution logs
[2025-11-15T18:49:02.051+0000] {taskinstance.py:2614} INFO - Dependencies all met for dep_context=non-requeueable deps ti=<TaskInstance: iot_sensor_data_dag.generate_sensor_data scheduled__2025-11-15T18:48:45+00:00 [queued]>
[2025-11-15T18:49:02.057+0000] {taskinstance.py:2614} INFO - Dependencies all met for dep_context=requeueable deps ti=<TaskInstance: iot_sensor_data_dag.generate_sensor_data scheduled__2025-11-15T18:48:45+00:00 [queued]>
[2025-11-15T18:49:02.066+0000] {taskinstance.py:2867} INFO - Starting attempt 1 of 1
[2025-11-15T18:49:02.077+0000] {taskinstance.py:2890} INFO - Executing <Task(PythonOperator): generate_sensor_data> on 2025-11-15 18:48:45+00:00
[2025-11-15T18:49:02.084+0000] {warnings.py:112} WARNING - /home/***/.local/lib/python3.12/site-packages/***/task/task_runner/standard_task_runner.py:70: DeprecationWarning: This process (pid=127) is multi-threaded, use of fork() may lead to deadlocks in the child.
  pid = os.fork()

[2025-11-15T18:49:02.085+0000] {standard_task_runner.py:72} INFO - Started process 129 to run task
[2025-11-15T18:49:02.086+0000] {standard_task_runner.py:104} INFO - Running: ['***', 'tasks', 'run', 'iot_sensor_data_dag', 'generate_sensor_data', 'scheduled__2025-11-15T18:48:45+00:00', '--job-id', '1349', '--raw', '--subdir', 'DAGS_FOLDER/DEPI.py', '--cfg-path', '/tmp/tmpl240gt4v']
[2025-11-15T18:49:02.087+0000] {standard_task_runner.py:105} INFO - Job 1349: Subtask generate_sensor_data
[2025-11-15T18:49:02.308+0000] {task_command.py:467} INFO - Running <TaskInstance: iot_sensor_data_dag.generate_sensor_data scheduled__2025-11-15T18:48:45+00:00 [running]> on host 4f76d54186b6
[2025-11-15T18:49:02.376+0000] {taskinstance.py:3134} INFO - Exporting env vars: AIRFLOW_CTX_DAG_OWNER='***' AIRFLOW_CTX_DAG_ID='iot_sensor_data_dag' AIRFLOW_CTX_TASK_ID='generate_sensor_data' AIRFLOW_CTX_EXECUTION_DATE='2025-11-15T18:48:45+00:00' AIRFLOW_CTX_TRY_NUMBER='1' AIRFLOW_CTX_DAG_RUN_ID='scheduled__2025-11-15T18:48:45+00:00'
[2025-11-15T18:49:02.378+0000] {logging_mixin.py:190} INFO - Task instance is in running state
[2025-11-15T18:49:02.378+0000] {logging_mixin.py:190} INFO -  Previous state of the Task instance: queued
[2025-11-15T18:49:02.379+0000] {logging_mixin.py:190} INFO - Current task name:generate_sensor_data state:running start_date:2025-11-15 18:49:02.052235+00:00
[2025-11-15T18:49:02.379+0000] {logging_mixin.py:190} INFO - Dag name:iot_sensor_data_dag and current dag run status:running
[2025-11-15T18:49:02.380+0000] {taskinstance.py:732} INFO - ::endgroup::
[2025-11-15T18:49:02.414+0000] {logging_mixin.py:190} INFO - [2025-11-15 18:49:02.397251] Inserted sensor data: {'time': '2025-11-15T18:49:02.397251', 'temperature': 27.319242439233594, 'Dissolved_oxygen': 5.908986132406175, 'PH': 7.4637265243862405, 'Ammonia': 0.010543036253988159, 'Nitrite': 0.053576292644844495, 'Turbidty': 40.89981806187625, '_id': '6918cb1ef420f5ac9b306b39'}
[2025-11-15T18:54:23.081+0000] {python.py:218} INFO - Done. Returned value was: None
[2025-11-15T18:54:23.091+0000] {taskinstance.py:341} INFO - ::group::Post task execution logs
[2025-11-15T18:54:23.092+0000] {taskinstance.py:353} INFO - Marking task as SUCCESS. dag_id=iot_sensor_data_dag, task_id=generate_sensor_data, run_id=scheduled__2025-11-15T18:48:45+00:00, execution_date=20251115T184845, start_date=20251115T184902, end_date=20251115T185423
[2025-11-15T18:54:23.112+0000] {logging_mixin.py:190} INFO - Task instance in success state
[2025-11-15T18:54:23.114+0000] {logging_mixin.py:190} INFO -  Previous state of the Task instance: running
[2025-11-15T18:54:23.115+0000] {logging_mixin.py:190} INFO - Dag name:iot_sensor_data_dag queued_at:2025-11-15 18:49:00.547417+00:00
[2025-11-15T18:54:23.117+0000] {logging_mixin.py:190} INFO - Task hostname:4f76d54186b6 operator:PythonOperator
[2025-11-15T18:54:23.167+0000] {local_task_job_runner.py:266} INFO - Task exited with return code 0
[2025-11-15T18:54:23.184+0000] {taskinstance.py:3901} INFO - 0 downstream tasks scheduled from follow-on schedule check
[2025-11-15T18:54:23.190+0000] {local_task_job_runner.py:245} INFO - ::endgroup::
