[2025-11-15T12:26:59.515+0000] {local_task_job_runner.py:123} INFO - ::group::Pre task execution logs
[2025-11-15T12:26:59.526+0000] {taskinstance.py:2614} INFO - Dependencies all met for dep_context=non-requeueable deps ti=<TaskInstance: iot_sensor_data_dag.generate_sensor_data scheduled__2025-11-15T12:26:30+00:00 [queued]>
[2025-11-15T12:26:59.531+0000] {taskinstance.py:2614} INFO - Dependencies all met for dep_context=requeueable deps ti=<TaskInstance: iot_sensor_data_dag.generate_sensor_data scheduled__2025-11-15T12:26:30+00:00 [queued]>
[2025-11-15T12:26:59.531+0000] {taskinstance.py:2867} INFO - Starting attempt 1 of 1
[2025-11-15T12:26:59.541+0000] {taskinstance.py:2890} INFO - Executing <Task(PythonOperator): generate_sensor_data> on 2025-11-15 12:26:30+00:00
[2025-11-15T12:26:59.547+0000] {warnings.py:112} WARNING - /home/***/.local/lib/python3.12/site-packages/***/task/task_runner/standard_task_runner.py:70: DeprecationWarning: This process (pid=1155) is multi-threaded, use of fork() may lead to deadlocks in the child.
  pid = os.fork()

[2025-11-15T12:26:59.549+0000] {standard_task_runner.py:72} INFO - Started process 1158 to run task
[2025-11-15T12:26:59.549+0000] {standard_task_runner.py:104} INFO - Running: ['***', 'tasks', 'run', 'iot_sensor_data_dag', 'generate_sensor_data', 'scheduled__2025-11-15T12:26:30+00:00', '--job-id', '1257', '--raw', '--subdir', 'DAGS_FOLDER/DEPI.py', '--cfg-path', '/tmp/tmpdc_b6_1q']
[2025-11-15T12:26:59.550+0000] {standard_task_runner.py:105} INFO - Job 1257: Subtask generate_sensor_data
[2025-11-15T12:26:59.774+0000] {task_command.py:467} INFO - Running <TaskInstance: iot_sensor_data_dag.generate_sensor_data scheduled__2025-11-15T12:26:30+00:00 [running]> on host 4f76d54186b6
[2025-11-15T12:26:59.831+0000] {taskinstance.py:3134} INFO - Exporting env vars: AIRFLOW_CTX_DAG_OWNER='***' AIRFLOW_CTX_DAG_ID='iot_sensor_data_dag' AIRFLOW_CTX_TASK_ID='generate_sensor_data' AIRFLOW_CTX_EXECUTION_DATE='2025-11-15T12:26:30+00:00' AIRFLOW_CTX_TRY_NUMBER='1' AIRFLOW_CTX_DAG_RUN_ID='scheduled__2025-11-15T12:26:30+00:00'
[2025-11-15T12:26:59.833+0000] {logging_mixin.py:190} INFO - Task instance is in running state
[2025-11-15T12:26:59.834+0000] {logging_mixin.py:190} INFO -  Previous state of the Task instance: queued
[2025-11-15T12:26:59.835+0000] {logging_mixin.py:190} INFO - Current task name:generate_sensor_data state:running start_date:2025-11-15 12:26:59.526614+00:00
[2025-11-15T12:26:59.835+0000] {logging_mixin.py:190} INFO - Dag name:iot_sensor_data_dag and current dag run status:running
[2025-11-15T12:26:59.836+0000] {taskinstance.py:732} INFO - ::endgroup::
[2025-11-15T12:26:59.868+0000] {logging_mixin.py:190} INFO - [2025-11-15 12:26:59.856423] Inserted sensor data: {'time': '2025-11-15T12:26:59.856423', 'temperature': 27.68927233202014, 'Dissolved_oxygen': 6.045774619024858, 'PH': 7.433167689909953, 'Ammonia': 0.009302673846196118, 'Nitrite': 0.05423118474601832, 'Turbidty': 40.74804863128341, '_id': '691871936fe56146a7ca0e39'}
[2025-11-15T12:30:18.320+0000] {job.py:229} INFO - Heartbeat recovered after 19.92 seconds
[2025-11-15T12:30:35.973+0000] {job.py:229} INFO - Heartbeat recovered after 17.66 seconds
[2025-11-15T12:31:17.574+0000] {job.py:229} INFO - Heartbeat recovered after 41.64 seconds
[2025-11-15T12:31:53.809+0000] {python.py:218} INFO - Done. Returned value was: None
[2025-11-15T12:31:53.819+0000] {taskinstance.py:341} INFO - ::group::Post task execution logs
[2025-11-15T12:31:53.819+0000] {taskinstance.py:353} INFO - Marking task as SUCCESS. dag_id=iot_sensor_data_dag, task_id=generate_sensor_data, run_id=scheduled__2025-11-15T12:26:30+00:00, execution_date=20251115T122630, start_date=20251115T122659, end_date=20251115T123153
[2025-11-15T12:31:53.841+0000] {logging_mixin.py:190} INFO - Task instance in success state
[2025-11-15T12:31:53.842+0000] {logging_mixin.py:190} INFO -  Previous state of the Task instance: running
[2025-11-15T12:31:53.843+0000] {logging_mixin.py:190} INFO - Dag name:iot_sensor_data_dag queued_at:2025-11-15 12:26:56.794707+00:00
[2025-11-15T12:31:53.843+0000] {logging_mixin.py:190} INFO - Task hostname:4f76d54186b6 operator:PythonOperator
[2025-11-15T12:31:53.889+0000] {local_task_job_runner.py:266} INFO - Task exited with return code 0
[2025-11-15T12:31:53.908+0000] {taskinstance.py:3901} INFO - 0 downstream tasks scheduled from follow-on schedule check
[2025-11-15T12:31:53.926+0000] {local_task_job_runner.py:245} INFO - ::endgroup::
