[2025-11-13T18:59:46.846+0000] {local_task_job_runner.py:123} INFO - ::group::Pre task execution logs
[2025-11-13T18:59:46.859+0000] {taskinstance.py:2614} INFO - Dependencies all met for dep_context=non-requeueable deps ti=<TaskInstance: iot_sensor_data_dag.generate_sensor_data scheduled__2025-11-13T18:59:30+00:00 [queued]>
[2025-11-13T18:59:46.865+0000] {taskinstance.py:2614} INFO - Dependencies all met for dep_context=requeueable deps ti=<TaskInstance: iot_sensor_data_dag.generate_sensor_data scheduled__2025-11-13T18:59:30+00:00 [queued]>
[2025-11-13T18:59:46.867+0000] {taskinstance.py:2867} INFO - Starting attempt 1 of 1
[2025-11-13T18:59:46.983+0000] {taskinstance.py:2890} INFO - Executing <Task(PythonOperator): generate_sensor_data> on 2025-11-13 18:59:30+00:00
[2025-11-13T18:59:46.989+0000] {warnings.py:112} WARNING - /home/***/.local/lib/python3.12/site-packages/***/task/task_runner/standard_task_runner.py:70: DeprecationWarning: This process (pid=4380) is multi-threaded, use of fork() may lead to deadlocks in the child.
  pid = os.fork()

[2025-11-13T18:59:46.992+0000] {standard_task_runner.py:72} INFO - Started process 4382 to run task
[2025-11-13T18:59:46.992+0000] {standard_task_runner.py:104} INFO - Running: ['***', 'tasks', 'run', 'iot_sensor_data_dag', 'generate_sensor_data', 'scheduled__2025-11-13T18:59:30+00:00', '--job-id', '632', '--raw', '--subdir', 'DAGS_FOLDER/DEPI.py', '--cfg-path', '/tmp/tmp_tac4ste']
[2025-11-13T18:59:46.994+0000] {standard_task_runner.py:105} INFO - Job 632: Subtask generate_sensor_data
[2025-11-13T18:59:47.040+0000] {task_command.py:467} INFO - Running <TaskInstance: iot_sensor_data_dag.generate_sensor_data scheduled__2025-11-13T18:59:30+00:00 [running]> on host 4f76d54186b6
[2025-11-13T18:59:47.105+0000] {taskinstance.py:3134} INFO - Exporting env vars: AIRFLOW_CTX_DAG_OWNER='***' AIRFLOW_CTX_DAG_ID='iot_sensor_data_dag' AIRFLOW_CTX_TASK_ID='generate_sensor_data' AIRFLOW_CTX_EXECUTION_DATE='2025-11-13T18:59:30+00:00' AIRFLOW_CTX_TRY_NUMBER='1' AIRFLOW_CTX_DAG_RUN_ID='scheduled__2025-11-13T18:59:30+00:00'
[2025-11-13T18:59:47.108+0000] {logging_mixin.py:190} INFO - Task instance is in running state
[2025-11-13T18:59:47.110+0000] {logging_mixin.py:190} INFO -  Previous state of the Task instance: queued
[2025-11-13T18:59:47.110+0000] {logging_mixin.py:190} INFO - Current task name:generate_sensor_data state:running start_date:2025-11-13 18:59:46.860893+00:00
[2025-11-13T18:59:47.112+0000] {logging_mixin.py:190} INFO - Dag name:iot_sensor_data_dag and current dag run status:running
[2025-11-13T18:59:47.113+0000] {taskinstance.py:732} INFO - ::endgroup::
[2025-11-13T18:59:47.167+0000] {logging_mixin.py:190} INFO - [2025-11-13 18:59:47.143143] Inserted sensor data: {'time': datetime.datetime(2025, 11, 13, 18, 59, 47, 143143), 'temperature': 27.52256594296206, 'Dissolved_oxygen': 5.958201268076982, 'PH': 7.50720691875803, 'Ammonia': 0.010018242134585591, 'Nitrite': 0.05485352992813344, 'Turbidty': 39.36752495827661, '_id': ObjectId('69162aa37a7a96c34dcfd4e7')}
[2025-11-13T18:59:47.170+0000] {python.py:218} INFO - Done. Returned value was: None
[2025-11-13T18:59:47.182+0000] {taskinstance.py:341} INFO - ::group::Post task execution logs
[2025-11-13T18:59:47.183+0000] {taskinstance.py:353} INFO - Marking task as SUCCESS. dag_id=iot_sensor_data_dag, task_id=generate_sensor_data, run_id=scheduled__2025-11-13T18:59:30+00:00, execution_date=20251113T185930, start_date=20251113T185946, end_date=20251113T185947
[2025-11-13T18:59:47.200+0000] {logging_mixin.py:190} INFO - Task instance in success state
[2025-11-13T18:59:47.201+0000] {logging_mixin.py:190} INFO -  Previous state of the Task instance: running
[2025-11-13T18:59:47.202+0000] {logging_mixin.py:190} INFO - Dag name:iot_sensor_data_dag queued_at:2025-11-13 18:59:45.513588+00:00
[2025-11-13T18:59:47.202+0000] {logging_mixin.py:190} INFO - Task hostname:4f76d54186b6 operator:PythonOperator
[2025-11-13T18:59:47.213+0000] {local_task_job_runner.py:266} INFO - Task exited with return code 0
[2025-11-13T18:59:47.233+0000] {taskinstance.py:3901} INFO - 0 downstream tasks scheduled from follow-on schedule check
[2025-11-13T18:59:47.237+0000] {local_task_job_runner.py:245} INFO - ::endgroup::
