[2025-11-13T17:55:02.376+0000] {local_task_job_runner.py:123} INFO - ::group::Pre task execution logs
[2025-11-13T17:55:02.404+0000] {taskinstance.py:2614} INFO - Dependencies all met for dep_context=non-requeueable deps ti=<TaskInstance: iot_sensor_data_dag.generate_sensor_data scheduled__2025-11-13T17:54:45+00:00 [queued]>
[2025-11-13T17:55:02.417+0000] {taskinstance.py:2614} INFO - Dependencies all met for dep_context=requeueable deps ti=<TaskInstance: iot_sensor_data_dag.generate_sensor_data scheduled__2025-11-13T17:54:45+00:00 [queued]>
[2025-11-13T17:55:02.419+0000] {taskinstance.py:2867} INFO - Starting attempt 1 of 1
[2025-11-13T17:55:02.619+0000] {taskinstance.py:2890} INFO - Executing <Task(PythonOperator): generate_sensor_data> on 2025-11-13 17:54:45+00:00
[2025-11-13T17:55:02.632+0000] {warnings.py:112} WARNING - /home/***/.local/lib/python3.12/site-packages/***/task/task_runner/standard_task_runner.py:70: DeprecationWarning: This process (pid=1669) is multi-threaded, use of fork() may lead to deadlocks in the child.
  pid = os.fork()

[2025-11-13T17:55:02.636+0000] {standard_task_runner.py:72} INFO - Started process 1671 to run task
[2025-11-13T17:55:02.635+0000] {standard_task_runner.py:104} INFO - Running: ['***', 'tasks', 'run', 'iot_sensor_data_dag', 'generate_sensor_data', 'scheduled__2025-11-13T17:54:45+00:00', '--job-id', '373', '--raw', '--subdir', 'DAGS_FOLDER/DEPI.py', '--cfg-path', '/tmp/tmpb3t1u2o2']
[2025-11-13T17:55:02.638+0000] {standard_task_runner.py:105} INFO - Job 373: Subtask generate_sensor_data
[2025-11-13T17:55:02.708+0000] {task_command.py:467} INFO - Running <TaskInstance: iot_sensor_data_dag.generate_sensor_data scheduled__2025-11-13T17:54:45+00:00 [running]> on host 4f76d54186b6
[2025-11-13T17:55:02.822+0000] {taskinstance.py:3134} INFO - Exporting env vars: AIRFLOW_CTX_DAG_OWNER='***' AIRFLOW_CTX_DAG_ID='iot_sensor_data_dag' AIRFLOW_CTX_TASK_ID='generate_sensor_data' AIRFLOW_CTX_EXECUTION_DATE='2025-11-13T17:54:45+00:00' AIRFLOW_CTX_TRY_NUMBER='1' AIRFLOW_CTX_DAG_RUN_ID='scheduled__2025-11-13T17:54:45+00:00'
[2025-11-13T17:55:02.824+0000] {logging_mixin.py:190} INFO - Task instance is in running state
[2025-11-13T17:55:02.825+0000] {logging_mixin.py:190} INFO -  Previous state of the Task instance: queued
[2025-11-13T17:55:02.826+0000] {logging_mixin.py:190} INFO - Current task name:generate_sensor_data state:running start_date:2025-11-13 17:55:02.406003+00:00
[2025-11-13T17:55:02.827+0000] {logging_mixin.py:190} INFO - Dag name:iot_sensor_data_dag and current dag run status:running
[2025-11-13T17:55:02.828+0000] {taskinstance.py:732} INFO - ::endgroup::
[2025-11-13T17:55:02.874+0000] {logging_mixin.py:190} INFO - [2025-11-13 17:55:02.849552] Inserted sensor data: {'time': datetime.datetime(2025, 11, 13, 17, 55, 2, 849552), 'temperature': 27.317736222455125, 'Dissolved_oxygen': 6.039217193046588, 'PH': 7.574874818988506, 'Ammonia': 0.010115055895690535, 'Nitrite': 0.04869890025438771, 'Turbidty': 40.627082122601976, '_id': ObjectId('69161b76e57ecf4a1039f811')}
[2025-11-13T17:55:02.877+0000] {python.py:218} INFO - Done. Returned value was: None
[2025-11-13T17:55:02.893+0000] {taskinstance.py:341} INFO - ::group::Post task execution logs
[2025-11-13T17:55:02.894+0000] {taskinstance.py:353} INFO - Marking task as SUCCESS. dag_id=iot_sensor_data_dag, task_id=generate_sensor_data, run_id=scheduled__2025-11-13T17:54:45+00:00, execution_date=20251113T175445, start_date=20251113T175502, end_date=20251113T175502
[2025-11-13T17:55:02.924+0000] {logging_mixin.py:190} INFO - Task instance in success state
[2025-11-13T17:55:02.925+0000] {logging_mixin.py:190} INFO -  Previous state of the Task instance: running
[2025-11-13T17:55:02.926+0000] {logging_mixin.py:190} INFO - Dag name:iot_sensor_data_dag queued_at:2025-11-13 17:55:00.203671+00:00
[2025-11-13T17:55:02.927+0000] {logging_mixin.py:190} INFO - Task hostname:4f76d54186b6 operator:PythonOperator
[2025-11-13T17:55:02.980+0000] {local_task_job_runner.py:266} INFO - Task exited with return code 0
[2025-11-13T17:55:03.022+0000] {taskinstance.py:3901} INFO - 0 downstream tasks scheduled from follow-on schedule check
[2025-11-13T17:55:03.029+0000] {local_task_job_runner.py:245} INFO - ::endgroup::
