[2025-11-13T19:16:02.739+0000] {local_task_job_runner.py:123} INFO - ::group::Pre task execution logs
[2025-11-13T19:16:02.757+0000] {taskinstance.py:2614} INFO - Dependencies all met for dep_context=non-requeueable deps ti=<TaskInstance: iot_sensor_data_dag.generate_sensor_data scheduled__2025-11-13T19:15:45+00:00 [queued]>
[2025-11-13T19:16:02.765+0000] {taskinstance.py:2614} INFO - Dependencies all met for dep_context=requeueable deps ti=<TaskInstance: iot_sensor_data_dag.generate_sensor_data scheduled__2025-11-13T19:15:45+00:00 [queued]>
[2025-11-13T19:16:02.766+0000] {taskinstance.py:2867} INFO - Starting attempt 1 of 1
[2025-11-13T19:16:02.915+0000] {taskinstance.py:2890} INFO - Executing <Task(PythonOperator): generate_sensor_data> on 2025-11-13 19:15:45+00:00
[2025-11-13T19:16:02.922+0000] {warnings.py:112} WARNING - /home/***/.local/lib/python3.12/site-packages/***/task/task_runner/standard_task_runner.py:70: DeprecationWarning: This process (pid=5058) is multi-threaded, use of fork() may lead to deadlocks in the child.
  pid = os.fork()

[2025-11-13T19:16:02.926+0000] {standard_task_runner.py:72} INFO - Started process 5060 to run task
[2025-11-13T19:16:02.927+0000] {standard_task_runner.py:104} INFO - Running: ['***', 'tasks', 'run', 'iot_sensor_data_dag', 'generate_sensor_data', 'scheduled__2025-11-13T19:15:45+00:00', '--job-id', '697', '--raw', '--subdir', 'DAGS_FOLDER/DEPI.py', '--cfg-path', '/tmp/tmp6f_d19kk']
[2025-11-13T19:16:02.928+0000] {standard_task_runner.py:105} INFO - Job 697: Subtask generate_sensor_data
[2025-11-13T19:16:02.992+0000] {task_command.py:467} INFO - Running <TaskInstance: iot_sensor_data_dag.generate_sensor_data scheduled__2025-11-13T19:15:45+00:00 [running]> on host 4f76d54186b6
[2025-11-13T19:16:03.100+0000] {taskinstance.py:3134} INFO - Exporting env vars: AIRFLOW_CTX_DAG_OWNER='***' AIRFLOW_CTX_DAG_ID='iot_sensor_data_dag' AIRFLOW_CTX_TASK_ID='generate_sensor_data' AIRFLOW_CTX_EXECUTION_DATE='2025-11-13T19:15:45+00:00' AIRFLOW_CTX_TRY_NUMBER='1' AIRFLOW_CTX_DAG_RUN_ID='scheduled__2025-11-13T19:15:45+00:00'
[2025-11-13T19:16:03.103+0000] {logging_mixin.py:190} INFO - Task instance is in running state
[2025-11-13T19:16:03.104+0000] {logging_mixin.py:190} INFO -  Previous state of the Task instance: queued
[2025-11-13T19:16:03.105+0000] {logging_mixin.py:190} INFO - Current task name:generate_sensor_data state:running start_date:2025-11-13 19:16:02.758386+00:00
[2025-11-13T19:16:03.105+0000] {logging_mixin.py:190} INFO - Dag name:iot_sensor_data_dag and current dag run status:running
[2025-11-13T19:16:03.106+0000] {taskinstance.py:732} INFO - ::endgroup::
[2025-11-13T19:16:03.148+0000] {logging_mixin.py:190} INFO - [2025-11-13 19:16:03.129075] Inserted sensor data: {'time': datetime.datetime(2025, 11, 13, 19, 16, 3, 129075), 'temperature': 27.53916046212673, 'Dissolved_oxygen': 6.057817859850553, 'PH': 7.466166001171308, 'Ammonia': 0.01038254787756117, 'Nitrite': 0.05281872213970976, 'Turbidty': 40.58959572562224, '_id': ObjectId('69162e7341b62de72a51a079')}
[2025-11-13T19:16:03.153+0000] {python.py:218} INFO - Done. Returned value was: None
[2025-11-13T19:16:03.173+0000] {taskinstance.py:341} INFO - ::group::Post task execution logs
[2025-11-13T19:16:03.174+0000] {taskinstance.py:353} INFO - Marking task as SUCCESS. dag_id=iot_sensor_data_dag, task_id=generate_sensor_data, run_id=scheduled__2025-11-13T19:15:45+00:00, execution_date=20251113T191545, start_date=20251113T191602, end_date=20251113T191603
[2025-11-13T19:16:03.208+0000] {logging_mixin.py:190} INFO - Task instance in success state
[2025-11-13T19:16:03.209+0000] {logging_mixin.py:190} INFO -  Previous state of the Task instance: running
[2025-11-13T19:16:03.210+0000] {logging_mixin.py:190} INFO - Dag name:iot_sensor_data_dag queued_at:2025-11-13 19:16:01.008053+00:00
[2025-11-13T19:16:03.213+0000] {logging_mixin.py:190} INFO - Task hostname:4f76d54186b6 operator:PythonOperator
[2025-11-13T19:16:03.233+0000] {local_task_job_runner.py:266} INFO - Task exited with return code 0
[2025-11-13T19:16:03.259+0000] {taskinstance.py:3901} INFO - 0 downstream tasks scheduled from follow-on schedule check
[2025-11-13T19:16:03.264+0000] {local_task_job_runner.py:245} INFO - ::endgroup::
