[2025-11-16T20:09:12.516+0000] {local_task_job_runner.py:123} INFO - ::group::Pre task execution logs
[2025-11-16T20:09:12.528+0000] {taskinstance.py:2614} INFO - Dependencies all met for dep_context=non-requeueable deps ti=<TaskInstance: iot_sensor_data_dag.generate_sensor_data scheduled__2025-11-16T20:08:45+00:00 [queued]>
[2025-11-16T20:09:12.533+0000] {taskinstance.py:2614} INFO - Dependencies all met for dep_context=requeueable deps ti=<TaskInstance: iot_sensor_data_dag.generate_sensor_data scheduled__2025-11-16T20:08:45+00:00 [queued]>
[2025-11-16T20:09:12.534+0000] {taskinstance.py:2867} INFO - Starting attempt 1 of 1
[2025-11-16T20:09:12.544+0000] {taskinstance.py:2890} INFO - Executing <Task(PythonOperator): generate_sensor_data> on 2025-11-16 20:08:45+00:00
[2025-11-16T20:09:12.551+0000] {warnings.py:112} WARNING - /home/***/.local/lib/python3.12/site-packages/***/task/task_runner/standard_task_runner.py:70: DeprecationWarning: This process (pid=3601) is multi-threaded, use of fork() may lead to deadlocks in the child.
  pid = os.fork()

[2025-11-16T20:09:12.553+0000] {standard_task_runner.py:72} INFO - Started process 3607 to run task
[2025-11-16T20:09:12.553+0000] {standard_task_runner.py:104} INFO - Running: ['***', 'tasks', 'run', 'iot_sensor_data_dag', 'generate_sensor_data', 'scheduled__2025-11-16T20:08:45+00:00', '--job-id', '1604', '--raw', '--subdir', 'DAGS_FOLDER/DEPI.py', '--cfg-path', '/tmp/tmp43mem8qa']
[2025-11-16T20:09:12.554+0000] {standard_task_runner.py:105} INFO - Job 1604: Subtask generate_sensor_data
[2025-11-16T20:09:12.782+0000] {task_command.py:467} INFO - Running <TaskInstance: iot_sensor_data_dag.generate_sensor_data scheduled__2025-11-16T20:08:45+00:00 [running]> on host 4f76d54186b6
[2025-11-16T20:09:12.840+0000] {taskinstance.py:3134} INFO - Exporting env vars: AIRFLOW_CTX_DAG_OWNER='***' AIRFLOW_CTX_DAG_ID='iot_sensor_data_dag' AIRFLOW_CTX_TASK_ID='generate_sensor_data' AIRFLOW_CTX_EXECUTION_DATE='2025-11-16T20:08:45+00:00' AIRFLOW_CTX_TRY_NUMBER='1' AIRFLOW_CTX_DAG_RUN_ID='scheduled__2025-11-16T20:08:45+00:00'
[2025-11-16T20:09:12.841+0000] {logging_mixin.py:190} INFO - Task instance is in running state
[2025-11-16T20:09:12.842+0000] {logging_mixin.py:190} INFO -  Previous state of the Task instance: queued
[2025-11-16T20:09:12.843+0000] {logging_mixin.py:190} INFO - Current task name:generate_sensor_data state:running start_date:2025-11-16 20:09:12.528842+00:00
[2025-11-16T20:09:12.843+0000] {logging_mixin.py:190} INFO - Dag name:iot_sensor_data_dag and current dag run status:running
[2025-11-16T20:09:12.844+0000] {taskinstance.py:732} INFO - ::endgroup::
[2025-11-16T20:13:12.524+0000] {job.py:229} INFO - Heartbeat recovered after 189.20 seconds
[2025-11-17T19:40:23.588+0000] {local_task_job_runner.py:123} INFO - ::group::Pre task execution logs
[2025-11-17T19:40:23.601+0000] {taskinstance.py:2604} INFO - Dependencies not met for <TaskInstance: iot_sensor_data_dag.generate_sensor_data scheduled__2025-11-16T20:08:45+00:00 [failed]>, dependency 'Task Instance State' FAILED: Task is in the 'failed' state.
[2025-11-17T19:40:23.604+0000] {local_task_job_runner.py:166} INFO - Task is not able to be run
