[2025-11-15T12:29:47.216+0000] {local_task_job_runner.py:123} INFO - ::group::Pre task execution logs
[2025-11-15T12:29:47.231+0000] {taskinstance.py:2614} INFO - Dependencies all met for dep_context=non-requeueable deps ti=<TaskInstance: iot_sensor_data_dag.generate_sensor_data scheduled__2025-11-15T12:29:30+00:00 [queued]>
[2025-11-15T12:29:47.237+0000] {taskinstance.py:2614} INFO - Dependencies all met for dep_context=requeueable deps ti=<TaskInstance: iot_sensor_data_dag.generate_sensor_data scheduled__2025-11-15T12:29:30+00:00 [queued]>
[2025-11-15T12:29:47.238+0000] {taskinstance.py:2867} INFO - Starting attempt 1 of 1
[2025-11-15T12:29:47.248+0000] {taskinstance.py:2890} INFO - Executing <Task(PythonOperator): generate_sensor_data> on 2025-11-15 12:29:30+00:00
[2025-11-15T12:29:47.255+0000] {warnings.py:112} WARNING - /home/***/.local/lib/python3.12/site-packages/***/task/task_runner/standard_task_runner.py:70: DeprecationWarning: This process (pid=1320) is multi-threaded, use of fork() may lead to deadlocks in the child.
  pid = os.fork()

[2025-11-15T12:29:47.257+0000] {standard_task_runner.py:72} INFO - Started process 1322 to run task
[2025-11-15T12:29:47.256+0000] {standard_task_runner.py:104} INFO - Running: ['***', 'tasks', 'run', 'iot_sensor_data_dag', 'generate_sensor_data', 'scheduled__2025-11-15T12:29:30+00:00', '--job-id', '1270', '--raw', '--subdir', 'DAGS_FOLDER/DEPI.py', '--cfg-path', '/tmp/tmpsbsww2f2']
[2025-11-15T12:29:47.258+0000] {standard_task_runner.py:105} INFO - Job 1270: Subtask generate_sensor_data
[2025-11-15T12:29:47.518+0000] {task_command.py:467} INFO - Running <TaskInstance: iot_sensor_data_dag.generate_sensor_data scheduled__2025-11-15T12:29:30+00:00 [running]> on host 4f76d54186b6
[2025-11-15T12:29:47.583+0000] {taskinstance.py:3134} INFO - Exporting env vars: AIRFLOW_CTX_DAG_OWNER='***' AIRFLOW_CTX_DAG_ID='iot_sensor_data_dag' AIRFLOW_CTX_TASK_ID='generate_sensor_data' AIRFLOW_CTX_EXECUTION_DATE='2025-11-15T12:29:30+00:00' AIRFLOW_CTX_TRY_NUMBER='1' AIRFLOW_CTX_DAG_RUN_ID='scheduled__2025-11-15T12:29:30+00:00'
[2025-11-15T12:29:47.584+0000] {logging_mixin.py:190} INFO - Task instance is in running state
[2025-11-15T12:29:47.585+0000] {logging_mixin.py:190} INFO -  Previous state of the Task instance: queued
[2025-11-15T12:29:47.585+0000] {logging_mixin.py:190} INFO - Current task name:generate_sensor_data state:running start_date:2025-11-15 12:29:47.232145+00:00
[2025-11-15T12:29:47.585+0000] {logging_mixin.py:190} INFO - Dag name:iot_sensor_data_dag and current dag run status:running
[2025-11-15T12:29:47.586+0000] {taskinstance.py:732} INFO - ::endgroup::
[2025-11-15T12:29:49.463+0000] {logging_mixin.py:190} INFO - [2025-11-15 12:29:47.649604] Inserted sensor data: {'time': '2025-11-15T12:29:47.649604', 'temperature': 27.409838320700903, 'Dissolved_oxygen': 5.9171948621794055, 'PH': 7.548884699578734, 'Ammonia': 0.009950559943066437, 'Nitrite': 0.05061429384855116, 'Turbidty': 39.12511643789943, '_id': '6918723bce695ab72244e1c3'}
[2025-11-15T12:30:18.320+0000] {job.py:229} INFO - Heartbeat recovered after 19.92 seconds
[2025-11-15T12:30:35.973+0000] {job.py:229} INFO - Heartbeat recovered after 17.66 seconds
[2025-11-15T12:31:17.571+0000] {job.py:229} INFO - Heartbeat recovered after 41.64 seconds
[2025-11-16T19:14:19.881+0000] {local_task_job_runner.py:123} INFO - ::group::Pre task execution logs
[2025-11-16T19:14:19.909+0000] {taskinstance.py:2604} INFO - Dependencies not met for <TaskInstance: iot_sensor_data_dag.generate_sensor_data scheduled__2025-11-15T12:29:30+00:00 [failed]>, dependency 'Task Instance State' FAILED: Task is in the 'failed' state.
[2025-11-16T19:14:19.915+0000] {local_task_job_runner.py:166} INFO - Task is not able to be run
