[2025-11-13T17:37:02.114+0000] {local_task_job_runner.py:123} INFO - ::group::Pre task execution logs
[2025-11-13T17:37:02.130+0000] {taskinstance.py:2614} INFO - Dependencies all met for dep_context=non-requeueable deps ti=<TaskInstance: iot_sensor_data_dag.generate_sensor_data scheduled__2025-11-13T17:36:45+00:00 [queued]>
[2025-11-13T17:37:02.137+0000] {taskinstance.py:2614} INFO - Dependencies all met for dep_context=requeueable deps ti=<TaskInstance: iot_sensor_data_dag.generate_sensor_data scheduled__2025-11-13T17:36:45+00:00 [queued]>
[2025-11-13T17:37:02.138+0000] {taskinstance.py:2867} INFO - Starting attempt 1 of 1
[2025-11-13T17:37:02.282+0000] {taskinstance.py:2890} INFO - Executing <Task(PythonOperator): generate_sensor_data> on 2025-11-13 17:36:45+00:00
[2025-11-13T17:37:02.289+0000] {warnings.py:112} WARNING - /home/***/.local/lib/python3.12/site-packages/***/task/task_runner/standard_task_runner.py:70: DeprecationWarning: This process (pid=920) is multi-threaded, use of fork() may lead to deadlocks in the child.
  pid = os.fork()

[2025-11-13T17:37:02.292+0000] {standard_task_runner.py:104} INFO - Running: ['***', 'tasks', 'run', 'iot_sensor_data_dag', 'generate_sensor_data', 'scheduled__2025-11-13T17:36:45+00:00', '--job-id', '301', '--raw', '--subdir', 'DAGS_FOLDER/DEPI.py', '--cfg-path', '/tmp/tmp6lkpw_li']
[2025-11-13T17:37:02.292+0000] {standard_task_runner.py:72} INFO - Started process 929 to run task
[2025-11-13T17:37:02.293+0000] {standard_task_runner.py:105} INFO - Job 301: Subtask generate_sensor_data
[2025-11-13T17:37:02.351+0000] {task_command.py:467} INFO - Running <TaskInstance: iot_sensor_data_dag.generate_sensor_data scheduled__2025-11-13T17:36:45+00:00 [running]> on host 4f76d54186b6
[2025-11-13T17:37:02.432+0000] {taskinstance.py:3134} INFO - Exporting env vars: AIRFLOW_CTX_DAG_OWNER='***' AIRFLOW_CTX_DAG_ID='iot_sensor_data_dag' AIRFLOW_CTX_TASK_ID='generate_sensor_data' AIRFLOW_CTX_EXECUTION_DATE='2025-11-13T17:36:45+00:00' AIRFLOW_CTX_TRY_NUMBER='1' AIRFLOW_CTX_DAG_RUN_ID='scheduled__2025-11-13T17:36:45+00:00'
[2025-11-13T17:37:02.435+0000] {logging_mixin.py:190} INFO - Task instance is in running state
[2025-11-13T17:37:02.436+0000] {logging_mixin.py:190} INFO -  Previous state of the Task instance: queued
[2025-11-13T17:37:02.437+0000] {logging_mixin.py:190} INFO - Current task name:generate_sensor_data state:running start_date:2025-11-13 17:37:02.130965+00:00
[2025-11-13T17:37:02.437+0000] {logging_mixin.py:190} INFO - Dag name:iot_sensor_data_dag and current dag run status:running
[2025-11-13T17:37:02.438+0000] {taskinstance.py:732} INFO - ::endgroup::
[2025-11-13T17:37:02.474+0000] {logging_mixin.py:190} INFO - [2025-11-13 17:37:02.454398] Inserted sensor data: {'time': datetime.datetime(2025, 11, 13, 17, 37, 2, 454398), 'temperature': 27.602838999443527, 'Dissolved_oxygen': 5.9825000322774295, 'PH': 7.500179686382172, 'Ammonia': 0.010692964245395512, 'Nitrite': 0.054382226749377524, 'Turbidty': 40.69546652223529, '_id': ObjectId('6916173e3d47c6077bc7cde6')}
[2025-11-13T17:37:02.476+0000] {python.py:218} INFO - Done. Returned value was: None
[2025-11-13T17:37:02.487+0000] {taskinstance.py:341} INFO - ::group::Post task execution logs
[2025-11-13T17:37:02.488+0000] {taskinstance.py:353} INFO - Marking task as SUCCESS. dag_id=iot_sensor_data_dag, task_id=generate_sensor_data, run_id=scheduled__2025-11-13T17:36:45+00:00, execution_date=20251113T173645, start_date=20251113T173702, end_date=20251113T173702
[2025-11-13T17:37:02.512+0000] {logging_mixin.py:190} INFO - Task instance in success state
[2025-11-13T17:37:02.513+0000] {logging_mixin.py:190} INFO -  Previous state of the Task instance: running
[2025-11-13T17:37:02.513+0000] {logging_mixin.py:190} INFO - Dag name:iot_sensor_data_dag queued_at:2025-11-13 17:37:00.577653+00:00
[2025-11-13T17:37:02.514+0000] {logging_mixin.py:190} INFO - Task hostname:4f76d54186b6 operator:PythonOperator
[2025-11-13T17:37:02.553+0000] {local_task_job_runner.py:266} INFO - Task exited with return code 0
[2025-11-13T17:37:02.577+0000] {taskinstance.py:3901} INFO - 0 downstream tasks scheduled from follow-on schedule check
[2025-11-13T17:37:02.582+0000] {local_task_job_runner.py:245} INFO - ::endgroup::
