[2025-11-13T17:20:46.719+0000] {local_task_job_runner.py:123} INFO - ::group::Pre task execution logs
[2025-11-13T17:20:46.734+0000] {taskinstance.py:2614} INFO - Dependencies all met for dep_context=non-requeueable deps ti=<TaskInstance: iot_sensor_data_dag.generate_sensor_data scheduled__2025-11-13T17:20:30+00:00 [queued]>
[2025-11-13T17:20:46.741+0000] {taskinstance.py:2614} INFO - Dependencies all met for dep_context=requeueable deps ti=<TaskInstance: iot_sensor_data_dag.generate_sensor_data scheduled__2025-11-13T17:20:30+00:00 [queued]>
[2025-11-13T17:20:46.742+0000] {taskinstance.py:2867} INFO - Starting attempt 1 of 1
[2025-11-13T17:20:46.920+0000] {taskinstance.py:2890} INFO - Executing <Task(PythonOperator): generate_sensor_data> on 2025-11-13 17:20:30+00:00
[2025-11-13T17:20:46.933+0000] {warnings.py:112} WARNING - /home/***/.local/lib/python3.12/site-packages/***/task/task_runner/standard_task_runner.py:70: DeprecationWarning: This process (pid=247) is multi-threaded, use of fork() may lead to deadlocks in the child.
  pid = os.fork()

[2025-11-13T17:20:46.936+0000] {standard_task_runner.py:72} INFO - Started process 249 to run task
[2025-11-13T17:20:46.937+0000] {standard_task_runner.py:104} INFO - Running: ['***', 'tasks', 'run', 'iot_sensor_data_dag', 'generate_sensor_data', 'scheduled__2025-11-13T17:20:30+00:00', '--job-id', '236', '--raw', '--subdir', 'DAGS_FOLDER/DEPI.py', '--cfg-path', '/tmp/tmpts7nvcyn']
[2025-11-13T17:20:46.939+0000] {standard_task_runner.py:105} INFO - Job 236: Subtask generate_sensor_data
[2025-11-13T17:20:46.995+0000] {task_command.py:467} INFO - Running <TaskInstance: iot_sensor_data_dag.generate_sensor_data scheduled__2025-11-13T17:20:30+00:00 [running]> on host 4f76d54186b6
[2025-11-13T17:20:47.077+0000] {taskinstance.py:3134} INFO - Exporting env vars: AIRFLOW_CTX_DAG_OWNER='***' AIRFLOW_CTX_DAG_ID='iot_sensor_data_dag' AIRFLOW_CTX_TASK_ID='generate_sensor_data' AIRFLOW_CTX_EXECUTION_DATE='2025-11-13T17:20:30+00:00' AIRFLOW_CTX_TRY_NUMBER='1' AIRFLOW_CTX_DAG_RUN_ID='scheduled__2025-11-13T17:20:30+00:00'
[2025-11-13T17:20:47.079+0000] {logging_mixin.py:190} INFO - Task instance is in running state
[2025-11-13T17:20:47.080+0000] {logging_mixin.py:190} INFO -  Previous state of the Task instance: queued
[2025-11-13T17:20:47.081+0000] {logging_mixin.py:190} INFO - Current task name:generate_sensor_data state:running start_date:2025-11-13 17:20:46.735370+00:00
[2025-11-13T17:20:47.081+0000] {logging_mixin.py:190} INFO - Dag name:iot_sensor_data_dag and current dag run status:running
[2025-11-13T17:20:47.082+0000] {taskinstance.py:732} INFO - ::endgroup::
[2025-11-13T17:20:47.120+0000] {logging_mixin.py:190} INFO - [2025-11-13 17:20:47.101129] Inserted sensor data: {'time': datetime.datetime(2025, 11, 13, 17, 20, 47, 101129), 'temperature': 27.450027027118, 'Dissolved_oxygen': 6.0485428624830195, 'PH': 7.446705681011325, 'Ammonia': 0.010720616157978093, 'Nitrite': 0.050763654832824044, 'Turbidty': 40.40459357140554, '_id': ObjectId('6916136f11a432c4ee42abbe')}
[2025-11-13T17:20:47.123+0000] {python.py:218} INFO - Done. Returned value was: None
[2025-11-13T17:20:47.133+0000] {taskinstance.py:341} INFO - ::group::Post task execution logs
[2025-11-13T17:20:47.134+0000] {taskinstance.py:353} INFO - Marking task as SUCCESS. dag_id=iot_sensor_data_dag, task_id=generate_sensor_data, run_id=scheduled__2025-11-13T17:20:30+00:00, execution_date=20251113T172030, start_date=20251113T172046, end_date=20251113T172047
[2025-11-13T17:20:47.156+0000] {logging_mixin.py:190} INFO - Task instance in success state
[2025-11-13T17:20:47.157+0000] {logging_mixin.py:190} INFO -  Previous state of the Task instance: running
[2025-11-13T17:20:47.158+0000] {logging_mixin.py:190} INFO - Dag name:iot_sensor_data_dag queued_at:2025-11-13 17:20:45.227159+00:00
[2025-11-13T17:20:47.158+0000] {logging_mixin.py:190} INFO - Task hostname:4f76d54186b6 operator:PythonOperator
[2025-11-13T17:20:47.204+0000] {local_task_job_runner.py:266} INFO - Task exited with return code 0
[2025-11-13T17:20:47.230+0000] {taskinstance.py:3901} INFO - 0 downstream tasks scheduled from follow-on schedule check
[2025-11-13T17:20:47.236+0000] {local_task_job_runner.py:245} INFO - ::endgroup::
