[2025-11-13T18:25:46.835+0000] {local_task_job_runner.py:123} INFO - ::group::Pre task execution logs
[2025-11-13T18:25:46.847+0000] {taskinstance.py:2614} INFO - Dependencies all met for dep_context=non-requeueable deps ti=<TaskInstance: iot_sensor_data_dag.generate_sensor_data scheduled__2025-11-13T18:25:30+00:00 [queued]>
[2025-11-13T18:25:46.853+0000] {taskinstance.py:2614} INFO - Dependencies all met for dep_context=requeueable deps ti=<TaskInstance: iot_sensor_data_dag.generate_sensor_data scheduled__2025-11-13T18:25:30+00:00 [queued]>
[2025-11-13T18:25:46.854+0000] {taskinstance.py:2867} INFO - Starting attempt 1 of 1
[2025-11-13T18:25:46.968+0000] {taskinstance.py:2890} INFO - Executing <Task(PythonOperator): generate_sensor_data> on 2025-11-13 18:25:30+00:00
[2025-11-13T18:25:46.975+0000] {warnings.py:112} WARNING - /home/***/.local/lib/python3.12/site-packages/***/task/task_runner/standard_task_runner.py:70: DeprecationWarning: This process (pid=2954) is multi-threaded, use of fork() may lead to deadlocks in the child.
  pid = os.fork()

[2025-11-13T18:25:46.977+0000] {standard_task_runner.py:72} INFO - Started process 2956 to run task
[2025-11-13T18:25:46.977+0000] {standard_task_runner.py:104} INFO - Running: ['***', 'tasks', 'run', 'iot_sensor_data_dag', 'generate_sensor_data', 'scheduled__2025-11-13T18:25:30+00:00', '--job-id', '496', '--raw', '--subdir', 'DAGS_FOLDER/DEPI.py', '--cfg-path', '/tmp/tmpq1ihszi3']
[2025-11-13T18:25:46.978+0000] {standard_task_runner.py:105} INFO - Job 496: Subtask generate_sensor_data
[2025-11-13T18:25:47.015+0000] {task_command.py:467} INFO - Running <TaskInstance: iot_sensor_data_dag.generate_sensor_data scheduled__2025-11-13T18:25:30+00:00 [running]> on host 4f76d54186b6
[2025-11-13T18:25:47.086+0000] {taskinstance.py:3134} INFO - Exporting env vars: AIRFLOW_CTX_DAG_OWNER='***' AIRFLOW_CTX_DAG_ID='iot_sensor_data_dag' AIRFLOW_CTX_TASK_ID='generate_sensor_data' AIRFLOW_CTX_EXECUTION_DATE='2025-11-13T18:25:30+00:00' AIRFLOW_CTX_TRY_NUMBER='1' AIRFLOW_CTX_DAG_RUN_ID='scheduled__2025-11-13T18:25:30+00:00'
[2025-11-13T18:25:47.088+0000] {logging_mixin.py:190} INFO - Task instance is in running state
[2025-11-13T18:25:47.089+0000] {logging_mixin.py:190} INFO -  Previous state of the Task instance: queued
[2025-11-13T18:25:47.089+0000] {logging_mixin.py:190} INFO - Current task name:generate_sensor_data state:running start_date:2025-11-13 18:25:46.848577+00:00
[2025-11-13T18:25:47.090+0000] {logging_mixin.py:190} INFO - Dag name:iot_sensor_data_dag and current dag run status:running
[2025-11-13T18:25:47.091+0000] {taskinstance.py:732} INFO - ::endgroup::
[2025-11-13T18:25:47.119+0000] {logging_mixin.py:190} INFO - [2025-11-13 18:25:47.107109] Inserted sensor data: {'time': datetime.datetime(2025, 11, 13, 18, 25, 47, 107109), 'temperature': 27.335475915321062, 'Dissolved_oxygen': 5.980707032297762, 'PH': 7.529135592161343, 'Ammonia': 0.009226292532086256, 'Nitrite': 0.05305685585046107, 'Turbidty': 40.424456728241076, '_id': ObjectId('691622abf0d0622ea0a45ea7')}
[2025-11-13T18:25:47.121+0000] {python.py:218} INFO - Done. Returned value was: None
[2025-11-13T18:25:47.132+0000] {taskinstance.py:341} INFO - ::group::Post task execution logs
[2025-11-13T18:25:47.132+0000] {taskinstance.py:353} INFO - Marking task as SUCCESS. dag_id=iot_sensor_data_dag, task_id=generate_sensor_data, run_id=scheduled__2025-11-13T18:25:30+00:00, execution_date=20251113T182530, start_date=20251113T182546, end_date=20251113T182547
[2025-11-13T18:25:47.150+0000] {logging_mixin.py:190} INFO - Task instance in success state
[2025-11-13T18:25:47.151+0000] {logging_mixin.py:190} INFO -  Previous state of the Task instance: running
[2025-11-13T18:25:47.154+0000] {logging_mixin.py:190} INFO - Dag name:iot_sensor_data_dag queued_at:2025-11-13 18:25:45.584001+00:00
[2025-11-13T18:25:47.155+0000] {logging_mixin.py:190} INFO - Task hostname:4f76d54186b6 operator:PythonOperator
[2025-11-13T18:25:47.201+0000] {local_task_job_runner.py:266} INFO - Task exited with return code 0
[2025-11-13T18:25:47.221+0000] {taskinstance.py:3901} INFO - 0 downstream tasks scheduled from follow-on schedule check
[2025-11-13T18:25:47.225+0000] {local_task_job_runner.py:245} INFO - ::endgroup::
