[2025-11-13T18:35:46.875+0000] {local_task_job_runner.py:123} INFO - ::group::Pre task execution logs
[2025-11-13T18:35:46.886+0000] {taskinstance.py:2614} INFO - Dependencies all met for dep_context=non-requeueable deps ti=<TaskInstance: iot_sensor_data_dag.generate_sensor_data scheduled__2025-11-13T18:35:30+00:00 [queued]>
[2025-11-13T18:35:46.891+0000] {taskinstance.py:2614} INFO - Dependencies all met for dep_context=requeueable deps ti=<TaskInstance: iot_sensor_data_dag.generate_sensor_data scheduled__2025-11-13T18:35:30+00:00 [queued]>
[2025-11-13T18:35:46.892+0000] {taskinstance.py:2867} INFO - Starting attempt 1 of 1
[2025-11-13T18:35:47.005+0000] {taskinstance.py:2890} INFO - Executing <Task(PythonOperator): generate_sensor_data> on 2025-11-13 18:35:30+00:00
[2025-11-13T18:35:47.011+0000] {warnings.py:112} WARNING - /home/***/.local/lib/python3.12/site-packages/***/task/task_runner/standard_task_runner.py:70: DeprecationWarning: This process (pid=3374) is multi-threaded, use of fork() may lead to deadlocks in the child.
  pid = os.fork()

[2025-11-13T18:35:47.012+0000] {standard_task_runner.py:72} INFO - Started process 3376 to run task
[2025-11-13T18:35:47.013+0000] {standard_task_runner.py:104} INFO - Running: ['***', 'tasks', 'run', 'iot_sensor_data_dag', 'generate_sensor_data', 'scheduled__2025-11-13T18:35:30+00:00', '--job-id', '536', '--raw', '--subdir', 'DAGS_FOLDER/DEPI.py', '--cfg-path', '/tmp/tmplakdbpe0']
[2025-11-13T18:35:47.014+0000] {standard_task_runner.py:105} INFO - Job 536: Subtask generate_sensor_data
[2025-11-13T18:35:47.064+0000] {task_command.py:467} INFO - Running <TaskInstance: iot_sensor_data_dag.generate_sensor_data scheduled__2025-11-13T18:35:30+00:00 [running]> on host 4f76d54186b6
[2025-11-13T18:35:47.124+0000] {taskinstance.py:3134} INFO - Exporting env vars: AIRFLOW_CTX_DAG_OWNER='***' AIRFLOW_CTX_DAG_ID='iot_sensor_data_dag' AIRFLOW_CTX_TASK_ID='generate_sensor_data' AIRFLOW_CTX_EXECUTION_DATE='2025-11-13T18:35:30+00:00' AIRFLOW_CTX_TRY_NUMBER='1' AIRFLOW_CTX_DAG_RUN_ID='scheduled__2025-11-13T18:35:30+00:00'
[2025-11-13T18:35:47.126+0000] {logging_mixin.py:190} INFO - Task instance is in running state
[2025-11-13T18:35:47.126+0000] {logging_mixin.py:190} INFO -  Previous state of the Task instance: queued
[2025-11-13T18:35:47.127+0000] {logging_mixin.py:190} INFO - Current task name:generate_sensor_data state:running start_date:2025-11-13 18:35:46.887242+00:00
[2025-11-13T18:35:47.127+0000] {logging_mixin.py:190} INFO - Dag name:iot_sensor_data_dag and current dag run status:running
[2025-11-13T18:35:47.128+0000] {taskinstance.py:732} INFO - ::endgroup::
[2025-11-13T18:35:47.153+0000] {logging_mixin.py:190} INFO - [2025-11-13 18:35:47.140768] Inserted sensor data: {'time': datetime.datetime(2025, 11, 13, 18, 35, 47, 140768), 'temperature': 27.490430381499895, 'Dissolved_oxygen': 5.956551257826448, 'PH': 7.599059662466552, 'Ammonia': 0.009608491605069831, 'Nitrite': 0.050345025495750984, 'Turbidty': 40.93722573594618, '_id': ObjectId('691625034b26f229e6dc30c6')}
[2025-11-13T18:35:47.155+0000] {python.py:218} INFO - Done. Returned value was: None
[2025-11-13T18:35:47.165+0000] {taskinstance.py:341} INFO - ::group::Post task execution logs
[2025-11-13T18:35:47.166+0000] {taskinstance.py:353} INFO - Marking task as SUCCESS. dag_id=iot_sensor_data_dag, task_id=generate_sensor_data, run_id=scheduled__2025-11-13T18:35:30+00:00, execution_date=20251113T183530, start_date=20251113T183546, end_date=20251113T183547
[2025-11-13T18:35:47.182+0000] {logging_mixin.py:190} INFO - Task instance in success state
[2025-11-13T18:35:47.182+0000] {logging_mixin.py:190} INFO -  Previous state of the Task instance: running
[2025-11-13T18:35:47.183+0000] {logging_mixin.py:190} INFO - Dag name:iot_sensor_data_dag queued_at:2025-11-13 18:35:45.646916+00:00
[2025-11-13T18:35:47.183+0000] {logging_mixin.py:190} INFO - Task hostname:4f76d54186b6 operator:PythonOperator
[2025-11-13T18:35:47.194+0000] {local_task_job_runner.py:266} INFO - Task exited with return code 0
[2025-11-13T18:35:47.212+0000] {taskinstance.py:3901} INFO - 0 downstream tasks scheduled from follow-on schedule check
[2025-11-13T18:35:47.216+0000] {local_task_job_runner.py:245} INFO - ::endgroup::
