[2025-11-14T14:23:32.288+0000] {local_task_job_runner.py:123} INFO - ::group::Pre task execution logs
[2025-11-14T14:23:32.409+0000] {taskinstance.py:2614} INFO - Dependencies all met for dep_context=non-requeueable deps ti=<TaskInstance: iot_sensor_data_dag.generate_sensor_data scheduled__2025-11-14T14:23:15+00:00 [queued]>
[2025-11-14T14:23:32.416+0000] {taskinstance.py:2614} INFO - Dependencies all met for dep_context=requeueable deps ti=<TaskInstance: iot_sensor_data_dag.generate_sensor_data scheduled__2025-11-14T14:23:15+00:00 [queued]>
[2025-11-14T14:23:32.418+0000] {taskinstance.py:2867} INFO - Starting attempt 1 of 1
[2025-11-14T14:23:32.429+0000] {taskinstance.py:2890} INFO - Executing <Task(PythonOperator): generate_sensor_data> on 2025-11-14 14:23:15+00:00
[2025-11-14T14:23:32.435+0000] {warnings.py:112} WARNING - /home/***/.local/lib/python3.12/site-packages/***/task/task_runner/standard_task_runner.py:70: DeprecationWarning: This process (pid=263) is multi-threaded, use of fork() may lead to deadlocks in the child.
  pid = os.fork()

[2025-11-14T14:23:32.437+0000] {standard_task_runner.py:72} INFO - Started process 265 to run task
[2025-11-14T14:23:32.436+0000] {standard_task_runner.py:104} INFO - Running: ['***', 'tasks', 'run', 'iot_sensor_data_dag', 'generate_sensor_data', 'scheduled__2025-11-14T14:23:15+00:00', '--job-id', '777', '--raw', '--subdir', 'DAGS_FOLDER/DEPI.py', '--cfg-path', '/tmp/tmpabaelhj5']
[2025-11-14T14:23:32.438+0000] {standard_task_runner.py:105} INFO - Job 777: Subtask generate_sensor_data
[2025-11-14T14:23:32.475+0000] {task_command.py:467} INFO - Running <TaskInstance: iot_sensor_data_dag.generate_sensor_data scheduled__2025-11-14T14:23:15+00:00 [running]> on host 4f76d54186b6
[2025-11-14T14:23:32.535+0000] {taskinstance.py:3134} INFO - Exporting env vars: AIRFLOW_CTX_DAG_OWNER='***' AIRFLOW_CTX_DAG_ID='iot_sensor_data_dag' AIRFLOW_CTX_TASK_ID='generate_sensor_data' AIRFLOW_CTX_EXECUTION_DATE='2025-11-14T14:23:15+00:00' AIRFLOW_CTX_TRY_NUMBER='1' AIRFLOW_CTX_DAG_RUN_ID='scheduled__2025-11-14T14:23:15+00:00'
[2025-11-14T14:23:32.537+0000] {logging_mixin.py:190} INFO - Task instance is in running state
[2025-11-14T14:23:32.538+0000] {logging_mixin.py:190} INFO -  Previous state of the Task instance: queued
[2025-11-14T14:23:32.539+0000] {logging_mixin.py:190} INFO - Current task name:generate_sensor_data state:running start_date:2025-11-14 14:23:32.410769+00:00
[2025-11-14T14:23:32.539+0000] {logging_mixin.py:190} INFO - Dag name:iot_sensor_data_dag and current dag run status:running
[2025-11-14T14:23:32.540+0000] {taskinstance.py:732} INFO - ::endgroup::
[2025-11-14T14:23:32.570+0000] {logging_mixin.py:190} INFO - [2025-11-14 14:23:32.554806] Inserted sensor data: {'time': datetime.datetime(2025, 11, 14, 14, 23, 32, 554806), 'temperature': 27.589377402805773, 'Dissolved_oxygen': 6.000242461640676, 'PH': 7.4438718785106675, 'Ammonia': 0.010041139143912203, 'Nitrite': 0.04694572472030057, 'Turbidty': 39.7138914019793, '_id': ObjectId('69173b64b9fe59f651e12104')}
[2025-11-14T14:23:32.572+0000] {python.py:218} INFO - Done. Returned value was: None
[2025-11-14T14:23:32.580+0000] {taskinstance.py:341} INFO - ::group::Post task execution logs
[2025-11-14T14:23:32.581+0000] {taskinstance.py:353} INFO - Marking task as SUCCESS. dag_id=iot_sensor_data_dag, task_id=generate_sensor_data, run_id=scheduled__2025-11-14T14:23:15+00:00, execution_date=20251114T142315, start_date=20251114T142332, end_date=20251114T142332
[2025-11-14T14:23:32.597+0000] {logging_mixin.py:190} INFO - Task instance in success state
[2025-11-14T14:23:32.598+0000] {logging_mixin.py:190} INFO -  Previous state of the Task instance: running
[2025-11-14T14:23:32.598+0000] {logging_mixin.py:190} INFO - Dag name:iot_sensor_data_dag queued_at:2025-11-14 14:23:31.015102+00:00
[2025-11-14T14:23:32.598+0000] {logging_mixin.py:190} INFO - Task hostname:4f76d54186b6 operator:PythonOperator
[2025-11-14T14:23:32.612+0000] {local_task_job_runner.py:266} INFO - Task exited with return code 0
[2025-11-14T14:23:32.629+0000] {taskinstance.py:3901} INFO - 0 downstream tasks scheduled from follow-on schedule check
[2025-11-14T14:23:32.634+0000] {local_task_job_runner.py:245} INFO - ::endgroup::
