[2025-11-13T18:17:02.351+0000] {local_task_job_runner.py:123} INFO - ::group::Pre task execution logs
[2025-11-13T18:17:02.370+0000] {taskinstance.py:2614} INFO - Dependencies all met for dep_context=non-requeueable deps ti=<TaskInstance: iot_sensor_data_dag.generate_sensor_data scheduled__2025-11-13T18:16:45+00:00 [queued]>
[2025-11-13T18:17:02.377+0000] {taskinstance.py:2614} INFO - Dependencies all met for dep_context=requeueable deps ti=<TaskInstance: iot_sensor_data_dag.generate_sensor_data scheduled__2025-11-13T18:16:45+00:00 [queued]>
[2025-11-13T18:17:02.378+0000] {taskinstance.py:2867} INFO - Starting attempt 1 of 1
[2025-11-13T18:17:02.537+0000] {taskinstance.py:2890} INFO - Executing <Task(PythonOperator): generate_sensor_data> on 2025-11-13 18:16:45+00:00
[2025-11-13T18:17:02.545+0000] {warnings.py:112} WARNING - /home/***/.local/lib/python3.12/site-packages/***/task/task_runner/standard_task_runner.py:70: DeprecationWarning: This process (pid=2591) is multi-threaded, use of fork() may lead to deadlocks in the child.
  pid = os.fork()

[2025-11-13T18:17:02.547+0000] {standard_task_runner.py:104} INFO - Running: ['***', 'tasks', 'run', 'iot_sensor_data_dag', 'generate_sensor_data', 'scheduled__2025-11-13T18:16:45+00:00', '--job-id', '461', '--raw', '--subdir', 'DAGS_FOLDER/DEPI.py', '--cfg-path', '/tmp/tmptdjg7c6p']
[2025-11-13T18:17:02.548+0000] {standard_task_runner.py:72} INFO - Started process 2593 to run task
[2025-11-13T18:17:02.548+0000] {standard_task_runner.py:105} INFO - Job 461: Subtask generate_sensor_data
[2025-11-13T18:17:02.590+0000] {task_command.py:467} INFO - Running <TaskInstance: iot_sensor_data_dag.generate_sensor_data scheduled__2025-11-13T18:16:45+00:00 [running]> on host 4f76d54186b6
[2025-11-13T18:17:02.653+0000] {taskinstance.py:3134} INFO - Exporting env vars: AIRFLOW_CTX_DAG_OWNER='***' AIRFLOW_CTX_DAG_ID='iot_sensor_data_dag' AIRFLOW_CTX_TASK_ID='generate_sensor_data' AIRFLOW_CTX_EXECUTION_DATE='2025-11-13T18:16:45+00:00' AIRFLOW_CTX_TRY_NUMBER='1' AIRFLOW_CTX_DAG_RUN_ID='scheduled__2025-11-13T18:16:45+00:00'
[2025-11-13T18:17:02.655+0000] {logging_mixin.py:190} INFO - Task instance is in running state
[2025-11-13T18:17:02.656+0000] {logging_mixin.py:190} INFO -  Previous state of the Task instance: queued
[2025-11-13T18:17:02.656+0000] {logging_mixin.py:190} INFO - Current task name:generate_sensor_data state:running start_date:2025-11-13 18:17:02.371246+00:00
[2025-11-13T18:17:02.657+0000] {logging_mixin.py:190} INFO - Dag name:iot_sensor_data_dag and current dag run status:running
[2025-11-13T18:17:02.657+0000] {taskinstance.py:732} INFO - ::endgroup::
[2025-11-13T18:17:02.679+0000] {logging_mixin.py:190} INFO - [2025-11-13 18:17:02.667829] Inserted sensor data: {'time': datetime.datetime(2025, 11, 13, 18, 17, 2, 667829), 'temperature': 27.337084159072937, 'Dissolved_oxygen': 6.015890480289416, 'PH': 7.544701085709559, 'Ammonia': 0.009985125452763838, 'Nitrite': 0.05138057358748329, 'Turbidty': 40.07349096223715, '_id': ObjectId('6916209efb538efa2d43663d')}
[2025-11-13T18:17:02.681+0000] {python.py:218} INFO - Done. Returned value was: None
[2025-11-13T18:17:02.690+0000] {taskinstance.py:341} INFO - ::group::Post task execution logs
[2025-11-13T18:17:02.691+0000] {taskinstance.py:353} INFO - Marking task as SUCCESS. dag_id=iot_sensor_data_dag, task_id=generate_sensor_data, run_id=scheduled__2025-11-13T18:16:45+00:00, execution_date=20251113T181645, start_date=20251113T181702, end_date=20251113T181702
[2025-11-13T18:17:02.712+0000] {logging_mixin.py:190} INFO - Task instance in success state
[2025-11-13T18:17:02.713+0000] {logging_mixin.py:190} INFO -  Previous state of the Task instance: running
[2025-11-13T18:17:02.714+0000] {logging_mixin.py:190} INFO - Dag name:iot_sensor_data_dag queued_at:2025-11-13 18:17:01.007263+00:00
[2025-11-13T18:17:02.716+0000] {logging_mixin.py:190} INFO - Task hostname:4f76d54186b6 operator:PythonOperator
[2025-11-13T18:17:02.727+0000] {local_task_job_runner.py:266} INFO - Task exited with return code 0
[2025-11-13T18:17:02.749+0000] {taskinstance.py:3901} INFO - 0 downstream tasks scheduled from follow-on schedule check
[2025-11-13T18:17:02.757+0000] {local_task_job_runner.py:245} INFO - ::endgroup::
