[2025-11-13T18:36:17.499+0000] {local_task_job_runner.py:123} INFO - ::group::Pre task execution logs
[2025-11-13T18:36:17.513+0000] {taskinstance.py:2614} INFO - Dependencies all met for dep_context=non-requeueable deps ti=<TaskInstance: iot_sensor_data_dag.generate_sensor_data scheduled__2025-11-13T18:36:00+00:00 [queued]>
[2025-11-13T18:36:17.519+0000] {taskinstance.py:2614} INFO - Dependencies all met for dep_context=requeueable deps ti=<TaskInstance: iot_sensor_data_dag.generate_sensor_data scheduled__2025-11-13T18:36:00+00:00 [queued]>
[2025-11-13T18:36:17.520+0000] {taskinstance.py:2867} INFO - Starting attempt 1 of 1
[2025-11-13T18:36:17.640+0000] {taskinstance.py:2890} INFO - Executing <Task(PythonOperator): generate_sensor_data> on 2025-11-13 18:36:00+00:00
[2025-11-13T18:36:17.648+0000] {warnings.py:112} WARNING - /home/***/.local/lib/python3.12/site-packages/***/task/task_runner/standard_task_runner.py:70: DeprecationWarning: This process (pid=3395) is multi-threaded, use of fork() may lead to deadlocks in the child.
  pid = os.fork()

[2025-11-13T18:36:17.650+0000] {standard_task_runner.py:72} INFO - Started process 3397 to run task
[2025-11-13T18:36:17.650+0000] {standard_task_runner.py:104} INFO - Running: ['***', 'tasks', 'run', 'iot_sensor_data_dag', 'generate_sensor_data', 'scheduled__2025-11-13T18:36:00+00:00', '--job-id', '538', '--raw', '--subdir', 'DAGS_FOLDER/DEPI.py', '--cfg-path', '/tmp/tmp4y5vua4f']
[2025-11-13T18:36:17.655+0000] {standard_task_runner.py:105} INFO - Job 538: Subtask generate_sensor_data
[2025-11-13T18:36:17.721+0000] {task_command.py:467} INFO - Running <TaskInstance: iot_sensor_data_dag.generate_sensor_data scheduled__2025-11-13T18:36:00+00:00 [running]> on host 4f76d54186b6
[2025-11-13T18:36:17.788+0000] {taskinstance.py:3134} INFO - Exporting env vars: AIRFLOW_CTX_DAG_OWNER='***' AIRFLOW_CTX_DAG_ID='iot_sensor_data_dag' AIRFLOW_CTX_TASK_ID='generate_sensor_data' AIRFLOW_CTX_EXECUTION_DATE='2025-11-13T18:36:00+00:00' AIRFLOW_CTX_TRY_NUMBER='1' AIRFLOW_CTX_DAG_RUN_ID='scheduled__2025-11-13T18:36:00+00:00'
[2025-11-13T18:36:17.790+0000] {logging_mixin.py:190} INFO - Task instance is in running state
[2025-11-13T18:36:17.791+0000] {logging_mixin.py:190} INFO -  Previous state of the Task instance: queued
[2025-11-13T18:36:17.792+0000] {logging_mixin.py:190} INFO - Current task name:generate_sensor_data state:running start_date:2025-11-13 18:36:17.513974+00:00
[2025-11-13T18:36:17.793+0000] {logging_mixin.py:190} INFO - Dag name:iot_sensor_data_dag and current dag run status:running
[2025-11-13T18:36:17.794+0000] {taskinstance.py:732} INFO - ::endgroup::
[2025-11-13T18:36:17.861+0000] {logging_mixin.py:190} INFO - [2025-11-13 18:36:17.832901] Inserted sensor data: {'time': datetime.datetime(2025, 11, 13, 18, 36, 17, 832901), 'temperature': 27.56853906802981, 'Dissolved_oxygen': 6.004246427230438, 'PH': 7.5970708989478215, 'Ammonia': 0.009300916952035611, 'Nitrite': 0.04884877811002296, 'Turbidty': 39.98572773959292, '_id': ObjectId('69162521103006b66870684e')}
[2025-11-13T18:36:17.872+0000] {python.py:218} INFO - Done. Returned value was: None
[2025-11-13T18:36:17.887+0000] {taskinstance.py:341} INFO - ::group::Post task execution logs
[2025-11-13T18:36:17.888+0000] {taskinstance.py:353} INFO - Marking task as SUCCESS. dag_id=iot_sensor_data_dag, task_id=generate_sensor_data, run_id=scheduled__2025-11-13T18:36:00+00:00, execution_date=20251113T183600, start_date=20251113T183617, end_date=20251113T183617
[2025-11-13T18:36:17.907+0000] {logging_mixin.py:190} INFO - Task instance in success state
[2025-11-13T18:36:17.910+0000] {logging_mixin.py:190} INFO -  Previous state of the Task instance: running
[2025-11-13T18:36:17.912+0000] {logging_mixin.py:190} INFO - Dag name:iot_sensor_data_dag queued_at:2025-11-13 18:36:15.925264+00:00
[2025-11-13T18:36:17.913+0000] {logging_mixin.py:190} INFO - Task hostname:4f76d54186b6 operator:PythonOperator
[2025-11-13T18:36:17.962+0000] {local_task_job_runner.py:266} INFO - Task exited with return code 0
[2025-11-13T18:36:17.993+0000] {taskinstance.py:3901} INFO - 0 downstream tasks scheduled from follow-on schedule check
[2025-11-13T18:36:17.999+0000] {local_task_job_runner.py:245} INFO - ::endgroup::
