[2025-11-13T19:08:02.350+0000] {local_task_job_runner.py:123} INFO - ::group::Pre task execution logs
[2025-11-13T19:08:02.364+0000] {taskinstance.py:2614} INFO - Dependencies all met for dep_context=non-requeueable deps ti=<TaskInstance: iot_sensor_data_dag.generate_sensor_data scheduled__2025-11-13T19:07:45+00:00 [queued]>
[2025-11-13T19:08:02.372+0000] {taskinstance.py:2614} INFO - Dependencies all met for dep_context=requeueable deps ti=<TaskInstance: iot_sensor_data_dag.generate_sensor_data scheduled__2025-11-13T19:07:45+00:00 [queued]>
[2025-11-13T19:08:02.373+0000] {taskinstance.py:2867} INFO - Starting attempt 1 of 1
[2025-11-13T19:08:02.509+0000] {taskinstance.py:2890} INFO - Executing <Task(PythonOperator): generate_sensor_data> on 2025-11-13 19:07:45+00:00
[2025-11-13T19:08:02.515+0000] {warnings.py:112} WARNING - /home/***/.local/lib/python3.12/site-packages/***/task/task_runner/standard_task_runner.py:70: DeprecationWarning: This process (pid=4722) is multi-threaded, use of fork() may lead to deadlocks in the child.
  pid = os.fork()

[2025-11-13T19:08:02.517+0000] {standard_task_runner.py:104} INFO - Running: ['***', 'tasks', 'run', 'iot_sensor_data_dag', 'generate_sensor_data', 'scheduled__2025-11-13T19:07:45+00:00', '--job-id', '665', '--raw', '--subdir', 'DAGS_FOLDER/DEPI.py', '--cfg-path', '/tmp/tmpsccfh8b_']
[2025-11-13T19:08:02.519+0000] {standard_task_runner.py:72} INFO - Started process 4724 to run task
[2025-11-13T19:08:02.519+0000] {standard_task_runner.py:105} INFO - Job 665: Subtask generate_sensor_data
[2025-11-13T19:08:02.565+0000] {task_command.py:467} INFO - Running <TaskInstance: iot_sensor_data_dag.generate_sensor_data scheduled__2025-11-13T19:07:45+00:00 [running]> on host 4f76d54186b6
[2025-11-13T19:08:02.637+0000] {taskinstance.py:3134} INFO - Exporting env vars: AIRFLOW_CTX_DAG_OWNER='***' AIRFLOW_CTX_DAG_ID='iot_sensor_data_dag' AIRFLOW_CTX_TASK_ID='generate_sensor_data' AIRFLOW_CTX_EXECUTION_DATE='2025-11-13T19:07:45+00:00' AIRFLOW_CTX_TRY_NUMBER='1' AIRFLOW_CTX_DAG_RUN_ID='scheduled__2025-11-13T19:07:45+00:00'
[2025-11-13T19:08:02.639+0000] {logging_mixin.py:190} INFO - Task instance is in running state
[2025-11-13T19:08:02.639+0000] {logging_mixin.py:190} INFO -  Previous state of the Task instance: queued
[2025-11-13T19:08:02.640+0000] {logging_mixin.py:190} INFO - Current task name:generate_sensor_data state:running start_date:2025-11-13 19:08:02.366132+00:00
[2025-11-13T19:08:02.641+0000] {logging_mixin.py:190} INFO - Dag name:iot_sensor_data_dag and current dag run status:running
[2025-11-13T19:08:02.642+0000] {taskinstance.py:732} INFO - ::endgroup::
[2025-11-13T19:08:02.676+0000] {logging_mixin.py:190} INFO - [2025-11-13 19:08:02.658757] Inserted sensor data: {'time': datetime.datetime(2025, 11, 13, 19, 8, 2, 658757), 'temperature': 27.589060309931938, 'Dissolved_oxygen': 5.974438281451195, 'PH': 7.567943029410316, 'Ammonia': 0.009285251918803491, 'Nitrite': 0.052960153091693475, 'Turbidty': 39.70237027369021, '_id': ObjectId('69162c92aac5aaa222427986')}
[2025-11-13T19:08:02.678+0000] {python.py:218} INFO - Done. Returned value was: None
[2025-11-13T19:08:02.690+0000] {taskinstance.py:341} INFO - ::group::Post task execution logs
[2025-11-13T19:08:02.691+0000] {taskinstance.py:353} INFO - Marking task as SUCCESS. dag_id=iot_sensor_data_dag, task_id=generate_sensor_data, run_id=scheduled__2025-11-13T19:07:45+00:00, execution_date=20251113T190745, start_date=20251113T190802, end_date=20251113T190802
[2025-11-13T19:08:02.712+0000] {logging_mixin.py:190} INFO - Task instance in success state
[2025-11-13T19:08:02.713+0000] {logging_mixin.py:190} INFO -  Previous state of the Task instance: running
[2025-11-13T19:08:02.714+0000] {logging_mixin.py:190} INFO - Dag name:iot_sensor_data_dag queued_at:2025-11-13 19:08:00.795226+00:00
[2025-11-13T19:08:02.714+0000] {logging_mixin.py:190} INFO - Task hostname:4f76d54186b6 operator:PythonOperator
[2025-11-13T19:08:02.742+0000] {local_task_job_runner.py:266} INFO - Task exited with return code 0
[2025-11-13T19:08:02.764+0000] {taskinstance.py:3901} INFO - 0 downstream tasks scheduled from follow-on schedule check
[2025-11-13T19:08:02.768+0000] {local_task_job_runner.py:245} INFO - ::endgroup::
