[2025-11-13T17:32:01.910+0000] {local_task_job_runner.py:123} INFO - ::group::Pre task execution logs
[2025-11-13T17:32:01.925+0000] {taskinstance.py:2614} INFO - Dependencies all met for dep_context=non-requeueable deps ti=<TaskInstance: iot_sensor_data_dag.generate_sensor_data scheduled__2025-11-13T17:31:45+00:00 [queued]>
[2025-11-13T17:32:01.934+0000] {taskinstance.py:2614} INFO - Dependencies all met for dep_context=requeueable deps ti=<TaskInstance: iot_sensor_data_dag.generate_sensor_data scheduled__2025-11-13T17:31:45+00:00 [queued]>
[2025-11-13T17:32:01.935+0000] {taskinstance.py:2867} INFO - Starting attempt 1 of 1
[2025-11-13T17:32:02.097+0000] {taskinstance.py:2890} INFO - Executing <Task(PythonOperator): generate_sensor_data> on 2025-11-13 17:31:45+00:00
[2025-11-13T17:32:02.104+0000] {warnings.py:112} WARNING - /home/***/.local/lib/python3.12/site-packages/***/task/task_runner/standard_task_runner.py:70: DeprecationWarning: This process (pid=717) is multi-threaded, use of fork() may lead to deadlocks in the child.
  pid = os.fork()

[2025-11-13T17:32:02.106+0000] {standard_task_runner.py:72} INFO - Started process 719 to run task
[2025-11-13T17:32:02.106+0000] {standard_task_runner.py:104} INFO - Running: ['***', 'tasks', 'run', 'iot_sensor_data_dag', 'generate_sensor_data', 'scheduled__2025-11-13T17:31:45+00:00', '--job-id', '281', '--raw', '--subdir', 'DAGS_FOLDER/DEPI.py', '--cfg-path', '/tmp/tmp2ikv4c8q']
[2025-11-13T17:32:02.108+0000] {standard_task_runner.py:105} INFO - Job 281: Subtask generate_sensor_data
[2025-11-13T17:32:02.155+0000] {task_command.py:467} INFO - Running <TaskInstance: iot_sensor_data_dag.generate_sensor_data scheduled__2025-11-13T17:31:45+00:00 [running]> on host 4f76d54186b6
[2025-11-13T17:32:02.232+0000] {taskinstance.py:3134} INFO - Exporting env vars: AIRFLOW_CTX_DAG_OWNER='***' AIRFLOW_CTX_DAG_ID='iot_sensor_data_dag' AIRFLOW_CTX_TASK_ID='generate_sensor_data' AIRFLOW_CTX_EXECUTION_DATE='2025-11-13T17:31:45+00:00' AIRFLOW_CTX_TRY_NUMBER='1' AIRFLOW_CTX_DAG_RUN_ID='scheduled__2025-11-13T17:31:45+00:00'
[2025-11-13T17:32:02.234+0000] {logging_mixin.py:190} INFO - Task instance is in running state
[2025-11-13T17:32:02.235+0000] {logging_mixin.py:190} INFO -  Previous state of the Task instance: queued
[2025-11-13T17:32:02.236+0000] {logging_mixin.py:190} INFO - Current task name:generate_sensor_data state:running start_date:2025-11-13 17:32:01.927462+00:00
[2025-11-13T17:32:02.238+0000] {logging_mixin.py:190} INFO - Dag name:iot_sensor_data_dag and current dag run status:running
[2025-11-13T17:32:02.239+0000] {taskinstance.py:732} INFO - ::endgroup::
[2025-11-13T17:32:02.290+0000] {logging_mixin.py:190} INFO - [2025-11-13 17:32:02.262173] Inserted sensor data: {'time': datetime.datetime(2025, 11, 13, 17, 32, 2, 262173), 'temperature': 27.391760141541692, 'Dissolved_oxygen': 5.979399115380962, 'PH': 7.5179101553863985, 'Ammonia': 0.009367944880142195, 'Nitrite': 0.04859923070122842, 'Turbidty': 40.82861140784595, '_id': ObjectId('69161612d404bb9f754d95c1')}
[2025-11-13T17:32:02.293+0000] {python.py:218} INFO - Done. Returned value was: None
[2025-11-13T17:32:02.302+0000] {taskinstance.py:341} INFO - ::group::Post task execution logs
[2025-11-13T17:32:02.303+0000] {taskinstance.py:353} INFO - Marking task as SUCCESS. dag_id=iot_sensor_data_dag, task_id=generate_sensor_data, run_id=scheduled__2025-11-13T17:31:45+00:00, execution_date=20251113T173145, start_date=20251113T173201, end_date=20251113T173202
[2025-11-13T17:32:02.324+0000] {logging_mixin.py:190} INFO - Task instance in success state
[2025-11-13T17:32:02.325+0000] {logging_mixin.py:190} INFO -  Previous state of the Task instance: running
[2025-11-13T17:32:02.325+0000] {logging_mixin.py:190} INFO - Dag name:iot_sensor_data_dag queued_at:2025-11-13 17:32:00.380977+00:00
[2025-11-13T17:32:02.326+0000] {logging_mixin.py:190} INFO - Task hostname:4f76d54186b6 operator:PythonOperator
[2025-11-13T17:32:02.366+0000] {local_task_job_runner.py:266} INFO - Task exited with return code 0
[2025-11-13T17:32:02.399+0000] {taskinstance.py:3901} INFO - 0 downstream tasks scheduled from follow-on schedule check
[2025-11-13T17:32:02.406+0000] {local_task_job_runner.py:245} INFO - ::endgroup::
