[2025-11-13T18:42:32.024+0000] {local_task_job_runner.py:123} INFO - ::group::Pre task execution logs
[2025-11-13T18:42:32.036+0000] {taskinstance.py:2614} INFO - Dependencies all met for dep_context=non-requeueable deps ti=<TaskInstance: iot_sensor_data_dag.generate_sensor_data scheduled__2025-11-13T18:42:15+00:00 [queued]>
[2025-11-13T18:42:32.041+0000] {taskinstance.py:2614} INFO - Dependencies all met for dep_context=requeueable deps ti=<TaskInstance: iot_sensor_data_dag.generate_sensor_data scheduled__2025-11-13T18:42:15+00:00 [queued]>
[2025-11-13T18:42:32.042+0000] {taskinstance.py:2867} INFO - Starting attempt 1 of 1
[2025-11-13T18:42:32.160+0000] {taskinstance.py:2890} INFO - Executing <Task(PythonOperator): generate_sensor_data> on 2025-11-13 18:42:15+00:00
[2025-11-13T18:42:32.167+0000] {warnings.py:112} WARNING - /home/***/.local/lib/python3.12/site-packages/***/task/task_runner/standard_task_runner.py:70: DeprecationWarning: This process (pid=3660) is multi-threaded, use of fork() may lead to deadlocks in the child.
  pid = os.fork()

[2025-11-13T18:42:32.170+0000] {standard_task_runner.py:104} INFO - Running: ['***', 'tasks', 'run', 'iot_sensor_data_dag', 'generate_sensor_data', 'scheduled__2025-11-13T18:42:15+00:00', '--job-id', '563', '--raw', '--subdir', 'DAGS_FOLDER/DEPI.py', '--cfg-path', '/tmp/tmp56rpbps2']
[2025-11-13T18:42:32.171+0000] {standard_task_runner.py:72} INFO - Started process 3662 to run task
[2025-11-13T18:42:32.171+0000] {standard_task_runner.py:105} INFO - Job 563: Subtask generate_sensor_data
[2025-11-13T18:42:32.207+0000] {task_command.py:467} INFO - Running <TaskInstance: iot_sensor_data_dag.generate_sensor_data scheduled__2025-11-13T18:42:15+00:00 [running]> on host 4f76d54186b6
[2025-11-13T18:42:32.266+0000] {taskinstance.py:3134} INFO - Exporting env vars: AIRFLOW_CTX_DAG_OWNER='***' AIRFLOW_CTX_DAG_ID='iot_sensor_data_dag' AIRFLOW_CTX_TASK_ID='generate_sensor_data' AIRFLOW_CTX_EXECUTION_DATE='2025-11-13T18:42:15+00:00' AIRFLOW_CTX_TRY_NUMBER='1' AIRFLOW_CTX_DAG_RUN_ID='scheduled__2025-11-13T18:42:15+00:00'
[2025-11-13T18:42:32.268+0000] {logging_mixin.py:190} INFO - Task instance is in running state
[2025-11-13T18:42:32.268+0000] {logging_mixin.py:190} INFO -  Previous state of the Task instance: queued
[2025-11-13T18:42:32.269+0000] {logging_mixin.py:190} INFO - Current task name:generate_sensor_data state:running start_date:2025-11-13 18:42:32.037177+00:00
[2025-11-13T18:42:32.269+0000] {logging_mixin.py:190} INFO - Dag name:iot_sensor_data_dag and current dag run status:running
[2025-11-13T18:42:32.270+0000] {taskinstance.py:732} INFO - ::endgroup::
[2025-11-13T18:42:32.295+0000] {logging_mixin.py:190} INFO - [2025-11-13 18:42:32.283421] Inserted sensor data: {'time': datetime.datetime(2025, 11, 13, 18, 42, 32, 283421), 'temperature': 27.58854671852351, 'Dissolved_oxygen': 6.064654290330489, 'PH': 7.48805044015992, 'Ammonia': 0.010281661821043687, 'Nitrite': 0.05060629626891542, 'Turbidty': 40.73978571541171, '_id': ObjectId('69162698176af15407dd2b86')}
[2025-11-13T18:42:32.297+0000] {python.py:218} INFO - Done. Returned value was: None
[2025-11-13T18:42:32.306+0000] {taskinstance.py:341} INFO - ::group::Post task execution logs
[2025-11-13T18:42:32.307+0000] {taskinstance.py:353} INFO - Marking task as SUCCESS. dag_id=iot_sensor_data_dag, task_id=generate_sensor_data, run_id=scheduled__2025-11-13T18:42:15+00:00, execution_date=20251113T184215, start_date=20251113T184232, end_date=20251113T184232
[2025-11-13T18:42:31.705+0000] {logging_mixin.py:190} INFO - Task instance in success state
[2025-11-13T18:42:31.706+0000] {logging_mixin.py:190} INFO -  Previous state of the Task instance: running
[2025-11-13T18:42:31.707+0000] {logging_mixin.py:190} INFO - Dag name:iot_sensor_data_dag queued_at:2025-11-13 18:42:30.847248+00:00
[2025-11-13T18:42:31.707+0000] {logging_mixin.py:190} INFO - Task hostname:4f76d54186b6 operator:PythonOperator
[2025-11-13T18:42:31.732+0000] {local_task_job_runner.py:266} INFO - Task exited with return code 0
[2025-11-13T18:42:31.750+0000] {taskinstance.py:3901} INFO - 0 downstream tasks scheduled from follow-on schedule check
[2025-11-13T18:42:31.754+0000] {local_task_job_runner.py:245} INFO - ::endgroup::
