[2025-11-15T10:08:38.041+0000] {local_task_job_runner.py:123} INFO - ::group::Pre task execution logs
[2025-11-15T10:08:38.056+0000] {taskinstance.py:2614} INFO - Dependencies all met for dep_context=non-requeueable deps ti=<TaskInstance: iot_sensor_data_dag.notify_and_mail_if_fail scheduled__2025-11-15T10:08:15+00:00 [queued]>
[2025-11-15T10:08:38.063+0000] {taskinstance.py:2614} INFO - Dependencies all met for dep_context=requeueable deps ti=<TaskInstance: iot_sensor_data_dag.notify_and_mail_if_fail scheduled__2025-11-15T10:08:15+00:00 [queued]>
[2025-11-15T10:08:38.065+0000] {taskinstance.py:2867} INFO - Starting attempt 1 of 1
[2025-11-15T10:08:38.198+0000] {taskinstance.py:2890} INFO - Executing <Task(PythonOperator): notify_and_mail_if_fail> on 2025-11-15 10:08:15+00:00
[2025-11-15T10:08:38.205+0000] {warnings.py:112} WARNING - /home/***/.local/lib/python3.12/site-packages/***/task/task_runner/standard_task_runner.py:70: DeprecationWarning: This process (pid=772) is multi-threaded, use of fork() may lead to deadlocks in the child.
  pid = os.fork()

[2025-11-15T10:08:38.207+0000] {standard_task_runner.py:104} INFO - Running: ['***', 'tasks', 'run', 'iot_sensor_data_dag', 'notify_and_mail_if_fail', 'scheduled__2025-11-15T10:08:15+00:00', '--job-id', '1125', '--raw', '--subdir', 'DAGS_FOLDER/DEPI.py', '--cfg-path', '/tmp/tmp0qz6oss4']
[2025-11-15T10:08:38.207+0000] {standard_task_runner.py:72} INFO - Started process 777 to run task
[2025-11-15T10:08:38.208+0000] {standard_task_runner.py:105} INFO - Job 1125: Subtask notify_and_mail_if_fail
[2025-11-15T10:08:38.252+0000] {task_command.py:467} INFO - Running <TaskInstance: iot_sensor_data_dag.notify_and_mail_if_fail scheduled__2025-11-15T10:08:15+00:00 [running]> on host 4f76d54186b6
[2025-11-15T10:08:38.320+0000] {taskinstance.py:3134} INFO - Exporting env vars: AIRFLOW_CTX_DAG_OWNER='***' AIRFLOW_CTX_DAG_ID='iot_sensor_data_dag' AIRFLOW_CTX_TASK_ID='notify_and_mail_if_fail' AIRFLOW_CTX_EXECUTION_DATE='2025-11-15T10:08:15+00:00' AIRFLOW_CTX_TRY_NUMBER='1' AIRFLOW_CTX_DAG_RUN_ID='scheduled__2025-11-15T10:08:15+00:00'
[2025-11-15T10:08:38.322+0000] {logging_mixin.py:190} INFO - Task instance is in running state
[2025-11-15T10:08:38.323+0000] {logging_mixin.py:190} INFO -  Previous state of the Task instance: queued
[2025-11-15T10:08:38.323+0000] {logging_mixin.py:190} INFO - Current task name:notify_and_mail_if_fail state:running start_date:2025-11-15 10:08:38.057462+00:00
[2025-11-15T10:08:38.325+0000] {logging_mixin.py:190} INFO - Dag name:iot_sensor_data_dag and current dag run status:running
[2025-11-15T10:08:38.326+0000] {taskinstance.py:732} INFO - ::endgroup::
[2025-11-15T10:08:41.252+0000] {logging_mixin.py:190} INFO - Email sent successfully!
[2025-11-15T10:08:41.254+0000] {python.py:218} INFO - Done. Returned value was: None
[2025-11-15T10:08:41.263+0000] {taskinstance.py:341} INFO - ::group::Post task execution logs
[2025-11-15T10:08:41.265+0000] {taskinstance.py:353} INFO - Marking task as SUCCESS. dag_id=iot_sensor_data_dag, task_id=notify_and_mail_if_fail, run_id=scheduled__2025-11-15T10:08:15+00:00, execution_date=20251115T100815, start_date=20251115T100838, end_date=20251115T100841
[2025-11-15T10:08:41.286+0000] {logging_mixin.py:190} INFO - Task instance in success state
[2025-11-15T10:08:41.287+0000] {logging_mixin.py:190} INFO -  Previous state of the Task instance: running
[2025-11-15T10:08:41.288+0000] {logging_mixin.py:190} INFO - Dag name:iot_sensor_data_dag queued_at:2025-11-15 10:08:32.511509+00:00
[2025-11-15T10:08:41.288+0000] {logging_mixin.py:190} INFO - Task hostname:4f76d54186b6 operator:PythonOperator
[2025-11-15T10:08:41.333+0000] {local_task_job_runner.py:266} INFO - Task exited with return code 0
[2025-11-15T10:08:41.349+0000] {taskinstance.py:3901} INFO - 0 downstream tasks scheduled from follow-on schedule check
[2025-11-15T10:08:41.352+0000] {local_task_job_runner.py:245} INFO - ::endgroup::
