{"timestamp":"2025-11-17T22:39:42.664324Z","level":"info","event":"DAG bundles loaded: dags-folder, example_dags","logger":"airflow.dag_processing.bundles.manager.DagBundlesManager","filename":"manager.py","lineno":179}
{"timestamp":"2025-11-17T22:39:42.665391Z","level":"info","event":"Filling up the DagBag from /opt/airflow/dags/DEPI.py","logger":"airflow.models.dagbag.DagBag","filename":"dagbag.py","lineno":593}
{"timestamp":"2025-11-17T22:39:42.767317Z","level":"info","event":"Task instance is in running state","logger":"task.stdout"}
{"timestamp":"2025-11-17T22:39:42.767861Z","level":"info","event":" Previous state of the Task instance: TaskInstanceState.QUEUED","logger":"task.stdout"}
{"timestamp":"2025-11-17T22:39:42.768890Z","level":"info","event":"Current task name:generate_sensor_data","logger":"task.stdout"}
{"timestamp":"2025-11-17T22:39:42.769122Z","level":"info","event":"Dag name:iot_sensor_data_dag","logger":"task.stdout"}
{"timestamp":"2025-11-17T22:39:46.732903Z","level":"error","event":"%3|1763419186.732|FAIL|rdkafka#producer-1| [thrd:kafka:9092/bootstrap]: kafka:9092/bootstrap: Failed to resolve 'kafka:9092': Name or service not known (after 3962ms in state CONNECT)","logger":"task.stderr"}
{"timestamp":"2025-11-17T22:39:51.734477Z","level":"error","event":"%3|1763419191.734|FAIL|rdkafka#producer-1| [thrd:kafka:9092/bootstrap]: kafka:9092/bootstrap: Failed to resolve 'kafka:9092': Name or service not known (after 3961ms in state CONNECT, 1 identical error(s) suppressed)","logger":"task.stderr"}
{"timestamp":"2025-11-17T22:40:00.801180Z","level":"error","event":"%3|1763419200.800|FAIL|rdkafka#producer-1| [thrd:kafka:9092/bootstrap]: kafka:9092/bootstrap: Failed to resolve 'kafka:9092': Temporary failure in name resolution (after 8003ms in state CONNECT)","logger":"task.stderr"}
{"timestamp":"2025-11-17T22:40:05.771682Z","level":"error","event":"%3|1763419205.771|FAIL|rdkafka#producer-1| [thrd:kafka:9092/bootstrap]: kafka:9092/bootstrap: Failed to resolve 'kafka:9092': Name or service not known (after 3969ms in state CONNECT)","logger":"task.stderr"}
{"timestamp":"2025-11-17T22:40:24.757900Z","level":"error","event":"%3|1763419224.757|FAIL|rdkafka#producer-1| [thrd:kafka:9092/bootstrap]: kafka:9092/bootstrap: Failed to resolve 'kafka:9092': Name or service not known (after 3947ms in state CONNECT, 3 identical error(s) suppressed)","logger":"task.stderr"}
{"timestamp":"2025-11-17T22:40:57.839530Z","level":"error","event":"%3|1763419257.839|FAIL|rdkafka#producer-1| [thrd:kafka:9092/bootstrap]: kafka:9092/bootstrap: Failed to resolve 'kafka:9092': Name or service not known (after 7964ms in state CONNECT, 5 identical error(s) suppressed)","logger":"task.stderr"}
{"timestamp":"2025-11-17T22:41:16.885988Z","level":"error","event":"%3|1763419276.885|FAIL|rdkafka#producer-1| [thrd:kafka:9092/bootstrap]: kafka:9092/bootstrap: Failed to resolve 'kafka:9092': Temporary failure in name resolution (after 8002ms in state CONNECT)","logger":"task.stderr"}
{"timestamp":"2025-11-17T22:41:21.831995Z","level":"error","event":"%3|1763419281.831|FAIL|rdkafka#producer-1| [thrd:kafka:9092/bootstrap]: kafka:9092/bootstrap: Failed to resolve 'kafka:9092': Name or service not known (after 3945ms in state CONNECT)","logger":"task.stderr"}
{"timestamp":"2025-11-17T22:41:31.888738Z","level":"error","event":"%3|1763419291.888|FAIL|rdkafka#producer-1| [thrd:kafka:9092/bootstrap]: kafka:9092/bootstrap: Failed to resolve 'kafka:9092': Name or service not known (after 3974ms in state CONNECT, 2 identical error(s) suppressed)","logger":"task.stderr"}
{"timestamp":"2025-11-17T22:42:04.946493Z","level":"error","event":"%3|1763419324.946|FAIL|rdkafka#producer-1| [thrd:kafka:9092/bootstrap]: kafka:9092/bootstrap: Failed to resolve 'kafka:9092': Name or service not known (after 3979ms in state CONNECT, 6 identical error(s) suppressed)","logger":"task.stderr"}
{"timestamp":"2025-11-17T22:42:37.953040Z","level":"error","event":"%3|1763419357.952|FAIL|rdkafka#producer-1| [thrd:kafka:9092/bootstrap]: kafka:9092/bootstrap: Failed to resolve 'kafka:9092': Name or service not known (after 7944ms in state CONNECT, 5 identical error(s) suppressed)","logger":"task.stderr"}
{"timestamp":"2025-11-17T22:43:15.582254Z","level":"error","event":"%3|1763419395.582|FAIL|rdkafka#producer-1| [thrd:kafka:9092/bootstrap]: kafka:9092/bootstrap: Failed to resolve 'kafka:9092': Name or service not known (after 7544ms in state CONNECT, 6 identical error(s) suppressed)","logger":"task.stderr"}
{"timestamp":"2025-11-17T22:43:50.023910Z","level":"error","event":"%3|1763419430.023|FAIL|rdkafka#producer-1| [thrd:kafka:9092/bootstrap]: kafka:9092/bootstrap: Failed to resolve 'kafka:9092': Name or service not known (after 3947ms in state CONNECT, 6 identical error(s) suppressed)","logger":"task.stderr"}
{"timestamp":"2025-11-17T22:44:23.056975Z","level":"error","event":"%3|1763419463.056|FAIL|rdkafka#producer-1| [thrd:kafka:9092/bootstrap]: kafka:9092/bootstrap: Failed to resolve 'kafka:9092': Name or service not known (after 3938ms in state CONNECT, 5 identical error(s) suppressed)","logger":"task.stderr"}
{"timestamp":"2025-11-17T22:44:43.158266Z","level":"info","event":"Message delivery failed: KafkaError{code=_MSG_TIMED_OUT,val=-192,str=\"Local: Message timed out\"}","logger":"task.stdout"}
{"timestamp":"2025-11-17T22:44:47.104224Z","level":"info","event":"Done. Returned value was: None","logger":"airflow.task.operators.airflow.providers.standard.operators.python.PythonOperator","filename":"python.py","lineno":215}
{"timestamp":"2025-11-17T22:44:47.117464Z","level":"info","event":"Task instance in success state","logger":"task.stdout"}
{"timestamp":"2025-11-17T22:44:47.118352Z","level":"info","event":" Previous state of the Task instance: TaskInstanceState.RUNNING","logger":"task.stdout"}
{"timestamp":"2025-11-17T22:44:47.118977Z","level":"info","event":"Task operator:<Task(PythonOperator): generate_sensor_data>","logger":"task.stdout"}
