[2025-11-17T20:01:05.648+0000] {local_task_job_runner.py:123} INFO - ::group::Pre task execution logs
[2025-11-17T20:01:06.005+0000] {taskinstance.py:2614} INFO - Dependencies all met for dep_context=non-requeueable deps ti=<TaskInstance: iot_kafka_produce_only.send_to_kafka scheduled__2025-11-17T19:06:15+00:00 [queued]>
[2025-11-17T20:01:06.018+0000] {taskinstance.py:2614} INFO - Dependencies all met for dep_context=requeueable deps ti=<TaskInstance: iot_kafka_produce_only.send_to_kafka scheduled__2025-11-17T19:06:15+00:00 [queued]>
[2025-11-17T20:01:06.019+0000] {taskinstance.py:2867} INFO - Starting attempt 1 of 1
[2025-11-17T20:01:06.054+0000] {taskinstance.py:2890} INFO - Executing <Task(ProduceToTopicOperator): send_to_kafka> on 2025-11-17 19:06:15+00:00
[2025-11-17T20:01:06.082+0000] {warnings.py:112} WARNING - /home/***/.local/lib/python3.12/site-packages/***/task/task_runner/standard_task_runner.py:70: DeprecationWarning: This process (pid=289) is multi-threaded, use of fork() may lead to deadlocks in the child.
  pid = os.fork()

[2025-11-17T20:01:06.090+0000] {standard_task_runner.py:72} INFO - Started process 319 to run task
[2025-11-17T20:01:06.093+0000] {standard_task_runner.py:104} INFO - Running: ['***', 'tasks', 'run', 'iot_kafka_produce_only', 'send_to_kafka', 'scheduled__2025-11-17T19:06:15+00:00', '--job-id', '2621', '--raw', '--subdir', 'DAGS_FOLDER/IOT.py', '--cfg-path', '/tmp/tmpu_icu0er']
[2025-11-17T20:01:06.095+0000] {standard_task_runner.py:105} INFO - Job 2621: Subtask send_to_kafka
[2025-11-17T20:01:06.517+0000] {task_command.py:467} INFO - Running <TaskInstance: iot_kafka_produce_only.send_to_kafka scheduled__2025-11-17T19:06:15+00:00 [running]> on host 4f76d54186b6
[2025-11-17T20:01:06.776+0000] {abstractoperator.py:783} ERROR - Exception rendering Jinja template for task 'send_to_kafka', field 'producer_function'. Template: <function produce_sensor_data at 0x7378bf28c720>
Traceback (most recent call last):
  File "/home/airflow/.local/lib/python3.12/site-packages/airflow/models/abstractoperator.py", line 773, in _do_render_template_fields
    rendered_content = value(context=context, jinja_env=jinja_env)
                       ^^^^^^^^^^^^^^^^^^^^^^^^^^^^^^^^^^^^^^^^^^^
TypeError: produce_sensor_data() got an unexpected keyword argument 'context'
[2025-11-17T20:01:06.782+0000] {taskinstance.py:3313} ERROR - Task failed with exception
Traceback (most recent call last):
  File "/home/airflow/.local/lib/python3.12/site-packages/airflow/models/taskinstance.py", line 274, in _run_raw_task
    TaskInstance._execute_task_with_callbacks(
  File "/home/airflow/.local/lib/python3.12/site-packages/airflow/models/taskinstance.py", line 3117, in _execute_task_with_callbacks
    task_orig = self.render_templates(context=context, jinja_env=jinja_env)
                ^^^^^^^^^^^^^^^^^^^^^^^^^^^^^^^^^^^^^^^^^^^^^^^^^^^^^^^^^^^
  File "/home/airflow/.local/lib/python3.12/site-packages/airflow/models/taskinstance.py", line 3540, in render_templates
    original_task.render_template_fields(context, jinja_env)
  File "/home/airflow/.local/lib/python3.12/site-packages/airflow/models/baseoperator.py", line 1442, in render_template_fields
    self._do_render_template_fields(self, self.template_fields, context, jinja_env, set())
  File "/home/airflow/.local/lib/python3.12/site-packages/airflow/models/abstractoperator.py", line 773, in _do_render_template_fields
    rendered_content = value(context=context, jinja_env=jinja_env)
                       ^^^^^^^^^^^^^^^^^^^^^^^^^^^^^^^^^^^^^^^^^^^
TypeError: produce_sensor_data() got an unexpected keyword argument 'context'
[2025-11-17T20:01:06.807+0000] {logging_mixin.py:190} INFO - Task instance in failure state
[2025-11-17T20:01:06.808+0000] {logging_mixin.py:190} INFO - Task start:2025-11-17 20:01:06.007029+00:00 end:2025-11-17 20:01:06.799006+00:00 duration:0.791977
[2025-11-17T20:01:06.809+0000] {logging_mixin.py:190} INFO - Task:<Task(ProduceToTopicOperator): send_to_kafka> dag:<DAG: iot_kafka_produce_only> dagrun:<DagRun iot_kafka_produce_only @ 2025-11-17 19:06:15+00:00: scheduled__2025-11-17T19:06:15+00:00, state:running, queued_at: 2025-11-17 19:06:40.555088+00:00. externally triggered: False>
[2025-11-17T20:01:06.809+0000] {logging_mixin.py:190} INFO - Failure caused by produce_sensor_data() got an unexpected keyword argument 'context'
[2025-11-17T20:01:06.810+0000] {taskinstance.py:1226} INFO - Marking task as FAILED. dag_id=iot_kafka_produce_only, task_id=send_to_kafka, run_id=scheduled__2025-11-17T19:06:15+00:00, execution_date=20251117T190615, start_date=20251117T200106, end_date=20251117T200106
[2025-11-17T20:01:06.884+0000] {taskinstance.py:341} INFO - ::group::Post task execution logs
[2025-11-17T20:01:06.886+0000] {standard_task_runner.py:124} ERROR - Failed to execute job 2621 for task send_to_kafka (produce_sensor_data() got an unexpected keyword argument 'context'; 319)
Traceback (most recent call last):
  File "/home/airflow/.local/lib/python3.12/site-packages/airflow/task/task_runner/standard_task_runner.py", line 117, in _start_by_fork
    ret = args.func(args, dag=self.dag)
          ^^^^^^^^^^^^^^^^^^^^^^^^^^^^^
  File "/home/airflow/.local/lib/python3.12/site-packages/airflow/cli/cli_config.py", line 49, in command
    return func(*args, **kwargs)
           ^^^^^^^^^^^^^^^^^^^^^
  File "/home/airflow/.local/lib/python3.12/site-packages/airflow/utils/cli.py", line 116, in wrapper
    return f(*args, **kwargs)
           ^^^^^^^^^^^^^^^^^^
  File "/home/airflow/.local/lib/python3.12/site-packages/airflow/cli/commands/task_command.py", line 483, in task_run
    task_return_code = _run_task_by_selected_method(args, _dag, ti)
                       ^^^^^^^^^^^^^^^^^^^^^^^^^^^^^^^^^^^^^^^^^^^^
  File "/home/airflow/.local/lib/python3.12/site-packages/airflow/cli/commands/task_command.py", line 256, in _run_task_by_selected_method
    return _run_raw_task(args, ti)
           ^^^^^^^^^^^^^^^^^^^^^^^
  File "/home/airflow/.local/lib/python3.12/site-packages/airflow/cli/commands/task_command.py", line 341, in _run_raw_task
    return ti._run_raw_task(
           ^^^^^^^^^^^^^^^^^
  File "/home/airflow/.local/lib/python3.12/site-packages/airflow/utils/session.py", line 97, in wrapper
    return func(*args, session=session, **kwargs)
           ^^^^^^^^^^^^^^^^^^^^^^^^^^^^^^^^^^^^^^
  File "/home/airflow/.local/lib/python3.12/site-packages/airflow/models/taskinstance.py", line 3006, in _run_raw_task
    return _run_raw_task(
           ^^^^^^^^^^^^^^
  File "/home/airflow/.local/lib/python3.12/site-packages/airflow/models/taskinstance.py", line 274, in _run_raw_task
    TaskInstance._execute_task_with_callbacks(
  File "/home/airflow/.local/lib/python3.12/site-packages/airflow/models/taskinstance.py", line 3117, in _execute_task_with_callbacks
    task_orig = self.render_templates(context=context, jinja_env=jinja_env)
                ^^^^^^^^^^^^^^^^^^^^^^^^^^^^^^^^^^^^^^^^^^^^^^^^^^^^^^^^^^^
  File "/home/airflow/.local/lib/python3.12/site-packages/airflow/models/taskinstance.py", line 3540, in render_templates
    original_task.render_template_fields(context, jinja_env)
  File "/home/airflow/.local/lib/python3.12/site-packages/airflow/models/baseoperator.py", line 1442, in render_template_fields
    self._do_render_template_fields(self, self.template_fields, context, jinja_env, set())
  File "/home/airflow/.local/lib/python3.12/site-packages/airflow/models/abstractoperator.py", line 773, in _do_render_template_fields
    rendered_content = value(context=context, jinja_env=jinja_env)
                       ^^^^^^^^^^^^^^^^^^^^^^^^^^^^^^^^^^^^^^^^^^^
TypeError: produce_sensor_data() got an unexpected keyword argument 'context'
[2025-11-17T20:01:06.944+0000] {local_task_job_runner.py:266} INFO - Task exited with return code 1
[2025-11-17T20:01:06.963+0000] {taskinstance.py:3901} INFO - 0 downstream tasks scheduled from follow-on schedule check
[2025-11-17T20:01:06.966+0000] {local_task_job_runner.py:245} INFO - ::endgroup::
