[2025-11-13T18:43:17.009+0000] {local_task_job_runner.py:123} INFO - ::group::Pre task execution logs
[2025-11-13T18:43:17.023+0000] {taskinstance.py:2614} INFO - Dependencies all met for dep_context=non-requeueable deps ti=<TaskInstance: iot_sensor_data_dag.generate_sensor_data scheduled__2025-11-13T18:43:00+00:00 [queued]>
[2025-11-13T18:43:17.030+0000] {taskinstance.py:2614} INFO - Dependencies all met for dep_context=requeueable deps ti=<TaskInstance: iot_sensor_data_dag.generate_sensor_data scheduled__2025-11-13T18:43:00+00:00 [queued]>
[2025-11-13T18:43:17.031+0000] {taskinstance.py:2867} INFO - Starting attempt 1 of 1
[2025-11-13T18:43:17.165+0000] {taskinstance.py:2890} INFO - Executing <Task(PythonOperator): generate_sensor_data> on 2025-11-13 18:43:00+00:00
[2025-11-13T18:43:17.174+0000] {warnings.py:112} WARNING - /home/***/.local/lib/python3.12/site-packages/***/task/task_runner/standard_task_runner.py:70: DeprecationWarning: This process (pid=3688) is multi-threaded, use of fork() may lead to deadlocks in the child.
  pid = os.fork()

[2025-11-13T18:43:17.176+0000] {standard_task_runner.py:104} INFO - Running: ['***', 'tasks', 'run', 'iot_sensor_data_dag', 'generate_sensor_data', 'scheduled__2025-11-13T18:43:00+00:00', '--job-id', '566', '--raw', '--subdir', 'DAGS_FOLDER/DEPI.py', '--cfg-path', '/tmp/tmp9ihl3e3o']
[2025-11-13T18:43:17.180+0000] {standard_task_runner.py:72} INFO - Started process 3690 to run task
[2025-11-13T18:43:17.185+0000] {standard_task_runner.py:105} INFO - Job 566: Subtask generate_sensor_data
[2025-11-13T18:43:17.229+0000] {task_command.py:467} INFO - Running <TaskInstance: iot_sensor_data_dag.generate_sensor_data scheduled__2025-11-13T18:43:00+00:00 [running]> on host 4f76d54186b6
[2025-11-13T18:43:17.297+0000] {taskinstance.py:3134} INFO - Exporting env vars: AIRFLOW_CTX_DAG_OWNER='***' AIRFLOW_CTX_DAG_ID='iot_sensor_data_dag' AIRFLOW_CTX_TASK_ID='generate_sensor_data' AIRFLOW_CTX_EXECUTION_DATE='2025-11-13T18:43:00+00:00' AIRFLOW_CTX_TRY_NUMBER='1' AIRFLOW_CTX_DAG_RUN_ID='scheduled__2025-11-13T18:43:00+00:00'
[2025-11-13T18:43:17.298+0000] {logging_mixin.py:190} INFO - Task instance is in running state
[2025-11-13T18:43:17.299+0000] {logging_mixin.py:190} INFO -  Previous state of the Task instance: queued
[2025-11-13T18:43:17.299+0000] {logging_mixin.py:190} INFO - Current task name:generate_sensor_data state:running start_date:2025-11-13 18:43:17.024648+00:00
[2025-11-13T18:43:17.300+0000] {logging_mixin.py:190} INFO - Dag name:iot_sensor_data_dag and current dag run status:running
[2025-11-13T18:43:17.300+0000] {taskinstance.py:732} INFO - ::endgroup::
[2025-11-13T18:43:17.326+0000] {logging_mixin.py:190} INFO - [2025-11-13 18:43:17.312748] Inserted sensor data: {'time': datetime.datetime(2025, 11, 13, 18, 43, 17, 312748), 'temperature': 27.466377864624828, 'Dissolved_oxygen': 5.995887304786416, 'PH': 7.513113208004791, 'Ammonia': 0.010632378706165702, 'Nitrite': 0.05250477644682094, 'Turbidty': 39.91232849191719, '_id': ObjectId('691626c544d9c686d3da74fe')}
[2025-11-13T18:43:17.328+0000] {python.py:218} INFO - Done. Returned value was: None
[2025-11-13T18:43:17.338+0000] {taskinstance.py:341} INFO - ::group::Post task execution logs
[2025-11-13T18:43:17.339+0000] {taskinstance.py:353} INFO - Marking task as SUCCESS. dag_id=iot_sensor_data_dag, task_id=generate_sensor_data, run_id=scheduled__2025-11-13T18:43:00+00:00, execution_date=20251113T184300, start_date=20251113T184317, end_date=20251113T184317
[2025-11-13T18:43:17.359+0000] {logging_mixin.py:190} INFO - Task instance in success state
[2025-11-13T18:43:17.359+0000] {logging_mixin.py:190} INFO -  Previous state of the Task instance: running
[2025-11-13T18:43:17.360+0000] {logging_mixin.py:190} INFO - Dag name:iot_sensor_data_dag queued_at:2025-11-13 18:43:15.738355+00:00
[2025-11-13T18:43:17.360+0000] {logging_mixin.py:190} INFO - Task hostname:4f76d54186b6 operator:PythonOperator
[2025-11-13T18:43:17.408+0000] {local_task_job_runner.py:266} INFO - Task exited with return code 0
[2025-11-13T18:43:17.432+0000] {taskinstance.py:3901} INFO - 0 downstream tasks scheduled from follow-on schedule check
[2025-11-13T18:43:17.438+0000] {local_task_job_runner.py:245} INFO - ::endgroup::
