[2025-11-16T20:40:52.434+0000] {local_task_job_runner.py:123} INFO - ::group::Pre task execution logs
[2025-11-16T20:40:52.446+0000] {taskinstance.py:2614} INFO - Dependencies all met for dep_context=non-requeueable deps ti=<TaskInstance: iot_sensor_data_dag.generate_sensor_data scheduled__2025-11-16T20:40:25+00:00 [queued]>
[2025-11-16T20:40:52.452+0000] {taskinstance.py:2614} INFO - Dependencies all met for dep_context=requeueable deps ti=<TaskInstance: iot_sensor_data_dag.generate_sensor_data scheduled__2025-11-16T20:40:25+00:00 [queued]>
[2025-11-16T20:40:52.453+0000] {taskinstance.py:2867} INFO - Starting attempt 1 of 1
[2025-11-16T20:40:52.464+0000] {taskinstance.py:2890} INFO - Executing <Task(PythonOperator): generate_sensor_data> on 2025-11-16 20:40:25+00:00
[2025-11-16T20:40:52.471+0000] {warnings.py:112} WARNING - /home/***/.local/lib/python3.12/site-packages/***/task/task_runner/standard_task_runner.py:70: DeprecationWarning: This process (pid=877) is multi-threaded, use of fork() may lead to deadlocks in the child.
  pid = os.fork()

[2025-11-16T20:40:52.473+0000] {standard_task_runner.py:72} INFO - Started process 882 to run task
[2025-11-16T20:40:52.473+0000] {standard_task_runner.py:104} INFO - Running: ['***', 'tasks', 'run', 'iot_sensor_data_dag', 'generate_sensor_data', 'scheduled__2025-11-16T20:40:25+00:00', '--job-id', '1649', '--raw', '--subdir', 'DAGS_FOLDER/DEPI.py', '--cfg-path', '/tmp/tmpnz4q00si']
[2025-11-16T20:40:52.475+0000] {standard_task_runner.py:105} INFO - Job 1649: Subtask generate_sensor_data
[2025-11-16T20:40:52.765+0000] {task_command.py:467} INFO - Running <TaskInstance: iot_sensor_data_dag.generate_sensor_data scheduled__2025-11-16T20:40:25+00:00 [running]> on host 4f76d54186b6
[2025-11-16T20:40:52.836+0000] {taskinstance.py:3134} INFO - Exporting env vars: AIRFLOW_CTX_DAG_OWNER='***' AIRFLOW_CTX_DAG_ID='iot_sensor_data_dag' AIRFLOW_CTX_TASK_ID='generate_sensor_data' AIRFLOW_CTX_EXECUTION_DATE='2025-11-16T20:40:25+00:00' AIRFLOW_CTX_TRY_NUMBER='1' AIRFLOW_CTX_DAG_RUN_ID='scheduled__2025-11-16T20:40:25+00:00'
[2025-11-16T20:40:52.837+0000] {logging_mixin.py:190} INFO - Task instance is in running state
[2025-11-16T20:40:52.839+0000] {logging_mixin.py:190} INFO -  Previous state of the Task instance: queued
[2025-11-16T20:40:52.843+0000] {logging_mixin.py:190} INFO - Current task name:generate_sensor_data state:running start_date:2025-11-16 20:40:52.447574+00:00
[2025-11-16T20:40:52.847+0000] {logging_mixin.py:190} INFO - Dag name:iot_sensor_data_dag and current dag run status:running
[2025-11-16T20:40:52.849+0000] {taskinstance.py:732} INFO - ::endgroup::
[2025-11-16T20:45:56.207+0000] {python.py:218} INFO - Done. Returned value was: None
[2025-11-16T20:45:56.217+0000] {taskinstance.py:341} INFO - ::group::Post task execution logs
[2025-11-16T20:45:56.218+0000] {taskinstance.py:353} INFO - Marking task as SUCCESS. dag_id=iot_sensor_data_dag, task_id=generate_sensor_data, run_id=scheduled__2025-11-16T20:40:25+00:00, execution_date=20251116T204025, start_date=20251116T204052, end_date=20251116T204556
[2025-11-16T20:45:56.237+0000] {logging_mixin.py:190} INFO - Task instance in success state
[2025-11-16T20:45:56.238+0000] {logging_mixin.py:190} INFO -  Previous state of the Task instance: running
[2025-11-16T20:45:56.239+0000] {logging_mixin.py:190} INFO - Dag name:iot_sensor_data_dag queued_at:2025-11-16 20:40:51.031625+00:00
[2025-11-16T20:45:56.240+0000] {logging_mixin.py:190} INFO - Task hostname:4f76d54186b6 operator:PythonOperator
[2025-11-16T20:45:56.268+0000] {local_task_job_runner.py:266} INFO - Task exited with return code 0
[2025-11-16T20:45:56.298+0000] {taskinstance.py:3901} INFO - 1 downstream tasks scheduled from follow-on schedule check
[2025-11-16T20:45:56.301+0000] {local_task_job_runner.py:245} INFO - ::endgroup::
