[2025-11-13T17:41:47.366+0000] {local_task_job_runner.py:123} INFO - ::group::Pre task execution logs
[2025-11-13T17:41:47.387+0000] {taskinstance.py:2614} INFO - Dependencies all met for dep_context=non-requeueable deps ti=<TaskInstance: iot_sensor_data_dag.generate_sensor_data scheduled__2025-11-13T17:41:30+00:00 [queued]>
[2025-11-13T17:41:47.400+0000] {taskinstance.py:2614} INFO - Dependencies all met for dep_context=requeueable deps ti=<TaskInstance: iot_sensor_data_dag.generate_sensor_data scheduled__2025-11-13T17:41:30+00:00 [queued]>
[2025-11-13T17:41:47.402+0000] {taskinstance.py:2867} INFO - Starting attempt 1 of 1
[2025-11-13T17:41:47.598+0000] {taskinstance.py:2890} INFO - Executing <Task(PythonOperator): generate_sensor_data> on 2025-11-13 17:41:30+00:00
[2025-11-13T17:41:47.608+0000] {warnings.py:112} WARNING - /home/***/.local/lib/python3.12/site-packages/***/task/task_runner/standard_task_runner.py:70: DeprecationWarning: This process (pid=1122) is multi-threaded, use of fork() may lead to deadlocks in the child.
  pid = os.fork()

[2025-11-13T17:41:47.611+0000] {standard_task_runner.py:72} INFO - Started process 1124 to run task
[2025-11-13T17:41:47.611+0000] {standard_task_runner.py:104} INFO - Running: ['***', 'tasks', 'run', 'iot_sensor_data_dag', 'generate_sensor_data', 'scheduled__2025-11-13T17:41:30+00:00', '--job-id', '320', '--raw', '--subdir', 'DAGS_FOLDER/DEPI.py', '--cfg-path', '/tmp/tmpg5w2x_l1']
[2025-11-13T17:41:47.613+0000] {standard_task_runner.py:105} INFO - Job 320: Subtask generate_sensor_data
[2025-11-13T17:41:47.677+0000] {task_command.py:467} INFO - Running <TaskInstance: iot_sensor_data_dag.generate_sensor_data scheduled__2025-11-13T17:41:30+00:00 [running]> on host 4f76d54186b6
[2025-11-13T17:41:47.795+0000] {taskinstance.py:3134} INFO - Exporting env vars: AIRFLOW_CTX_DAG_OWNER='***' AIRFLOW_CTX_DAG_ID='iot_sensor_data_dag' AIRFLOW_CTX_TASK_ID='generate_sensor_data' AIRFLOW_CTX_EXECUTION_DATE='2025-11-13T17:41:30+00:00' AIRFLOW_CTX_TRY_NUMBER='1' AIRFLOW_CTX_DAG_RUN_ID='scheduled__2025-11-13T17:41:30+00:00'
[2025-11-13T17:41:47.797+0000] {logging_mixin.py:190} INFO - Task instance is in running state
[2025-11-13T17:41:47.798+0000] {logging_mixin.py:190} INFO -  Previous state of the Task instance: queued
[2025-11-13T17:41:47.799+0000] {logging_mixin.py:190} INFO - Current task name:generate_sensor_data state:running start_date:2025-11-13 17:41:47.388433+00:00
[2025-11-13T17:41:47.800+0000] {logging_mixin.py:190} INFO - Dag name:iot_sensor_data_dag and current dag run status:running
[2025-11-13T17:41:47.801+0000] {taskinstance.py:732} INFO - ::endgroup::
[2025-11-13T17:41:47.851+0000] {logging_mixin.py:190} INFO - [2025-11-13 17:41:47.824577] Inserted sensor data: {'time': datetime.datetime(2025, 11, 13, 17, 41, 47, 824577), 'temperature': 27.484197253092283, 'Dissolved_oxygen': 6.014701831618837, 'PH': 7.487525739891983, 'Ammonia': 0.00935855231161136, 'Nitrite': 0.04840854189294829, 'Turbidty': 39.951910395852394, '_id': ObjectId('6916185b7236666d856d2583')}
[2025-11-13T17:41:47.855+0000] {python.py:218} INFO - Done. Returned value was: None
[2025-11-13T17:41:47.870+0000] {taskinstance.py:341} INFO - ::group::Post task execution logs
[2025-11-13T17:41:47.871+0000] {taskinstance.py:353} INFO - Marking task as SUCCESS. dag_id=iot_sensor_data_dag, task_id=generate_sensor_data, run_id=scheduled__2025-11-13T17:41:30+00:00, execution_date=20251113T174130, start_date=20251113T174147, end_date=20251113T174147
[2025-11-13T17:41:47.906+0000] {logging_mixin.py:190} INFO - Task instance in success state
[2025-11-13T17:41:47.908+0000] {logging_mixin.py:190} INFO -  Previous state of the Task instance: running
[2025-11-13T17:41:47.909+0000] {logging_mixin.py:190} INFO - Dag name:iot_sensor_data_dag queued_at:2025-11-13 17:41:45.057700+00:00
[2025-11-13T17:41:47.910+0000] {logging_mixin.py:190} INFO - Task hostname:4f76d54186b6 operator:PythonOperator
[2025-11-13T17:41:47.958+0000] {local_task_job_runner.py:266} INFO - Task exited with return code 0
[2025-11-13T17:41:48.001+0000] {taskinstance.py:3901} INFO - 0 downstream tasks scheduled from follow-on schedule check
[2025-11-13T17:41:48.010+0000] {local_task_job_runner.py:245} INFO - ::endgroup::
