[2025-11-15T12:12:09.114+0000] {local_task_job_runner.py:123} INFO - ::group::Pre task execution logs
[2025-11-15T12:12:09.129+0000] {taskinstance.py:2614} INFO - Dependencies all met for dep_context=non-requeueable deps ti=<TaskInstance: iot_sensor_data_dag.generate_sensor_data scheduled__2025-11-15T12:11:30+00:00 [queued]>
[2025-11-15T12:12:09.136+0000] {taskinstance.py:2614} INFO - Dependencies all met for dep_context=requeueable deps ti=<TaskInstance: iot_sensor_data_dag.generate_sensor_data scheduled__2025-11-15T12:11:30+00:00 [queued]>
[2025-11-15T12:12:09.137+0000] {taskinstance.py:2867} INFO - Starting attempt 1 of 1
[2025-11-15T12:12:09.150+0000] {taskinstance.py:2890} INFO - Executing <Task(PythonOperator): generate_sensor_data> on 2025-11-15 12:11:30+00:00
[2025-11-15T12:12:09.158+0000] {warnings.py:112} WARNING - /home/***/.local/lib/python3.12/site-packages/***/task/task_runner/standard_task_runner.py:70: DeprecationWarning: This process (pid=764) is multi-threaded, use of fork() may lead to deadlocks in the child.
  pid = os.fork()

[2025-11-15T12:12:09.160+0000] {standard_task_runner.py:72} INFO - Started process 766 to run task
[2025-11-15T12:12:09.160+0000] {standard_task_runner.py:104} INFO - Running: ['***', 'tasks', 'run', 'iot_sensor_data_dag', 'generate_sensor_data', 'scheduled__2025-11-15T12:11:30+00:00', '--job-id', '1231', '--raw', '--subdir', 'DAGS_FOLDER/DEPI.py', '--cfg-path', '/tmp/tmpk_g_xq0s']
[2025-11-15T12:12:09.161+0000] {standard_task_runner.py:105} INFO - Job 1231: Subtask generate_sensor_data
[2025-11-15T12:12:09.444+0000] {task_command.py:467} INFO - Running <TaskInstance: iot_sensor_data_dag.generate_sensor_data scheduled__2025-11-15T12:11:30+00:00 [running]> on host 4f76d54186b6
[2025-11-15T12:12:09.503+0000] {taskinstance.py:3134} INFO - Exporting env vars: AIRFLOW_CTX_DAG_OWNER='***' AIRFLOW_CTX_DAG_ID='iot_sensor_data_dag' AIRFLOW_CTX_TASK_ID='generate_sensor_data' AIRFLOW_CTX_EXECUTION_DATE='2025-11-15T12:11:30+00:00' AIRFLOW_CTX_TRY_NUMBER='1' AIRFLOW_CTX_DAG_RUN_ID='scheduled__2025-11-15T12:11:30+00:00'
[2025-11-15T12:12:09.503+0000] {logging_mixin.py:190} INFO - Task instance is in running state
[2025-11-15T12:12:09.504+0000] {logging_mixin.py:190} INFO -  Previous state of the Task instance: queued
[2025-11-15T12:12:09.504+0000] {logging_mixin.py:190} INFO - Current task name:generate_sensor_data state:running start_date:2025-11-15 12:12:09.131484+00:00
[2025-11-15T12:12:09.505+0000] {logging_mixin.py:190} INFO - Dag name:iot_sensor_data_dag and current dag run status:running
[2025-11-15T12:12:09.505+0000] {taskinstance.py:732} INFO - ::endgroup::
[2025-11-15T12:12:09.625+0000] {logging_mixin.py:190} INFO - [2025-11-15 12:12:09.558297] Inserted sensor data: {'time': '2025-11-15T12:12:09.558297', 'temperature': 27.326476786038675, 'Dissolved_oxygen': 5.967639606806949, 'PH': 7.441971923229819, 'Ammonia': 0.010157906117443405, 'Nitrite': 0.04746915820591028, 'Turbidty': 40.01613721072458, '_id': '69186e1980e17386914a6b67'}
[2025-11-15T12:12:46.220+0000] {job.py:229} INFO - Heartbeat recovered after 32.16 seconds
[2025-11-15T12:14:12.137+0000] {job.py:229} INFO - Heartbeat recovered after 20.56 seconds
[2025-11-15T12:14:33.984+0000] {job.py:229} INFO - Heartbeat recovered after 21.85 seconds
[2025-11-15T12:17:05.329+0000] {python.py:218} INFO - Done. Returned value was: None
[2025-11-15T12:17:05.953+0000] {taskinstance.py:341} INFO - ::group::Post task execution logs
[2025-11-15T12:17:05.955+0000] {taskinstance.py:353} INFO - Marking task as SUCCESS. dag_id=iot_sensor_data_dag, task_id=generate_sensor_data, run_id=scheduled__2025-11-15T12:11:30+00:00, execution_date=20251115T121130, start_date=20251115T121209, end_date=20251115T121705
[2025-11-15T12:17:05.977+0000] {job.py:229} INFO - Heartbeat recovered after 92.11 seconds
[2025-11-15T12:17:06.030+0000] {logging_mixin.py:190} INFO - Task instance in success state
[2025-11-15T12:17:06.032+0000] {logging_mixin.py:190} INFO -  Previous state of the Task instance: running
[2025-11-15T12:17:06.032+0000] {logging_mixin.py:190} INFO - Dag name:iot_sensor_data_dag queued_at:2025-11-15 12:11:57.841337+00:00
[2025-11-15T12:17:06.033+0000] {logging_mixin.py:190} INFO - Task hostname:4f76d54186b6 operator:PythonOperator
[2025-11-15T12:17:06.095+0000] {local_task_job_runner.py:266} INFO - Task exited with return code 0
[2025-11-15T12:17:06.131+0000] {taskinstance.py:3901} INFO - 0 downstream tasks scheduled from follow-on schedule check
[2025-11-15T12:17:06.139+0000] {local_task_job_runner.py:245} INFO - ::endgroup::
