[2025-11-13T19:17:32.145+0000] {local_task_job_runner.py:123} INFO - ::group::Pre task execution logs
[2025-11-13T19:17:32.159+0000] {taskinstance.py:2614} INFO - Dependencies all met for dep_context=non-requeueable deps ti=<TaskInstance: iot_sensor_data_dag.generate_sensor_data scheduled__2025-11-13T19:17:15+00:00 [queued]>
[2025-11-13T19:17:32.166+0000] {taskinstance.py:2614} INFO - Dependencies all met for dep_context=requeueable deps ti=<TaskInstance: iot_sensor_data_dag.generate_sensor_data scheduled__2025-11-13T19:17:15+00:00 [queued]>
[2025-11-13T19:17:32.167+0000] {taskinstance.py:2867} INFO - Starting attempt 1 of 1
[2025-11-13T19:17:32.303+0000] {taskinstance.py:2890} INFO - Executing <Task(PythonOperator): generate_sensor_data> on 2025-11-13 19:17:15+00:00
[2025-11-13T19:17:32.310+0000] {warnings.py:112} WARNING - /home/***/.local/lib/python3.12/site-packages/***/task/task_runner/standard_task_runner.py:70: DeprecationWarning: This process (pid=5121) is multi-threaded, use of fork() may lead to deadlocks in the child.
  pid = os.fork()

[2025-11-13T19:17:32.313+0000] {standard_task_runner.py:72} INFO - Started process 5123 to run task
[2025-11-13T19:17:32.313+0000] {standard_task_runner.py:104} INFO - Running: ['***', 'tasks', 'run', 'iot_sensor_data_dag', 'generate_sensor_data', 'scheduled__2025-11-13T19:17:15+00:00', '--job-id', '703', '--raw', '--subdir', 'DAGS_FOLDER/DEPI.py', '--cfg-path', '/tmp/tmpeq22rqpz']
[2025-11-13T19:17:32.314+0000] {standard_task_runner.py:105} INFO - Job 703: Subtask generate_sensor_data
[2025-11-13T19:17:32.359+0000] {task_command.py:467} INFO - Running <TaskInstance: iot_sensor_data_dag.generate_sensor_data scheduled__2025-11-13T19:17:15+00:00 [running]> on host 4f76d54186b6
[2025-11-13T19:17:32.433+0000] {taskinstance.py:3134} INFO - Exporting env vars: AIRFLOW_CTX_DAG_OWNER='***' AIRFLOW_CTX_DAG_ID='iot_sensor_data_dag' AIRFLOW_CTX_TASK_ID='generate_sensor_data' AIRFLOW_CTX_EXECUTION_DATE='2025-11-13T19:17:15+00:00' AIRFLOW_CTX_TRY_NUMBER='1' AIRFLOW_CTX_DAG_RUN_ID='scheduled__2025-11-13T19:17:15+00:00'
[2025-11-13T19:17:32.435+0000] {logging_mixin.py:190} INFO - Task instance is in running state
[2025-11-13T19:17:32.436+0000] {logging_mixin.py:190} INFO -  Previous state of the Task instance: queued
[2025-11-13T19:17:32.438+0000] {logging_mixin.py:190} INFO - Current task name:generate_sensor_data state:running start_date:2025-11-13 19:17:32.160482+00:00
[2025-11-13T19:17:32.438+0000] {logging_mixin.py:190} INFO - Dag name:iot_sensor_data_dag and current dag run status:running
[2025-11-13T19:17:32.439+0000] {taskinstance.py:732} INFO - ::endgroup::
[2025-11-13T19:17:32.470+0000] {logging_mixin.py:190} INFO - [2025-11-13 19:17:32.454796] Inserted sensor data: {'time': datetime.datetime(2025, 11, 13, 19, 17, 32, 454796), 'temperature': 27.504635909400083, 'Dissolved_oxygen': 5.948618814037903, 'PH': 7.588688171785696, 'Ammonia': 0.009432302540767492, 'Nitrite': 0.05460557023025731, 'Turbidty': 39.947155010767375, '_id': ObjectId('69162ecc98a172c5913a512d')}
[2025-11-13T19:17:32.472+0000] {python.py:218} INFO - Done. Returned value was: None
[2025-11-13T19:17:32.483+0000] {taskinstance.py:341} INFO - ::group::Post task execution logs
[2025-11-13T19:17:32.484+0000] {taskinstance.py:353} INFO - Marking task as SUCCESS. dag_id=iot_sensor_data_dag, task_id=generate_sensor_data, run_id=scheduled__2025-11-13T19:17:15+00:00, execution_date=20251113T191715, start_date=20251113T191732, end_date=20251113T191732
[2025-11-13T19:17:32.505+0000] {logging_mixin.py:190} INFO - Task instance in success state
[2025-11-13T19:17:32.506+0000] {logging_mixin.py:190} INFO -  Previous state of the Task instance: running
[2025-11-13T19:17:32.506+0000] {logging_mixin.py:190} INFO - Dag name:iot_sensor_data_dag queued_at:2025-11-13 19:17:30.695071+00:00
[2025-11-13T19:17:32.507+0000] {logging_mixin.py:190} INFO - Task hostname:4f76d54186b6 operator:PythonOperator
[2025-11-13T19:17:32.536+0000] {local_task_job_runner.py:266} INFO - Task exited with return code 0
[2025-11-13T19:17:32.560+0000] {taskinstance.py:3901} INFO - 0 downstream tasks scheduled from follow-on schedule check
[2025-11-13T19:17:32.564+0000] {local_task_job_runner.py:245} INFO - ::endgroup::
