[2025-11-14T14:25:31.317+0000] {local_task_job_runner.py:123} INFO - ::group::Pre task execution logs
[2025-11-14T14:25:31.441+0000] {taskinstance.py:2614} INFO - Dependencies all met for dep_context=non-requeueable deps ti=<TaskInstance: iot_sensor_data_dag.generate_sensor_data scheduled__2025-11-14T14:25:15+00:00 [queued]>
[2025-11-14T14:25:31.449+0000] {taskinstance.py:2614} INFO - Dependencies all met for dep_context=requeueable deps ti=<TaskInstance: iot_sensor_data_dag.generate_sensor_data scheduled__2025-11-14T14:25:15+00:00 [queued]>
[2025-11-14T14:25:31.450+0000] {taskinstance.py:2867} INFO - Starting attempt 1 of 1
[2025-11-14T14:25:31.462+0000] {taskinstance.py:2890} INFO - Executing <Task(PythonOperator): generate_sensor_data> on 2025-11-14 14:25:15+00:00
[2025-11-14T14:25:31.468+0000] {warnings.py:112} WARNING - /home/***/.local/lib/python3.12/site-packages/***/task/task_runner/standard_task_runner.py:70: DeprecationWarning: This process (pid=347) is multi-threaded, use of fork() may lead to deadlocks in the child.
  pid = os.fork()

[2025-11-14T14:25:31.470+0000] {standard_task_runner.py:72} INFO - Started process 349 to run task
[2025-11-14T14:25:31.470+0000] {standard_task_runner.py:104} INFO - Running: ['***', 'tasks', 'run', 'iot_sensor_data_dag', 'generate_sensor_data', 'scheduled__2025-11-14T14:25:15+00:00', '--job-id', '785', '--raw', '--subdir', 'DAGS_FOLDER/DEPI.py', '--cfg-path', '/tmp/tmpnhij1val']
[2025-11-14T14:25:31.471+0000] {standard_task_runner.py:105} INFO - Job 785: Subtask generate_sensor_data
[2025-11-14T14:25:31.516+0000] {task_command.py:467} INFO - Running <TaskInstance: iot_sensor_data_dag.generate_sensor_data scheduled__2025-11-14T14:25:15+00:00 [running]> on host 4f76d54186b6
[2025-11-14T14:25:31.593+0000] {taskinstance.py:3134} INFO - Exporting env vars: AIRFLOW_CTX_DAG_OWNER='***' AIRFLOW_CTX_DAG_ID='iot_sensor_data_dag' AIRFLOW_CTX_TASK_ID='generate_sensor_data' AIRFLOW_CTX_EXECUTION_DATE='2025-11-14T14:25:15+00:00' AIRFLOW_CTX_TRY_NUMBER='1' AIRFLOW_CTX_DAG_RUN_ID='scheduled__2025-11-14T14:25:15+00:00'
[2025-11-14T14:25:31.595+0000] {logging_mixin.py:190} INFO - Task instance is in running state
[2025-11-14T14:25:31.595+0000] {logging_mixin.py:190} INFO -  Previous state of the Task instance: queued
[2025-11-14T14:25:31.596+0000] {logging_mixin.py:190} INFO - Current task name:generate_sensor_data state:running start_date:2025-11-14 14:25:31.442015+00:00
[2025-11-14T14:25:31.596+0000] {logging_mixin.py:190} INFO - Dag name:iot_sensor_data_dag and current dag run status:running
[2025-11-14T14:25:31.597+0000] {taskinstance.py:732} INFO - ::endgroup::
[2025-11-14T14:25:31.627+0000] {logging_mixin.py:190} INFO - [2025-11-14 14:25:31.611061] Inserted sensor data: {'time': datetime.datetime(2025, 11, 14, 14, 25, 31, 611061), 'temperature': 27.43350594424194, 'Dissolved_oxygen': 5.979899679612908, 'PH': 7.479671622725352, 'Ammonia': 0.009773162101842542, 'Nitrite': 0.04932837465683937, 'Turbidty': 39.6090294154171, '_id': ObjectId('69173bdb6621227d350bd1d1')}
[2025-11-14T14:25:31.630+0000] {python.py:218} INFO - Done. Returned value was: None
[2025-11-14T14:25:31.639+0000] {taskinstance.py:341} INFO - ::group::Post task execution logs
[2025-11-14T14:25:31.640+0000] {taskinstance.py:353} INFO - Marking task as SUCCESS. dag_id=iot_sensor_data_dag, task_id=generate_sensor_data, run_id=scheduled__2025-11-14T14:25:15+00:00, execution_date=20251114T142515, start_date=20251114T142531, end_date=20251114T142531
[2025-11-14T14:25:31.660+0000] {logging_mixin.py:190} INFO - Task instance in success state
[2025-11-14T14:25:31.661+0000] {logging_mixin.py:190} INFO -  Previous state of the Task instance: running
[2025-11-14T14:25:31.661+0000] {logging_mixin.py:190} INFO - Dag name:iot_sensor_data_dag queued_at:2025-11-14 14:25:30.071165+00:00
[2025-11-14T14:25:31.662+0000] {logging_mixin.py:190} INFO - Task hostname:4f76d54186b6 operator:PythonOperator
[2025-11-14T14:25:31.686+0000] {local_task_job_runner.py:266} INFO - Task exited with return code 0
[2025-11-14T14:25:31.695+0000] {local_task_job_runner.py:245} INFO - ::endgroup::
