[2025-11-15T12:27:00.300+0000] {local_task_job_runner.py:123} INFO - ::group::Pre task execution logs
[2025-11-15T12:27:00.311+0000] {taskinstance.py:2614} INFO - Dependencies all met for dep_context=non-requeueable deps ti=<TaskInstance: iot_sensor_data_dag.generate_sensor_data scheduled__2025-11-15T12:26:15+00:00 [queued]>
[2025-11-15T12:27:00.315+0000] {taskinstance.py:2614} INFO - Dependencies all met for dep_context=requeueable deps ti=<TaskInstance: iot_sensor_data_dag.generate_sensor_data scheduled__2025-11-15T12:26:15+00:00 [queued]>
[2025-11-15T12:27:00.316+0000] {taskinstance.py:2867} INFO - Starting attempt 1 of 1
[2025-11-15T12:27:00.325+0000] {taskinstance.py:2890} INFO - Executing <Task(PythonOperator): generate_sensor_data> on 2025-11-15 12:26:15+00:00
[2025-11-15T12:27:00.331+0000] {warnings.py:112} WARNING - /home/***/.local/lib/python3.12/site-packages/***/task/task_runner/standard_task_runner.py:70: DeprecationWarning: This process (pid=1154) is multi-threaded, use of fork() may lead to deadlocks in the child.
  pid = os.fork()

[2025-11-15T12:27:00.333+0000] {standard_task_runner.py:72} INFO - Started process 1166 to run task
[2025-11-15T12:27:00.333+0000] {standard_task_runner.py:104} INFO - Running: ['***', 'tasks', 'run', 'iot_sensor_data_dag', 'generate_sensor_data', 'scheduled__2025-11-15T12:26:15+00:00', '--job-id', '1258', '--raw', '--subdir', 'DAGS_FOLDER/DEPI.py', '--cfg-path', '/tmp/tmp4_nyhwvz']
[2025-11-15T12:27:00.334+0000] {standard_task_runner.py:105} INFO - Job 1258: Subtask generate_sensor_data
[2025-11-15T12:27:00.538+0000] {task_command.py:467} INFO - Running <TaskInstance: iot_sensor_data_dag.generate_sensor_data scheduled__2025-11-15T12:26:15+00:00 [running]> on host 4f76d54186b6
[2025-11-15T12:27:00.591+0000] {taskinstance.py:3134} INFO - Exporting env vars: AIRFLOW_CTX_DAG_OWNER='***' AIRFLOW_CTX_DAG_ID='iot_sensor_data_dag' AIRFLOW_CTX_TASK_ID='generate_sensor_data' AIRFLOW_CTX_EXECUTION_DATE='2025-11-15T12:26:15+00:00' AIRFLOW_CTX_TRY_NUMBER='1' AIRFLOW_CTX_DAG_RUN_ID='scheduled__2025-11-15T12:26:15+00:00'
[2025-11-15T12:27:00.593+0000] {logging_mixin.py:190} INFO - Task instance is in running state
[2025-11-15T12:27:00.593+0000] {logging_mixin.py:190} INFO -  Previous state of the Task instance: queued
[2025-11-15T12:27:00.594+0000] {logging_mixin.py:190} INFO - Current task name:generate_sensor_data state:running start_date:2025-11-15 12:27:00.311790+00:00
[2025-11-15T12:27:00.595+0000] {logging_mixin.py:190} INFO - Dag name:iot_sensor_data_dag and current dag run status:running
[2025-11-15T12:27:00.595+0000] {taskinstance.py:732} INFO - ::endgroup::
[2025-11-15T12:27:00.621+0000] {logging_mixin.py:190} INFO - [2025-11-15 12:27:00.609162] Inserted sensor data: {'time': '2025-11-15T12:27:00.609162', 'temperature': 27.463916531720116, 'Dissolved_oxygen': 6.0437325147842, 'PH': 7.528819568469714, 'Ammonia': 0.00993106746136768, 'Nitrite': 0.04978186319298211, 'Turbidty': 40.856475953437815, '_id': '69187194a306ea01e9a6d3b1'}
[2025-11-15T12:30:18.317+0000] {job.py:229} INFO - Heartbeat recovered after 19.92 seconds
[2025-11-15T12:30:35.972+0000] {job.py:229} INFO - Heartbeat recovered after 17.66 seconds
[2025-11-15T12:31:17.568+0000] {job.py:229} INFO - Heartbeat recovered after 41.63 seconds
[2025-11-15T12:31:54.817+0000] {python.py:218} INFO - Done. Returned value was: None
[2025-11-15T12:31:54.827+0000] {taskinstance.py:341} INFO - ::group::Post task execution logs
[2025-11-15T12:31:54.828+0000] {taskinstance.py:353} INFO - Marking task as SUCCESS. dag_id=iot_sensor_data_dag, task_id=generate_sensor_data, run_id=scheduled__2025-11-15T12:26:15+00:00, execution_date=20251115T122615, start_date=20251115T122700, end_date=20251115T123154
[2025-11-15T12:31:54.847+0000] {logging_mixin.py:190} INFO - Task instance in success state
[2025-11-15T12:31:54.848+0000] {logging_mixin.py:190} INFO -  Previous state of the Task instance: running
[2025-11-15T12:31:54.849+0000] {logging_mixin.py:190} INFO - Dag name:iot_sensor_data_dag queued_at:2025-11-15 12:26:56.728712+00:00
[2025-11-15T12:31:54.849+0000] {logging_mixin.py:190} INFO - Task hostname:4f76d54186b6 operator:PythonOperator
[2025-11-15T12:31:54.898+0000] {local_task_job_runner.py:266} INFO - Task exited with return code 0
[2025-11-15T12:31:54.917+0000] {taskinstance.py:3901} INFO - 0 downstream tasks scheduled from follow-on schedule check
[2025-11-15T12:31:54.928+0000] {local_task_job_runner.py:245} INFO - ::endgroup::
