[2025-11-16T21:57:56.937+0000] {local_task_job_runner.py:123} INFO - ::group::Pre task execution logs
[2025-11-16T21:57:56.949+0000] {taskinstance.py:2614} INFO - Dependencies all met for dep_context=non-requeueable deps ti=<TaskInstance: iot_sensor_data_dag.generate_sensor_data scheduled__2025-11-16T21:57:30+00:00 [queued]>
[2025-11-16T21:57:56.959+0000] {taskinstance.py:2614} INFO - Dependencies all met for dep_context=requeueable deps ti=<TaskInstance: iot_sensor_data_dag.generate_sensor_data scheduled__2025-11-16T21:57:30+00:00 [queued]>
[2025-11-16T21:57:56.965+0000] {taskinstance.py:2867} INFO - Starting attempt 1 of 1
[2025-11-16T21:57:56.979+0000] {taskinstance.py:2890} INFO - Executing <Task(PythonOperator): generate_sensor_data> on 2025-11-16 21:57:30+00:00
[2025-11-16T21:57:56.989+0000] {warnings.py:112} WARNING - /home/***/.local/lib/python3.12/site-packages/***/task/task_runner/standard_task_runner.py:70: DeprecationWarning: This process (pid=7902) is multi-threaded, use of fork() may lead to deadlocks in the child.
  pid = os.fork()

[2025-11-16T21:57:56.991+0000] {standard_task_runner.py:104} INFO - Running: ['***', 'tasks', 'run', 'iot_sensor_data_dag', 'generate_sensor_data', 'scheduled__2025-11-16T21:57:30+00:00', '--job-id', '1952', '--raw', '--subdir', 'DAGS_FOLDER/DEPI.py', '--cfg-path', '/tmp/tmpgnflpgl2']
[2025-11-16T21:57:57.002+0000] {standard_task_runner.py:72} INFO - Started process 7904 to run task
[2025-11-16T21:57:57.010+0000] {standard_task_runner.py:105} INFO - Job 1952: Subtask generate_sensor_data
[2025-11-16T21:57:57.227+0000] {task_command.py:467} INFO - Running <TaskInstance: iot_sensor_data_dag.generate_sensor_data scheduled__2025-11-16T21:57:30+00:00 [running]> on host 4f76d54186b6
[2025-11-16T21:57:57.284+0000] {taskinstance.py:3134} INFO - Exporting env vars: AIRFLOW_CTX_DAG_OWNER='***' AIRFLOW_CTX_DAG_ID='iot_sensor_data_dag' AIRFLOW_CTX_TASK_ID='generate_sensor_data' AIRFLOW_CTX_EXECUTION_DATE='2025-11-16T21:57:30+00:00' AIRFLOW_CTX_TRY_NUMBER='1' AIRFLOW_CTX_DAG_RUN_ID='scheduled__2025-11-16T21:57:30+00:00'
[2025-11-16T21:57:57.285+0000] {logging_mixin.py:190} INFO - Task instance is in running state
[2025-11-16T21:57:57.286+0000] {logging_mixin.py:190} INFO -  Previous state of the Task instance: queued
[2025-11-16T21:57:57.286+0000] {logging_mixin.py:190} INFO - Current task name:generate_sensor_data state:running start_date:2025-11-16 21:57:56.955155+00:00
[2025-11-16T21:57:57.286+0000] {logging_mixin.py:190} INFO - Dag name:iot_sensor_data_dag and current dag run status:running
[2025-11-16T21:57:57.287+0000] {taskinstance.py:732} INFO - ::endgroup::
[2025-11-16T22:01:10.099+0000] {job.py:229} INFO - Heartbeat recovered after 115.80 seconds
[2025-11-16T22:03:06.696+0000] {python.py:218} INFO - Done. Returned value was: None
[2025-11-16T22:03:06.705+0000] {taskinstance.py:341} INFO - ::group::Post task execution logs
[2025-11-16T22:03:06.706+0000] {taskinstance.py:353} INFO - Marking task as SUCCESS. dag_id=iot_sensor_data_dag, task_id=generate_sensor_data, run_id=scheduled__2025-11-16T21:57:30+00:00, execution_date=20251116T215730, start_date=20251116T215756, end_date=20251116T220306
[2025-11-16T22:03:06.759+0000] {logging_mixin.py:190} INFO - Task instance in success state
[2025-11-16T22:03:06.761+0000] {logging_mixin.py:190} INFO -  Previous state of the Task instance: running
[2025-11-16T22:03:06.762+0000] {logging_mixin.py:190} INFO - Dag name:iot_sensor_data_dag queued_at:2025-11-16 21:57:55.770578+00:00
[2025-11-16T22:03:06.764+0000] {logging_mixin.py:190} INFO - Task hostname:4f76d54186b6 operator:PythonOperator
[2025-11-16T22:03:06.809+0000] {local_task_job_runner.py:266} INFO - Task exited with return code 0
[2025-11-16T22:03:06.828+0000] {taskinstance.py:3901} INFO - 1 downstream tasks scheduled from follow-on schedule check
[2025-11-16T22:03:06.833+0000] {local_task_job_runner.py:245} INFO - ::endgroup::
