[2025-11-13T19:20:01.825+0000] {local_task_job_runner.py:123} INFO - ::group::Pre task execution logs
[2025-11-13T19:20:01.841+0000] {taskinstance.py:2614} INFO - Dependencies all met for dep_context=non-requeueable deps ti=<TaskInstance: iot_sensor_data_dag.generate_sensor_data scheduled__2025-11-13T19:19:45+00:00 [queued]>
[2025-11-13T19:20:01.848+0000] {taskinstance.py:2614} INFO - Dependencies all met for dep_context=requeueable deps ti=<TaskInstance: iot_sensor_data_dag.generate_sensor_data scheduled__2025-11-13T19:19:45+00:00 [queued]>
[2025-11-13T19:20:01.849+0000] {taskinstance.py:2867} INFO - Starting attempt 1 of 1
[2025-11-13T19:20:02.024+0000] {taskinstance.py:2890} INFO - Executing <Task(PythonOperator): generate_sensor_data> on 2025-11-13 19:19:45+00:00
[2025-11-13T19:20:02.032+0000] {warnings.py:112} WARNING - /home/***/.local/lib/python3.12/site-packages/***/task/task_runner/standard_task_runner.py:70: DeprecationWarning: This process (pid=5226) is multi-threaded, use of fork() may lead to deadlocks in the child.
  pid = os.fork()

[2025-11-13T19:20:02.035+0000] {standard_task_runner.py:72} INFO - Started process 5228 to run task
[2025-11-13T19:20:02.036+0000] {standard_task_runner.py:104} INFO - Running: ['***', 'tasks', 'run', 'iot_sensor_data_dag', 'generate_sensor_data', 'scheduled__2025-11-13T19:19:45+00:00', '--job-id', '713', '--raw', '--subdir', 'DAGS_FOLDER/DEPI.py', '--cfg-path', '/tmp/tmp8_4fvlr6']
[2025-11-13T19:20:02.037+0000] {standard_task_runner.py:105} INFO - Job 713: Subtask generate_sensor_data
[2025-11-13T19:20:02.088+0000] {task_command.py:467} INFO - Running <TaskInstance: iot_sensor_data_dag.generate_sensor_data scheduled__2025-11-13T19:19:45+00:00 [running]> on host 4f76d54186b6
[2025-11-13T19:20:02.164+0000] {taskinstance.py:3134} INFO - Exporting env vars: AIRFLOW_CTX_DAG_OWNER='***' AIRFLOW_CTX_DAG_ID='iot_sensor_data_dag' AIRFLOW_CTX_TASK_ID='generate_sensor_data' AIRFLOW_CTX_EXECUTION_DATE='2025-11-13T19:19:45+00:00' AIRFLOW_CTX_TRY_NUMBER='1' AIRFLOW_CTX_DAG_RUN_ID='scheduled__2025-11-13T19:19:45+00:00'
[2025-11-13T19:20:02.166+0000] {logging_mixin.py:190} INFO - Task instance is in running state
[2025-11-13T19:20:02.167+0000] {logging_mixin.py:190} INFO -  Previous state of the Task instance: queued
[2025-11-13T19:20:02.168+0000] {logging_mixin.py:190} INFO - Current task name:generate_sensor_data state:running start_date:2025-11-13 19:20:01.842444+00:00
[2025-11-13T19:20:02.169+0000] {logging_mixin.py:190} INFO - Dag name:iot_sensor_data_dag and current dag run status:running
[2025-11-13T19:20:02.170+0000] {taskinstance.py:732} INFO - ::endgroup::
[2025-11-13T19:20:02.223+0000] {logging_mixin.py:190} INFO - [2025-11-13 19:20:02.185522] Inserted sensor data: {'time': datetime.datetime(2025, 11, 13, 19, 20, 2, 185522), 'temperature': 27.40058408930448, 'Dissolved_oxygen': 5.999028195637546, 'PH': 7.510639776212386, 'Ammonia': 0.010132767720828911, 'Nitrite': 0.05046459264957987, 'Turbidty': 40.2271661279127, '_id': ObjectId('69162f62dd010080d99ab64d')}
[2025-11-13T19:20:02.227+0000] {python.py:218} INFO - Done. Returned value was: None
[2025-11-13T19:20:02.240+0000] {taskinstance.py:341} INFO - ::group::Post task execution logs
[2025-11-13T19:20:02.241+0000] {taskinstance.py:353} INFO - Marking task as SUCCESS. dag_id=iot_sensor_data_dag, task_id=generate_sensor_data, run_id=scheduled__2025-11-13T19:19:45+00:00, execution_date=20251113T191945, start_date=20251113T192001, end_date=20251113T192002
[2025-11-13T19:20:02.262+0000] {logging_mixin.py:190} INFO - Task instance in success state
[2025-11-13T19:20:02.264+0000] {logging_mixin.py:190} INFO -  Previous state of the Task instance: running
[2025-11-13T19:20:02.265+0000] {logging_mixin.py:190} INFO - Dag name:iot_sensor_data_dag queued_at:2025-11-13 19:20:00.236870+00:00
[2025-11-13T19:20:02.266+0000] {logging_mixin.py:190} INFO - Task hostname:4f76d54186b6 operator:PythonOperator
[2025-11-13T19:20:02.294+0000] {local_task_job_runner.py:266} INFO - Task exited with return code 0
[2025-11-13T19:20:02.326+0000] {taskinstance.py:3901} INFO - 0 downstream tasks scheduled from follow-on schedule check
[2025-11-13T19:20:02.333+0000] {local_task_job_runner.py:245} INFO - ::endgroup::
