[2025-11-13T17:59:46.149+0000] {local_task_job_runner.py:123} INFO - ::group::Pre task execution logs
[2025-11-13T17:59:46.162+0000] {taskinstance.py:2614} INFO - Dependencies all met for dep_context=non-requeueable deps ti=<TaskInstance: iot_sensor_data_dag.generate_sensor_data scheduled__2025-11-13T17:59:30+00:00 [queued]>
[2025-11-13T17:59:46.168+0000] {taskinstance.py:2614} INFO - Dependencies all met for dep_context=requeueable deps ti=<TaskInstance: iot_sensor_data_dag.generate_sensor_data scheduled__2025-11-13T17:59:30+00:00 [queued]>
[2025-11-13T17:59:46.169+0000] {taskinstance.py:2867} INFO - Starting attempt 1 of 1
[2025-11-13T17:59:45.153+0000] {taskinstance.py:2890} INFO - Executing <Task(PythonOperator): generate_sensor_data> on 2025-11-13 17:59:30+00:00
[2025-11-13T17:59:45.160+0000] {warnings.py:112} WARNING - /home/***/.local/lib/python3.12/site-packages/***/task/task_runner/standard_task_runner.py:70: DeprecationWarning: This process (pid=1864) is multi-threaded, use of fork() may lead to deadlocks in the child.
  pid = os.fork()

[2025-11-13T17:59:45.162+0000] {standard_task_runner.py:72} INFO - Started process 1866 to run task
[2025-11-13T17:59:45.162+0000] {standard_task_runner.py:104} INFO - Running: ['***', 'tasks', 'run', 'iot_sensor_data_dag', 'generate_sensor_data', 'scheduled__2025-11-13T17:59:30+00:00', '--job-id', '392', '--raw', '--subdir', 'DAGS_FOLDER/DEPI.py', '--cfg-path', '/tmp/tmp8l1v4vbq']
[2025-11-13T17:59:45.163+0000] {standard_task_runner.py:105} INFO - Job 392: Subtask generate_sensor_data
[2025-11-13T17:59:45.204+0000] {task_command.py:467} INFO - Running <TaskInstance: iot_sensor_data_dag.generate_sensor_data scheduled__2025-11-13T17:59:30+00:00 [running]> on host 4f76d54186b6
[2025-11-13T17:59:45.266+0000] {taskinstance.py:3134} INFO - Exporting env vars: AIRFLOW_CTX_DAG_OWNER='***' AIRFLOW_CTX_DAG_ID='iot_sensor_data_dag' AIRFLOW_CTX_TASK_ID='generate_sensor_data' AIRFLOW_CTX_EXECUTION_DATE='2025-11-13T17:59:30+00:00' AIRFLOW_CTX_TRY_NUMBER='1' AIRFLOW_CTX_DAG_RUN_ID='scheduled__2025-11-13T17:59:30+00:00'
[2025-11-13T17:59:45.267+0000] {logging_mixin.py:190} INFO - Task instance is in running state
[2025-11-13T17:59:45.268+0000] {logging_mixin.py:190} INFO -  Previous state of the Task instance: queued
[2025-11-13T17:59:45.269+0000] {logging_mixin.py:190} INFO - Current task name:generate_sensor_data state:running start_date:2025-11-13 17:59:46.163117+00:00
[2025-11-13T17:59:45.269+0000] {logging_mixin.py:190} INFO - Dag name:iot_sensor_data_dag and current dag run status:running
[2025-11-13T17:59:45.270+0000] {taskinstance.py:732} INFO - ::endgroup::
[2025-11-13T17:59:45.297+0000] {logging_mixin.py:190} INFO - [2025-11-13 17:59:45.283883] Inserted sensor data: {'time': datetime.datetime(2025, 11, 13, 17, 59, 45, 283883), 'temperature': 27.51084219741597, 'Dissolved_oxygen': 6.099081312577621, 'PH': 7.4739204092499225, 'Ammonia': 0.01004300259945909, 'Nitrite': 0.053294326697352915, 'Turbidty': 40.29949790192722, '_id': ObjectId('69161c9174eabf14d6fd50b5')}
[2025-11-13T17:59:45.299+0000] {python.py:218} INFO - Done. Returned value was: None
[2025-11-13T17:59:45.309+0000] {taskinstance.py:341} INFO - ::group::Post task execution logs
[2025-11-13T17:59:45.310+0000] {taskinstance.py:353} INFO - Marking task as SUCCESS. dag_id=iot_sensor_data_dag, task_id=generate_sensor_data, run_id=scheduled__2025-11-13T17:59:30+00:00, execution_date=20251113T175930, start_date=20251113T175946, end_date=20251113T175945
[2025-11-13T17:59:45.329+0000] {logging_mixin.py:190} INFO - Task instance in success state
[2025-11-13T17:59:45.329+0000] {logging_mixin.py:190} INFO -  Previous state of the Task instance: running
[2025-11-13T17:59:45.330+0000] {logging_mixin.py:190} INFO - Dag name:iot_sensor_data_dag queued_at:2025-11-13 17:59:45.525364+00:00
[2025-11-13T17:59:45.330+0000] {logging_mixin.py:190} INFO - Task hostname:4f76d54186b6 operator:PythonOperator
[2025-11-13T17:59:45.342+0000] {local_task_job_runner.py:266} INFO - Task exited with return code 0
[2025-11-13T17:59:45.361+0000] {taskinstance.py:3901} INFO - 0 downstream tasks scheduled from follow-on schedule check
[2025-11-13T17:59:45.365+0000] {local_task_job_runner.py:245} INFO - ::endgroup::
