[2025-11-13T17:23:47.054+0000] {local_task_job_runner.py:123} INFO - ::group::Pre task execution logs
[2025-11-13T17:23:47.068+0000] {taskinstance.py:2614} INFO - Dependencies all met for dep_context=non-requeueable deps ti=<TaskInstance: iot_sensor_data_dag.generate_sensor_data scheduled__2025-11-13T17:23:30+00:00 [queued]>
[2025-11-13T17:23:47.075+0000] {taskinstance.py:2614} INFO - Dependencies all met for dep_context=requeueable deps ti=<TaskInstance: iot_sensor_data_dag.generate_sensor_data scheduled__2025-11-13T17:23:30+00:00 [queued]>
[2025-11-13T17:23:47.076+0000] {taskinstance.py:2867} INFO - Starting attempt 1 of 1
[2025-11-13T17:23:47.200+0000] {taskinstance.py:2890} INFO - Executing <Task(PythonOperator): generate_sensor_data> on 2025-11-13 17:23:30+00:00
[2025-11-13T17:23:47.206+0000] {warnings.py:112} WARNING - /home/***/.local/lib/python3.12/site-packages/***/task/task_runner/standard_task_runner.py:70: DeprecationWarning: This process (pid=373) is multi-threaded, use of fork() may lead to deadlocks in the child.
  pid = os.fork()

[2025-11-13T17:23:47.208+0000] {standard_task_runner.py:72} INFO - Started process 375 to run task
[2025-11-13T17:23:47.208+0000] {standard_task_runner.py:104} INFO - Running: ['***', 'tasks', 'run', 'iot_sensor_data_dag', 'generate_sensor_data', 'scheduled__2025-11-13T17:23:30+00:00', '--job-id', '248', '--raw', '--subdir', 'DAGS_FOLDER/DEPI.py', '--cfg-path', '/tmp/tmp8aeum3e5']
[2025-11-13T17:23:47.210+0000] {standard_task_runner.py:105} INFO - Job 248: Subtask generate_sensor_data
[2025-11-13T17:23:47.253+0000] {task_command.py:467} INFO - Running <TaskInstance: iot_sensor_data_dag.generate_sensor_data scheduled__2025-11-13T17:23:30+00:00 [running]> on host 4f76d54186b6
[2025-11-13T17:23:47.318+0000] {taskinstance.py:3134} INFO - Exporting env vars: AIRFLOW_CTX_DAG_OWNER='***' AIRFLOW_CTX_DAG_ID='iot_sensor_data_dag' AIRFLOW_CTX_TASK_ID='generate_sensor_data' AIRFLOW_CTX_EXECUTION_DATE='2025-11-13T17:23:30+00:00' AIRFLOW_CTX_TRY_NUMBER='1' AIRFLOW_CTX_DAG_RUN_ID='scheduled__2025-11-13T17:23:30+00:00'
[2025-11-13T17:23:47.319+0000] {logging_mixin.py:190} INFO - Task instance is in running state
[2025-11-13T17:23:47.320+0000] {logging_mixin.py:190} INFO -  Previous state of the Task instance: queued
[2025-11-13T17:23:47.321+0000] {logging_mixin.py:190} INFO - Current task name:generate_sensor_data state:running start_date:2025-11-13 17:23:47.069915+00:00
[2025-11-13T17:23:47.321+0000] {logging_mixin.py:190} INFO - Dag name:iot_sensor_data_dag and current dag run status:running
[2025-11-13T17:23:47.322+0000] {taskinstance.py:732} INFO - ::endgroup::
[2025-11-13T17:23:47.352+0000] {logging_mixin.py:190} INFO - [2025-11-13 17:23:47.336887] Inserted sensor data: {'time': datetime.datetime(2025, 11, 13, 17, 23, 47, 336887), 'temperature': 27.522502498804496, 'Dissolved_oxygen': 5.983697552942096, 'PH': 7.434104920813937, 'Ammonia': 0.009346650499670414, 'Nitrite': 0.050546393488282874, 'Turbidty': 39.98952730408842, '_id': ObjectId('69161423c44557d47ee5c40d')}
[2025-11-13T17:23:47.354+0000] {python.py:218} INFO - Done. Returned value was: None
[2025-11-13T17:23:47.363+0000] {taskinstance.py:341} INFO - ::group::Post task execution logs
[2025-11-13T17:23:47.363+0000] {taskinstance.py:353} INFO - Marking task as SUCCESS. dag_id=iot_sensor_data_dag, task_id=generate_sensor_data, run_id=scheduled__2025-11-13T17:23:30+00:00, execution_date=20251113T172330, start_date=20251113T172347, end_date=20251113T172347
[2025-11-13T17:23:47.381+0000] {logging_mixin.py:190} INFO - Task instance in success state
[2025-11-13T17:23:47.382+0000] {logging_mixin.py:190} INFO -  Previous state of the Task instance: running
[2025-11-13T17:23:47.382+0000] {logging_mixin.py:190} INFO - Dag name:iot_sensor_data_dag queued_at:2025-11-13 17:23:45.650707+00:00
[2025-11-13T17:23:47.383+0000] {logging_mixin.py:190} INFO - Task hostname:4f76d54186b6 operator:PythonOperator
[2025-11-13T17:23:47.424+0000] {local_task_job_runner.py:266} INFO - Task exited with return code 0
[2025-11-13T17:23:47.446+0000] {taskinstance.py:3901} INFO - 0 downstream tasks scheduled from follow-on schedule check
[2025-11-13T17:23:47.450+0000] {local_task_job_runner.py:245} INFO - ::endgroup::
