[2025-11-13T18:59:16.768+0000] {local_task_job_runner.py:123} INFO - ::group::Pre task execution logs
[2025-11-13T18:59:16.781+0000] {taskinstance.py:2614} INFO - Dependencies all met for dep_context=non-requeueable deps ti=<TaskInstance: iot_sensor_data_dag.generate_sensor_data scheduled__2025-11-13T18:59:00+00:00 [queued]>
[2025-11-13T18:59:16.787+0000] {taskinstance.py:2614} INFO - Dependencies all met for dep_context=requeueable deps ti=<TaskInstance: iot_sensor_data_dag.generate_sensor_data scheduled__2025-11-13T18:59:00+00:00 [queued]>
[2025-11-13T18:59:16.788+0000] {taskinstance.py:2867} INFO - Starting attempt 1 of 1
[2025-11-13T18:59:16.906+0000] {taskinstance.py:2890} INFO - Executing <Task(PythonOperator): generate_sensor_data> on 2025-11-13 18:59:00+00:00
[2025-11-13T18:59:16.919+0000] {warnings.py:112} WARNING - /home/***/.local/lib/python3.12/site-packages/***/task/task_runner/standard_task_runner.py:70: DeprecationWarning: This process (pid=4359) is multi-threaded, use of fork() may lead to deadlocks in the child.
  pid = os.fork()

[2025-11-13T18:59:16.925+0000] {standard_task_runner.py:104} INFO - Running: ['***', 'tasks', 'run', 'iot_sensor_data_dag', 'generate_sensor_data', 'scheduled__2025-11-13T18:59:00+00:00', '--job-id', '630', '--raw', '--subdir', 'DAGS_FOLDER/DEPI.py', '--cfg-path', '/tmp/tmpkl4tdy2b']
[2025-11-13T18:59:16.930+0000] {standard_task_runner.py:72} INFO - Started process 4361 to run task
[2025-11-13T18:59:16.932+0000] {standard_task_runner.py:105} INFO - Job 630: Subtask generate_sensor_data
[2025-11-13T18:59:16.998+0000] {task_command.py:467} INFO - Running <TaskInstance: iot_sensor_data_dag.generate_sensor_data scheduled__2025-11-13T18:59:00+00:00 [running]> on host 4f76d54186b6
[2025-11-13T18:59:17.226+0000] {taskinstance.py:3134} INFO - Exporting env vars: AIRFLOW_CTX_DAG_OWNER='***' AIRFLOW_CTX_DAG_ID='iot_sensor_data_dag' AIRFLOW_CTX_TASK_ID='generate_sensor_data' AIRFLOW_CTX_EXECUTION_DATE='2025-11-13T18:59:00+00:00' AIRFLOW_CTX_TRY_NUMBER='1' AIRFLOW_CTX_DAG_RUN_ID='scheduled__2025-11-13T18:59:00+00:00'
[2025-11-13T18:59:17.228+0000] {logging_mixin.py:190} INFO - Task instance is in running state
[2025-11-13T18:59:17.228+0000] {logging_mixin.py:190} INFO -  Previous state of the Task instance: queued
[2025-11-13T18:59:17.229+0000] {logging_mixin.py:190} INFO - Current task name:generate_sensor_data state:running start_date:2025-11-13 18:59:16.782444+00:00
[2025-11-13T18:59:17.230+0000] {logging_mixin.py:190} INFO - Dag name:iot_sensor_data_dag and current dag run status:running
[2025-11-13T18:59:17.231+0000] {taskinstance.py:732} INFO - ::endgroup::
[2025-11-13T18:59:17.271+0000] {logging_mixin.py:190} INFO - [2025-11-13 18:59:17.247188] Inserted sensor data: {'time': datetime.datetime(2025, 11, 13, 18, 59, 17, 247188), 'temperature': 27.30266547635181, 'Dissolved_oxygen': 6.035542429426766, 'PH': 7.431559282899963, 'Ammonia': 0.010265765240130429, 'Nitrite': 0.04889429775516583, 'Turbidty': 40.958975235239315, '_id': ObjectId('69162a855426f3f20c8c5201')}
[2025-11-13T18:59:17.275+0000] {python.py:218} INFO - Done. Returned value was: None
[2025-11-13T18:59:17.287+0000] {taskinstance.py:341} INFO - ::group::Post task execution logs
[2025-11-13T18:59:17.288+0000] {taskinstance.py:353} INFO - Marking task as SUCCESS. dag_id=iot_sensor_data_dag, task_id=generate_sensor_data, run_id=scheduled__2025-11-13T18:59:00+00:00, execution_date=20251113T185900, start_date=20251113T185916, end_date=20251113T185917
[2025-11-13T18:59:17.306+0000] {logging_mixin.py:190} INFO - Task instance in success state
[2025-11-13T18:59:17.307+0000] {logging_mixin.py:190} INFO -  Previous state of the Task instance: running
[2025-11-13T18:59:17.308+0000] {logging_mixin.py:190} INFO - Dag name:iot_sensor_data_dag queued_at:2025-11-13 18:59:15.377306+00:00
[2025-11-13T18:59:17.310+0000] {logging_mixin.py:190} INFO - Task hostname:4f76d54186b6 operator:PythonOperator
[2025-11-13T18:59:17.365+0000] {local_task_job_runner.py:266} INFO - Task exited with return code 0
[2025-11-13T18:59:17.388+0000] {taskinstance.py:3901} INFO - 0 downstream tasks scheduled from follow-on schedule check
[2025-11-13T18:59:17.394+0000] {local_task_job_runner.py:245} INFO - ::endgroup::
