[2025-11-13T18:46:45.874+0000] {local_task_job_runner.py:123} INFO - ::group::Pre task execution logs
[2025-11-13T18:46:45.885+0000] {taskinstance.py:2614} INFO - Dependencies all met for dep_context=non-requeueable deps ti=<TaskInstance: iot_sensor_data_dag.generate_sensor_data scheduled__2025-11-13T18:46:30+00:00 [queued]>
[2025-11-13T18:46:45.890+0000] {taskinstance.py:2614} INFO - Dependencies all met for dep_context=requeueable deps ti=<TaskInstance: iot_sensor_data_dag.generate_sensor_data scheduled__2025-11-13T18:46:30+00:00 [queued]>
[2025-11-13T18:46:45.891+0000] {taskinstance.py:2867} INFO - Starting attempt 1 of 1
[2025-11-13T18:46:44.847+0000] {taskinstance.py:2890} INFO - Executing <Task(PythonOperator): generate_sensor_data> on 2025-11-13 18:46:30+00:00
[2025-11-13T18:46:44.853+0000] {warnings.py:112} WARNING - /home/***/.local/lib/python3.12/site-packages/***/task/task_runner/standard_task_runner.py:70: DeprecationWarning: This process (pid=3834) is multi-threaded, use of fork() may lead to deadlocks in the child.
  pid = os.fork()

[2025-11-13T18:46:44.857+0000] {standard_task_runner.py:104} INFO - Running: ['***', 'tasks', 'run', 'iot_sensor_data_dag', 'generate_sensor_data', 'scheduled__2025-11-13T18:46:30+00:00', '--job-id', '580', '--raw', '--subdir', 'DAGS_FOLDER/DEPI.py', '--cfg-path', '/tmp/tmpj5435ygr']
[2025-11-13T18:46:44.860+0000] {standard_task_runner.py:72} INFO - Started process 3836 to run task
[2025-11-13T18:46:44.862+0000] {standard_task_runner.py:105} INFO - Job 580: Subtask generate_sensor_data
[2025-11-13T18:46:44.905+0000] {task_command.py:467} INFO - Running <TaskInstance: iot_sensor_data_dag.generate_sensor_data scheduled__2025-11-13T18:46:30+00:00 [running]> on host 4f76d54186b6
[2025-11-13T18:46:44.966+0000] {taskinstance.py:3134} INFO - Exporting env vars: AIRFLOW_CTX_DAG_OWNER='***' AIRFLOW_CTX_DAG_ID='iot_sensor_data_dag' AIRFLOW_CTX_TASK_ID='generate_sensor_data' AIRFLOW_CTX_EXECUTION_DATE='2025-11-13T18:46:30+00:00' AIRFLOW_CTX_TRY_NUMBER='1' AIRFLOW_CTX_DAG_RUN_ID='scheduled__2025-11-13T18:46:30+00:00'
[2025-11-13T18:46:44.969+0000] {logging_mixin.py:190} INFO - Task instance is in running state
[2025-11-13T18:46:44.971+0000] {logging_mixin.py:190} INFO -  Previous state of the Task instance: queued
[2025-11-13T18:46:44.972+0000] {logging_mixin.py:190} INFO - Current task name:generate_sensor_data state:running start_date:2025-11-13 18:46:45.885785+00:00
[2025-11-13T18:46:44.973+0000] {logging_mixin.py:190} INFO - Dag name:iot_sensor_data_dag and current dag run status:running
[2025-11-13T18:46:44.974+0000] {taskinstance.py:732} INFO - ::endgroup::
[2025-11-13T18:46:45.015+0000] {logging_mixin.py:190} INFO - [2025-11-13 18:46:45.003891] Inserted sensor data: {'time': datetime.datetime(2025, 11, 13, 18, 46, 45, 3891), 'temperature': 27.425646037735657, 'Dissolved_oxygen': 5.966551747617436, 'PH': 7.4257565593321315, 'Ammonia': 0.010313301905654057, 'Nitrite': 0.05104195821157953, 'Turbidty': 40.59920870303823, '_id': ObjectId('69162795ae0708b4657a42b0')}
[2025-11-13T18:46:45.017+0000] {python.py:218} INFO - Done. Returned value was: None
[2025-11-13T18:46:45.027+0000] {taskinstance.py:341} INFO - ::group::Post task execution logs
[2025-11-13T18:46:45.027+0000] {taskinstance.py:353} INFO - Marking task as SUCCESS. dag_id=iot_sensor_data_dag, task_id=generate_sensor_data, run_id=scheduled__2025-11-13T18:46:30+00:00, execution_date=20251113T184630, start_date=20251113T184645, end_date=20251113T184645
[2025-11-13T18:46:45.045+0000] {logging_mixin.py:190} INFO - Task instance in success state
[2025-11-13T18:46:45.046+0000] {logging_mixin.py:190} INFO -  Previous state of the Task instance: running
[2025-11-13T18:46:45.046+0000] {logging_mixin.py:190} INFO - Dag name:iot_sensor_data_dag queued_at:2025-11-13 18:46:45.246181+00:00
[2025-11-13T18:46:45.047+0000] {logging_mixin.py:190} INFO - Task hostname:4f76d54186b6 operator:PythonOperator
[2025-11-13T18:46:45.083+0000] {local_task_job_runner.py:266} INFO - Task exited with return code 0
[2025-11-13T18:46:45.108+0000] {taskinstance.py:3901} INFO - 0 downstream tasks scheduled from follow-on schedule check
[2025-11-13T18:46:45.111+0000] {local_task_job_runner.py:245} INFO - ::endgroup::
