[2025-11-13T17:42:02.450+0000] {local_task_job_runner.py:123} INFO - ::group::Pre task execution logs
[2025-11-13T17:42:02.473+0000] {taskinstance.py:2614} INFO - Dependencies all met for dep_context=non-requeueable deps ti=<TaskInstance: iot_sensor_data_dag.generate_sensor_data scheduled__2025-11-13T17:41:45+00:00 [queued]>
[2025-11-13T17:42:02.483+0000] {taskinstance.py:2614} INFO - Dependencies all met for dep_context=requeueable deps ti=<TaskInstance: iot_sensor_data_dag.generate_sensor_data scheduled__2025-11-13T17:41:45+00:00 [queued]>
[2025-11-13T17:42:02.485+0000] {taskinstance.py:2867} INFO - Starting attempt 1 of 1
[2025-11-13T17:42:02.694+0000] {taskinstance.py:2890} INFO - Executing <Task(PythonOperator): generate_sensor_data> on 2025-11-13 17:41:45+00:00
[2025-11-13T17:42:02.704+0000] {warnings.py:112} WARNING - /home/***/.local/lib/python3.12/site-packages/***/task/task_runner/standard_task_runner.py:70: DeprecationWarning: This process (pid=1129) is multi-threaded, use of fork() may lead to deadlocks in the child.
  pid = os.fork()

[2025-11-13T17:42:02.709+0000] {standard_task_runner.py:72} INFO - Started process 1131 to run task
[2025-11-13T17:42:02.709+0000] {standard_task_runner.py:104} INFO - Running: ['***', 'tasks', 'run', 'iot_sensor_data_dag', 'generate_sensor_data', 'scheduled__2025-11-13T17:41:45+00:00', '--job-id', '321', '--raw', '--subdir', 'DAGS_FOLDER/DEPI.py', '--cfg-path', '/tmp/tmpa1tlfj1f']
[2025-11-13T17:42:02.711+0000] {standard_task_runner.py:105} INFO - Job 321: Subtask generate_sensor_data
[2025-11-13T17:42:02.790+0000] {task_command.py:467} INFO - Running <TaskInstance: iot_sensor_data_dag.generate_sensor_data scheduled__2025-11-13T17:41:45+00:00 [running]> on host 4f76d54186b6
[2025-11-13T17:42:02.889+0000] {taskinstance.py:3134} INFO - Exporting env vars: AIRFLOW_CTX_DAG_OWNER='***' AIRFLOW_CTX_DAG_ID='iot_sensor_data_dag' AIRFLOW_CTX_TASK_ID='generate_sensor_data' AIRFLOW_CTX_EXECUTION_DATE='2025-11-13T17:41:45+00:00' AIRFLOW_CTX_TRY_NUMBER='1' AIRFLOW_CTX_DAG_RUN_ID='scheduled__2025-11-13T17:41:45+00:00'
[2025-11-13T17:42:02.891+0000] {logging_mixin.py:190} INFO - Task instance is in running state
[2025-11-13T17:42:02.892+0000] {logging_mixin.py:190} INFO -  Previous state of the Task instance: queued
[2025-11-13T17:42:02.893+0000] {logging_mixin.py:190} INFO - Current task name:generate_sensor_data state:running start_date:2025-11-13 17:42:02.474703+00:00
[2025-11-13T17:42:02.894+0000] {logging_mixin.py:190} INFO - Dag name:iot_sensor_data_dag and current dag run status:running
[2025-11-13T17:42:02.895+0000] {taskinstance.py:732} INFO - ::endgroup::
[2025-11-13T17:42:02.947+0000] {logging_mixin.py:190} INFO - [2025-11-13 17:42:02.918808] Inserted sensor data: {'time': datetime.datetime(2025, 11, 13, 17, 42, 2, 918808), 'temperature': 27.562712016633693, 'Dissolved_oxygen': 5.966400066635628, 'PH': 7.538973407119899, 'Ammonia': 0.010261810140373808, 'Nitrite': 0.04813560476617446, 'Turbidty': 39.4459894390758, '_id': ObjectId('6916186ac3472cb0373e14e5')}
[2025-11-13T17:42:02.951+0000] {python.py:218} INFO - Done. Returned value was: None
[2025-11-13T17:42:02.964+0000] {taskinstance.py:341} INFO - ::group::Post task execution logs
[2025-11-13T17:42:02.965+0000] {taskinstance.py:353} INFO - Marking task as SUCCESS. dag_id=iot_sensor_data_dag, task_id=generate_sensor_data, run_id=scheduled__2025-11-13T17:41:45+00:00, execution_date=20251113T174145, start_date=20251113T174202, end_date=20251113T174202
[2025-11-13T17:42:02.994+0000] {logging_mixin.py:190} INFO - Task instance in success state
[2025-11-13T17:42:02.995+0000] {logging_mixin.py:190} INFO -  Previous state of the Task instance: running
[2025-11-13T17:42:02.996+0000] {logging_mixin.py:190} INFO - Dag name:iot_sensor_data_dag queued_at:2025-11-13 17:42:00.283272+00:00
[2025-11-13T17:42:02.997+0000] {logging_mixin.py:190} INFO - Task hostname:4f76d54186b6 operator:PythonOperator
[2025-11-13T17:42:03.010+0000] {local_task_job_runner.py:266} INFO - Task exited with return code 0
[2025-11-13T17:42:03.042+0000] {taskinstance.py:3901} INFO - 0 downstream tasks scheduled from follow-on schedule check
[2025-11-13T17:42:03.047+0000] {local_task_job_runner.py:245} INFO - ::endgroup::
