[2025-11-13T19:19:46.551+0000] {local_task_job_runner.py:123} INFO - ::group::Pre task execution logs
[2025-11-13T19:19:46.567+0000] {taskinstance.py:2614} INFO - Dependencies all met for dep_context=non-requeueable deps ti=<TaskInstance: iot_sensor_data_dag.generate_sensor_data scheduled__2025-11-13T19:19:30+00:00 [queued]>
[2025-11-13T19:19:46.574+0000] {taskinstance.py:2614} INFO - Dependencies all met for dep_context=requeueable deps ti=<TaskInstance: iot_sensor_data_dag.generate_sensor_data scheduled__2025-11-13T19:19:30+00:00 [queued]>
[2025-11-13T19:19:46.576+0000] {taskinstance.py:2867} INFO - Starting attempt 1 of 1
[2025-11-13T19:19:46.753+0000] {taskinstance.py:2890} INFO - Executing <Task(PythonOperator): generate_sensor_data> on 2025-11-13 19:19:30+00:00
[2025-11-13T19:19:46.763+0000] {warnings.py:112} WARNING - /home/***/.local/lib/python3.12/site-packages/***/task/task_runner/standard_task_runner.py:70: DeprecationWarning: This process (pid=5219) is multi-threaded, use of fork() may lead to deadlocks in the child.
  pid = os.fork()

[2025-11-13T19:19:46.766+0000] {standard_task_runner.py:104} INFO - Running: ['***', 'tasks', 'run', 'iot_sensor_data_dag', 'generate_sensor_data', 'scheduled__2025-11-13T19:19:30+00:00', '--job-id', '712', '--raw', '--subdir', 'DAGS_FOLDER/DEPI.py', '--cfg-path', '/tmp/tmpeauwe1b0']
[2025-11-13T19:19:46.767+0000] {standard_task_runner.py:72} INFO - Started process 5221 to run task
[2025-11-13T19:19:46.767+0000] {standard_task_runner.py:105} INFO - Job 712: Subtask generate_sensor_data
[2025-11-13T19:19:46.823+0000] {task_command.py:467} INFO - Running <TaskInstance: iot_sensor_data_dag.generate_sensor_data scheduled__2025-11-13T19:19:30+00:00 [running]> on host 4f76d54186b6
[2025-11-13T19:19:46.906+0000] {taskinstance.py:3134} INFO - Exporting env vars: AIRFLOW_CTX_DAG_OWNER='***' AIRFLOW_CTX_DAG_ID='iot_sensor_data_dag' AIRFLOW_CTX_TASK_ID='generate_sensor_data' AIRFLOW_CTX_EXECUTION_DATE='2025-11-13T19:19:30+00:00' AIRFLOW_CTX_TRY_NUMBER='1' AIRFLOW_CTX_DAG_RUN_ID='scheduled__2025-11-13T19:19:30+00:00'
[2025-11-13T19:19:46.908+0000] {logging_mixin.py:190} INFO - Task instance is in running state
[2025-11-13T19:19:46.909+0000] {logging_mixin.py:190} INFO -  Previous state of the Task instance: queued
[2025-11-13T19:19:46.910+0000] {logging_mixin.py:190} INFO - Current task name:generate_sensor_data state:running start_date:2025-11-13 19:19:46.568460+00:00
[2025-11-13T19:19:46.911+0000] {logging_mixin.py:190} INFO - Dag name:iot_sensor_data_dag and current dag run status:running
[2025-11-13T19:19:46.912+0000] {taskinstance.py:732} INFO - ::endgroup::
[2025-11-13T19:19:46.947+0000] {logging_mixin.py:190} INFO - [2025-11-13 19:19:46.929421] Inserted sensor data: {'time': datetime.datetime(2025, 11, 13, 19, 19, 46, 929421), 'temperature': 27.601941211309637, 'Dissolved_oxygen': 6.078559731784654, 'PH': 7.511587550404293, 'Ammonia': 0.009256576066740492, 'Nitrite': 0.04688213121972269, 'Turbidty': 39.51744061215166, '_id': ObjectId('69162f52a0005b8629e000e2')}
[2025-11-13T19:19:46.949+0000] {python.py:218} INFO - Done. Returned value was: None
[2025-11-13T19:19:46.962+0000] {taskinstance.py:341} INFO - ::group::Post task execution logs
[2025-11-13T19:19:46.963+0000] {taskinstance.py:353} INFO - Marking task as SUCCESS. dag_id=iot_sensor_data_dag, task_id=generate_sensor_data, run_id=scheduled__2025-11-13T19:19:30+00:00, execution_date=20251113T191930, start_date=20251113T191946, end_date=20251113T191946
[2025-11-13T19:19:46.985+0000] {logging_mixin.py:190} INFO - Task instance in success state
[2025-11-13T19:19:46.986+0000] {logging_mixin.py:190} INFO -  Previous state of the Task instance: running
[2025-11-13T19:19:46.987+0000] {logging_mixin.py:190} INFO - Dag name:iot_sensor_data_dag queued_at:2025-11-13 19:19:45.009865+00:00
[2025-11-13T19:19:46.988+0000] {logging_mixin.py:190} INFO - Task hostname:4f76d54186b6 operator:PythonOperator
[2025-11-13T19:19:47.029+0000] {local_task_job_runner.py:266} INFO - Task exited with return code 0
[2025-11-13T19:19:47.055+0000] {taskinstance.py:3901} INFO - 0 downstream tasks scheduled from follow-on schedule check
[2025-11-13T19:19:47.060+0000] {local_task_job_runner.py:245} INFO - ::endgroup::
