[2025-11-13T18:49:17.250+0000] {local_task_job_runner.py:123} INFO - ::group::Pre task execution logs
[2025-11-13T18:49:17.263+0000] {taskinstance.py:2614} INFO - Dependencies all met for dep_context=non-requeueable deps ti=<TaskInstance: iot_sensor_data_dag.generate_sensor_data scheduled__2025-11-13T18:49:00+00:00 [queued]>
[2025-11-13T18:49:17.272+0000] {taskinstance.py:2614} INFO - Dependencies all met for dep_context=requeueable deps ti=<TaskInstance: iot_sensor_data_dag.generate_sensor_data scheduled__2025-11-13T18:49:00+00:00 [queued]>
[2025-11-13T18:49:17.274+0000] {taskinstance.py:2867} INFO - Starting attempt 1 of 1
[2025-11-13T18:49:17.386+0000] {taskinstance.py:2890} INFO - Executing <Task(PythonOperator): generate_sensor_data> on 2025-11-13 18:49:00+00:00
[2025-11-13T18:49:17.392+0000] {warnings.py:112} WARNING - /home/***/.local/lib/python3.12/site-packages/***/task/task_runner/standard_task_runner.py:70: DeprecationWarning: This process (pid=3939) is multi-threaded, use of fork() may lead to deadlocks in the child.
  pid = os.fork()

[2025-11-13T18:49:17.395+0000] {standard_task_runner.py:72} INFO - Started process 3941 to run task
[2025-11-13T18:49:17.395+0000] {standard_task_runner.py:104} INFO - Running: ['***', 'tasks', 'run', 'iot_sensor_data_dag', 'generate_sensor_data', 'scheduled__2025-11-13T18:49:00+00:00', '--job-id', '590', '--raw', '--subdir', 'DAGS_FOLDER/DEPI.py', '--cfg-path', '/tmp/tmptxbd1ats']
[2025-11-13T18:49:17.396+0000] {standard_task_runner.py:105} INFO - Job 590: Subtask generate_sensor_data
[2025-11-13T18:49:17.438+0000] {task_command.py:467} INFO - Running <TaskInstance: iot_sensor_data_dag.generate_sensor_data scheduled__2025-11-13T18:49:00+00:00 [running]> on host 4f76d54186b6
[2025-11-13T18:49:17.503+0000] {taskinstance.py:3134} INFO - Exporting env vars: AIRFLOW_CTX_DAG_OWNER='***' AIRFLOW_CTX_DAG_ID='iot_sensor_data_dag' AIRFLOW_CTX_TASK_ID='generate_sensor_data' AIRFLOW_CTX_EXECUTION_DATE='2025-11-13T18:49:00+00:00' AIRFLOW_CTX_TRY_NUMBER='1' AIRFLOW_CTX_DAG_RUN_ID='scheduled__2025-11-13T18:49:00+00:00'
[2025-11-13T18:49:17.505+0000] {logging_mixin.py:190} INFO - Task instance is in running state
[2025-11-13T18:49:17.505+0000] {logging_mixin.py:190} INFO -  Previous state of the Task instance: queued
[2025-11-13T18:49:17.506+0000] {logging_mixin.py:190} INFO - Current task name:generate_sensor_data state:running start_date:2025-11-13 18:49:17.264302+00:00
[2025-11-13T18:49:17.507+0000] {logging_mixin.py:190} INFO - Dag name:iot_sensor_data_dag and current dag run status:running
[2025-11-13T18:49:17.508+0000] {taskinstance.py:732} INFO - ::endgroup::
[2025-11-13T18:49:17.536+0000] {logging_mixin.py:190} INFO - [2025-11-13 18:49:17.524486] Inserted sensor data: {'time': datetime.datetime(2025, 11, 13, 18, 49, 17, 524486), 'temperature': 27.66223508472541, 'Dissolved_oxygen': 6.022993370494551, 'PH': 7.5691652837904515, 'Ammonia': 0.00954818847695703, 'Nitrite': 0.04871530292555717, 'Turbidty': 40.38085261174145, '_id': ObjectId('6916282d106221bc0bf7b2b2')}
[2025-11-13T18:49:17.540+0000] {python.py:218} INFO - Done. Returned value was: None
[2025-11-13T18:49:17.559+0000] {taskinstance.py:341} INFO - ::group::Post task execution logs
[2025-11-13T18:49:17.566+0000] {taskinstance.py:353} INFO - Marking task as SUCCESS. dag_id=iot_sensor_data_dag, task_id=generate_sensor_data, run_id=scheduled__2025-11-13T18:49:00+00:00, execution_date=20251113T184900, start_date=20251113T184917, end_date=20251113T184917
[2025-11-13T18:49:17.585+0000] {logging_mixin.py:190} INFO - Task instance in success state
[2025-11-13T18:49:17.587+0000] {logging_mixin.py:190} INFO -  Previous state of the Task instance: running
[2025-11-13T18:49:17.588+0000] {logging_mixin.py:190} INFO - Dag name:iot_sensor_data_dag queued_at:2025-11-13 18:49:15.987339+00:00
[2025-11-13T18:49:17.588+0000] {logging_mixin.py:190} INFO - Task hostname:4f76d54186b6 operator:PythonOperator
[2025-11-13T18:49:17.615+0000] {local_task_job_runner.py:266} INFO - Task exited with return code 0
[2025-11-13T18:49:17.634+0000] {taskinstance.py:3901} INFO - 0 downstream tasks scheduled from follow-on schedule check
[2025-11-13T18:49:17.638+0000] {local_task_job_runner.py:245} INFO - ::endgroup::
