[2025-11-13T19:03:01.901+0000] {local_task_job_runner.py:123} INFO - ::group::Pre task execution logs
[2025-11-13T19:03:01.916+0000] {taskinstance.py:2614} INFO - Dependencies all met for dep_context=non-requeueable deps ti=<TaskInstance: iot_sensor_data_dag.generate_sensor_data scheduled__2025-11-13T19:02:45+00:00 [queued]>
[2025-11-13T19:03:01.923+0000] {taskinstance.py:2614} INFO - Dependencies all met for dep_context=requeueable deps ti=<TaskInstance: iot_sensor_data_dag.generate_sensor_data scheduled__2025-11-13T19:02:45+00:00 [queued]>
[2025-11-13T19:03:01.924+0000] {taskinstance.py:2867} INFO - Starting attempt 1 of 1
[2025-11-13T19:03:02.091+0000] {taskinstance.py:2890} INFO - Executing <Task(PythonOperator): generate_sensor_data> on 2025-11-13 19:02:45+00:00
[2025-11-13T19:03:02.098+0000] {warnings.py:112} WARNING - /home/***/.local/lib/python3.12/site-packages/***/task/task_runner/standard_task_runner.py:70: DeprecationWarning: This process (pid=4512) is multi-threaded, use of fork() may lead to deadlocks in the child.
  pid = os.fork()

[2025-11-13T19:03:02.100+0000] {standard_task_runner.py:72} INFO - Started process 4521 to run task
[2025-11-13T19:03:02.100+0000] {standard_task_runner.py:104} INFO - Running: ['***', 'tasks', 'run', 'iot_sensor_data_dag', 'generate_sensor_data', 'scheduled__2025-11-13T19:02:45+00:00', '--job-id', '645', '--raw', '--subdir', 'DAGS_FOLDER/DEPI.py', '--cfg-path', '/tmp/tmpuaq7czgx']
[2025-11-13T19:03:02.102+0000] {standard_task_runner.py:105} INFO - Job 645: Subtask generate_sensor_data
[2025-11-13T19:03:02.152+0000] {task_command.py:467} INFO - Running <TaskInstance: iot_sensor_data_dag.generate_sensor_data scheduled__2025-11-13T19:02:45+00:00 [running]> on host 4f76d54186b6
[2025-11-13T19:03:02.229+0000] {taskinstance.py:3134} INFO - Exporting env vars: AIRFLOW_CTX_DAG_OWNER='***' AIRFLOW_CTX_DAG_ID='iot_sensor_data_dag' AIRFLOW_CTX_TASK_ID='generate_sensor_data' AIRFLOW_CTX_EXECUTION_DATE='2025-11-13T19:02:45+00:00' AIRFLOW_CTX_TRY_NUMBER='1' AIRFLOW_CTX_DAG_RUN_ID='scheduled__2025-11-13T19:02:45+00:00'
[2025-11-13T19:03:02.231+0000] {logging_mixin.py:190} INFO - Task instance is in running state
[2025-11-13T19:03:02.231+0000] {logging_mixin.py:190} INFO -  Previous state of the Task instance: queued
[2025-11-13T19:03:02.232+0000] {logging_mixin.py:190} INFO - Current task name:generate_sensor_data state:running start_date:2025-11-13 19:03:01.917184+00:00
[2025-11-13T19:03:02.232+0000] {logging_mixin.py:190} INFO - Dag name:iot_sensor_data_dag and current dag run status:running
[2025-11-13T19:03:02.233+0000] {taskinstance.py:732} INFO - ::endgroup::
[2025-11-13T19:03:02.267+0000] {logging_mixin.py:190} INFO - [2025-11-13 19:03:02.249964] Inserted sensor data: {'time': datetime.datetime(2025, 11, 13, 19, 3, 2, 249964), 'temperature': 27.61456691552215, 'Dissolved_oxygen': 6.05548912026688, 'PH': 7.537403502383575, 'Ammonia': 0.010455233451560568, 'Nitrite': 0.05206737823803947, 'Turbidty': 40.12777706621277, '_id': ObjectId('69162b66a276e7d63d7da180')}
[2025-11-13T19:03:02.269+0000] {python.py:218} INFO - Done. Returned value was: None
[2025-11-13T19:03:02.281+0000] {taskinstance.py:341} INFO - ::group::Post task execution logs
[2025-11-13T19:03:02.282+0000] {taskinstance.py:353} INFO - Marking task as SUCCESS. dag_id=iot_sensor_data_dag, task_id=generate_sensor_data, run_id=scheduled__2025-11-13T19:02:45+00:00, execution_date=20251113T190245, start_date=20251113T190301, end_date=20251113T190302
[2025-11-13T19:03:02.306+0000] {logging_mixin.py:190} INFO - Task instance in success state
[2025-11-13T19:03:02.307+0000] {logging_mixin.py:190} INFO -  Previous state of the Task instance: running
[2025-11-13T19:03:02.308+0000] {logging_mixin.py:190} INFO - Dag name:iot_sensor_data_dag queued_at:2025-11-13 19:03:00.466690+00:00
[2025-11-13T19:03:02.308+0000] {logging_mixin.py:190} INFO - Task hostname:4f76d54186b6 operator:PythonOperator
[2025-11-13T19:03:02.357+0000] {local_task_job_runner.py:266} INFO - Task exited with return code 0
[2025-11-13T19:03:02.378+0000] {taskinstance.py:3901} INFO - 0 downstream tasks scheduled from follow-on schedule check
[2025-11-13T19:03:02.385+0000] {local_task_job_runner.py:245} INFO - ::endgroup::
