[2025-11-13T17:28:16.839+0000] {local_task_job_runner.py:123} INFO - ::group::Pre task execution logs
[2025-11-13T17:28:16.853+0000] {taskinstance.py:2614} INFO - Dependencies all met for dep_context=non-requeueable deps ti=<TaskInstance: iot_sensor_data_dag.generate_sensor_data scheduled__2025-11-13T17:28:00+00:00 [queued]>
[2025-11-13T17:28:16.859+0000] {taskinstance.py:2614} INFO - Dependencies all met for dep_context=requeueable deps ti=<TaskInstance: iot_sensor_data_dag.generate_sensor_data scheduled__2025-11-13T17:28:00+00:00 [queued]>
[2025-11-13T17:28:16.862+0000] {taskinstance.py:2867} INFO - Starting attempt 1 of 1
[2025-11-13T17:28:16.988+0000] {taskinstance.py:2890} INFO - Executing <Task(PythonOperator): generate_sensor_data> on 2025-11-13 17:28:00+00:00
[2025-11-13T17:28:16.994+0000] {warnings.py:112} WARNING - /home/***/.local/lib/python3.12/site-packages/***/task/task_runner/standard_task_runner.py:70: DeprecationWarning: This process (pid=556) is multi-threaded, use of fork() may lead to deadlocks in the child.
  pid = os.fork()

[2025-11-13T17:28:16.996+0000] {standard_task_runner.py:72} INFO - Started process 558 to run task
[2025-11-13T17:28:16.997+0000] {standard_task_runner.py:104} INFO - Running: ['***', 'tasks', 'run', 'iot_sensor_data_dag', 'generate_sensor_data', 'scheduled__2025-11-13T17:28:00+00:00', '--job-id', '266', '--raw', '--subdir', 'DAGS_FOLDER/DEPI.py', '--cfg-path', '/tmp/tmprbj6vz_6']
[2025-11-13T17:28:16.998+0000] {standard_task_runner.py:105} INFO - Job 266: Subtask generate_sensor_data
[2025-11-13T17:28:17.043+0000] {task_command.py:467} INFO - Running <TaskInstance: iot_sensor_data_dag.generate_sensor_data scheduled__2025-11-13T17:28:00+00:00 [running]> on host 4f76d54186b6
[2025-11-13T17:28:17.118+0000] {taskinstance.py:3134} INFO - Exporting env vars: AIRFLOW_CTX_DAG_OWNER='***' AIRFLOW_CTX_DAG_ID='iot_sensor_data_dag' AIRFLOW_CTX_TASK_ID='generate_sensor_data' AIRFLOW_CTX_EXECUTION_DATE='2025-11-13T17:28:00+00:00' AIRFLOW_CTX_TRY_NUMBER='1' AIRFLOW_CTX_DAG_RUN_ID='scheduled__2025-11-13T17:28:00+00:00'
[2025-11-13T17:28:17.120+0000] {logging_mixin.py:190} INFO - Task instance is in running state
[2025-11-13T17:28:17.121+0000] {logging_mixin.py:190} INFO -  Previous state of the Task instance: queued
[2025-11-13T17:28:17.121+0000] {logging_mixin.py:190} INFO - Current task name:generate_sensor_data state:running start_date:2025-11-13 17:28:16.854008+00:00
[2025-11-13T17:28:17.122+0000] {logging_mixin.py:190} INFO - Dag name:iot_sensor_data_dag and current dag run status:running
[2025-11-13T17:28:17.123+0000] {taskinstance.py:732} INFO - ::endgroup::
[2025-11-13T17:28:17.158+0000] {logging_mixin.py:190} INFO - [2025-11-13 17:28:17.138698] Inserted sensor data: {'time': datetime.datetime(2025, 11, 13, 17, 28, 17, 138698), 'temperature': 27.491168504851444, 'Dissolved_oxygen': 6.036428575456839, 'PH': 7.513423248749149, 'Ammonia': 0.010505025769036083, 'Nitrite': 0.047747987192685484, 'Turbidty': 40.283589084452316, '_id': ObjectId('691615315c457d53aa648513')}
[2025-11-13T17:28:17.165+0000] {python.py:218} INFO - Done. Returned value was: None
[2025-11-13T17:28:17.174+0000] {taskinstance.py:341} INFO - ::group::Post task execution logs
[2025-11-13T17:28:17.176+0000] {taskinstance.py:353} INFO - Marking task as SUCCESS. dag_id=iot_sensor_data_dag, task_id=generate_sensor_data, run_id=scheduled__2025-11-13T17:28:00+00:00, execution_date=20251113T172800, start_date=20251113T172816, end_date=20251113T172817
[2025-11-13T17:28:17.198+0000] {logging_mixin.py:190} INFO - Task instance in success state
[2025-11-13T17:28:17.207+0000] {logging_mixin.py:190} INFO -  Previous state of the Task instance: running
[2025-11-13T17:28:17.211+0000] {logging_mixin.py:190} INFO - Dag name:iot_sensor_data_dag queued_at:2025-11-13 17:28:15.393386+00:00
[2025-11-13T17:28:17.213+0000] {logging_mixin.py:190} INFO - Task hostname:4f76d54186b6 operator:PythonOperator
[2025-11-13T17:28:17.263+0000] {local_task_job_runner.py:266} INFO - Task exited with return code 0
[2025-11-13T17:28:17.290+0000] {taskinstance.py:3901} INFO - 0 downstream tasks scheduled from follow-on schedule check
[2025-11-13T17:28:17.294+0000] {local_task_job_runner.py:245} INFO - ::endgroup::
