[2025-11-15T12:21:03.721+0000] {local_task_job_runner.py:123} INFO - ::group::Pre task execution logs
[2025-11-15T12:21:03.733+0000] {taskinstance.py:2614} INFO - Dependencies all met for dep_context=non-requeueable deps ti=<TaskInstance: iot_sensor_data_dag.generate_sensor_data scheduled__2025-11-15T12:20:45+00:00 [queued]>
[2025-11-15T12:21:03.738+0000] {taskinstance.py:2614} INFO - Dependencies all met for dep_context=requeueable deps ti=<TaskInstance: iot_sensor_data_dag.generate_sensor_data scheduled__2025-11-15T12:20:45+00:00 [queued]>
[2025-11-15T12:21:03.739+0000] {taskinstance.py:2867} INFO - Starting attempt 1 of 1
[2025-11-15T12:21:03.749+0000] {taskinstance.py:2890} INFO - Executing <Task(PythonOperator): generate_sensor_data> on 2025-11-15 12:20:45+00:00
[2025-11-15T12:21:03.756+0000] {warnings.py:112} WARNING - /home/***/.local/lib/python3.12/site-packages/***/task/task_runner/standard_task_runner.py:70: DeprecationWarning: This process (pid=1099) is multi-threaded, use of fork() may lead to deadlocks in the child.
  pid = os.fork()

[2025-11-15T12:21:03.758+0000] {standard_task_runner.py:72} INFO - Started process 1101 to run task
[2025-11-15T12:21:03.758+0000] {standard_task_runner.py:104} INFO - Running: ['***', 'tasks', 'run', 'iot_sensor_data_dag', 'generate_sensor_data', 'scheduled__2025-11-15T12:20:45+00:00', '--job-id', '1255', '--raw', '--subdir', 'DAGS_FOLDER/DEPI.py', '--cfg-path', '/tmp/tmp6jem7zr1']
[2025-11-15T12:21:03.759+0000] {standard_task_runner.py:105} INFO - Job 1255: Subtask generate_sensor_data
[2025-11-15T12:21:03.980+0000] {task_command.py:467} INFO - Running <TaskInstance: iot_sensor_data_dag.generate_sensor_data scheduled__2025-11-15T12:20:45+00:00 [running]> on host 4f76d54186b6
[2025-11-15T12:21:04.040+0000] {taskinstance.py:3134} INFO - Exporting env vars: AIRFLOW_CTX_DAG_OWNER='***' AIRFLOW_CTX_DAG_ID='iot_sensor_data_dag' AIRFLOW_CTX_TASK_ID='generate_sensor_data' AIRFLOW_CTX_EXECUTION_DATE='2025-11-15T12:20:45+00:00' AIRFLOW_CTX_TRY_NUMBER='1' AIRFLOW_CTX_DAG_RUN_ID='scheduled__2025-11-15T12:20:45+00:00'
[2025-11-15T12:21:04.041+0000] {logging_mixin.py:190} INFO - Task instance is in running state
[2025-11-15T12:21:04.042+0000] {logging_mixin.py:190} INFO -  Previous state of the Task instance: queued
[2025-11-15T12:21:04.042+0000] {logging_mixin.py:190} INFO - Current task name:generate_sensor_data state:running start_date:2025-11-15 12:21:03.734176+00:00
[2025-11-15T12:21:04.043+0000] {logging_mixin.py:190} INFO - Dag name:iot_sensor_data_dag and current dag run status:running
[2025-11-15T12:21:04.044+0000] {taskinstance.py:732} INFO - ::endgroup::
[2025-11-15T12:21:04.143+0000] {logging_mixin.py:190} INFO - [2025-11-15 12:21:04.086958] Inserted sensor data: {'time': '2025-11-15T12:21:04.086958', 'temperature': 27.568805990089157, 'Dissolved_oxygen': 5.939542995475971, 'PH': 7.545666808792218, 'Ammonia': 0.010080410603764217, 'Nitrite': 0.049410295651768146, 'Turbidty': 40.65998140805972, '_id': '69187030da11e848cd35cc26'}
[2025-11-15T12:21:25.871+0000] {job.py:229} INFO - Heartbeat recovered after 11.90 seconds
[2025-11-15T12:24:09.840+0000] {job.py:229} INFO - Heartbeat recovered after 163.98 seconds
[2025-11-15T12:25:57.479+0000] {python.py:218} INFO - Done. Returned value was: None
[2025-11-15T12:25:57.490+0000] {taskinstance.py:341} INFO - ::group::Post task execution logs
[2025-11-15T12:25:57.490+0000] {taskinstance.py:353} INFO - Marking task as SUCCESS. dag_id=iot_sensor_data_dag, task_id=generate_sensor_data, run_id=scheduled__2025-11-15T12:20:45+00:00, execution_date=20251115T122045, start_date=20251115T122103, end_date=20251115T122557
[2025-11-15T12:25:57.509+0000] {logging_mixin.py:190} INFO - Task instance in success state
[2025-11-15T12:25:57.510+0000] {logging_mixin.py:190} INFO -  Previous state of the Task instance: running
[2025-11-15T12:25:57.510+0000] {logging_mixin.py:190} INFO - Dag name:iot_sensor_data_dag queued_at:2025-11-15 12:21:00.546104+00:00
[2025-11-15T12:25:57.511+0000] {logging_mixin.py:190} INFO - Task hostname:4f76d54186b6 operator:PythonOperator
[2025-11-15T12:25:57.558+0000] {local_task_job_runner.py:266} INFO - Task exited with return code 0
[2025-11-15T12:25:57.576+0000] {taskinstance.py:3901} INFO - 0 downstream tasks scheduled from follow-on schedule check
[2025-11-15T12:25:57.580+0000] {local_task_job_runner.py:245} INFO - ::endgroup::
