[2025-11-13T17:22:46.567+0000] {local_task_job_runner.py:123} INFO - ::group::Pre task execution logs
[2025-11-13T17:22:46.581+0000] {taskinstance.py:2614} INFO - Dependencies all met for dep_context=non-requeueable deps ti=<TaskInstance: iot_sensor_data_dag.generate_sensor_data scheduled__2025-11-13T17:22:30+00:00 [queued]>
[2025-11-13T17:22:46.587+0000] {taskinstance.py:2614} INFO - Dependencies all met for dep_context=requeueable deps ti=<TaskInstance: iot_sensor_data_dag.generate_sensor_data scheduled__2025-11-13T17:22:30+00:00 [queued]>
[2025-11-13T17:22:46.588+0000] {taskinstance.py:2867} INFO - Starting attempt 1 of 1
[2025-11-13T17:22:46.760+0000] {taskinstance.py:2890} INFO - Executing <Task(PythonOperator): generate_sensor_data> on 2025-11-13 17:22:30+00:00
[2025-11-13T17:22:46.774+0000] {warnings.py:112} WARNING - /home/***/.local/lib/python3.12/site-packages/***/task/task_runner/standard_task_runner.py:70: DeprecationWarning: This process (pid=331) is multi-threaded, use of fork() may lead to deadlocks in the child.
  pid = os.fork()

[2025-11-13T17:22:46.775+0000] {standard_task_runner.py:104} INFO - Running: ['***', 'tasks', 'run', 'iot_sensor_data_dag', 'generate_sensor_data', 'scheduled__2025-11-13T17:22:30+00:00', '--job-id', '244', '--raw', '--subdir', 'DAGS_FOLDER/DEPI.py', '--cfg-path', '/tmp/tmp6ct7168c']
[2025-11-13T17:22:46.778+0000] {standard_task_runner.py:105} INFO - Job 244: Subtask generate_sensor_data
[2025-11-13T17:22:46.777+0000] {standard_task_runner.py:72} INFO - Started process 333 to run task
[2025-11-13T17:22:46.831+0000] {task_command.py:467} INFO - Running <TaskInstance: iot_sensor_data_dag.generate_sensor_data scheduled__2025-11-13T17:22:30+00:00 [running]> on host 4f76d54186b6
[2025-11-13T17:22:46.909+0000] {taskinstance.py:3134} INFO - Exporting env vars: AIRFLOW_CTX_DAG_OWNER='***' AIRFLOW_CTX_DAG_ID='iot_sensor_data_dag' AIRFLOW_CTX_TASK_ID='generate_sensor_data' AIRFLOW_CTX_EXECUTION_DATE='2025-11-13T17:22:30+00:00' AIRFLOW_CTX_TRY_NUMBER='1' AIRFLOW_CTX_DAG_RUN_ID='scheduled__2025-11-13T17:22:30+00:00'
[2025-11-13T17:22:46.910+0000] {logging_mixin.py:190} INFO - Task instance is in running state
[2025-11-13T17:22:46.911+0000] {logging_mixin.py:190} INFO -  Previous state of the Task instance: queued
[2025-11-13T17:22:46.912+0000] {logging_mixin.py:190} INFO - Current task name:generate_sensor_data state:running start_date:2025-11-13 17:22:46.582207+00:00
[2025-11-13T17:22:46.912+0000] {logging_mixin.py:190} INFO - Dag name:iot_sensor_data_dag and current dag run status:running
[2025-11-13T17:22:46.913+0000] {taskinstance.py:732} INFO - ::endgroup::
[2025-11-13T17:22:46.945+0000] {logging_mixin.py:190} INFO - [2025-11-13 17:22:46.930354] Inserted sensor data: {'time': datetime.datetime(2025, 11, 13, 17, 22, 46, 930354), 'temperature': 27.434724073905702, 'Dissolved_oxygen': 6.0497643323615256, 'PH': 7.446450564985363, 'Ammonia': 0.00942047311950931, 'Nitrite': 0.05481096086863371, 'Turbidty': 40.7975484732039, '_id': ObjectId('691613e65bd38af308214afd')}
[2025-11-13T17:22:46.947+0000] {python.py:218} INFO - Done. Returned value was: None
[2025-11-13T17:22:46.957+0000] {taskinstance.py:341} INFO - ::group::Post task execution logs
[2025-11-13T17:22:46.958+0000] {taskinstance.py:353} INFO - Marking task as SUCCESS. dag_id=iot_sensor_data_dag, task_id=generate_sensor_data, run_id=scheduled__2025-11-13T17:22:30+00:00, execution_date=20251113T172230, start_date=20251113T172246, end_date=20251113T172246
[2025-11-13T17:22:46.981+0000] {logging_mixin.py:190} INFO - Task instance in success state
[2025-11-13T17:22:46.984+0000] {logging_mixin.py:190} INFO -  Previous state of the Task instance: running
[2025-11-13T17:22:46.989+0000] {logging_mixin.py:190} INFO - Dag name:iot_sensor_data_dag queued_at:2025-11-13 17:22:45.120148+00:00
[2025-11-13T17:22:46.990+0000] {logging_mixin.py:190} INFO - Task hostname:4f76d54186b6 operator:PythonOperator
[2025-11-13T17:22:47.040+0000] {local_task_job_runner.py:266} INFO - Task exited with return code 0
[2025-11-13T17:22:47.064+0000] {taskinstance.py:3901} INFO - 0 downstream tasks scheduled from follow-on schedule check
[2025-11-13T17:22:47.068+0000] {local_task_job_runner.py:245} INFO - ::endgroup::
