[2025-11-15T12:15:00.420+0000] {local_task_job_runner.py:123} INFO - ::group::Pre task execution logs
[2025-11-15T12:15:00.432+0000] {taskinstance.py:2614} INFO - Dependencies all met for dep_context=non-requeueable deps ti=<TaskInstance: iot_sensor_data_dag.generate_sensor_data scheduled__2025-11-15T12:14:30+00:00 [queued]>
[2025-11-15T12:15:00.438+0000] {taskinstance.py:2614} INFO - Dependencies all met for dep_context=requeueable deps ti=<TaskInstance: iot_sensor_data_dag.generate_sensor_data scheduled__2025-11-15T12:14:30+00:00 [queued]>
[2025-11-15T12:15:00.439+0000] {taskinstance.py:2867} INFO - Starting attempt 1 of 1
[2025-11-15T12:15:00.449+0000] {taskinstance.py:2890} INFO - Executing <Task(PythonOperator): generate_sensor_data> on 2025-11-15 12:14:30+00:00
[2025-11-15T12:15:00.456+0000] {warnings.py:112} WARNING - /home/***/.local/lib/python3.12/site-packages/***/task/task_runner/standard_task_runner.py:70: DeprecationWarning: This process (pid=873) is multi-threaded, use of fork() may lead to deadlocks in the child.
  pid = os.fork()

[2025-11-15T12:15:00.457+0000] {standard_task_runner.py:72} INFO - Started process 875 to run task
[2025-11-15T12:15:00.458+0000] {standard_task_runner.py:104} INFO - Running: ['***', 'tasks', 'run', 'iot_sensor_data_dag', 'generate_sensor_data', 'scheduled__2025-11-15T12:14:30+00:00', '--job-id', '1239', '--raw', '--subdir', 'DAGS_FOLDER/DEPI.py', '--cfg-path', '/tmp/tmp1bz_monk']
[2025-11-15T12:15:00.459+0000] {standard_task_runner.py:105} INFO - Job 1239: Subtask generate_sensor_data
[2025-11-15T12:15:00.702+0000] {task_command.py:467} INFO - Running <TaskInstance: iot_sensor_data_dag.generate_sensor_data scheduled__2025-11-15T12:14:30+00:00 [running]> on host 4f76d54186b6
[2025-11-15T12:15:00.755+0000] {taskinstance.py:3134} INFO - Exporting env vars: AIRFLOW_CTX_DAG_OWNER='***' AIRFLOW_CTX_DAG_ID='iot_sensor_data_dag' AIRFLOW_CTX_TASK_ID='generate_sensor_data' AIRFLOW_CTX_EXECUTION_DATE='2025-11-15T12:14:30+00:00' AIRFLOW_CTX_TRY_NUMBER='1' AIRFLOW_CTX_DAG_RUN_ID='scheduled__2025-11-15T12:14:30+00:00'
[2025-11-15T12:15:00.756+0000] {logging_mixin.py:190} INFO - Task instance is in running state
[2025-11-15T12:15:00.756+0000] {logging_mixin.py:190} INFO -  Previous state of the Task instance: queued
[2025-11-15T12:15:00.757+0000] {logging_mixin.py:190} INFO - Current task name:generate_sensor_data state:running start_date:2025-11-15 12:15:00.433043+00:00
[2025-11-15T12:15:00.757+0000] {logging_mixin.py:190} INFO - Dag name:iot_sensor_data_dag and current dag run status:running
[2025-11-15T12:15:00.758+0000] {taskinstance.py:732} INFO - ::endgroup::
[2025-11-15T12:15:00.784+0000] {logging_mixin.py:190} INFO - [2025-11-15 12:15:00.771107] Inserted sensor data: {'time': '2025-11-15T12:15:00.771107', 'temperature': 27.34247572738781, 'Dissolved_oxygen': 6.02571495488468, 'PH': 7.530062482263124, 'Ammonia': 0.010358570302806585, 'Nitrite': 0.051708159992053325, 'Turbidty': 39.032696940414276, '_id': '69186ec4f36a074ed5debe0d'}
[2025-11-15T12:17:05.964+0000] {job.py:229} INFO - Heartbeat recovered after 90.46 seconds
[2025-11-15T12:19:54.087+0000] {python.py:218} INFO - Done. Returned value was: None
[2025-11-15T12:19:54.098+0000] {taskinstance.py:341} INFO - ::group::Post task execution logs
[2025-11-15T12:19:54.100+0000] {taskinstance.py:353} INFO - Marking task as SUCCESS. dag_id=iot_sensor_data_dag, task_id=generate_sensor_data, run_id=scheduled__2025-11-15T12:14:30+00:00, execution_date=20251115T121430, start_date=20251115T121500, end_date=20251115T121954
[2025-11-15T12:19:54.123+0000] {logging_mixin.py:190} INFO - Task instance in success state
[2025-11-15T12:19:54.124+0000] {logging_mixin.py:190} INFO -  Previous state of the Task instance: running
[2025-11-15T12:19:54.125+0000] {logging_mixin.py:190} INFO - Dag name:iot_sensor_data_dag queued_at:2025-11-15 12:14:55.875887+00:00
[2025-11-15T12:19:54.125+0000] {logging_mixin.py:190} INFO - Task hostname:4f76d54186b6 operator:PythonOperator
[2025-11-15T12:19:54.152+0000] {local_task_job_runner.py:266} INFO - Task exited with return code 0
[2025-11-15T12:19:54.170+0000] {taskinstance.py:3901} INFO - 0 downstream tasks scheduled from follow-on schedule check
[2025-11-15T12:19:54.174+0000] {local_task_job_runner.py:245} INFO - ::endgroup::
