[2025-11-15T12:12:52.581+0000] {local_task_job_runner.py:123} INFO - ::group::Pre task execution logs
[2025-11-15T12:12:52.593+0000] {taskinstance.py:2614} INFO - Dependencies all met for dep_context=non-requeueable deps ti=<TaskInstance: iot_sensor_data_dag.generate_sensor_data scheduled__2025-11-15T12:12:30+00:00 [queued]>
[2025-11-15T12:12:52.599+0000] {taskinstance.py:2614} INFO - Dependencies all met for dep_context=requeueable deps ti=<TaskInstance: iot_sensor_data_dag.generate_sensor_data scheduled__2025-11-15T12:12:30+00:00 [queued]>
[2025-11-15T12:12:52.599+0000] {taskinstance.py:2867} INFO - Starting attempt 1 of 1
[2025-11-15T12:12:52.609+0000] {taskinstance.py:2890} INFO - Executing <Task(PythonOperator): generate_sensor_data> on 2025-11-15 12:12:30+00:00
[2025-11-15T12:12:52.617+0000] {warnings.py:112} WARNING - /home/***/.local/lib/python3.12/site-packages/***/task/task_runner/standard_task_runner.py:70: DeprecationWarning: This process (pid=791) is multi-threaded, use of fork() may lead to deadlocks in the child.
  pid = os.fork()

[2025-11-15T12:12:52.618+0000] {standard_task_runner.py:72} INFO - Started process 793 to run task
[2025-11-15T12:12:52.619+0000] {standard_task_runner.py:104} INFO - Running: ['***', 'tasks', 'run', 'iot_sensor_data_dag', 'generate_sensor_data', 'scheduled__2025-11-15T12:12:30+00:00', '--job-id', '1233', '--raw', '--subdir', 'DAGS_FOLDER/DEPI.py', '--cfg-path', '/tmp/tmphnxkuxk_']
[2025-11-15T12:12:52.621+0000] {standard_task_runner.py:105} INFO - Job 1233: Subtask generate_sensor_data
[2025-11-15T12:12:52.860+0000] {task_command.py:467} INFO - Running <TaskInstance: iot_sensor_data_dag.generate_sensor_data scheduled__2025-11-15T12:12:30+00:00 [running]> on host 4f76d54186b6
[2025-11-15T12:12:52.924+0000] {taskinstance.py:3134} INFO - Exporting env vars: AIRFLOW_CTX_DAG_OWNER='***' AIRFLOW_CTX_DAG_ID='iot_sensor_data_dag' AIRFLOW_CTX_TASK_ID='generate_sensor_data' AIRFLOW_CTX_EXECUTION_DATE='2025-11-15T12:12:30+00:00' AIRFLOW_CTX_TRY_NUMBER='1' AIRFLOW_CTX_DAG_RUN_ID='scheduled__2025-11-15T12:12:30+00:00'
[2025-11-15T12:12:52.926+0000] {logging_mixin.py:190} INFO - Task instance is in running state
[2025-11-15T12:12:52.926+0000] {logging_mixin.py:190} INFO -  Previous state of the Task instance: queued
[2025-11-15T12:12:52.927+0000] {logging_mixin.py:190} INFO - Current task name:generate_sensor_data state:running start_date:2025-11-15 12:12:52.594108+00:00
[2025-11-15T12:12:52.927+0000] {logging_mixin.py:190} INFO - Dag name:iot_sensor_data_dag and current dag run status:running
[2025-11-15T12:12:52.928+0000] {taskinstance.py:732} INFO - ::endgroup::
[2025-11-15T12:12:52.978+0000] {logging_mixin.py:190} INFO - [2025-11-15 12:12:52.962898] Inserted sensor data: {'time': '2025-11-15T12:12:52.962898', 'temperature': 27.405493670866324, 'Dissolved_oxygen': 6.061416783118235, 'PH': 7.4963304847630345, 'Ammonia': 0.010730598284188228, 'Nitrite': 0.05116549507301258, 'Turbidty': 40.28724997878424, '_id': '69186e44c103cda4d2107222'}
[2025-11-15T12:14:12.136+0000] {job.py:229} INFO - Heartbeat recovered after 18.95 seconds
[2025-11-15T12:14:33.985+0000] {job.py:229} INFO - Heartbeat recovered after 21.86 seconds
[2025-11-15T12:17:05.977+0000] {job.py:229} INFO - Heartbeat recovered after 92.17 seconds
[2025-11-15T12:17:46.340+0000] {python.py:218} INFO - Done. Returned value was: None
[2025-11-15T12:17:46.353+0000] {taskinstance.py:341} INFO - ::group::Post task execution logs
[2025-11-15T12:17:46.354+0000] {taskinstance.py:353} INFO - Marking task as SUCCESS. dag_id=iot_sensor_data_dag, task_id=generate_sensor_data, run_id=scheduled__2025-11-15T12:12:30+00:00, execution_date=20251115T121230, start_date=20251115T121252, end_date=20251115T121746
[2025-11-15T12:17:46.378+0000] {logging_mixin.py:190} INFO - Task instance in success state
[2025-11-15T12:17:46.379+0000] {logging_mixin.py:190} INFO -  Previous state of the Task instance: running
[2025-11-15T12:17:46.380+0000] {logging_mixin.py:190} INFO - Dag name:iot_sensor_data_dag queued_at:2025-11-15 12:12:48.704981+00:00
[2025-11-15T12:17:46.380+0000] {logging_mixin.py:190} INFO - Task hostname:4f76d54186b6 operator:PythonOperator
[2025-11-15T12:17:46.413+0000] {local_task_job_runner.py:266} INFO - Task exited with return code 0
[2025-11-15T12:17:46.435+0000] {taskinstance.py:3901} INFO - 0 downstream tasks scheduled from follow-on schedule check
[2025-11-15T12:17:46.440+0000] {local_task_job_runner.py:245} INFO - ::endgroup::
