[2025-11-17T19:44:13.268+0000] {local_task_job_runner.py:123} INFO - ::group::Pre task execution logs
[2025-11-17T19:44:13.374+0000] {taskinstance.py:2614} INFO - Dependencies all met for dep_context=non-requeueable deps ti=<TaskInstance: iot_kafka_with_env.send_to_kafka scheduled__2025-11-17T19:43:45+00:00 [queued]>
[2025-11-17T19:44:13.381+0000] {taskinstance.py:2614} INFO - Dependencies all met for dep_context=requeueable deps ti=<TaskInstance: iot_kafka_with_env.send_to_kafka scheduled__2025-11-17T19:43:45+00:00 [queued]>
[2025-11-17T19:44:13.382+0000] {taskinstance.py:2867} INFO - Starting attempt 1 of 1
[2025-11-17T19:44:13.391+0000] {taskinstance.py:2890} INFO - Executing <Task(ProduceToTopicOperator): send_to_kafka> on 2025-11-17 19:43:45+00:00
[2025-11-17T19:44:13.396+0000] {warnings.py:112} WARNING - /home/***/.local/lib/python3.12/site-packages/***/task/task_runner/standard_task_runner.py:70: DeprecationWarning: This process (pid=444) is multi-threaded, use of fork() may lead to deadlocks in the child.
  pid = os.fork()

[2025-11-17T19:44:13.397+0000] {standard_task_runner.py:72} INFO - Started process 446 to run task
[2025-11-17T19:44:13.398+0000] {standard_task_runner.py:104} INFO - Running: ['***', 'tasks', 'run', 'iot_kafka_with_env', 'send_to_kafka', 'scheduled__2025-11-17T19:43:45+00:00', '--job-id', '2559', '--raw', '--subdir', 'DAGS_FOLDER/IOT.py', '--cfg-path', '/tmp/tmp7lsi0sj6']
[2025-11-17T19:44:13.399+0000] {standard_task_runner.py:105} INFO - Job 2559: Subtask send_to_kafka
[2025-11-17T19:44:13.435+0000] {task_command.py:467} INFO - Running <TaskInstance: iot_kafka_with_env.send_to_kafka scheduled__2025-11-17T19:43:45+00:00 [running]> on host 4f76d54186b6
[2025-11-17T19:44:13.482+0000] {abstractoperator.py:783} ERROR - Exception rendering Jinja template for task 'send_to_kafka', field 'producer_function'. Template: <function produce_message_callable at 0x7a3ebb5509a0>
Traceback (most recent call last):
  File "/home/airflow/.local/lib/python3.12/site-packages/airflow/models/abstractoperator.py", line 773, in _do_render_template_fields
    rendered_content = value(context=context, jinja_env=jinja_env)
                       ^^^^^^^^^^^^^^^^^^^^^^^^^^^^^^^^^^^^^^^^^^^
TypeError: produce_message_callable() got an unexpected keyword argument 'jinja_env'
[2025-11-17T19:44:13.483+0000] {taskinstance.py:3313} ERROR - Task failed with exception
Traceback (most recent call last):
  File "/home/airflow/.local/lib/python3.12/site-packages/airflow/models/taskinstance.py", line 274, in _run_raw_task
    TaskInstance._execute_task_with_callbacks(
  File "/home/airflow/.local/lib/python3.12/site-packages/airflow/models/taskinstance.py", line 3117, in _execute_task_with_callbacks
    task_orig = self.render_templates(context=context, jinja_env=jinja_env)
                ^^^^^^^^^^^^^^^^^^^^^^^^^^^^^^^^^^^^^^^^^^^^^^^^^^^^^^^^^^^
  File "/home/airflow/.local/lib/python3.12/site-packages/airflow/models/taskinstance.py", line 3540, in render_templates
    original_task.render_template_fields(context, jinja_env)
  File "/home/airflow/.local/lib/python3.12/site-packages/airflow/models/baseoperator.py", line 1442, in render_template_fields
    self._do_render_template_fields(self, self.template_fields, context, jinja_env, set())
  File "/home/airflow/.local/lib/python3.12/site-packages/airflow/models/abstractoperator.py", line 773, in _do_render_template_fields
    rendered_content = value(context=context, jinja_env=jinja_env)
                       ^^^^^^^^^^^^^^^^^^^^^^^^^^^^^^^^^^^^^^^^^^^
TypeError: produce_message_callable() got an unexpected keyword argument 'jinja_env'
[2025-11-17T19:44:13.489+0000] {logging_mixin.py:190} INFO - Task instance in failure state
[2025-11-17T19:44:13.490+0000] {logging_mixin.py:190} INFO - Task start:2025-11-17 19:44:13.375963+00:00 end:2025-11-17 19:44:13.489244+00:00 duration:0.113281
[2025-11-17T19:44:13.490+0000] {logging_mixin.py:190} INFO - Task:<Task(ProduceToTopicOperator): send_to_kafka> dag:<DAG: iot_kafka_with_env> dagrun:<DagRun iot_kafka_with_env @ 2025-11-17 19:43:45+00:00: scheduled__2025-11-17T19:43:45+00:00, state:running, queued_at: 2025-11-17 19:44:10.058681+00:00. externally triggered: False>
[2025-11-17T19:44:13.491+0000] {logging_mixin.py:190} INFO - Failure caused by produce_message_callable() got an unexpected keyword argument 'jinja_env'
[2025-11-17T19:44:13.491+0000] {taskinstance.py:1226} INFO - Marking task as FAILED. dag_id=iot_kafka_with_env, task_id=send_to_kafka, run_id=scheduled__2025-11-17T19:43:45+00:00, execution_date=20251117T194345, start_date=20251117T194413, end_date=20251117T194413
[2025-11-17T19:44:13.509+0000] {taskinstance.py:341} INFO - ::group::Post task execution logs
[2025-11-17T19:44:13.509+0000] {standard_task_runner.py:124} ERROR - Failed to execute job 2559 for task send_to_kafka (produce_message_callable() got an unexpected keyword argument 'jinja_env'; 446)
Traceback (most recent call last):
  File "/home/airflow/.local/lib/python3.12/site-packages/airflow/task/task_runner/standard_task_runner.py", line 117, in _start_by_fork
    ret = args.func(args, dag=self.dag)
          ^^^^^^^^^^^^^^^^^^^^^^^^^^^^^
  File "/home/airflow/.local/lib/python3.12/site-packages/airflow/cli/cli_config.py", line 49, in command
    return func(*args, **kwargs)
           ^^^^^^^^^^^^^^^^^^^^^
  File "/home/airflow/.local/lib/python3.12/site-packages/airflow/utils/cli.py", line 116, in wrapper
    return f(*args, **kwargs)
           ^^^^^^^^^^^^^^^^^^
  File "/home/airflow/.local/lib/python3.12/site-packages/airflow/cli/commands/task_command.py", line 483, in task_run
    task_return_code = _run_task_by_selected_method(args, _dag, ti)
                       ^^^^^^^^^^^^^^^^^^^^^^^^^^^^^^^^^^^^^^^^^^^^
  File "/home/airflow/.local/lib/python3.12/site-packages/airflow/cli/commands/task_command.py", line 256, in _run_task_by_selected_method
    return _run_raw_task(args, ti)
           ^^^^^^^^^^^^^^^^^^^^^^^
  File "/home/airflow/.local/lib/python3.12/site-packages/airflow/cli/commands/task_command.py", line 341, in _run_raw_task
    return ti._run_raw_task(
           ^^^^^^^^^^^^^^^^^
  File "/home/airflow/.local/lib/python3.12/site-packages/airflow/utils/session.py", line 97, in wrapper
    return func(*args, session=session, **kwargs)
           ^^^^^^^^^^^^^^^^^^^^^^^^^^^^^^^^^^^^^^
  File "/home/airflow/.local/lib/python3.12/site-packages/airflow/models/taskinstance.py", line 3006, in _run_raw_task
    return _run_raw_task(
           ^^^^^^^^^^^^^^
  File "/home/airflow/.local/lib/python3.12/site-packages/airflow/models/taskinstance.py", line 274, in _run_raw_task
    TaskInstance._execute_task_with_callbacks(
  File "/home/airflow/.local/lib/python3.12/site-packages/airflow/models/taskinstance.py", line 3117, in _execute_task_with_callbacks
    task_orig = self.render_templates(context=context, jinja_env=jinja_env)
                ^^^^^^^^^^^^^^^^^^^^^^^^^^^^^^^^^^^^^^^^^^^^^^^^^^^^^^^^^^^
  File "/home/airflow/.local/lib/python3.12/site-packages/airflow/models/taskinstance.py", line 3540, in render_templates
    original_task.render_template_fields(context, jinja_env)
  File "/home/airflow/.local/lib/python3.12/site-packages/airflow/models/baseoperator.py", line 1442, in render_template_fields
    self._do_render_template_fields(self, self.template_fields, context, jinja_env, set())
  File "/home/airflow/.local/lib/python3.12/site-packages/airflow/models/abstractoperator.py", line 773, in _do_render_template_fields
    rendered_content = value(context=context, jinja_env=jinja_env)
                       ^^^^^^^^^^^^^^^^^^^^^^^^^^^^^^^^^^^^^^^^^^^
TypeError: produce_message_callable() got an unexpected keyword argument 'jinja_env'
[2025-11-17T19:44:13.533+0000] {local_task_job_runner.py:266} INFO - Task exited with return code 1
[2025-11-17T19:44:13.544+0000] {taskinstance.py:3901} INFO - 0 downstream tasks scheduled from follow-on schedule check
[2025-11-17T19:44:13.546+0000] {local_task_job_runner.py:245} INFO - ::endgroup::
