[2025-11-13T17:48:48.203+0000] {local_task_job_runner.py:123} INFO - ::group::Pre task execution logs
[2025-11-13T17:48:48.227+0000] {taskinstance.py:2614} INFO - Dependencies all met for dep_context=non-requeueable deps ti=<TaskInstance: iot_sensor_data_dag.generate_sensor_data scheduled__2025-11-13T17:48:30+00:00 [queued]>
[2025-11-13T17:48:48.239+0000] {taskinstance.py:2614} INFO - Dependencies all met for dep_context=requeueable deps ti=<TaskInstance: iot_sensor_data_dag.generate_sensor_data scheduled__2025-11-13T17:48:30+00:00 [queued]>
[2025-11-13T17:48:48.240+0000] {taskinstance.py:2867} INFO - Starting attempt 1 of 1
[2025-11-13T17:48:48.458+0000] {taskinstance.py:2890} INFO - Executing <Task(PythonOperator): generate_sensor_data> on 2025-11-13 17:48:30+00:00
[2025-11-13T17:48:48.471+0000] {warnings.py:112} WARNING - /home/***/.local/lib/python3.12/site-packages/***/task/task_runner/standard_task_runner.py:70: DeprecationWarning: This process (pid=1410) is multi-threaded, use of fork() may lead to deadlocks in the child.
  pid = os.fork()

[2025-11-13T17:48:48.476+0000] {standard_task_runner.py:104} INFO - Running: ['***', 'tasks', 'run', 'iot_sensor_data_dag', 'generate_sensor_data', 'scheduled__2025-11-13T17:48:30+00:00', '--job-id', '348', '--raw', '--subdir', 'DAGS_FOLDER/DEPI.py', '--cfg-path', '/tmp/tmpis3s0n2c']
[2025-11-13T17:48:48.484+0000] {standard_task_runner.py:72} INFO - Started process 1412 to run task
[2025-11-13T17:48:48.487+0000] {standard_task_runner.py:105} INFO - Job 348: Subtask generate_sensor_data
[2025-11-13T17:48:48.561+0000] {task_command.py:467} INFO - Running <TaskInstance: iot_sensor_data_dag.generate_sensor_data scheduled__2025-11-13T17:48:30+00:00 [running]> on host 4f76d54186b6
[2025-11-13T17:48:48.672+0000] {taskinstance.py:3134} INFO - Exporting env vars: AIRFLOW_CTX_DAG_OWNER='***' AIRFLOW_CTX_DAG_ID='iot_sensor_data_dag' AIRFLOW_CTX_TASK_ID='generate_sensor_data' AIRFLOW_CTX_EXECUTION_DATE='2025-11-13T17:48:30+00:00' AIRFLOW_CTX_TRY_NUMBER='1' AIRFLOW_CTX_DAG_RUN_ID='scheduled__2025-11-13T17:48:30+00:00'
[2025-11-13T17:48:48.675+0000] {logging_mixin.py:190} INFO - Task instance is in running state
[2025-11-13T17:48:48.676+0000] {logging_mixin.py:190} INFO -  Previous state of the Task instance: queued
[2025-11-13T17:48:48.677+0000] {logging_mixin.py:190} INFO - Current task name:generate_sensor_data state:running start_date:2025-11-13 17:48:48.228527+00:00
[2025-11-13T17:48:48.678+0000] {logging_mixin.py:190} INFO - Dag name:iot_sensor_data_dag and current dag run status:running
[2025-11-13T17:48:48.679+0000] {taskinstance.py:732} INFO - ::endgroup::
[2025-11-13T17:48:48.731+0000] {logging_mixin.py:190} INFO - [2025-11-13 17:48:48.705638] Inserted sensor data: {'time': datetime.datetime(2025, 11, 13, 17, 48, 48, 705638), 'temperature': 27.674058582332606, 'Dissolved_oxygen': 6.015378795462941, 'PH': 7.401407199562867, 'Ammonia': 0.010392310560270835, 'Nitrite': 0.053072041056897515, 'Turbidty': 40.652955501993446, '_id': ObjectId('69161a00f00c4094f10c7f66')}
[2025-11-13T17:48:48.735+0000] {python.py:218} INFO - Done. Returned value was: None
[2025-11-13T17:48:48.754+0000] {taskinstance.py:341} INFO - ::group::Post task execution logs
[2025-11-13T17:48:48.756+0000] {taskinstance.py:353} INFO - Marking task as SUCCESS. dag_id=iot_sensor_data_dag, task_id=generate_sensor_data, run_id=scheduled__2025-11-13T17:48:30+00:00, execution_date=20251113T174830, start_date=20251113T174848, end_date=20251113T174848
[2025-11-13T17:48:48.788+0000] {logging_mixin.py:190} INFO - Task instance in success state
[2025-11-13T17:48:48.789+0000] {logging_mixin.py:190} INFO -  Previous state of the Task instance: running
[2025-11-13T17:48:48.790+0000] {logging_mixin.py:190} INFO - Dag name:iot_sensor_data_dag queued_at:2025-11-13 17:48:45.958020+00:00
[2025-11-13T17:48:48.791+0000] {logging_mixin.py:190} INFO - Task hostname:4f76d54186b6 operator:PythonOperator
[2025-11-13T17:48:48.829+0000] {local_task_job_runner.py:266} INFO - Task exited with return code 0
[2025-11-13T17:48:48.860+0000] {taskinstance.py:3901} INFO - 0 downstream tasks scheduled from follow-on schedule check
[2025-11-13T17:48:48.867+0000] {local_task_job_runner.py:245} INFO - ::endgroup::
