[2025-11-13T17:46:32.592+0000] {local_task_job_runner.py:123} INFO - ::group::Pre task execution logs
[2025-11-13T17:46:32.616+0000] {taskinstance.py:2614} INFO - Dependencies all met for dep_context=non-requeueable deps ti=<TaskInstance: iot_sensor_data_dag.generate_sensor_data scheduled__2025-11-13T17:46:15+00:00 [queued]>
[2025-11-13T17:46:32.628+0000] {taskinstance.py:2614} INFO - Dependencies all met for dep_context=requeueable deps ti=<TaskInstance: iot_sensor_data_dag.generate_sensor_data scheduled__2025-11-13T17:46:15+00:00 [queued]>
[2025-11-13T17:46:32.629+0000] {taskinstance.py:2867} INFO - Starting attempt 1 of 1
[2025-11-13T17:46:32.800+0000] {taskinstance.py:2890} INFO - Executing <Task(PythonOperator): generate_sensor_data> on 2025-11-13 17:46:15+00:00
[2025-11-13T17:46:32.808+0000] {warnings.py:112} WARNING - /home/***/.local/lib/python3.12/site-packages/***/task/task_runner/standard_task_runner.py:70: DeprecationWarning: This process (pid=1318) is multi-threaded, use of fork() may lead to deadlocks in the child.
  pid = os.fork()

[2025-11-13T17:46:32.811+0000] {standard_task_runner.py:72} INFO - Started process 1320 to run task
[2025-11-13T17:46:32.812+0000] {standard_task_runner.py:104} INFO - Running: ['***', 'tasks', 'run', 'iot_sensor_data_dag', 'generate_sensor_data', 'scheduled__2025-11-13T17:46:15+00:00', '--job-id', '339', '--raw', '--subdir', 'DAGS_FOLDER/DEPI.py', '--cfg-path', '/tmp/tmprkvx474b']
[2025-11-13T17:46:32.813+0000] {standard_task_runner.py:105} INFO - Job 339: Subtask generate_sensor_data
[2025-11-13T17:46:32.878+0000] {task_command.py:467} INFO - Running <TaskInstance: iot_sensor_data_dag.generate_sensor_data scheduled__2025-11-13T17:46:15+00:00 [running]> on host 4f76d54186b6
[2025-11-13T17:46:33.003+0000] {taskinstance.py:3134} INFO - Exporting env vars: AIRFLOW_CTX_DAG_OWNER='***' AIRFLOW_CTX_DAG_ID='iot_sensor_data_dag' AIRFLOW_CTX_TASK_ID='generate_sensor_data' AIRFLOW_CTX_EXECUTION_DATE='2025-11-13T17:46:15+00:00' AIRFLOW_CTX_TRY_NUMBER='1' AIRFLOW_CTX_DAG_RUN_ID='scheduled__2025-11-13T17:46:15+00:00'
[2025-11-13T17:46:33.007+0000] {logging_mixin.py:190} INFO - Task instance is in running state
[2025-11-13T17:46:33.008+0000] {logging_mixin.py:190} INFO -  Previous state of the Task instance: queued
[2025-11-13T17:46:33.010+0000] {logging_mixin.py:190} INFO - Current task name:generate_sensor_data state:running start_date:2025-11-13 17:46:32.617318+00:00
[2025-11-13T17:46:33.011+0000] {logging_mixin.py:190} INFO - Dag name:iot_sensor_data_dag and current dag run status:running
[2025-11-13T17:46:33.012+0000] {taskinstance.py:732} INFO - ::endgroup::
[2025-11-13T17:46:33.067+0000] {logging_mixin.py:190} INFO - [2025-11-13 17:46:33.042460] Inserted sensor data: {'time': datetime.datetime(2025, 11, 13, 17, 46, 33, 42460), 'temperature': 27.55642165155702, 'Dissolved_oxygen': 5.95661252133101, 'PH': 7.418157615788966, 'Ammonia': 0.009209524483574117, 'Nitrite': 0.04986094179866987, 'Turbidty': 39.57102100910403, '_id': ObjectId('6916197910b01126c4657ccd')}
[2025-11-13T17:46:33.071+0000] {python.py:218} INFO - Done. Returned value was: None
[2025-11-13T17:46:33.098+0000] {taskinstance.py:341} INFO - ::group::Post task execution logs
[2025-11-13T17:46:33.100+0000] {taskinstance.py:353} INFO - Marking task as SUCCESS. dag_id=iot_sensor_data_dag, task_id=generate_sensor_data, run_id=scheduled__2025-11-13T17:46:15+00:00, execution_date=20251113T174615, start_date=20251113T174632, end_date=20251113T174633
[2025-11-13T17:46:33.156+0000] {logging_mixin.py:190} INFO - Task instance in success state
[2025-11-13T17:46:33.158+0000] {logging_mixin.py:190} INFO -  Previous state of the Task instance: running
[2025-11-13T17:46:33.159+0000] {logging_mixin.py:190} INFO - Dag name:iot_sensor_data_dag queued_at:2025-11-13 17:46:30.464037+00:00
[2025-11-13T17:46:33.160+0000] {logging_mixin.py:190} INFO - Task hostname:4f76d54186b6 operator:PythonOperator
[2025-11-13T17:46:33.199+0000] {local_task_job_runner.py:266} INFO - Task exited with return code 0
[2025-11-13T17:46:33.240+0000] {taskinstance.py:3901} INFO - 0 downstream tasks scheduled from follow-on schedule check
[2025-11-13T17:46:33.248+0000] {local_task_job_runner.py:245} INFO - ::endgroup::
