[2025-11-13T17:39:46.641+0000] {local_task_job_runner.py:123} INFO - ::group::Pre task execution logs
[2025-11-13T17:39:46.655+0000] {taskinstance.py:2614} INFO - Dependencies all met for dep_context=non-requeueable deps ti=<TaskInstance: iot_sensor_data_dag.generate_sensor_data scheduled__2025-11-13T17:39:30+00:00 [queued]>
[2025-11-13T17:39:46.663+0000] {taskinstance.py:2614} INFO - Dependencies all met for dep_context=requeueable deps ti=<TaskInstance: iot_sensor_data_dag.generate_sensor_data scheduled__2025-11-13T17:39:30+00:00 [queued]>
[2025-11-13T17:39:46.666+0000] {taskinstance.py:2867} INFO - Starting attempt 1 of 1
[2025-11-13T17:39:46.809+0000] {taskinstance.py:2890} INFO - Executing <Task(PythonOperator): generate_sensor_data> on 2025-11-13 17:39:30+00:00
[2025-11-13T17:39:46.816+0000] {warnings.py:112} WARNING - /home/***/.local/lib/python3.12/site-packages/***/task/task_runner/standard_task_runner.py:70: DeprecationWarning: This process (pid=1038) is multi-threaded, use of fork() may lead to deadlocks in the child.
  pid = os.fork()

[2025-11-13T17:39:46.819+0000] {standard_task_runner.py:72} INFO - Started process 1040 to run task
[2025-11-13T17:39:46.819+0000] {standard_task_runner.py:104} INFO - Running: ['***', 'tasks', 'run', 'iot_sensor_data_dag', 'generate_sensor_data', 'scheduled__2025-11-13T17:39:30+00:00', '--job-id', '312', '--raw', '--subdir', 'DAGS_FOLDER/DEPI.py', '--cfg-path', '/tmp/tmp0b96161g']
[2025-11-13T17:39:46.820+0000] {standard_task_runner.py:105} INFO - Job 312: Subtask generate_sensor_data
[2025-11-13T17:39:46.873+0000] {task_command.py:467} INFO - Running <TaskInstance: iot_sensor_data_dag.generate_sensor_data scheduled__2025-11-13T17:39:30+00:00 [running]> on host 4f76d54186b6
[2025-11-13T17:39:46.948+0000] {taskinstance.py:3134} INFO - Exporting env vars: AIRFLOW_CTX_DAG_OWNER='***' AIRFLOW_CTX_DAG_ID='iot_sensor_data_dag' AIRFLOW_CTX_TASK_ID='generate_sensor_data' AIRFLOW_CTX_EXECUTION_DATE='2025-11-13T17:39:30+00:00' AIRFLOW_CTX_TRY_NUMBER='1' AIRFLOW_CTX_DAG_RUN_ID='scheduled__2025-11-13T17:39:30+00:00'
[2025-11-13T17:39:46.951+0000] {logging_mixin.py:190} INFO - Task instance is in running state
[2025-11-13T17:39:46.952+0000] {logging_mixin.py:190} INFO -  Previous state of the Task instance: queued
[2025-11-13T17:39:46.953+0000] {logging_mixin.py:190} INFO - Current task name:generate_sensor_data state:running start_date:2025-11-13 17:39:46.657600+00:00
[2025-11-13T17:39:46.954+0000] {logging_mixin.py:190} INFO - Dag name:iot_sensor_data_dag and current dag run status:running
[2025-11-13T17:39:46.954+0000] {taskinstance.py:732} INFO - ::endgroup::
[2025-11-13T17:39:46.984+0000] {logging_mixin.py:190} INFO - [2025-11-13 17:39:46.970369] Inserted sensor data: {'time': datetime.datetime(2025, 11, 13, 17, 39, 46, 970369), 'temperature': 27.3800213707823, 'Dissolved_oxygen': 5.9727572222196255, 'PH': 7.584130267032207, 'Ammonia': 0.010552649340331965, 'Nitrite': 0.05463764794646465, 'Turbidty': 40.50560924755618, '_id': ObjectId('691617e2d2a91cf3f40f80f5')}
[2025-11-13T17:39:46.986+0000] {python.py:218} INFO - Done. Returned value was: None
[2025-11-13T17:39:46.996+0000] {taskinstance.py:341} INFO - ::group::Post task execution logs
[2025-11-13T17:39:46.997+0000] {taskinstance.py:353} INFO - Marking task as SUCCESS. dag_id=iot_sensor_data_dag, task_id=generate_sensor_data, run_id=scheduled__2025-11-13T17:39:30+00:00, execution_date=20251113T173930, start_date=20251113T173946, end_date=20251113T173946
[2025-11-13T17:39:47.016+0000] {logging_mixin.py:190} INFO - Task instance in success state
[2025-11-13T17:39:47.017+0000] {logging_mixin.py:190} INFO -  Previous state of the Task instance: running
[2025-11-13T17:39:47.017+0000] {logging_mixin.py:190} INFO - Dag name:iot_sensor_data_dag queued_at:2025-11-13 17:39:45.253602+00:00
[2025-11-13T17:39:47.018+0000] {logging_mixin.py:190} INFO - Task hostname:4f76d54186b6 operator:PythonOperator
[2025-11-13T17:39:47.035+0000] {local_task_job_runner.py:266} INFO - Task exited with return code 0
[2025-11-13T17:39:47.057+0000] {taskinstance.py:3901} INFO - 0 downstream tasks scheduled from follow-on schedule check
[2025-11-13T17:39:47.062+0000] {local_task_job_runner.py:245} INFO - ::endgroup::
