[2025-11-13T18:50:47.095+0000] {local_task_job_runner.py:123} INFO - ::group::Pre task execution logs
[2025-11-13T18:50:47.107+0000] {taskinstance.py:2614} INFO - Dependencies all met for dep_context=non-requeueable deps ti=<TaskInstance: iot_sensor_data_dag.generate_sensor_data scheduled__2025-11-13T18:50:30+00:00 [queued]>
[2025-11-13T18:50:47.112+0000] {taskinstance.py:2614} INFO - Dependencies all met for dep_context=requeueable deps ti=<TaskInstance: iot_sensor_data_dag.generate_sensor_data scheduled__2025-11-13T18:50:30+00:00 [queued]>
[2025-11-13T18:50:47.114+0000] {taskinstance.py:2867} INFO - Starting attempt 1 of 1
[2025-11-13T18:50:47.225+0000] {taskinstance.py:2890} INFO - Executing <Task(PythonOperator): generate_sensor_data> on 2025-11-13 18:50:30+00:00
[2025-11-13T18:50:47.231+0000] {warnings.py:112} WARNING - /home/***/.local/lib/python3.12/site-packages/***/task/task_runner/standard_task_runner.py:70: DeprecationWarning: This process (pid=4002) is multi-threaded, use of fork() may lead to deadlocks in the child.
  pid = os.fork()

[2025-11-13T18:50:47.234+0000] {standard_task_runner.py:72} INFO - Started process 4004 to run task
[2025-11-13T18:50:47.233+0000] {standard_task_runner.py:104} INFO - Running: ['***', 'tasks', 'run', 'iot_sensor_data_dag', 'generate_sensor_data', 'scheduled__2025-11-13T18:50:30+00:00', '--job-id', '596', '--raw', '--subdir', 'DAGS_FOLDER/DEPI.py', '--cfg-path', '/tmp/tmptbg4y5lo']
[2025-11-13T18:50:47.235+0000] {standard_task_runner.py:105} INFO - Job 596: Subtask generate_sensor_data
[2025-11-13T18:50:47.280+0000] {task_command.py:467} INFO - Running <TaskInstance: iot_sensor_data_dag.generate_sensor_data scheduled__2025-11-13T18:50:30+00:00 [running]> on host 4f76d54186b6
[2025-11-13T18:50:47.341+0000] {taskinstance.py:3134} INFO - Exporting env vars: AIRFLOW_CTX_DAG_OWNER='***' AIRFLOW_CTX_DAG_ID='iot_sensor_data_dag' AIRFLOW_CTX_TASK_ID='generate_sensor_data' AIRFLOW_CTX_EXECUTION_DATE='2025-11-13T18:50:30+00:00' AIRFLOW_CTX_TRY_NUMBER='1' AIRFLOW_CTX_DAG_RUN_ID='scheduled__2025-11-13T18:50:30+00:00'
[2025-11-13T18:50:47.342+0000] {logging_mixin.py:190} INFO - Task instance is in running state
[2025-11-13T18:50:47.343+0000] {logging_mixin.py:190} INFO -  Previous state of the Task instance: queued
[2025-11-13T18:50:47.343+0000] {logging_mixin.py:190} INFO - Current task name:generate_sensor_data state:running start_date:2025-11-13 18:50:47.108350+00:00
[2025-11-13T18:50:47.344+0000] {logging_mixin.py:190} INFO - Dag name:iot_sensor_data_dag and current dag run status:running
[2025-11-13T18:50:47.345+0000] {taskinstance.py:732} INFO - ::endgroup::
[2025-11-13T18:50:47.380+0000] {logging_mixin.py:190} INFO - [2025-11-13 18:50:47.360181] Inserted sensor data: {'time': datetime.datetime(2025, 11, 13, 18, 50, 47, 360181), 'temperature': 27.412835416115815, 'Dissolved_oxygen': 6.047036477104377, 'PH': 7.582373506320386, 'Ammonia': 0.009633089049391691, 'Nitrite': 0.04836793463834352, 'Turbidty': 39.37583911230778, '_id': ObjectId('69162887d76c98c400df0895')}
[2025-11-13T18:50:47.383+0000] {python.py:218} INFO - Done. Returned value was: None
[2025-11-13T18:50:47.393+0000] {taskinstance.py:341} INFO - ::group::Post task execution logs
[2025-11-13T18:50:47.393+0000] {taskinstance.py:353} INFO - Marking task as SUCCESS. dag_id=iot_sensor_data_dag, task_id=generate_sensor_data, run_id=scheduled__2025-11-13T18:50:30+00:00, execution_date=20251113T185030, start_date=20251113T185047, end_date=20251113T185047
[2025-11-13T18:50:47.410+0000] {logging_mixin.py:190} INFO - Task instance in success state
[2025-11-13T18:50:47.412+0000] {logging_mixin.py:190} INFO -  Previous state of the Task instance: running
[2025-11-13T18:50:47.413+0000] {logging_mixin.py:190} INFO - Dag name:iot_sensor_data_dag queued_at:2025-11-13 18:50:45.847113+00:00
[2025-11-13T18:50:47.413+0000] {logging_mixin.py:190} INFO - Task hostname:4f76d54186b6 operator:PythonOperator
[2025-11-13T18:50:47.454+0000] {local_task_job_runner.py:266} INFO - Task exited with return code 0
[2025-11-13T18:50:47.479+0000] {taskinstance.py:3901} INFO - 0 downstream tasks scheduled from follow-on schedule check
[2025-11-13T18:50:47.482+0000] {local_task_job_runner.py:245} INFO - ::endgroup::
