[2025-11-13T17:51:46.861+0000] {local_task_job_runner.py:123} INFO - ::group::Pre task execution logs
[2025-11-13T17:51:45.707+0000] {taskinstance.py:2614} INFO - Dependencies all met for dep_context=non-requeueable deps ti=<TaskInstance: iot_sensor_data_dag.generate_sensor_data scheduled__2025-11-13T17:51:30+00:00 [queued]>
[2025-11-13T17:51:45.718+0000] {taskinstance.py:2614} INFO - Dependencies all met for dep_context=requeueable deps ti=<TaskInstance: iot_sensor_data_dag.generate_sensor_data scheduled__2025-11-13T17:51:30+00:00 [queued]>
[2025-11-13T17:51:45.719+0000] {taskinstance.py:2867} INFO - Starting attempt 1 of 1
[2025-11-13T17:51:45.917+0000] {taskinstance.py:2890} INFO - Executing <Task(PythonOperator): generate_sensor_data> on 2025-11-13 17:51:30+00:00
[2025-11-13T17:51:45.927+0000] {warnings.py:112} WARNING - /home/***/.local/lib/python3.12/site-packages/***/task/task_runner/standard_task_runner.py:70: DeprecationWarning: This process (pid=1536) is multi-threaded, use of fork() may lead to deadlocks in the child.
  pid = os.fork()

[2025-11-13T17:51:45.930+0000] {standard_task_runner.py:72} INFO - Started process 1538 to run task
[2025-11-13T17:51:45.931+0000] {standard_task_runner.py:104} INFO - Running: ['***', 'tasks', 'run', 'iot_sensor_data_dag', 'generate_sensor_data', 'scheduled__2025-11-13T17:51:30+00:00', '--job-id', '360', '--raw', '--subdir', 'DAGS_FOLDER/DEPI.py', '--cfg-path', '/tmp/tmp_s33h552']
[2025-11-13T17:51:45.933+0000] {standard_task_runner.py:105} INFO - Job 360: Subtask generate_sensor_data
[2025-11-13T17:51:46.002+0000] {task_command.py:467} INFO - Running <TaskInstance: iot_sensor_data_dag.generate_sensor_data scheduled__2025-11-13T17:51:30+00:00 [running]> on host 4f76d54186b6
[2025-11-13T17:51:46.117+0000] {taskinstance.py:3134} INFO - Exporting env vars: AIRFLOW_CTX_DAG_OWNER='***' AIRFLOW_CTX_DAG_ID='iot_sensor_data_dag' AIRFLOW_CTX_TASK_ID='generate_sensor_data' AIRFLOW_CTX_EXECUTION_DATE='2025-11-13T17:51:30+00:00' AIRFLOW_CTX_TRY_NUMBER='1' AIRFLOW_CTX_DAG_RUN_ID='scheduled__2025-11-13T17:51:30+00:00'
[2025-11-13T17:51:46.120+0000] {logging_mixin.py:190} INFO - Task instance is in running state
[2025-11-13T17:51:46.121+0000] {logging_mixin.py:190} INFO -  Previous state of the Task instance: queued
[2025-11-13T17:51:46.122+0000] {logging_mixin.py:190} INFO - Current task name:generate_sensor_data state:running start_date:2025-11-13 17:51:45.709271+00:00
[2025-11-13T17:51:46.124+0000] {logging_mixin.py:190} INFO - Dag name:iot_sensor_data_dag and current dag run status:running
[2025-11-13T17:51:46.125+0000] {taskinstance.py:732} INFO - ::endgroup::
[2025-11-13T17:51:46.173+0000] {logging_mixin.py:190} INFO - [2025-11-13 17:51:46.150166] Inserted sensor data: {'time': datetime.datetime(2025, 11, 13, 17, 51, 46, 150166), 'temperature': 27.66293550493745, 'Dissolved_oxygen': 5.9313593594435785, 'PH': 7.5589204039154305, 'Ammonia': 0.010740579273927768, 'Nitrite': 0.05471702055004971, 'Turbidty': 40.02897517874357, '_id': ObjectId('69161ab2e46f1ae73e2e2a02')}
[2025-11-13T17:51:46.177+0000] {python.py:218} INFO - Done. Returned value was: None
[2025-11-13T17:51:46.196+0000] {taskinstance.py:341} INFO - ::group::Post task execution logs
[2025-11-13T17:51:46.198+0000] {taskinstance.py:353} INFO - Marking task as SUCCESS. dag_id=iot_sensor_data_dag, task_id=generate_sensor_data, run_id=scheduled__2025-11-13T17:51:30+00:00, execution_date=20251113T175130, start_date=20251113T175145, end_date=20251113T175146
[2025-11-13T17:51:46.239+0000] {logging_mixin.py:190} INFO - Task instance in success state
[2025-11-13T17:51:46.240+0000] {logging_mixin.py:190} INFO -  Previous state of the Task instance: running
[2025-11-13T17:51:46.242+0000] {logging_mixin.py:190} INFO - Dag name:iot_sensor_data_dag queued_at:2025-11-13 17:51:45.184510+00:00
[2025-11-13T17:51:46.243+0000] {logging_mixin.py:190} INFO - Task hostname:4f76d54186b6 operator:PythonOperator
[2025-11-13T17:51:46.270+0000] {local_task_job_runner.py:266} INFO - Task exited with return code 0
[2025-11-13T17:51:46.315+0000] {taskinstance.py:3901} INFO - 0 downstream tasks scheduled from follow-on schedule check
[2025-11-13T17:51:46.325+0000] {local_task_job_runner.py:245} INFO - ::endgroup::
