[2025-11-13T17:47:48.055+0000] {local_task_job_runner.py:123} INFO - ::group::Pre task execution logs
[2025-11-13T17:47:48.079+0000] {taskinstance.py:2614} INFO - Dependencies all met for dep_context=non-requeueable deps ti=<TaskInstance: iot_sensor_data_dag.generate_sensor_data scheduled__2025-11-13T17:47:30+00:00 [queued]>
[2025-11-13T17:47:48.091+0000] {taskinstance.py:2614} INFO - Dependencies all met for dep_context=requeueable deps ti=<TaskInstance: iot_sensor_data_dag.generate_sensor_data scheduled__2025-11-13T17:47:30+00:00 [queued]>
[2025-11-13T17:47:48.093+0000] {taskinstance.py:2867} INFO - Starting attempt 1 of 1
[2025-11-13T17:47:48.312+0000] {taskinstance.py:2890} INFO - Executing <Task(PythonOperator): generate_sensor_data> on 2025-11-13 17:47:30+00:00
[2025-11-13T17:47:48.323+0000] {warnings.py:112} WARNING - /home/***/.local/lib/python3.12/site-packages/***/task/task_runner/standard_task_runner.py:70: DeprecationWarning: This process (pid=1367) is multi-threaded, use of fork() may lead to deadlocks in the child.
  pid = os.fork()

[2025-11-13T17:47:48.327+0000] {standard_task_runner.py:104} INFO - Running: ['***', 'tasks', 'run', 'iot_sensor_data_dag', 'generate_sensor_data', 'scheduled__2025-11-13T17:47:30+00:00', '--job-id', '344', '--raw', '--subdir', 'DAGS_FOLDER/DEPI.py', '--cfg-path', '/tmp/tmpgiqe8rvw']
[2025-11-13T17:47:48.328+0000] {standard_task_runner.py:72} INFO - Started process 1369 to run task
[2025-11-13T17:47:48.330+0000] {standard_task_runner.py:105} INFO - Job 344: Subtask generate_sensor_data
[2025-11-13T17:47:48.401+0000] {task_command.py:467} INFO - Running <TaskInstance: iot_sensor_data_dag.generate_sensor_data scheduled__2025-11-13T17:47:30+00:00 [running]> on host 4f76d54186b6
[2025-11-13T17:47:48.518+0000] {taskinstance.py:3134} INFO - Exporting env vars: AIRFLOW_CTX_DAG_OWNER='***' AIRFLOW_CTX_DAG_ID='iot_sensor_data_dag' AIRFLOW_CTX_TASK_ID='generate_sensor_data' AIRFLOW_CTX_EXECUTION_DATE='2025-11-13T17:47:30+00:00' AIRFLOW_CTX_TRY_NUMBER='1' AIRFLOW_CTX_DAG_RUN_ID='scheduled__2025-11-13T17:47:30+00:00'
[2025-11-13T17:47:48.521+0000] {logging_mixin.py:190} INFO - Task instance is in running state
[2025-11-13T17:47:48.522+0000] {logging_mixin.py:190} INFO -  Previous state of the Task instance: queued
[2025-11-13T17:47:48.523+0000] {logging_mixin.py:190} INFO - Current task name:generate_sensor_data state:running start_date:2025-11-13 17:47:48.081281+00:00
[2025-11-13T17:47:48.524+0000] {logging_mixin.py:190} INFO - Dag name:iot_sensor_data_dag and current dag run status:running
[2025-11-13T17:47:48.525+0000] {taskinstance.py:732} INFO - ::endgroup::
[2025-11-13T17:47:48.571+0000] {logging_mixin.py:190} INFO - [2025-11-13 17:47:48.549211] Inserted sensor data: {'time': datetime.datetime(2025, 11, 13, 17, 47, 48, 549211), 'temperature': 27.56748974466607, 'Dissolved_oxygen': 6.066531324046715, 'PH': 7.4596376260734525, 'Ammonia': 0.010063049092831566, 'Nitrite': 0.05121928366207748, 'Turbidty': 39.90798136288899, '_id': ObjectId('691619c43fc71f7a17a3ef04')}
[2025-11-13T17:47:48.574+0000] {python.py:218} INFO - Done. Returned value was: None
[2025-11-13T17:47:48.593+0000] {taskinstance.py:341} INFO - ::group::Post task execution logs
[2025-11-13T17:47:48.594+0000] {taskinstance.py:353} INFO - Marking task as SUCCESS. dag_id=iot_sensor_data_dag, task_id=generate_sensor_data, run_id=scheduled__2025-11-13T17:47:30+00:00, execution_date=20251113T174730, start_date=20251113T174748, end_date=20251113T174748
[2025-11-13T17:47:48.625+0000] {logging_mixin.py:190} INFO - Task instance in success state
[2025-11-13T17:47:48.626+0000] {logging_mixin.py:190} INFO -  Previous state of the Task instance: running
[2025-11-13T17:47:48.627+0000] {logging_mixin.py:190} INFO - Dag name:iot_sensor_data_dag queued_at:2025-11-13 17:47:45.859849+00:00
[2025-11-13T17:47:48.628+0000] {logging_mixin.py:190} INFO - Task hostname:4f76d54186b6 operator:PythonOperator
[2025-11-13T17:47:48.673+0000] {local_task_job_runner.py:266} INFO - Task exited with return code 0
[2025-11-13T17:47:48.710+0000] {taskinstance.py:3901} INFO - 0 downstream tasks scheduled from follow-on schedule check
[2025-11-13T17:47:48.717+0000] {local_task_job_runner.py:245} INFO - ::endgroup::
