[2025-11-13T19:06:47.119+0000] {local_task_job_runner.py:123} INFO - ::group::Pre task execution logs
[2025-11-13T19:06:47.138+0000] {taskinstance.py:2614} INFO - Dependencies all met for dep_context=non-requeueable deps ti=<TaskInstance: iot_sensor_data_dag.generate_sensor_data scheduled__2025-11-13T19:06:30+00:00 [queued]>
[2025-11-13T19:06:47.148+0000] {taskinstance.py:2614} INFO - Dependencies all met for dep_context=requeueable deps ti=<TaskInstance: iot_sensor_data_dag.generate_sensor_data scheduled__2025-11-13T19:06:30+00:00 [queued]>
[2025-11-13T19:06:47.152+0000] {taskinstance.py:2867} INFO - Starting attempt 1 of 1
[2025-11-13T19:06:47.311+0000] {taskinstance.py:2890} INFO - Executing <Task(PythonOperator): generate_sensor_data> on 2025-11-13 19:06:30+00:00
[2025-11-13T19:06:47.318+0000] {warnings.py:112} WARNING - /home/***/.local/lib/python3.12/site-packages/***/task/task_runner/standard_task_runner.py:70: DeprecationWarning: This process (pid=4673) is multi-threaded, use of fork() may lead to deadlocks in the child.
  pid = os.fork()

[2025-11-13T19:06:47.320+0000] {standard_task_runner.py:104} INFO - Running: ['***', 'tasks', 'run', 'iot_sensor_data_dag', 'generate_sensor_data', 'scheduled__2025-11-13T19:06:30+00:00', '--job-id', '660', '--raw', '--subdir', 'DAGS_FOLDER/DEPI.py', '--cfg-path', '/tmp/tmp7_h7h4oe']
[2025-11-13T19:06:47.321+0000] {standard_task_runner.py:72} INFO - Started process 4675 to run task
[2025-11-13T19:06:47.323+0000] {standard_task_runner.py:105} INFO - Job 660: Subtask generate_sensor_data
[2025-11-13T19:06:47.378+0000] {task_command.py:467} INFO - Running <TaskInstance: iot_sensor_data_dag.generate_sensor_data scheduled__2025-11-13T19:06:30+00:00 [running]> on host 4f76d54186b6
[2025-11-13T19:06:47.488+0000] {taskinstance.py:3134} INFO - Exporting env vars: AIRFLOW_CTX_DAG_OWNER='***' AIRFLOW_CTX_DAG_ID='iot_sensor_data_dag' AIRFLOW_CTX_TASK_ID='generate_sensor_data' AIRFLOW_CTX_EXECUTION_DATE='2025-11-13T19:06:30+00:00' AIRFLOW_CTX_TRY_NUMBER='1' AIRFLOW_CTX_DAG_RUN_ID='scheduled__2025-11-13T19:06:30+00:00'
[2025-11-13T19:06:47.491+0000] {logging_mixin.py:190} INFO - Task instance is in running state
[2025-11-13T19:06:47.492+0000] {logging_mixin.py:190} INFO -  Previous state of the Task instance: queued
[2025-11-13T19:06:47.495+0000] {logging_mixin.py:190} INFO - Current task name:generate_sensor_data state:running start_date:2025-11-13 19:06:47.141006+00:00
[2025-11-13T19:06:47.496+0000] {logging_mixin.py:190} INFO - Dag name:iot_sensor_data_dag and current dag run status:running
[2025-11-13T19:06:47.498+0000] {taskinstance.py:732} INFO - ::endgroup::
[2025-11-13T19:06:47.549+0000] {logging_mixin.py:190} INFO - [2025-11-13 19:06:47.524863] Inserted sensor data: {'time': datetime.datetime(2025, 11, 13, 19, 6, 47, 524863), 'temperature': 27.471722541568955, 'Dissolved_oxygen': 5.919980718422336, 'PH': 7.4740584132680645, 'Ammonia': 0.010680177928722803, 'Nitrite': 0.053754113359694766, 'Turbidty': 39.25508439792196, '_id': ObjectId('69162c47fa9648a3821e5e72')}
[2025-11-13T19:06:47.552+0000] {python.py:218} INFO - Done. Returned value was: None
[2025-11-13T19:06:47.567+0000] {taskinstance.py:341} INFO - ::group::Post task execution logs
[2025-11-13T19:06:47.568+0000] {taskinstance.py:353} INFO - Marking task as SUCCESS. dag_id=iot_sensor_data_dag, task_id=generate_sensor_data, run_id=scheduled__2025-11-13T19:06:30+00:00, execution_date=20251113T190630, start_date=20251113T190647, end_date=20251113T190647
[2025-11-13T19:06:47.613+0000] {logging_mixin.py:190} INFO - Task instance in success state
[2025-11-13T19:06:47.614+0000] {logging_mixin.py:190} INFO -  Previous state of the Task instance: running
[2025-11-13T19:06:47.615+0000] {logging_mixin.py:190} INFO - Dag name:iot_sensor_data_dag queued_at:2025-11-13 19:06:45.225072+00:00
[2025-11-13T19:06:47.616+0000] {logging_mixin.py:190} INFO - Task hostname:4f76d54186b6 operator:PythonOperator
[2025-11-13T19:06:47.635+0000] {local_task_job_runner.py:266} INFO - Task exited with return code 0
[2025-11-13T19:06:47.661+0000] {taskinstance.py:3901} INFO - 0 downstream tasks scheduled from follow-on schedule check
[2025-11-13T19:06:47.677+0000] {local_task_job_runner.py:245} INFO - ::endgroup::
