[2025-11-16T21:15:01.165+0000] {local_task_job_runner.py:123} INFO - ::group::Pre task execution logs
[2025-11-16T21:15:01.175+0000] {taskinstance.py:2614} INFO - Dependencies all met for dep_context=non-requeueable deps ti=<TaskInstance: iot_sensor_data_dag.generate_sensor_data scheduled__2025-11-16T21:14:35+00:00 [queued]>
[2025-11-16T21:15:01.180+0000] {taskinstance.py:2614} INFO - Dependencies all met for dep_context=requeueable deps ti=<TaskInstance: iot_sensor_data_dag.generate_sensor_data scheduled__2025-11-16T21:14:35+00:00 [queued]>
[2025-11-16T21:15:01.181+0000] {taskinstance.py:2867} INFO - Starting attempt 1 of 1
[2025-11-16T21:15:01.190+0000] {taskinstance.py:2890} INFO - Executing <Task(PythonOperator): generate_sensor_data> on 2025-11-16 21:14:35+00:00
[2025-11-16T21:15:01.195+0000] {warnings.py:112} WARNING - /home/***/.local/lib/python3.12/site-packages/***/task/task_runner/standard_task_runner.py:70: DeprecationWarning: This process (pid=1681) is multi-threaded, use of fork() may lead to deadlocks in the child.
  pid = os.fork()

[2025-11-16T21:15:01.197+0000] {standard_task_runner.py:72} INFO - Started process 1683 to run task
[2025-11-16T21:15:01.197+0000] {standard_task_runner.py:104} INFO - Running: ['***', 'tasks', 'run', 'iot_sensor_data_dag', 'generate_sensor_data', 'scheduled__2025-11-16T21:14:35+00:00', '--job-id', '1756', '--raw', '--subdir', 'DAGS_FOLDER/DEPI.py', '--cfg-path', '/tmp/tmpl3rc_9a_']
[2025-11-16T21:15:01.198+0000] {standard_task_runner.py:105} INFO - Job 1756: Subtask generate_sensor_data
[2025-11-16T21:15:01.386+0000] {task_command.py:467} INFO - Running <TaskInstance: iot_sensor_data_dag.generate_sensor_data scheduled__2025-11-16T21:14:35+00:00 [running]> on host 4f76d54186b6
[2025-11-16T21:15:01.438+0000] {taskinstance.py:3134} INFO - Exporting env vars: AIRFLOW_CTX_DAG_OWNER='***' AIRFLOW_CTX_DAG_ID='iot_sensor_data_dag' AIRFLOW_CTX_TASK_ID='generate_sensor_data' AIRFLOW_CTX_EXECUTION_DATE='2025-11-16T21:14:35+00:00' AIRFLOW_CTX_TRY_NUMBER='1' AIRFLOW_CTX_DAG_RUN_ID='scheduled__2025-11-16T21:14:35+00:00'
[2025-11-16T21:15:01.440+0000] {logging_mixin.py:190} INFO - Task instance is in running state
[2025-11-16T21:15:01.443+0000] {logging_mixin.py:190} INFO -  Previous state of the Task instance: queued
[2025-11-16T21:15:01.445+0000] {logging_mixin.py:190} INFO - Current task name:generate_sensor_data state:running start_date:2025-11-16 21:15:01.176605+00:00
[2025-11-16T21:15:01.449+0000] {logging_mixin.py:190} INFO - Dag name:iot_sensor_data_dag and current dag run status:running
[2025-11-16T21:15:01.449+0000] {taskinstance.py:732} INFO - ::endgroup::
[2025-11-16T21:20:03.456+0000] {python.py:218} INFO - Done. Returned value was: None
[2025-11-16T21:20:03.467+0000] {taskinstance.py:341} INFO - ::group::Post task execution logs
[2025-11-16T21:20:03.468+0000] {taskinstance.py:353} INFO - Marking task as SUCCESS. dag_id=iot_sensor_data_dag, task_id=generate_sensor_data, run_id=scheduled__2025-11-16T21:14:35+00:00, execution_date=20251116T211435, start_date=20251116T211501, end_date=20251116T212003
[2025-11-16T21:20:03.487+0000] {logging_mixin.py:190} INFO - Task instance in success state
[2025-11-16T21:20:03.488+0000] {logging_mixin.py:190} INFO -  Previous state of the Task instance: running
[2025-11-16T21:20:03.488+0000] {logging_mixin.py:190} INFO - Dag name:iot_sensor_data_dag queued_at:2025-11-16 21:15:00.053509+00:00
[2025-11-16T21:20:03.489+0000] {logging_mixin.py:190} INFO - Task hostname:4f76d54186b6 operator:PythonOperator
[2025-11-16T21:20:03.516+0000] {local_task_job_runner.py:266} INFO - Task exited with return code 0
[2025-11-16T21:20:03.533+0000] {taskinstance.py:3901} INFO - 1 downstream tasks scheduled from follow-on schedule check
[2025-11-16T21:20:03.538+0000] {local_task_job_runner.py:245} INFO - ::endgroup::
