[2025-11-13T17:54:32.828+0000] {local_task_job_runner.py:123} INFO - ::group::Pre task execution logs
[2025-11-13T17:54:32.854+0000] {taskinstance.py:2614} INFO - Dependencies all met for dep_context=non-requeueable deps ti=<TaskInstance: iot_sensor_data_dag.generate_sensor_data scheduled__2025-11-13T17:54:15+00:00 [queued]>
[2025-11-13T17:54:32.864+0000] {taskinstance.py:2614} INFO - Dependencies all met for dep_context=requeueable deps ti=<TaskInstance: iot_sensor_data_dag.generate_sensor_data scheduled__2025-11-13T17:54:15+00:00 [queued]>
[2025-11-13T17:54:32.866+0000] {taskinstance.py:2867} INFO - Starting attempt 1 of 1
[2025-11-13T17:54:33.046+0000] {taskinstance.py:2890} INFO - Executing <Task(PythonOperator): generate_sensor_data> on 2025-11-13 17:54:15+00:00
[2025-11-13T17:54:33.056+0000] {warnings.py:112} WARNING - /home/***/.local/lib/python3.12/site-packages/***/task/task_runner/standard_task_runner.py:70: DeprecationWarning: This process (pid=1648) is multi-threaded, use of fork() may lead to deadlocks in the child.
  pid = os.fork()

[2025-11-13T17:54:33.059+0000] {standard_task_runner.py:72} INFO - Started process 1650 to run task
[2025-11-13T17:54:33.059+0000] {standard_task_runner.py:104} INFO - Running: ['***', 'tasks', 'run', 'iot_sensor_data_dag', 'generate_sensor_data', 'scheduled__2025-11-13T17:54:15+00:00', '--job-id', '371', '--raw', '--subdir', 'DAGS_FOLDER/DEPI.py', '--cfg-path', '/tmp/tmp4y10v2b1']
[2025-11-13T17:54:33.062+0000] {standard_task_runner.py:105} INFO - Job 371: Subtask generate_sensor_data
[2025-11-13T17:54:33.132+0000] {task_command.py:467} INFO - Running <TaskInstance: iot_sensor_data_dag.generate_sensor_data scheduled__2025-11-13T17:54:15+00:00 [running]> on host 4f76d54186b6
[2025-11-13T17:54:33.259+0000] {taskinstance.py:3134} INFO - Exporting env vars: AIRFLOW_CTX_DAG_OWNER='***' AIRFLOW_CTX_DAG_ID='iot_sensor_data_dag' AIRFLOW_CTX_TASK_ID='generate_sensor_data' AIRFLOW_CTX_EXECUTION_DATE='2025-11-13T17:54:15+00:00' AIRFLOW_CTX_TRY_NUMBER='1' AIRFLOW_CTX_DAG_RUN_ID='scheduled__2025-11-13T17:54:15+00:00'
[2025-11-13T17:54:33.263+0000] {logging_mixin.py:190} INFO - Task instance is in running state
[2025-11-13T17:54:33.264+0000] {logging_mixin.py:190} INFO -  Previous state of the Task instance: queued
[2025-11-13T17:54:33.265+0000] {logging_mixin.py:190} INFO - Current task name:generate_sensor_data state:running start_date:2025-11-13 17:54:32.855960+00:00
[2025-11-13T17:54:33.266+0000] {logging_mixin.py:190} INFO - Dag name:iot_sensor_data_dag and current dag run status:running
[2025-11-13T17:54:33.267+0000] {taskinstance.py:732} INFO - ::endgroup::
[2025-11-13T17:54:33.335+0000] {logging_mixin.py:190} INFO - [2025-11-13 17:54:33.295833] Inserted sensor data: {'time': datetime.datetime(2025, 11, 13, 17, 54, 33, 295833), 'temperature': 27.556917744749484, 'Dissolved_oxygen': 6.0947186656080445, 'PH': 7.5188485533578495, 'Ammonia': 0.010244807308560191, 'Nitrite': 0.05419342454107394, 'Turbidty': 39.79405134966096, '_id': ObjectId('69161b597e79f7a438638276')}
[2025-11-13T17:54:33.343+0000] {python.py:218} INFO - Done. Returned value was: None
[2025-11-13T17:54:33.363+0000] {taskinstance.py:341} INFO - ::group::Post task execution logs
[2025-11-13T17:54:33.365+0000] {taskinstance.py:353} INFO - Marking task as SUCCESS. dag_id=iot_sensor_data_dag, task_id=generate_sensor_data, run_id=scheduled__2025-11-13T17:54:15+00:00, execution_date=20251113T175415, start_date=20251113T175432, end_date=20251113T175433
[2025-11-13T17:54:33.402+0000] {logging_mixin.py:190} INFO - Task instance in success state
[2025-11-13T17:54:33.404+0000] {logging_mixin.py:190} INFO -  Previous state of the Task instance: running
[2025-11-13T17:54:33.406+0000] {logging_mixin.py:190} INFO - Dag name:iot_sensor_data_dag queued_at:2025-11-13 17:54:30.675457+00:00
[2025-11-13T17:54:33.407+0000] {logging_mixin.py:190} INFO - Task hostname:4f76d54186b6 operator:PythonOperator
[2025-11-13T17:54:33.449+0000] {local_task_job_runner.py:266} INFO - Task exited with return code 0
[2025-11-13T17:54:33.492+0000] {taskinstance.py:3901} INFO - 0 downstream tasks scheduled from follow-on schedule check
[2025-11-13T17:54:33.500+0000] {local_task_job_runner.py:245} INFO - ::endgroup::
