[2025-11-15T12:19:03.047+0000] {local_task_job_runner.py:123} INFO - ::group::Pre task execution logs
[2025-11-15T12:19:03.060+0000] {taskinstance.py:2614} INFO - Dependencies all met for dep_context=non-requeueable deps ti=<TaskInstance: iot_sensor_data_dag.generate_sensor_data scheduled__2025-11-15T12:18:45+00:00 [queued]>
[2025-11-15T12:19:03.065+0000] {taskinstance.py:2614} INFO - Dependencies all met for dep_context=requeueable deps ti=<TaskInstance: iot_sensor_data_dag.generate_sensor_data scheduled__2025-11-15T12:18:45+00:00 [queued]>
[2025-11-15T12:19:03.067+0000] {taskinstance.py:2867} INFO - Starting attempt 1 of 1
[2025-11-15T12:19:03.077+0000] {taskinstance.py:2890} INFO - Executing <Task(PythonOperator): generate_sensor_data> on 2025-11-15 12:18:45+00:00
[2025-11-15T12:19:03.083+0000] {warnings.py:112} WARNING - /home/***/.local/lib/python3.12/site-packages/***/task/task_runner/standard_task_runner.py:70: DeprecationWarning: This process (pid=991) is multi-threaded, use of fork() may lead to deadlocks in the child.
  pid = os.fork()

[2025-11-15T12:19:03.085+0000] {standard_task_runner.py:72} INFO - Started process 993 to run task
[2025-11-15T12:19:03.086+0000] {standard_task_runner.py:104} INFO - Running: ['***', 'tasks', 'run', 'iot_sensor_data_dag', 'generate_sensor_data', 'scheduled__2025-11-15T12:18:45+00:00', '--job-id', '1247', '--raw', '--subdir', 'DAGS_FOLDER/DEPI.py', '--cfg-path', '/tmp/tmpqg4ha1qw']
[2025-11-15T12:19:03.087+0000] {standard_task_runner.py:105} INFO - Job 1247: Subtask generate_sensor_data
[2025-11-15T12:19:03.312+0000] {task_command.py:467} INFO - Running <TaskInstance: iot_sensor_data_dag.generate_sensor_data scheduled__2025-11-15T12:18:45+00:00 [running]> on host 4f76d54186b6
[2025-11-15T12:19:03.367+0000] {taskinstance.py:3134} INFO - Exporting env vars: AIRFLOW_CTX_DAG_OWNER='***' AIRFLOW_CTX_DAG_ID='iot_sensor_data_dag' AIRFLOW_CTX_TASK_ID='generate_sensor_data' AIRFLOW_CTX_EXECUTION_DATE='2025-11-15T12:18:45+00:00' AIRFLOW_CTX_TRY_NUMBER='1' AIRFLOW_CTX_DAG_RUN_ID='scheduled__2025-11-15T12:18:45+00:00'
[2025-11-15T12:19:03.369+0000] {logging_mixin.py:190} INFO - Task instance is in running state
[2025-11-15T12:19:03.370+0000] {logging_mixin.py:190} INFO -  Previous state of the Task instance: queued
[2025-11-15T12:19:03.370+0000] {logging_mixin.py:190} INFO - Current task name:generate_sensor_data state:running start_date:2025-11-15 12:19:03.060835+00:00
[2025-11-15T12:19:03.372+0000] {logging_mixin.py:190} INFO - Dag name:iot_sensor_data_dag and current dag run status:running
[2025-11-15T12:19:03.372+0000] {taskinstance.py:732} INFO - ::endgroup::
[2025-11-15T12:19:03.396+0000] {logging_mixin.py:190} INFO - [2025-11-15 12:19:03.384939] Inserted sensor data: {'time': '2025-11-15T12:19:03.384939', 'temperature': 27.39122548204431, 'Dissolved_oxygen': 6.02111466896321, 'PH': 7.404130027951995, 'Ammonia': 0.00979506517303049, 'Nitrite': 0.049133020425533046, 'Turbidty': 39.265314458141695, '_id': '69186fb727df9078a9190947'}
[2025-11-15T12:21:25.879+0000] {job.py:229} INFO - Heartbeat recovered after 11.85 seconds
[2025-11-15T12:24:11.308+0000] {python.py:218} INFO - Done. Returned value was: None
[2025-11-15T12:24:09.836+0000] {taskinstance.py:341} INFO - ::group::Post task execution logs
[2025-11-15T12:24:09.836+0000] {job.py:229} INFO - Heartbeat recovered after 163.98 seconds
[2025-11-15T12:24:09.837+0000] {taskinstance.py:353} INFO - Marking task as SUCCESS. dag_id=iot_sensor_data_dag, task_id=generate_sensor_data, run_id=scheduled__2025-11-15T12:18:45+00:00, execution_date=20251115T121845, start_date=20251115T121903, end_date=20251115T122409
[2025-11-15T12:24:09.932+0000] {logging_mixin.py:190} INFO - Task instance in success state
[2025-11-15T12:24:09.933+0000] {logging_mixin.py:190} INFO -  Previous state of the Task instance: running
[2025-11-15T12:24:09.933+0000] {logging_mixin.py:190} INFO - Dag name:iot_sensor_data_dag queued_at:2025-11-15 12:19:00.490984+00:00
[2025-11-15T12:24:09.934+0000] {logging_mixin.py:190} INFO - Task hostname:4f76d54186b6 operator:PythonOperator
[2025-11-15T12:24:09.945+0000] {local_task_job_runner.py:266} INFO - Task exited with return code 0
[2025-11-15T12:24:09.971+0000] {taskinstance.py:3901} INFO - 0 downstream tasks scheduled from follow-on schedule check
[2025-11-15T12:24:09.977+0000] {local_task_job_runner.py:245} INFO - ::endgroup::
