[2025-11-13T19:04:01.592+0000] {local_task_job_runner.py:123} INFO - ::group::Pre task execution logs
[2025-11-13T19:04:01.613+0000] {taskinstance.py:2614} INFO - Dependencies all met for dep_context=non-requeueable deps ti=<TaskInstance: iot_sensor_data_dag.generate_sensor_data scheduled__2025-11-13T19:03:45+00:00 [queued]>
[2025-11-13T19:04:01.621+0000] {taskinstance.py:2614} INFO - Dependencies all met for dep_context=requeueable deps ti=<TaskInstance: iot_sensor_data_dag.generate_sensor_data scheduled__2025-11-13T19:03:45+00:00 [queued]>
[2025-11-13T19:04:01.624+0000] {taskinstance.py:2867} INFO - Starting attempt 1 of 1
[2025-11-13T19:04:01.777+0000] {taskinstance.py:2890} INFO - Executing <Task(PythonOperator): generate_sensor_data> on 2025-11-13 19:03:45+00:00
[2025-11-13T19:04:01.784+0000] {warnings.py:112} WARNING - /home/***/.local/lib/python3.12/site-packages/***/task/task_runner/standard_task_runner.py:70: DeprecationWarning: This process (pid=4554) is multi-threaded, use of fork() may lead to deadlocks in the child.
  pid = os.fork()

[2025-11-13T19:04:01.786+0000] {standard_task_runner.py:72} INFO - Started process 4556 to run task
[2025-11-13T19:04:01.787+0000] {standard_task_runner.py:104} INFO - Running: ['***', 'tasks', 'run', 'iot_sensor_data_dag', 'generate_sensor_data', 'scheduled__2025-11-13T19:03:45+00:00', '--job-id', '649', '--raw', '--subdir', 'DAGS_FOLDER/DEPI.py', '--cfg-path', '/tmp/tmpwqyxvjk7']
[2025-11-13T19:04:01.788+0000] {standard_task_runner.py:105} INFO - Job 649: Subtask generate_sensor_data
[2025-11-13T19:04:01.853+0000] {task_command.py:467} INFO - Running <TaskInstance: iot_sensor_data_dag.generate_sensor_data scheduled__2025-11-13T19:03:45+00:00 [running]> on host 4f76d54186b6
[2025-11-13T19:04:01.933+0000] {taskinstance.py:3134} INFO - Exporting env vars: AIRFLOW_CTX_DAG_OWNER='***' AIRFLOW_CTX_DAG_ID='iot_sensor_data_dag' AIRFLOW_CTX_TASK_ID='generate_sensor_data' AIRFLOW_CTX_EXECUTION_DATE='2025-11-13T19:03:45+00:00' AIRFLOW_CTX_TRY_NUMBER='1' AIRFLOW_CTX_DAG_RUN_ID='scheduled__2025-11-13T19:03:45+00:00'
[2025-11-13T19:04:01.936+0000] {logging_mixin.py:190} INFO - Task instance is in running state
[2025-11-13T19:04:01.937+0000] {logging_mixin.py:190} INFO -  Previous state of the Task instance: queued
[2025-11-13T19:04:01.938+0000] {logging_mixin.py:190} INFO - Current task name:generate_sensor_data state:running start_date:2025-11-13 19:04:01.614984+00:00
[2025-11-13T19:04:01.939+0000] {logging_mixin.py:190} INFO - Dag name:iot_sensor_data_dag and current dag run status:running
[2025-11-13T19:04:01.940+0000] {taskinstance.py:732} INFO - ::endgroup::
[2025-11-13T19:04:01.978+0000] {logging_mixin.py:190} INFO - [2025-11-13 19:04:01.960542] Inserted sensor data: {'time': datetime.datetime(2025, 11, 13, 19, 4, 1, 960542), 'temperature': 27.302279738839832, 'Dissolved_oxygen': 6.081958853946265, 'PH': 7.429218742277012, 'Ammonia': 0.010433208980732295, 'Nitrite': 0.05026683824592791, 'Turbidty': 40.33428369981636, '_id': ObjectId('69162ba15fa85690df83ff68')}
[2025-11-13T19:04:01.980+0000] {python.py:218} INFO - Done. Returned value was: None
[2025-11-13T19:04:01.992+0000] {taskinstance.py:341} INFO - ::group::Post task execution logs
[2025-11-13T19:04:01.992+0000] {taskinstance.py:353} INFO - Marking task as SUCCESS. dag_id=iot_sensor_data_dag, task_id=generate_sensor_data, run_id=scheduled__2025-11-13T19:03:45+00:00, execution_date=20251113T190345, start_date=20251113T190401, end_date=20251113T190401
[2025-11-13T19:04:02.016+0000] {logging_mixin.py:190} INFO - Task instance in success state
[2025-11-13T19:04:02.017+0000] {logging_mixin.py:190} INFO -  Previous state of the Task instance: running
[2025-11-13T19:04:02.017+0000] {logging_mixin.py:190} INFO - Dag name:iot_sensor_data_dag queued_at:2025-11-13 19:04:00.032459+00:00
[2025-11-13T19:04:02.018+0000] {logging_mixin.py:190} INFO - Task hostname:4f76d54186b6 operator:PythonOperator
[2025-11-13T19:04:02.051+0000] {local_task_job_runner.py:266} INFO - Task exited with return code 0
[2025-11-13T19:04:02.080+0000] {taskinstance.py:3901} INFO - 0 downstream tasks scheduled from follow-on schedule check
[2025-11-13T19:04:02.090+0000] {local_task_job_runner.py:245} INFO - ::endgroup::
