[2025-11-13T17:47:02.800+0000] {local_task_job_runner.py:123} INFO - ::group::Pre task execution logs
[2025-11-13T17:47:02.834+0000] {taskinstance.py:2614} INFO - Dependencies all met for dep_context=non-requeueable deps ti=<TaskInstance: iot_sensor_data_dag.generate_sensor_data scheduled__2025-11-13T17:46:45+00:00 [queued]>
[2025-11-13T17:47:02.848+0000] {taskinstance.py:2614} INFO - Dependencies all met for dep_context=requeueable deps ti=<TaskInstance: iot_sensor_data_dag.generate_sensor_data scheduled__2025-11-13T17:46:45+00:00 [queued]>
[2025-11-13T17:47:02.850+0000] {taskinstance.py:2867} INFO - Starting attempt 1 of 1
[2025-11-13T17:47:03.049+0000] {taskinstance.py:2890} INFO - Executing <Task(PythonOperator): generate_sensor_data> on 2025-11-13 17:46:45+00:00
[2025-11-13T17:47:03.059+0000] {warnings.py:112} WARNING - /home/***/.local/lib/python3.12/site-packages/***/task/task_runner/standard_task_runner.py:70: DeprecationWarning: This process (pid=1339) is multi-threaded, use of fork() may lead to deadlocks in the child.
  pid = os.fork()

[2025-11-13T17:47:03.063+0000] {standard_task_runner.py:72} INFO - Started process 1341 to run task
[2025-11-13T17:47:03.062+0000] {standard_task_runner.py:104} INFO - Running: ['***', 'tasks', 'run', 'iot_sensor_data_dag', 'generate_sensor_data', 'scheduled__2025-11-13T17:46:45+00:00', '--job-id', '341', '--raw', '--subdir', 'DAGS_FOLDER/DEPI.py', '--cfg-path', '/tmp/tmprnoqnzpe']
[2025-11-13T17:47:03.065+0000] {standard_task_runner.py:105} INFO - Job 341: Subtask generate_sensor_data
[2025-11-13T17:47:03.143+0000] {task_command.py:467} INFO - Running <TaskInstance: iot_sensor_data_dag.generate_sensor_data scheduled__2025-11-13T17:46:45+00:00 [running]> on host 4f76d54186b6
[2025-11-13T17:47:03.264+0000] {taskinstance.py:3134} INFO - Exporting env vars: AIRFLOW_CTX_DAG_OWNER='***' AIRFLOW_CTX_DAG_ID='iot_sensor_data_dag' AIRFLOW_CTX_TASK_ID='generate_sensor_data' AIRFLOW_CTX_EXECUTION_DATE='2025-11-13T17:46:45+00:00' AIRFLOW_CTX_TRY_NUMBER='1' AIRFLOW_CTX_DAG_RUN_ID='scheduled__2025-11-13T17:46:45+00:00'
[2025-11-13T17:47:03.267+0000] {logging_mixin.py:190} INFO - Task instance is in running state
[2025-11-13T17:47:03.267+0000] {logging_mixin.py:190} INFO -  Previous state of the Task instance: queued
[2025-11-13T17:47:03.268+0000] {logging_mixin.py:190} INFO - Current task name:generate_sensor_data state:running start_date:2025-11-13 17:47:02.836437+00:00
[2025-11-13T17:47:03.269+0000] {logging_mixin.py:190} INFO - Dag name:iot_sensor_data_dag and current dag run status:running
[2025-11-13T17:47:03.270+0000] {taskinstance.py:732} INFO - ::endgroup::
[2025-11-13T17:47:03.315+0000] {logging_mixin.py:190} INFO - [2025-11-13 17:47:03.291969] Inserted sensor data: {'time': datetime.datetime(2025, 11, 13, 17, 47, 3, 291969), 'temperature': 27.633620906502774, 'Dissolved_oxygen': 5.957614656619865, 'PH': 7.449698010403679, 'Ammonia': 0.009430081832902849, 'Nitrite': 0.04684215519581891, 'Turbidty': 40.21201018900505, '_id': ObjectId('69161997ce79571e985fca46')}
[2025-11-13T17:47:03.319+0000] {python.py:218} INFO - Done. Returned value was: None
[2025-11-13T17:47:03.336+0000] {taskinstance.py:341} INFO - ::group::Post task execution logs
[2025-11-13T17:47:03.337+0000] {taskinstance.py:353} INFO - Marking task as SUCCESS. dag_id=iot_sensor_data_dag, task_id=generate_sensor_data, run_id=scheduled__2025-11-13T17:46:45+00:00, execution_date=20251113T174645, start_date=20251113T174702, end_date=20251113T174703
[2025-11-13T17:47:03.368+0000] {logging_mixin.py:190} INFO - Task instance in success state
[2025-11-13T17:47:03.369+0000] {logging_mixin.py:190} INFO -  Previous state of the Task instance: running
[2025-11-13T17:47:03.370+0000] {logging_mixin.py:190} INFO - Dag name:iot_sensor_data_dag queued_at:2025-11-13 17:47:00.441347+00:00
[2025-11-13T17:47:03.371+0000] {logging_mixin.py:190} INFO - Task hostname:4f76d54186b6 operator:PythonOperator
[2025-11-13T17:47:03.412+0000] {local_task_job_runner.py:266} INFO - Task exited with return code 0
[2025-11-13T17:47:03.448+0000] {taskinstance.py:3901} INFO - 0 downstream tasks scheduled from follow-on schedule check
[2025-11-13T17:47:03.456+0000] {local_task_job_runner.py:245} INFO - ::endgroup::
