[2025-11-14T14:29:46.833+0000] {local_task_job_runner.py:123} INFO - ::group::Pre task execution logs
[2025-11-14T14:29:46.956+0000] {taskinstance.py:2614} INFO - Dependencies all met for dep_context=non-requeueable deps ti=<TaskInstance: iot_sensor_data_dag.generate_sensor_data scheduled__2025-11-14T14:29:30+00:00 [queued]>
[2025-11-14T14:29:46.964+0000] {taskinstance.py:2614} INFO - Dependencies all met for dep_context=requeueable deps ti=<TaskInstance: iot_sensor_data_dag.generate_sensor_data scheduled__2025-11-14T14:29:30+00:00 [queued]>
[2025-11-14T14:29:46.965+0000] {taskinstance.py:2867} INFO - Starting attempt 1 of 1
[2025-11-14T14:29:46.976+0000] {taskinstance.py:2890} INFO - Executing <Task(PythonOperator): generate_sensor_data> on 2025-11-14 14:29:30+00:00
[2025-11-14T14:29:46.982+0000] {warnings.py:112} WARNING - /home/***/.local/lib/python3.12/site-packages/***/task/task_runner/standard_task_runner.py:70: DeprecationWarning: This process (pid=528) is multi-threaded, use of fork() may lead to deadlocks in the child.
  pid = os.fork()

[2025-11-14T14:29:46.984+0000] {standard_task_runner.py:72} INFO - Started process 530 to run task
[2025-11-14T14:29:46.984+0000] {standard_task_runner.py:104} INFO - Running: ['***', 'tasks', 'run', 'iot_sensor_data_dag', 'generate_sensor_data', 'scheduled__2025-11-14T14:29:30+00:00', '--job-id', '802', '--raw', '--subdir', 'DAGS_FOLDER/DEPI.py', '--cfg-path', '/tmp/tmpjvjjevxs']
[2025-11-14T14:29:46.985+0000] {standard_task_runner.py:105} INFO - Job 802: Subtask generate_sensor_data
[2025-11-14T14:29:47.027+0000] {task_command.py:467} INFO - Running <TaskInstance: iot_sensor_data_dag.generate_sensor_data scheduled__2025-11-14T14:29:30+00:00 [running]> on host 4f76d54186b6
[2025-11-14T14:29:47.092+0000] {taskinstance.py:3134} INFO - Exporting env vars: AIRFLOW_CTX_DAG_OWNER='***' AIRFLOW_CTX_DAG_ID='iot_sensor_data_dag' AIRFLOW_CTX_TASK_ID='generate_sensor_data' AIRFLOW_CTX_EXECUTION_DATE='2025-11-14T14:29:30+00:00' AIRFLOW_CTX_TRY_NUMBER='1' AIRFLOW_CTX_DAG_RUN_ID='scheduled__2025-11-14T14:29:30+00:00'
[2025-11-14T14:29:47.094+0000] {logging_mixin.py:190} INFO - Task instance is in running state
[2025-11-14T14:29:47.095+0000] {logging_mixin.py:190} INFO -  Previous state of the Task instance: queued
[2025-11-14T14:29:47.095+0000] {logging_mixin.py:190} INFO - Current task name:generate_sensor_data state:running start_date:2025-11-14 14:29:46.957723+00:00
[2025-11-14T14:29:47.096+0000] {logging_mixin.py:190} INFO - Dag name:iot_sensor_data_dag and current dag run status:running
[2025-11-14T14:29:47.097+0000] {taskinstance.py:732} INFO - ::endgroup::
[2025-11-14T14:29:47.132+0000] {logging_mixin.py:190} INFO - [2025-11-14 14:29:47.110632] Inserted sensor data: {'time': datetime.datetime(2025, 11, 14, 14, 29, 47, 110632), 'temperature': 27.311020411473194, 'Dissolved_oxygen': 6.047852446038591, 'PH': 7.43760164033217, 'Ammonia': 0.010703170879931244, 'Nitrite': 0.05461225680554846, 'Turbidty': 39.92357462859461, '_id': ObjectId('69173cdbe1be3542d5013170')}
[2025-11-14T14:29:47.135+0000] {python.py:218} INFO - Done. Returned value was: None
[2025-11-14T14:29:47.144+0000] {taskinstance.py:341} INFO - ::group::Post task execution logs
[2025-11-14T14:29:47.145+0000] {taskinstance.py:353} INFO - Marking task as SUCCESS. dag_id=iot_sensor_data_dag, task_id=generate_sensor_data, run_id=scheduled__2025-11-14T14:29:30+00:00, execution_date=20251114T142930, start_date=20251114T142946, end_date=20251114T142947
[2025-11-14T14:29:47.163+0000] {logging_mixin.py:190} INFO - Task instance in success state
[2025-11-14T14:29:47.164+0000] {logging_mixin.py:190} INFO -  Previous state of the Task instance: running
[2025-11-14T14:29:47.165+0000] {logging_mixin.py:190} INFO - Dag name:iot_sensor_data_dag queued_at:2025-11-14 14:29:45.634915+00:00
[2025-11-14T14:29:47.167+0000] {logging_mixin.py:190} INFO - Task hostname:4f76d54186b6 operator:PythonOperator
[2025-11-14T14:29:47.202+0000] {local_task_job_runner.py:266} INFO - Task exited with return code 0
[2025-11-14T14:29:47.227+0000] {taskinstance.py:3901} INFO - 0 downstream tasks scheduled from follow-on schedule check
[2025-11-14T14:29:47.231+0000] {local_task_job_runner.py:245} INFO - ::endgroup::
