[2025-11-13T17:50:47.635+0000] {local_task_job_runner.py:123} INFO - ::group::Pre task execution logs
[2025-11-13T17:50:47.656+0000] {taskinstance.py:2614} INFO - Dependencies all met for dep_context=non-requeueable deps ti=<TaskInstance: iot_sensor_data_dag.generate_sensor_data scheduled__2025-11-13T17:50:30+00:00 [queued]>
[2025-11-13T17:50:47.665+0000] {taskinstance.py:2614} INFO - Dependencies all met for dep_context=requeueable deps ti=<TaskInstance: iot_sensor_data_dag.generate_sensor_data scheduled__2025-11-13T17:50:30+00:00 [queued]>
[2025-11-13T17:50:47.667+0000] {taskinstance.py:2867} INFO - Starting attempt 1 of 1
[2025-11-13T17:50:47.853+0000] {taskinstance.py:2890} INFO - Executing <Task(PythonOperator): generate_sensor_data> on 2025-11-13 17:50:30+00:00
[2025-11-13T17:50:47.863+0000] {warnings.py:112} WARNING - /home/***/.local/lib/python3.12/site-packages/***/task/task_runner/standard_task_runner.py:70: DeprecationWarning: This process (pid=1494) is multi-threaded, use of fork() may lead to deadlocks in the child.
  pid = os.fork()

[2025-11-13T17:50:47.866+0000] {standard_task_runner.py:72} INFO - Started process 1496 to run task
[2025-11-13T17:50:47.866+0000] {standard_task_runner.py:104} INFO - Running: ['***', 'tasks', 'run', 'iot_sensor_data_dag', 'generate_sensor_data', 'scheduled__2025-11-13T17:50:30+00:00', '--job-id', '356', '--raw', '--subdir', 'DAGS_FOLDER/DEPI.py', '--cfg-path', '/tmp/tmphhzuql8e']
[2025-11-13T17:50:47.868+0000] {standard_task_runner.py:105} INFO - Job 356: Subtask generate_sensor_data
[2025-11-13T17:50:47.930+0000] {task_command.py:467} INFO - Running <TaskInstance: iot_sensor_data_dag.generate_sensor_data scheduled__2025-11-13T17:50:30+00:00 [running]> on host 4f76d54186b6
[2025-11-13T17:50:48.033+0000] {taskinstance.py:3134} INFO - Exporting env vars: AIRFLOW_CTX_DAG_OWNER='***' AIRFLOW_CTX_DAG_ID='iot_sensor_data_dag' AIRFLOW_CTX_TASK_ID='generate_sensor_data' AIRFLOW_CTX_EXECUTION_DATE='2025-11-13T17:50:30+00:00' AIRFLOW_CTX_TRY_NUMBER='1' AIRFLOW_CTX_DAG_RUN_ID='scheduled__2025-11-13T17:50:30+00:00'
[2025-11-13T17:50:48.035+0000] {logging_mixin.py:190} INFO - Task instance is in running state
[2025-11-13T17:50:48.037+0000] {logging_mixin.py:190} INFO -  Previous state of the Task instance: queued
[2025-11-13T17:50:48.038+0000] {logging_mixin.py:190} INFO - Current task name:generate_sensor_data state:running start_date:2025-11-13 17:50:47.657361+00:00
[2025-11-13T17:50:48.039+0000] {logging_mixin.py:190} INFO - Dag name:iot_sensor_data_dag and current dag run status:running
[2025-11-13T17:50:48.040+0000] {taskinstance.py:732} INFO - ::endgroup::
[2025-11-13T17:50:48.088+0000] {logging_mixin.py:190} INFO - [2025-11-13 17:50:48.064620] Inserted sensor data: {'time': datetime.datetime(2025, 11, 13, 17, 50, 48, 64620), 'temperature': 27.480249220028366, 'Dissolved_oxygen': 5.953302645208227, 'PH': 7.539258896446395, 'Ammonia': 0.009223479811405127, 'Nitrite': 0.046109330957032096, 'Turbidty': 40.93521968995286, '_id': ObjectId('69161a78d40daf5c09bf525d')}
[2025-11-13T17:50:48.092+0000] {python.py:218} INFO - Done. Returned value was: None
[2025-11-13T17:50:48.110+0000] {taskinstance.py:341} INFO - ::group::Post task execution logs
[2025-11-13T17:50:48.112+0000] {taskinstance.py:353} INFO - Marking task as SUCCESS. dag_id=iot_sensor_data_dag, task_id=generate_sensor_data, run_id=scheduled__2025-11-13T17:50:30+00:00, execution_date=20251113T175030, start_date=20251113T175047, end_date=20251113T175048
[2025-11-13T17:50:48.146+0000] {logging_mixin.py:190} INFO - Task instance in success state
[2025-11-13T17:50:48.148+0000] {logging_mixin.py:190} INFO -  Previous state of the Task instance: running
[2025-11-13T17:50:48.149+0000] {logging_mixin.py:190} INFO - Dag name:iot_sensor_data_dag queued_at:2025-11-13 17:50:45.460457+00:00
[2025-11-13T17:50:48.151+0000] {logging_mixin.py:190} INFO - Task hostname:4f76d54186b6 operator:PythonOperator
[2025-11-13T17:50:48.169+0000] {local_task_job_runner.py:266} INFO - Task exited with return code 0
[2025-11-13T17:50:48.204+0000] {taskinstance.py:3901} INFO - 0 downstream tasks scheduled from follow-on schedule check
[2025-11-13T17:50:48.212+0000] {local_task_job_runner.py:245} INFO - ::endgroup::
