[2025-11-13T19:19:31.520+0000] {local_task_job_runner.py:123} INFO - ::group::Pre task execution logs
[2025-11-13T19:19:31.533+0000] {taskinstance.py:2614} INFO - Dependencies all met for dep_context=non-requeueable deps ti=<TaskInstance: iot_sensor_data_dag.generate_sensor_data scheduled__2025-11-13T19:19:15+00:00 [queued]>
[2025-11-13T19:19:31.539+0000] {taskinstance.py:2614} INFO - Dependencies all met for dep_context=requeueable deps ti=<TaskInstance: iot_sensor_data_dag.generate_sensor_data scheduled__2025-11-13T19:19:15+00:00 [queued]>
[2025-11-13T19:19:31.540+0000] {taskinstance.py:2867} INFO - Starting attempt 1 of 1
[2025-11-13T19:19:31.665+0000] {taskinstance.py:2890} INFO - Executing <Task(PythonOperator): generate_sensor_data> on 2025-11-13 19:19:15+00:00
[2025-11-13T19:19:31.672+0000] {warnings.py:112} WARNING - /home/***/.local/lib/python3.12/site-packages/***/task/task_runner/standard_task_runner.py:70: DeprecationWarning: This process (pid=5205) is multi-threaded, use of fork() may lead to deadlocks in the child.
  pid = os.fork()

[2025-11-13T19:19:31.674+0000] {standard_task_runner.py:72} INFO - Started process 5207 to run task
[2025-11-13T19:19:31.674+0000] {standard_task_runner.py:104} INFO - Running: ['***', 'tasks', 'run', 'iot_sensor_data_dag', 'generate_sensor_data', 'scheduled__2025-11-13T19:19:15+00:00', '--job-id', '711', '--raw', '--subdir', 'DAGS_FOLDER/DEPI.py', '--cfg-path', '/tmp/tmp4gmumsur']
[2025-11-13T19:19:31.675+0000] {standard_task_runner.py:105} INFO - Job 711: Subtask generate_sensor_data
[2025-11-13T19:19:31.717+0000] {task_command.py:467} INFO - Running <TaskInstance: iot_sensor_data_dag.generate_sensor_data scheduled__2025-11-13T19:19:15+00:00 [running]> on host 4f76d54186b6
[2025-11-13T19:19:31.785+0000] {taskinstance.py:3134} INFO - Exporting env vars: AIRFLOW_CTX_DAG_OWNER='***' AIRFLOW_CTX_DAG_ID='iot_sensor_data_dag' AIRFLOW_CTX_TASK_ID='generate_sensor_data' AIRFLOW_CTX_EXECUTION_DATE='2025-11-13T19:19:15+00:00' AIRFLOW_CTX_TRY_NUMBER='1' AIRFLOW_CTX_DAG_RUN_ID='scheduled__2025-11-13T19:19:15+00:00'
[2025-11-13T19:19:31.788+0000] {logging_mixin.py:190} INFO - Task instance is in running state
[2025-11-13T19:19:31.788+0000] {logging_mixin.py:190} INFO -  Previous state of the Task instance: queued
[2025-11-13T19:19:31.789+0000] {logging_mixin.py:190} INFO - Current task name:generate_sensor_data state:running start_date:2025-11-13 19:19:31.533790+00:00
[2025-11-13T19:19:31.789+0000] {logging_mixin.py:190} INFO - Dag name:iot_sensor_data_dag and current dag run status:running
[2025-11-13T19:19:31.790+0000] {taskinstance.py:732} INFO - ::endgroup::
[2025-11-13T19:19:31.821+0000] {logging_mixin.py:190} INFO - [2025-11-13 19:19:31.804899] Inserted sensor data: {'time': datetime.datetime(2025, 11, 13, 19, 19, 31, 804899), 'temperature': 27.62622135380468, 'Dissolved_oxygen': 5.928813010315366, 'PH': 7.494527936997158, 'Ammonia': 0.009524443572336063, 'Nitrite': 0.047245385386052816, 'Turbidty': 40.068677122417945, '_id': ObjectId('69162f43a617c2ce51edda33')}
[2025-11-13T19:19:31.823+0000] {python.py:218} INFO - Done. Returned value was: None
[2025-11-13T19:19:31.836+0000] {taskinstance.py:341} INFO - ::group::Post task execution logs
[2025-11-13T19:19:31.837+0000] {taskinstance.py:353} INFO - Marking task as SUCCESS. dag_id=iot_sensor_data_dag, task_id=generate_sensor_data, run_id=scheduled__2025-11-13T19:19:15+00:00, execution_date=20251113T191915, start_date=20251113T191931, end_date=20251113T191931
[2025-11-13T19:19:31.857+0000] {logging_mixin.py:190} INFO - Task instance in success state
[2025-11-13T19:19:31.857+0000] {logging_mixin.py:190} INFO -  Previous state of the Task instance: running
[2025-11-13T19:19:31.858+0000] {logging_mixin.py:190} INFO - Dag name:iot_sensor_data_dag queued_at:2025-11-13 19:19:30.132128+00:00
[2025-11-13T19:19:31.858+0000] {logging_mixin.py:190} INFO - Task hostname:4f76d54186b6 operator:PythonOperator
[2025-11-13T19:19:31.899+0000] {local_task_job_runner.py:266} INFO - Task exited with return code 0
[2025-11-13T19:19:31.926+0000] {taskinstance.py:3901} INFO - 0 downstream tasks scheduled from follow-on schedule check
[2025-11-13T19:19:31.931+0000] {local_task_job_runner.py:245} INFO - ::endgroup::
