[2025-11-13T18:39:17.330+0000] {local_task_job_runner.py:123} INFO - ::group::Pre task execution logs
[2025-11-13T18:39:17.343+0000] {taskinstance.py:2614} INFO - Dependencies all met for dep_context=non-requeueable deps ti=<TaskInstance: iot_sensor_data_dag.generate_sensor_data scheduled__2025-11-13T18:39:00+00:00 [queued]>
[2025-11-13T18:39:17.349+0000] {taskinstance.py:2614} INFO - Dependencies all met for dep_context=requeueable deps ti=<TaskInstance: iot_sensor_data_dag.generate_sensor_data scheduled__2025-11-13T18:39:00+00:00 [queued]>
[2025-11-13T18:39:17.351+0000] {taskinstance.py:2867} INFO - Starting attempt 1 of 1
[2025-11-13T18:39:17.465+0000] {taskinstance.py:2890} INFO - Executing <Task(PythonOperator): generate_sensor_data> on 2025-11-13 18:39:00+00:00
[2025-11-13T18:39:17.472+0000] {warnings.py:112} WARNING - /home/***/.local/lib/python3.12/site-packages/***/task/task_runner/standard_task_runner.py:70: DeprecationWarning: This process (pid=3520) is multi-threaded, use of fork() may lead to deadlocks in the child.
  pid = os.fork()

[2025-11-13T18:39:17.473+0000] {standard_task_runner.py:104} INFO - Running: ['***', 'tasks', 'run', 'iot_sensor_data_dag', 'generate_sensor_data', 'scheduled__2025-11-13T18:39:00+00:00', '--job-id', '550', '--raw', '--subdir', 'DAGS_FOLDER/DEPI.py', '--cfg-path', '/tmp/tmpzdcu5r26']
[2025-11-13T18:39:17.474+0000] {standard_task_runner.py:72} INFO - Started process 3522 to run task
[2025-11-13T18:39:17.475+0000] {standard_task_runner.py:105} INFO - Job 550: Subtask generate_sensor_data
[2025-11-13T18:39:17.517+0000] {task_command.py:467} INFO - Running <TaskInstance: iot_sensor_data_dag.generate_sensor_data scheduled__2025-11-13T18:39:00+00:00 [running]> on host 4f76d54186b6
[2025-11-13T18:39:17.577+0000] {taskinstance.py:3134} INFO - Exporting env vars: AIRFLOW_CTX_DAG_OWNER='***' AIRFLOW_CTX_DAG_ID='iot_sensor_data_dag' AIRFLOW_CTX_TASK_ID='generate_sensor_data' AIRFLOW_CTX_EXECUTION_DATE='2025-11-13T18:39:00+00:00' AIRFLOW_CTX_TRY_NUMBER='1' AIRFLOW_CTX_DAG_RUN_ID='scheduled__2025-11-13T18:39:00+00:00'
[2025-11-13T18:39:17.579+0000] {logging_mixin.py:190} INFO - Task instance is in running state
[2025-11-13T18:39:17.580+0000] {logging_mixin.py:190} INFO -  Previous state of the Task instance: queued
[2025-11-13T18:39:17.581+0000] {logging_mixin.py:190} INFO - Current task name:generate_sensor_data state:running start_date:2025-11-13 18:39:17.344714+00:00
[2025-11-13T18:39:17.581+0000] {logging_mixin.py:190} INFO - Dag name:iot_sensor_data_dag and current dag run status:running
[2025-11-13T18:39:17.583+0000] {taskinstance.py:732} INFO - ::endgroup::
[2025-11-13T18:39:17.621+0000] {logging_mixin.py:190} INFO - [2025-11-13 18:39:17.604902] Inserted sensor data: {'time': datetime.datetime(2025, 11, 13, 18, 39, 17, 604902), 'temperature': 27.447930869976044, 'Dissolved_oxygen': 6.030107268306691, 'PH': 7.547739876910744, 'Ammonia': 0.010652826149467401, 'Nitrite': 0.0512614997168865, 'Turbidty': 40.48115969091085, '_id': ObjectId('691625d5aae1e8addb701154')}
[2025-11-13T18:39:17.624+0000] {python.py:218} INFO - Done. Returned value was: None
[2025-11-13T18:39:17.635+0000] {taskinstance.py:341} INFO - ::group::Post task execution logs
[2025-11-13T18:39:17.636+0000] {taskinstance.py:353} INFO - Marking task as SUCCESS. dag_id=iot_sensor_data_dag, task_id=generate_sensor_data, run_id=scheduled__2025-11-13T18:39:00+00:00, execution_date=20251113T183900, start_date=20251113T183917, end_date=20251113T183917
[2025-11-13T18:39:17.654+0000] {logging_mixin.py:190} INFO - Task instance in success state
[2025-11-13T18:39:17.655+0000] {logging_mixin.py:190} INFO -  Previous state of the Task instance: running
[2025-11-13T18:39:17.656+0000] {logging_mixin.py:190} INFO - Dag name:iot_sensor_data_dag queued_at:2025-11-13 18:39:16.037162+00:00
[2025-11-13T18:39:17.656+0000] {logging_mixin.py:190} INFO - Task hostname:4f76d54186b6 operator:PythonOperator
[2025-11-13T18:39:17.693+0000] {local_task_job_runner.py:266} INFO - Task exited with return code 0
[2025-11-13T18:39:17.719+0000] {taskinstance.py:3901} INFO - 0 downstream tasks scheduled from follow-on schedule check
[2025-11-13T18:39:17.722+0000] {local_task_job_runner.py:245} INFO - ::endgroup::
