[2025-11-13T18:37:31.461+0000] {local_task_job_runner.py:123} INFO - ::group::Pre task execution logs
[2025-11-13T18:37:31.475+0000] {taskinstance.py:2614} INFO - Dependencies all met for dep_context=non-requeueable deps ti=<TaskInstance: iot_sensor_data_dag.generate_sensor_data scheduled__2025-11-13T18:37:15+00:00 [queued]>
[2025-11-13T18:37:31.482+0000] {taskinstance.py:2614} INFO - Dependencies all met for dep_context=requeueable deps ti=<TaskInstance: iot_sensor_data_dag.generate_sensor_data scheduled__2025-11-13T18:37:15+00:00 [queued]>
[2025-11-13T18:37:31.483+0000] {taskinstance.py:2867} INFO - Starting attempt 1 of 1
[2025-11-13T18:37:31.615+0000] {taskinstance.py:2890} INFO - Executing <Task(PythonOperator): generate_sensor_data> on 2025-11-13 18:37:15+00:00
[2025-11-13T18:37:31.621+0000] {warnings.py:112} WARNING - /home/***/.local/lib/python3.12/site-packages/***/task/task_runner/standard_task_runner.py:70: DeprecationWarning: This process (pid=3450) is multi-threaded, use of fork() may lead to deadlocks in the child.
  pid = os.fork()

[2025-11-13T18:37:31.623+0000] {standard_task_runner.py:72} INFO - Started process 3452 to run task
[2025-11-13T18:37:31.623+0000] {standard_task_runner.py:104} INFO - Running: ['***', 'tasks', 'run', 'iot_sensor_data_dag', 'generate_sensor_data', 'scheduled__2025-11-13T18:37:15+00:00', '--job-id', '543', '--raw', '--subdir', 'DAGS_FOLDER/DEPI.py', '--cfg-path', '/tmp/tmpmnlywunk']
[2025-11-13T18:37:31.625+0000] {standard_task_runner.py:105} INFO - Job 543: Subtask generate_sensor_data
[2025-11-13T18:37:31.666+0000] {task_command.py:467} INFO - Running <TaskInstance: iot_sensor_data_dag.generate_sensor_data scheduled__2025-11-13T18:37:15+00:00 [running]> on host 4f76d54186b6
[2025-11-13T18:37:31.734+0000] {taskinstance.py:3134} INFO - Exporting env vars: AIRFLOW_CTX_DAG_OWNER='***' AIRFLOW_CTX_DAG_ID='iot_sensor_data_dag' AIRFLOW_CTX_TASK_ID='generate_sensor_data' AIRFLOW_CTX_EXECUTION_DATE='2025-11-13T18:37:15+00:00' AIRFLOW_CTX_TRY_NUMBER='1' AIRFLOW_CTX_DAG_RUN_ID='scheduled__2025-11-13T18:37:15+00:00'
[2025-11-13T18:37:31.736+0000] {logging_mixin.py:190} INFO - Task instance is in running state
[2025-11-13T18:37:31.736+0000] {logging_mixin.py:190} INFO -  Previous state of the Task instance: queued
[2025-11-13T18:37:31.737+0000] {logging_mixin.py:190} INFO - Current task name:generate_sensor_data state:running start_date:2025-11-13 18:37:31.476428+00:00
[2025-11-13T18:37:31.737+0000] {logging_mixin.py:190} INFO - Dag name:iot_sensor_data_dag and current dag run status:running
[2025-11-13T18:37:31.738+0000] {taskinstance.py:732} INFO - ::endgroup::
[2025-11-13T18:37:31.769+0000] {logging_mixin.py:190} INFO - [2025-11-13 18:37:31.751457] Inserted sensor data: {'time': datetime.datetime(2025, 11, 13, 18, 37, 31, 751457), 'temperature': 27.543539985894093, 'Dissolved_oxygen': 6.097406763668125, 'PH': 7.431706033763011, 'Ammonia': 0.010506787815295597, 'Nitrite': 0.05283250870898083, 'Turbidty': 39.09874891689401, '_id': ObjectId('6916256b621a3a7e68d0b1da')}
[2025-11-13T18:37:31.771+0000] {python.py:218} INFO - Done. Returned value was: None
[2025-11-13T18:37:31.782+0000] {taskinstance.py:341} INFO - ::group::Post task execution logs
[2025-11-13T18:37:31.783+0000] {taskinstance.py:353} INFO - Marking task as SUCCESS. dag_id=iot_sensor_data_dag, task_id=generate_sensor_data, run_id=scheduled__2025-11-13T18:37:15+00:00, execution_date=20251113T183715, start_date=20251113T183731, end_date=20251113T183731
[2025-11-13T18:37:31.803+0000] {logging_mixin.py:190} INFO - Task instance in success state
[2025-11-13T18:37:31.805+0000] {logging_mixin.py:190} INFO -  Previous state of the Task instance: running
[2025-11-13T18:37:31.806+0000] {logging_mixin.py:190} INFO - Dag name:iot_sensor_data_dag queued_at:2025-11-13 18:37:30.170828+00:00
[2025-11-13T18:37:31.806+0000] {logging_mixin.py:190} INFO - Task hostname:4f76d54186b6 operator:PythonOperator
[2025-11-13T18:37:31.839+0000] {local_task_job_runner.py:266} INFO - Task exited with return code 0
[2025-11-13T18:37:31.861+0000] {taskinstance.py:3901} INFO - 0 downstream tasks scheduled from follow-on schedule check
[2025-11-13T18:37:31.866+0000] {local_task_job_runner.py:245} INFO - ::endgroup::
