[2025-11-13T19:22:00.509+0000] {local_task_job_runner.py:123} INFO - ::group::Pre task execution logs
[2025-11-13T19:22:00.525+0000] {taskinstance.py:2614} INFO - Dependencies all met for dep_context=non-requeueable deps ti=<TaskInstance: iot_sensor_data_dag.generate_sensor_data scheduled__2025-11-13T19:21:45+00:00 [queued]>
[2025-11-13T19:22:00.532+0000] {taskinstance.py:2614} INFO - Dependencies all met for dep_context=requeueable deps ti=<TaskInstance: iot_sensor_data_dag.generate_sensor_data scheduled__2025-11-13T19:21:45+00:00 [queued]>
[2025-11-13T19:22:00.534+0000] {taskinstance.py:2867} INFO - Starting attempt 1 of 1
[2025-11-13T19:22:00.703+0000] {taskinstance.py:2890} INFO - Executing <Task(PythonOperator): generate_sensor_data> on 2025-11-13 19:21:45+00:00
[2025-11-13T19:22:00.711+0000] {warnings.py:112} WARNING - /home/***/.local/lib/python3.12/site-packages/***/task/task_runner/standard_task_runner.py:70: DeprecationWarning: This process (pid=5310) is multi-threaded, use of fork() may lead to deadlocks in the child.
  pid = os.fork()

[2025-11-13T19:22:00.713+0000] {standard_task_runner.py:72} INFO - Started process 5312 to run task
[2025-11-13T19:22:00.713+0000] {standard_task_runner.py:104} INFO - Running: ['***', 'tasks', 'run', 'iot_sensor_data_dag', 'generate_sensor_data', 'scheduled__2025-11-13T19:21:45+00:00', '--job-id', '721', '--raw', '--subdir', 'DAGS_FOLDER/DEPI.py', '--cfg-path', '/tmp/tmpugf8o78p']
[2025-11-13T19:22:00.715+0000] {standard_task_runner.py:105} INFO - Job 721: Subtask generate_sensor_data
[2025-11-13T19:22:00.760+0000] {task_command.py:467} INFO - Running <TaskInstance: iot_sensor_data_dag.generate_sensor_data scheduled__2025-11-13T19:21:45+00:00 [running]> on host 4f76d54186b6
[2025-11-13T19:22:00.842+0000] {taskinstance.py:3134} INFO - Exporting env vars: AIRFLOW_CTX_DAG_OWNER='***' AIRFLOW_CTX_DAG_ID='iot_sensor_data_dag' AIRFLOW_CTX_TASK_ID='generate_sensor_data' AIRFLOW_CTX_EXECUTION_DATE='2025-11-13T19:21:45+00:00' AIRFLOW_CTX_TRY_NUMBER='1' AIRFLOW_CTX_DAG_RUN_ID='scheduled__2025-11-13T19:21:45+00:00'
[2025-11-13T19:22:00.844+0000] {logging_mixin.py:190} INFO - Task instance is in running state
[2025-11-13T19:22:00.844+0000] {logging_mixin.py:190} INFO -  Previous state of the Task instance: queued
[2025-11-13T19:22:00.845+0000] {logging_mixin.py:190} INFO - Current task name:generate_sensor_data state:running start_date:2025-11-13 19:22:00.526599+00:00
[2025-11-13T19:22:00.846+0000] {logging_mixin.py:190} INFO - Dag name:iot_sensor_data_dag and current dag run status:running
[2025-11-13T19:22:00.846+0000] {taskinstance.py:732} INFO - ::endgroup::
[2025-11-13T19:22:00.881+0000] {logging_mixin.py:190} INFO - [2025-11-13 19:22:00.865633] Inserted sensor data: {'time': datetime.datetime(2025, 11, 13, 19, 22, 0, 865633), 'temperature': 27.50417005980122, 'Dissolved_oxygen': 5.916068402903601, 'PH': 7.427387376910289, 'Ammonia': 0.010609719193957, 'Nitrite': 0.04996505335021162, 'Turbidty': 40.677835696524944, '_id': ObjectId('69162fd866f5c0496d2fa1bd')}
[2025-11-13T19:22:00.883+0000] {python.py:218} INFO - Done. Returned value was: None
[2025-11-13T19:22:00.900+0000] {taskinstance.py:341} INFO - ::group::Post task execution logs
[2025-11-13T19:22:00.901+0000] {taskinstance.py:353} INFO - Marking task as SUCCESS. dag_id=iot_sensor_data_dag, task_id=generate_sensor_data, run_id=scheduled__2025-11-13T19:21:45+00:00, execution_date=20251113T192145, start_date=20251113T192200, end_date=20251113T192200
[2025-11-13T19:22:00.925+0000] {logging_mixin.py:190} INFO - Task instance in success state
[2025-11-13T19:22:00.927+0000] {logging_mixin.py:190} INFO -  Previous state of the Task instance: running
[2025-11-13T19:22:00.928+0000] {logging_mixin.py:190} INFO - Dag name:iot_sensor_data_dag queued_at:2025-11-13 19:22:00.692540+00:00
[2025-11-13T19:22:00.929+0000] {logging_mixin.py:190} INFO - Task hostname:4f76d54186b6 operator:PythonOperator
[2025-11-13T19:22:00.974+0000] {local_task_job_runner.py:266} INFO - Task exited with return code 0
[2025-11-13T19:22:00.999+0000] {taskinstance.py:3901} INFO - 0 downstream tasks scheduled from follow-on schedule check
[2025-11-13T19:22:01.003+0000] {local_task_job_runner.py:245} INFO - ::endgroup::
