[2025-11-13T18:32:31.548+0000] {local_task_job_runner.py:123} INFO - ::group::Pre task execution logs
[2025-11-13T18:32:31.562+0000] {taskinstance.py:2614} INFO - Dependencies all met for dep_context=non-requeueable deps ti=<TaskInstance: iot_sensor_data_dag.generate_sensor_data scheduled__2025-11-13T18:32:15+00:00 [queued]>
[2025-11-13T18:32:31.568+0000] {taskinstance.py:2614} INFO - Dependencies all met for dep_context=requeueable deps ti=<TaskInstance: iot_sensor_data_dag.generate_sensor_data scheduled__2025-11-13T18:32:15+00:00 [queued]>
[2025-11-13T18:32:31.569+0000] {taskinstance.py:2867} INFO - Starting attempt 1 of 1
[2025-11-13T18:32:31.692+0000] {taskinstance.py:2890} INFO - Executing <Task(PythonOperator): generate_sensor_data> on 2025-11-13 18:32:15+00:00
[2025-11-13T18:32:31.697+0000] {warnings.py:112} WARNING - /home/***/.local/lib/python3.12/site-packages/***/task/task_runner/standard_task_runner.py:70: DeprecationWarning: This process (pid=3241) is multi-threaded, use of fork() may lead to deadlocks in the child.
  pid = os.fork()

[2025-11-13T18:32:31.699+0000] {standard_task_runner.py:72} INFO - Started process 3243 to run task
[2025-11-13T18:32:31.699+0000] {standard_task_runner.py:104} INFO - Running: ['***', 'tasks', 'run', 'iot_sensor_data_dag', 'generate_sensor_data', 'scheduled__2025-11-13T18:32:15+00:00', '--job-id', '523', '--raw', '--subdir', 'DAGS_FOLDER/DEPI.py', '--cfg-path', '/tmp/tmplusz57d_']
[2025-11-13T18:32:31.701+0000] {standard_task_runner.py:105} INFO - Job 523: Subtask generate_sensor_data
[2025-11-13T18:32:31.739+0000] {task_command.py:467} INFO - Running <TaskInstance: iot_sensor_data_dag.generate_sensor_data scheduled__2025-11-13T18:32:15+00:00 [running]> on host 4f76d54186b6
[2025-11-13T18:32:31.797+0000] {taskinstance.py:3134} INFO - Exporting env vars: AIRFLOW_CTX_DAG_OWNER='***' AIRFLOW_CTX_DAG_ID='iot_sensor_data_dag' AIRFLOW_CTX_TASK_ID='generate_sensor_data' AIRFLOW_CTX_EXECUTION_DATE='2025-11-13T18:32:15+00:00' AIRFLOW_CTX_TRY_NUMBER='1' AIRFLOW_CTX_DAG_RUN_ID='scheduled__2025-11-13T18:32:15+00:00'
[2025-11-13T18:32:31.798+0000] {logging_mixin.py:190} INFO - Task instance is in running state
[2025-11-13T18:32:31.799+0000] {logging_mixin.py:190} INFO -  Previous state of the Task instance: queued
[2025-11-13T18:32:31.800+0000] {logging_mixin.py:190} INFO - Current task name:generate_sensor_data state:running start_date:2025-11-13 18:32:31.563422+00:00
[2025-11-13T18:32:31.800+0000] {logging_mixin.py:190} INFO - Dag name:iot_sensor_data_dag and current dag run status:running
[2025-11-13T18:32:31.801+0000] {taskinstance.py:732} INFO - ::endgroup::
[2025-11-13T18:32:31.826+0000] {logging_mixin.py:190} INFO - [2025-11-13 18:32:31.814618] Inserted sensor data: {'time': datetime.datetime(2025, 11, 13, 18, 32, 31, 814618), 'temperature': 27.376646370959598, 'Dissolved_oxygen': 5.949368434358524, 'PH': 7.477004096982203, 'Ammonia': 0.009438402636859359, 'Nitrite': 0.04883338451872813, 'Turbidty': 40.75486362158042, '_id': ObjectId('6916243fe1bf30396737f351')}
[2025-11-13T18:32:31.827+0000] {python.py:218} INFO - Done. Returned value was: None
[2025-11-13T18:32:31.837+0000] {taskinstance.py:341} INFO - ::group::Post task execution logs
[2025-11-13T18:32:31.837+0000] {taskinstance.py:353} INFO - Marking task as SUCCESS. dag_id=iot_sensor_data_dag, task_id=generate_sensor_data, run_id=scheduled__2025-11-13T18:32:15+00:00, execution_date=20251113T183215, start_date=20251113T183231, end_date=20251113T183231
[2025-11-13T18:32:31.854+0000] {logging_mixin.py:190} INFO - Task instance in success state
[2025-11-13T18:32:31.855+0000] {logging_mixin.py:190} INFO -  Previous state of the Task instance: running
[2025-11-13T18:32:31.856+0000] {logging_mixin.py:190} INFO - Dag name:iot_sensor_data_dag queued_at:2025-11-13 18:32:30.287184+00:00
[2025-11-13T18:32:31.856+0000] {logging_mixin.py:190} INFO - Task hostname:4f76d54186b6 operator:PythonOperator
[2025-11-13T18:32:31.879+0000] {local_task_job_runner.py:266} INFO - Task exited with return code 0
[2025-11-13T18:32:31.898+0000] {taskinstance.py:3901} INFO - 0 downstream tasks scheduled from follow-on schedule check
[2025-11-13T18:32:31.901+0000] {local_task_job_runner.py:245} INFO - ::endgroup::
