[2025-11-14T14:24:16.837+0000] {local_task_job_runner.py:123} INFO - ::group::Pre task execution logs
[2025-11-14T14:24:16.968+0000] {taskinstance.py:2614} INFO - Dependencies all met for dep_context=non-requeueable deps ti=<TaskInstance: iot_sensor_data_dag.generate_sensor_data scheduled__2025-11-14T14:24:00+00:00 [queued]>
[2025-11-14T14:24:16.975+0000] {taskinstance.py:2614} INFO - Dependencies all met for dep_context=requeueable deps ti=<TaskInstance: iot_sensor_data_dag.generate_sensor_data scheduled__2025-11-14T14:24:00+00:00 [queued]>
[2025-11-14T14:24:16.976+0000] {taskinstance.py:2867} INFO - Starting attempt 1 of 1
[2025-11-14T14:24:16.986+0000] {taskinstance.py:2890} INFO - Executing <Task(PythonOperator): generate_sensor_data> on 2025-11-14 14:24:00+00:00
[2025-11-14T14:24:16.993+0000] {warnings.py:112} WARNING - /home/***/.local/lib/python3.12/site-packages/***/task/task_runner/standard_task_runner.py:70: DeprecationWarning: This process (pid=298) is multi-threaded, use of fork() may lead to deadlocks in the child.
  pid = os.fork()

[2025-11-14T14:24:16.995+0000] {standard_task_runner.py:72} INFO - Started process 300 to run task
[2025-11-14T14:24:16.995+0000] {standard_task_runner.py:104} INFO - Running: ['***', 'tasks', 'run', 'iot_sensor_data_dag', 'generate_sensor_data', 'scheduled__2025-11-14T14:24:00+00:00', '--job-id', '780', '--raw', '--subdir', 'DAGS_FOLDER/DEPI.py', '--cfg-path', '/tmp/tmpmvl1t0u3']
[2025-11-14T14:24:16.996+0000] {standard_task_runner.py:105} INFO - Job 780: Subtask generate_sensor_data
[2025-11-14T14:24:17.038+0000] {task_command.py:467} INFO - Running <TaskInstance: iot_sensor_data_dag.generate_sensor_data scheduled__2025-11-14T14:24:00+00:00 [running]> on host 4f76d54186b6
[2025-11-14T14:24:17.105+0000] {taskinstance.py:3134} INFO - Exporting env vars: AIRFLOW_CTX_DAG_OWNER='***' AIRFLOW_CTX_DAG_ID='iot_sensor_data_dag' AIRFLOW_CTX_TASK_ID='generate_sensor_data' AIRFLOW_CTX_EXECUTION_DATE='2025-11-14T14:24:00+00:00' AIRFLOW_CTX_TRY_NUMBER='1' AIRFLOW_CTX_DAG_RUN_ID='scheduled__2025-11-14T14:24:00+00:00'
[2025-11-14T14:24:17.106+0000] {logging_mixin.py:190} INFO - Task instance is in running state
[2025-11-14T14:24:17.107+0000] {logging_mixin.py:190} INFO -  Previous state of the Task instance: queued
[2025-11-14T14:24:17.107+0000] {logging_mixin.py:190} INFO - Current task name:generate_sensor_data state:running start_date:2025-11-14 14:24:16.968996+00:00
[2025-11-14T14:24:17.108+0000] {logging_mixin.py:190} INFO - Dag name:iot_sensor_data_dag and current dag run status:running
[2025-11-14T14:24:17.108+0000] {taskinstance.py:732} INFO - ::endgroup::
[2025-11-14T14:24:17.143+0000] {logging_mixin.py:190} INFO - [2025-11-14 14:24:17.123131] Inserted sensor data: {'time': datetime.datetime(2025, 11, 14, 14, 24, 17, 123131), 'temperature': 27.41600665293287, 'Dissolved_oxygen': 5.982573642560381, 'PH': 7.564940918123864, 'Ammonia': 0.009312867999522493, 'Nitrite': 0.048432391094853575, 'Turbidty': 40.71638230259317, '_id': ObjectId('69173b91289ddf3bc0fee29c')}
[2025-11-14T14:24:17.145+0000] {python.py:218} INFO - Done. Returned value was: None
[2025-11-14T14:24:17.154+0000] {taskinstance.py:341} INFO - ::group::Post task execution logs
[2025-11-14T14:24:17.155+0000] {taskinstance.py:353} INFO - Marking task as SUCCESS. dag_id=iot_sensor_data_dag, task_id=generate_sensor_data, run_id=scheduled__2025-11-14T14:24:00+00:00, execution_date=20251114T142400, start_date=20251114T142416, end_date=20251114T142417
[2025-11-14T14:24:17.173+0000] {logging_mixin.py:190} INFO - Task instance in success state
[2025-11-14T14:24:17.174+0000] {logging_mixin.py:190} INFO -  Previous state of the Task instance: running
[2025-11-14T14:24:17.175+0000] {logging_mixin.py:190} INFO - Dag name:iot_sensor_data_dag queued_at:2025-11-14 14:24:15.556791+00:00
[2025-11-14T14:24:17.175+0000] {logging_mixin.py:190} INFO - Task hostname:4f76d54186b6 operator:PythonOperator
[2025-11-14T14:24:17.213+0000] {local_task_job_runner.py:266} INFO - Task exited with return code 0
[2025-11-14T14:24:17.232+0000] {taskinstance.py:3901} INFO - 0 downstream tasks scheduled from follow-on schedule check
[2025-11-14T14:24:17.236+0000] {local_task_job_runner.py:245} INFO - ::endgroup::
