[2025-11-13T19:15:17.228+0000] {local_task_job_runner.py:123} INFO - ::group::Pre task execution logs
[2025-11-13T19:15:17.244+0000] {taskinstance.py:2614} INFO - Dependencies all met for dep_context=non-requeueable deps ti=<TaskInstance: iot_sensor_data_dag.generate_sensor_data scheduled__2025-11-13T19:15:00+00:00 [queued]>
[2025-11-13T19:15:17.251+0000] {taskinstance.py:2614} INFO - Dependencies all met for dep_context=requeueable deps ti=<TaskInstance: iot_sensor_data_dag.generate_sensor_data scheduled__2025-11-13T19:15:00+00:00 [queued]>
[2025-11-13T19:15:17.253+0000] {taskinstance.py:2867} INFO - Starting attempt 1 of 1
[2025-11-13T19:15:17.391+0000] {taskinstance.py:2890} INFO - Executing <Task(PythonOperator): generate_sensor_data> on 2025-11-13 19:15:00+00:00
[2025-11-13T19:15:17.399+0000] {warnings.py:112} WARNING - /home/***/.local/lib/python3.12/site-packages/***/task/task_runner/standard_task_runner.py:70: DeprecationWarning: This process (pid=5030) is multi-threaded, use of fork() may lead to deadlocks in the child.
  pid = os.fork()

[2025-11-13T19:15:17.402+0000] {standard_task_runner.py:72} INFO - Started process 5032 to run task
[2025-11-13T19:15:17.403+0000] {standard_task_runner.py:104} INFO - Running: ['***', 'tasks', 'run', 'iot_sensor_data_dag', 'generate_sensor_data', 'scheduled__2025-11-13T19:15:00+00:00', '--job-id', '694', '--raw', '--subdir', 'DAGS_FOLDER/DEPI.py', '--cfg-path', '/tmp/tmp2oflntv7']
[2025-11-13T19:15:17.405+0000] {standard_task_runner.py:105} INFO - Job 694: Subtask generate_sensor_data
[2025-11-13T19:15:17.457+0000] {task_command.py:467} INFO - Running <TaskInstance: iot_sensor_data_dag.generate_sensor_data scheduled__2025-11-13T19:15:00+00:00 [running]> on host 4f76d54186b6
[2025-11-13T19:15:17.533+0000] {taskinstance.py:3134} INFO - Exporting env vars: AIRFLOW_CTX_DAG_OWNER='***' AIRFLOW_CTX_DAG_ID='iot_sensor_data_dag' AIRFLOW_CTX_TASK_ID='generate_sensor_data' AIRFLOW_CTX_EXECUTION_DATE='2025-11-13T19:15:00+00:00' AIRFLOW_CTX_TRY_NUMBER='1' AIRFLOW_CTX_DAG_RUN_ID='scheduled__2025-11-13T19:15:00+00:00'
[2025-11-13T19:15:17.535+0000] {logging_mixin.py:190} INFO - Task instance is in running state
[2025-11-13T19:15:17.536+0000] {logging_mixin.py:190} INFO -  Previous state of the Task instance: queued
[2025-11-13T19:15:17.537+0000] {logging_mixin.py:190} INFO - Current task name:generate_sensor_data state:running start_date:2025-11-13 19:15:17.245609+00:00
[2025-11-13T19:15:17.537+0000] {logging_mixin.py:190} INFO - Dag name:iot_sensor_data_dag and current dag run status:running
[2025-11-13T19:15:17.538+0000] {taskinstance.py:732} INFO - ::endgroup::
[2025-11-13T19:15:17.565+0000] {logging_mixin.py:190} INFO - [2025-11-13 19:15:17.550824] Inserted sensor data: {'time': datetime.datetime(2025, 11, 13, 19, 15, 17, 550824), 'temperature': 27.56664990450498, 'Dissolved_oxygen': 5.907779813313892, 'PH': 7.562705087272728, 'Ammonia': 0.010336321635240177, 'Nitrite': 0.049401194311531074, 'Turbidty': 40.61937686878599, '_id': ObjectId('69162e45faea2e76a033b3d6')}
[2025-11-13T19:15:17.568+0000] {python.py:218} INFO - Done. Returned value was: None
[2025-11-13T19:15:17.579+0000] {taskinstance.py:341} INFO - ::group::Post task execution logs
[2025-11-13T19:15:17.580+0000] {taskinstance.py:353} INFO - Marking task as SUCCESS. dag_id=iot_sensor_data_dag, task_id=generate_sensor_data, run_id=scheduled__2025-11-13T19:15:00+00:00, execution_date=20251113T191500, start_date=20251113T191517, end_date=20251113T191517
[2025-11-13T19:15:17.601+0000] {logging_mixin.py:190} INFO - Task instance in success state
[2025-11-13T19:15:17.602+0000] {logging_mixin.py:190} INFO -  Previous state of the Task instance: running
[2025-11-13T19:15:17.602+0000] {logging_mixin.py:190} INFO - Dag name:iot_sensor_data_dag queued_at:2025-11-13 19:15:15.690941+00:00
[2025-11-13T19:15:17.603+0000] {logging_mixin.py:190} INFO - Task hostname:4f76d54186b6 operator:PythonOperator
[2025-11-13T19:15:17.625+0000] {local_task_job_runner.py:266} INFO - Task exited with return code 0
[2025-11-13T19:15:17.648+0000] {taskinstance.py:3901} INFO - 0 downstream tasks scheduled from follow-on schedule check
[2025-11-13T19:15:17.652+0000] {local_task_job_runner.py:245} INFO - ::endgroup::
