[2025-11-14T10:54:02.254+0000] {local_task_job_runner.py:123} INFO - ::group::Pre task execution logs
[2025-11-14T10:54:02.268+0000] {taskinstance.py:2614} INFO - Dependencies all met for dep_context=non-requeueable deps ti=<TaskInstance: iot_sensor_data_dag.generate_sensor_data scheduled__2025-11-14T10:53:45+00:00 [queued]>
[2025-11-14T10:54:02.274+0000] {taskinstance.py:2614} INFO - Dependencies all met for dep_context=requeueable deps ti=<TaskInstance: iot_sensor_data_dag.generate_sensor_data scheduled__2025-11-14T10:53:45+00:00 [queued]>
[2025-11-14T10:54:02.275+0000] {taskinstance.py:2867} INFO - Starting attempt 1 of 1
[2025-11-14T10:54:02.393+0000] {taskinstance.py:2890} INFO - Executing <Task(PythonOperator): generate_sensor_data> on 2025-11-14 10:53:45+00:00
[2025-11-14T10:54:02.404+0000] {warnings.py:112} WARNING - /home/***/.local/lib/python3.12/site-packages/***/task/task_runner/standard_task_runner.py:70: DeprecationWarning: This process (pid=93) is multi-threaded, use of fork() may lead to deadlocks in the child.
  pid = os.fork()

[2025-11-14T10:54:02.406+0000] {standard_task_runner.py:72} INFO - Started process 95 to run task
[2025-11-14T10:54:02.406+0000] {standard_task_runner.py:104} INFO - Running: ['***', 'tasks', 'run', 'iot_sensor_data_dag', 'generate_sensor_data', 'scheduled__2025-11-14T10:53:45+00:00', '--job-id', '757', '--raw', '--subdir', 'DAGS_FOLDER/DEPI.py', '--cfg-path', '/tmp/tmphftn5yye']
[2025-11-14T10:54:02.407+0000] {standard_task_runner.py:105} INFO - Job 757: Subtask generate_sensor_data
[2025-11-14T10:54:02.449+0000] {task_command.py:467} INFO - Running <TaskInstance: iot_sensor_data_dag.generate_sensor_data scheduled__2025-11-14T10:53:45+00:00 [running]> on host 4f76d54186b6
[2025-11-14T10:54:02.517+0000] {taskinstance.py:3134} INFO - Exporting env vars: AIRFLOW_CTX_DAG_OWNER='***' AIRFLOW_CTX_DAG_ID='iot_sensor_data_dag' AIRFLOW_CTX_TASK_ID='generate_sensor_data' AIRFLOW_CTX_EXECUTION_DATE='2025-11-14T10:53:45+00:00' AIRFLOW_CTX_TRY_NUMBER='1' AIRFLOW_CTX_DAG_RUN_ID='scheduled__2025-11-14T10:53:45+00:00'
[2025-11-14T10:54:02.519+0000] {logging_mixin.py:190} INFO - Task instance is in running state
[2025-11-14T10:54:02.519+0000] {logging_mixin.py:190} INFO -  Previous state of the Task instance: queued
[2025-11-14T10:54:02.521+0000] {logging_mixin.py:190} INFO - Current task name:generate_sensor_data state:running start_date:2025-11-14 10:54:02.269240+00:00
[2025-11-14T10:54:02.522+0000] {logging_mixin.py:190} INFO - Dag name:iot_sensor_data_dag and current dag run status:running
[2025-11-14T10:54:02.522+0000] {taskinstance.py:732} INFO - ::endgroup::
[2025-11-14T10:54:02.555+0000] {logging_mixin.py:190} INFO - [2025-11-14 10:54:02.539443] Inserted sensor data: {'time': datetime.datetime(2025, 11, 14, 10, 54, 2, 539443), 'temperature': 27.42685043027101, 'Dissolved_oxygen': 5.918767278598635, 'PH': 7.470172355810864, 'Ammonia': 0.009794038239166105, 'Nitrite': 0.0513493282047271, 'Turbidty': 39.460483616060955, '_id': ObjectId('69170a4a09f1e0d50d140f66')}
[2025-11-14T10:54:02.558+0000] {python.py:218} INFO - Done. Returned value was: None
[2025-11-14T10:54:02.567+0000] {taskinstance.py:341} INFO - ::group::Post task execution logs
[2025-11-14T10:54:02.568+0000] {taskinstance.py:353} INFO - Marking task as SUCCESS. dag_id=iot_sensor_data_dag, task_id=generate_sensor_data, run_id=scheduled__2025-11-14T10:53:45+00:00, execution_date=20251114T105345, start_date=20251114T105402, end_date=20251114T105402
[2025-11-14T10:54:02.586+0000] {logging_mixin.py:190} INFO - Task instance in success state
[2025-11-14T10:54:02.588+0000] {logging_mixin.py:190} INFO -  Previous state of the Task instance: running
[2025-11-14T10:54:02.589+0000] {logging_mixin.py:190} INFO - Dag name:iot_sensor_data_dag queued_at:2025-11-14 10:54:00.881848+00:00
[2025-11-14T10:54:02.590+0000] {logging_mixin.py:190} INFO - Task hostname:4f76d54186b6 operator:PythonOperator
[2025-11-14T10:54:02.622+0000] {local_task_job_runner.py:266} INFO - Task exited with return code 0
[2025-11-14T10:54:02.651+0000] {taskinstance.py:3901} INFO - 0 downstream tasks scheduled from follow-on schedule check
[2025-11-14T10:54:02.656+0000] {local_task_job_runner.py:245} INFO - ::endgroup::
