[2025-11-13T18:59:32.126+0000] {local_task_job_runner.py:123} INFO - ::group::Pre task execution logs
[2025-11-13T18:59:32.140+0000] {taskinstance.py:2614} INFO - Dependencies all met for dep_context=non-requeueable deps ti=<TaskInstance: iot_sensor_data_dag.generate_sensor_data scheduled__2025-11-13T18:59:15+00:00 [queued]>
[2025-11-13T18:59:32.146+0000] {taskinstance.py:2614} INFO - Dependencies all met for dep_context=requeueable deps ti=<TaskInstance: iot_sensor_data_dag.generate_sensor_data scheduled__2025-11-13T18:59:15+00:00 [queued]>
[2025-11-13T18:59:32.148+0000] {taskinstance.py:2867} INFO - Starting attempt 1 of 1
[2025-11-13T18:59:32.264+0000] {taskinstance.py:2890} INFO - Executing <Task(PythonOperator): generate_sensor_data> on 2025-11-13 18:59:15+00:00
[2025-11-13T18:59:32.271+0000] {warnings.py:112} WARNING - /home/***/.local/lib/python3.12/site-packages/***/task/task_runner/standard_task_runner.py:70: DeprecationWarning: This process (pid=4373) is multi-threaded, use of fork() may lead to deadlocks in the child.
  pid = os.fork()

[2025-11-13T18:59:32.273+0000] {standard_task_runner.py:104} INFO - Running: ['***', 'tasks', 'run', 'iot_sensor_data_dag', 'generate_sensor_data', 'scheduled__2025-11-13T18:59:15+00:00', '--job-id', '631', '--raw', '--subdir', 'DAGS_FOLDER/DEPI.py', '--cfg-path', '/tmp/tmpscb7se2d']
[2025-11-13T18:59:32.273+0000] {standard_task_runner.py:72} INFO - Started process 4375 to run task
[2025-11-13T18:59:32.274+0000] {standard_task_runner.py:105} INFO - Job 631: Subtask generate_sensor_data
[2025-11-13T18:59:32.358+0000] {task_command.py:467} INFO - Running <TaskInstance: iot_sensor_data_dag.generate_sensor_data scheduled__2025-11-13T18:59:15+00:00 [running]> on host 4f76d54186b6
[2025-11-13T18:59:32.428+0000] {taskinstance.py:3134} INFO - Exporting env vars: AIRFLOW_CTX_DAG_OWNER='***' AIRFLOW_CTX_DAG_ID='iot_sensor_data_dag' AIRFLOW_CTX_TASK_ID='generate_sensor_data' AIRFLOW_CTX_EXECUTION_DATE='2025-11-13T18:59:15+00:00' AIRFLOW_CTX_TRY_NUMBER='1' AIRFLOW_CTX_DAG_RUN_ID='scheduled__2025-11-13T18:59:15+00:00'
[2025-11-13T18:59:32.430+0000] {logging_mixin.py:190} INFO - Task instance is in running state
[2025-11-13T18:59:32.435+0000] {logging_mixin.py:190} INFO -  Previous state of the Task instance: queued
[2025-11-13T18:59:32.440+0000] {logging_mixin.py:190} INFO - Current task name:generate_sensor_data state:running start_date:2025-11-13 18:59:32.140850+00:00
[2025-11-13T18:59:32.445+0000] {logging_mixin.py:190} INFO - Dag name:iot_sensor_data_dag and current dag run status:running
[2025-11-13T18:59:32.451+0000] {taskinstance.py:732} INFO - ::endgroup::
[2025-11-13T18:59:32.487+0000] {logging_mixin.py:190} INFO - [2025-11-13 18:59:32.469021] Inserted sensor data: {'time': datetime.datetime(2025, 11, 13, 18, 59, 32, 469021), 'temperature': 27.341219117714534, 'Dissolved_oxygen': 6.079986004502219, 'PH': 7.441376415407624, 'Ammonia': 0.009720036917856107, 'Nitrite': 0.05187655010791888, 'Turbidty': 39.32003328492913, '_id': ObjectId('69162a94ae1d939a94c0c971')}
[2025-11-13T18:59:32.489+0000] {python.py:218} INFO - Done. Returned value was: None
[2025-11-13T18:59:32.498+0000] {taskinstance.py:341} INFO - ::group::Post task execution logs
[2025-11-13T18:59:32.499+0000] {taskinstance.py:353} INFO - Marking task as SUCCESS. dag_id=iot_sensor_data_dag, task_id=generate_sensor_data, run_id=scheduled__2025-11-13T18:59:15+00:00, execution_date=20251113T185915, start_date=20251113T185932, end_date=20251113T185932
[2025-11-13T18:59:32.516+0000] {logging_mixin.py:190} INFO - Task instance in success state
[2025-11-13T18:59:32.517+0000] {logging_mixin.py:190} INFO -  Previous state of the Task instance: running
[2025-11-13T18:59:32.519+0000] {logging_mixin.py:190} INFO - Dag name:iot_sensor_data_dag queued_at:2025-11-13 18:59:30.836525+00:00
[2025-11-13T18:59:32.519+0000] {logging_mixin.py:190} INFO - Task hostname:4f76d54186b6 operator:PythonOperator
[2025-11-13T18:59:32.533+0000] {local_task_job_runner.py:266} INFO - Task exited with return code 0
[2025-11-13T18:59:32.551+0000] {taskinstance.py:3901} INFO - 0 downstream tasks scheduled from follow-on schedule check
[2025-11-13T18:59:32.555+0000] {local_task_job_runner.py:245} INFO - ::endgroup::
