[2025-11-15T17:01:03.868+0000] {local_task_job_runner.py:123} INFO - ::group::Pre task execution logs
[2025-11-15T17:01:03.879+0000] {taskinstance.py:2614} INFO - Dependencies all met for dep_context=non-requeueable deps ti=<TaskInstance: iot_sensor_data_dag.generate_sensor_data scheduled__2025-11-15T17:00:45+00:00 [queued]>
[2025-11-15T17:01:03.884+0000] {taskinstance.py:2614} INFO - Dependencies all met for dep_context=requeueable deps ti=<TaskInstance: iot_sensor_data_dag.generate_sensor_data scheduled__2025-11-15T17:00:45+00:00 [queued]>
[2025-11-15T17:01:03.892+0000] {taskinstance.py:2867} INFO - Starting attempt 1 of 1
[2025-11-15T17:01:04.009+0000] {taskinstance.py:2890} INFO - Executing <Task(PythonOperator): generate_sensor_data> on 2025-11-15 17:00:45+00:00
[2025-11-15T17:01:04.016+0000] {warnings.py:112} WARNING - /home/***/.local/lib/python3.12/site-packages/***/task/task_runner/standard_task_runner.py:70: DeprecationWarning: This process (pid=104) is multi-threaded, use of fork() may lead to deadlocks in the child.
  pid = os.fork()

[2025-11-15T17:01:04.018+0000] {standard_task_runner.py:72} INFO - Started process 106 to run task
[2025-11-15T17:01:04.017+0000] {standard_task_runner.py:104} INFO - Running: ['***', 'tasks', 'run', 'iot_sensor_data_dag', 'generate_sensor_data', 'scheduled__2025-11-15T17:00:45+00:00', '--job-id', '1280', '--raw', '--subdir', 'DAGS_FOLDER/DEPI.py', '--cfg-path', '/tmp/tmp931qwtvv']
[2025-11-15T17:01:04.019+0000] {standard_task_runner.py:105} INFO - Job 1280: Subtask generate_sensor_data
[2025-11-15T17:01:04.061+0000] {task_command.py:467} INFO - Running <TaskInstance: iot_sensor_data_dag.generate_sensor_data scheduled__2025-11-15T17:00:45+00:00 [running]> on host 4f76d54186b6
[2025-11-15T17:01:04.126+0000] {taskinstance.py:3134} INFO - Exporting env vars: AIRFLOW_CTX_DAG_OWNER='***' AIRFLOW_CTX_DAG_ID='iot_sensor_data_dag' AIRFLOW_CTX_TASK_ID='generate_sensor_data' AIRFLOW_CTX_EXECUTION_DATE='2025-11-15T17:00:45+00:00' AIRFLOW_CTX_TRY_NUMBER='1' AIRFLOW_CTX_DAG_RUN_ID='scheduled__2025-11-15T17:00:45+00:00'
[2025-11-15T17:01:04.128+0000] {logging_mixin.py:190} INFO - Task instance is in running state
[2025-11-15T17:01:04.128+0000] {logging_mixin.py:190} INFO -  Previous state of the Task instance: queued
[2025-11-15T17:01:04.129+0000] {logging_mixin.py:190} INFO - Current task name:generate_sensor_data state:running start_date:2025-11-15 17:01:03.879891+00:00
[2025-11-15T17:01:04.129+0000] {logging_mixin.py:190} INFO - Dag name:iot_sensor_data_dag and current dag run status:running
[2025-11-15T17:01:04.130+0000] {taskinstance.py:732} INFO - ::endgroup::
[2025-11-15T17:01:04.157+0000] {logging_mixin.py:190} INFO - [2025-11-15 17:01:04.146141] Inserted sensor data: {'time': '2025-11-15T17:01:04.146141', 'temperature': 27.565649096788597, 'Dissolved_oxygen': 5.945997875641354, 'PH': 7.407040215322591, 'Ammonia': 0.010308193676213303, 'Nitrite': 0.05164845518097097, 'Turbidty': 39.74204356335461, '_id': '6918b1d03e449f8952375c74'}
[2025-11-15T17:06:15.283+0000] {python.py:218} INFO - Done. Returned value was: None
[2025-11-15T17:06:15.295+0000] {taskinstance.py:341} INFO - ::group::Post task execution logs
[2025-11-15T17:06:15.296+0000] {taskinstance.py:353} INFO - Marking task as SUCCESS. dag_id=iot_sensor_data_dag, task_id=generate_sensor_data, run_id=scheduled__2025-11-15T17:00:45+00:00, execution_date=20251115T170045, start_date=20251115T170103, end_date=20251115T170615
[2025-11-15T17:06:15.317+0000] {logging_mixin.py:190} INFO - Task instance in success state
[2025-11-15T17:06:15.318+0000] {logging_mixin.py:190} INFO -  Previous state of the Task instance: running
[2025-11-15T17:06:15.319+0000] {logging_mixin.py:190} INFO - Dag name:iot_sensor_data_dag queued_at:2025-11-15 17:01:02.544111+00:00
[2025-11-15T17:06:15.319+0000] {logging_mixin.py:190} INFO - Task hostname:4f76d54186b6 operator:PythonOperator
[2025-11-15T17:06:15.334+0000] {local_task_job_runner.py:266} INFO - Task exited with return code 0
[2025-11-15T17:06:15.352+0000] {taskinstance.py:3901} INFO - 0 downstream tasks scheduled from follow-on schedule check
[2025-11-15T17:06:15.354+0000] {local_task_job_runner.py:245} INFO - ::endgroup::
