[2025-11-13T17:44:47.650+0000] {local_task_job_runner.py:123} INFO - ::group::Pre task execution logs
[2025-11-13T17:44:47.675+0000] {taskinstance.py:2614} INFO - Dependencies all met for dep_context=non-requeueable deps ti=<TaskInstance: iot_sensor_data_dag.generate_sensor_data scheduled__2025-11-13T17:44:30+00:00 [queued]>
[2025-11-13T17:44:47.686+0000] {taskinstance.py:2614} INFO - Dependencies all met for dep_context=requeueable deps ti=<TaskInstance: iot_sensor_data_dag.generate_sensor_data scheduled__2025-11-13T17:44:30+00:00 [queued]>
[2025-11-13T17:44:47.687+0000] {taskinstance.py:2867} INFO - Starting attempt 1 of 1
[2025-11-13T17:44:47.857+0000] {taskinstance.py:2890} INFO - Executing <Task(PythonOperator): generate_sensor_data> on 2025-11-13 17:44:30+00:00
[2025-11-13T17:44:47.866+0000] {warnings.py:112} WARNING - /home/***/.local/lib/python3.12/site-packages/***/task/task_runner/standard_task_runner.py:70: DeprecationWarning: This process (pid=1241) is multi-threaded, use of fork() may lead to deadlocks in the child.
  pid = os.fork()

[2025-11-13T17:44:47.870+0000] {standard_task_runner.py:72} INFO - Started process 1250 to run task
[2025-11-13T17:44:47.871+0000] {standard_task_runner.py:104} INFO - Running: ['***', 'tasks', 'run', 'iot_sensor_data_dag', 'generate_sensor_data', 'scheduled__2025-11-13T17:44:30+00:00', '--job-id', '332', '--raw', '--subdir', 'DAGS_FOLDER/DEPI.py', '--cfg-path', '/tmp/tmps830u_b8']
[2025-11-13T17:44:47.874+0000] {standard_task_runner.py:105} INFO - Job 332: Subtask generate_sensor_data
[2025-11-13T17:44:47.949+0000] {task_command.py:467} INFO - Running <TaskInstance: iot_sensor_data_dag.generate_sensor_data scheduled__2025-11-13T17:44:30+00:00 [running]> on host 4f76d54186b6
[2025-11-13T17:44:48.067+0000] {taskinstance.py:3134} INFO - Exporting env vars: AIRFLOW_CTX_DAG_OWNER='***' AIRFLOW_CTX_DAG_ID='iot_sensor_data_dag' AIRFLOW_CTX_TASK_ID='generate_sensor_data' AIRFLOW_CTX_EXECUTION_DATE='2025-11-13T17:44:30+00:00' AIRFLOW_CTX_TRY_NUMBER='1' AIRFLOW_CTX_DAG_RUN_ID='scheduled__2025-11-13T17:44:30+00:00'
[2025-11-13T17:44:48.070+0000] {logging_mixin.py:190} INFO - Task instance is in running state
[2025-11-13T17:44:48.071+0000] {logging_mixin.py:190} INFO -  Previous state of the Task instance: queued
[2025-11-13T17:44:48.072+0000] {logging_mixin.py:190} INFO - Current task name:generate_sensor_data state:running start_date:2025-11-13 17:44:47.676866+00:00
[2025-11-13T17:44:48.073+0000] {logging_mixin.py:190} INFO - Dag name:iot_sensor_data_dag and current dag run status:running
[2025-11-13T17:44:48.074+0000] {taskinstance.py:732} INFO - ::endgroup::
[2025-11-13T17:44:48.122+0000] {logging_mixin.py:190} INFO - [2025-11-13 17:44:48.097717] Inserted sensor data: {'time': datetime.datetime(2025, 11, 13, 17, 44, 48, 97717), 'temperature': 27.532563998907754, 'Dissolved_oxygen': 5.931458016825882, 'PH': 7.5264207967681225, 'Ammonia': 0.00954208046580432, 'Nitrite': 0.051090337039334674, 'Turbidty': 39.26506321713247, '_id': ObjectId('6916191033e010004fe999bb')}
[2025-11-13T17:44:48.126+0000] {python.py:218} INFO - Done. Returned value was: None
[2025-11-13T17:44:48.145+0000] {taskinstance.py:341} INFO - ::group::Post task execution logs
[2025-11-13T17:44:48.146+0000] {taskinstance.py:353} INFO - Marking task as SUCCESS. dag_id=iot_sensor_data_dag, task_id=generate_sensor_data, run_id=scheduled__2025-11-13T17:44:30+00:00, execution_date=20251113T174430, start_date=20251113T174447, end_date=20251113T174448
[2025-11-13T17:44:48.177+0000] {logging_mixin.py:190} INFO - Task instance in success state
[2025-11-13T17:44:48.178+0000] {logging_mixin.py:190} INFO -  Previous state of the Task instance: running
[2025-11-13T17:44:48.179+0000] {logging_mixin.py:190} INFO - Dag name:iot_sensor_data_dag queued_at:2025-11-13 17:44:45.266674+00:00
[2025-11-13T17:44:48.180+0000] {logging_mixin.py:190} INFO - Task hostname:4f76d54186b6 operator:PythonOperator
[2025-11-13T17:44:48.215+0000] {local_task_job_runner.py:266} INFO - Task exited with return code 0
[2025-11-13T17:44:48.247+0000] {taskinstance.py:3901} INFO - 0 downstream tasks scheduled from follow-on schedule check
[2025-11-13T17:44:48.253+0000] {local_task_job_runner.py:245} INFO - ::endgroup::
