[2025-11-13T19:11:16.890+0000] {local_task_job_runner.py:123} INFO - ::group::Pre task execution logs
[2025-11-13T19:11:16.905+0000] {taskinstance.py:2614} INFO - Dependencies all met for dep_context=non-requeueable deps ti=<TaskInstance: iot_sensor_data_dag.generate_sensor_data scheduled__2025-11-13T19:11:00+00:00 [queued]>
[2025-11-13T19:11:16.915+0000] {taskinstance.py:2614} INFO - Dependencies all met for dep_context=requeueable deps ti=<TaskInstance: iot_sensor_data_dag.generate_sensor_data scheduled__2025-11-13T19:11:00+00:00 [queued]>
[2025-11-13T19:11:16.916+0000] {taskinstance.py:2867} INFO - Starting attempt 1 of 1
[2025-11-13T19:11:17.047+0000] {taskinstance.py:2890} INFO - Executing <Task(PythonOperator): generate_sensor_data> on 2025-11-13 19:11:00+00:00
[2025-11-13T19:11:17.054+0000] {warnings.py:112} WARNING - /home/***/.local/lib/python3.12/site-packages/***/task/task_runner/standard_task_runner.py:70: DeprecationWarning: This process (pid=4862) is multi-threaded, use of fork() may lead to deadlocks in the child.
  pid = os.fork()

[2025-11-13T19:11:17.055+0000] {standard_task_runner.py:72} INFO - Started process 4864 to run task
[2025-11-13T19:11:17.056+0000] {standard_task_runner.py:104} INFO - Running: ['***', 'tasks', 'run', 'iot_sensor_data_dag', 'generate_sensor_data', 'scheduled__2025-11-13T19:11:00+00:00', '--job-id', '678', '--raw', '--subdir', 'DAGS_FOLDER/DEPI.py', '--cfg-path', '/tmp/tmpfdiahsnb']
[2025-11-13T19:11:17.057+0000] {standard_task_runner.py:105} INFO - Job 678: Subtask generate_sensor_data
[2025-11-13T19:11:17.104+0000] {task_command.py:467} INFO - Running <TaskInstance: iot_sensor_data_dag.generate_sensor_data scheduled__2025-11-13T19:11:00+00:00 [running]> on host 4f76d54186b6
[2025-11-13T19:11:17.187+0000] {taskinstance.py:3134} INFO - Exporting env vars: AIRFLOW_CTX_DAG_OWNER='***' AIRFLOW_CTX_DAG_ID='iot_sensor_data_dag' AIRFLOW_CTX_TASK_ID='generate_sensor_data' AIRFLOW_CTX_EXECUTION_DATE='2025-11-13T19:11:00+00:00' AIRFLOW_CTX_TRY_NUMBER='1' AIRFLOW_CTX_DAG_RUN_ID='scheduled__2025-11-13T19:11:00+00:00'
[2025-11-13T19:11:17.190+0000] {logging_mixin.py:190} INFO - Task instance is in running state
[2025-11-13T19:11:17.190+0000] {logging_mixin.py:190} INFO -  Previous state of the Task instance: queued
[2025-11-13T19:11:17.191+0000] {logging_mixin.py:190} INFO - Current task name:generate_sensor_data state:running start_date:2025-11-13 19:11:16.909604+00:00
[2025-11-13T19:11:17.192+0000] {logging_mixin.py:190} INFO - Dag name:iot_sensor_data_dag and current dag run status:running
[2025-11-13T19:11:17.193+0000] {taskinstance.py:732} INFO - ::endgroup::
[2025-11-13T19:11:17.236+0000] {logging_mixin.py:190} INFO - [2025-11-13 19:11:17.213478] Inserted sensor data: {'time': datetime.datetime(2025, 11, 13, 19, 11, 17, 213478), 'temperature': 27.611671110189288, 'Dissolved_oxygen': 6.086871336651977, 'PH': 7.521702845687389, 'Ammonia': 0.009228679111764415, 'Nitrite': 0.046679066437253086, 'Turbidty': 39.799092410633136, '_id': ObjectId('69162d55c20e631585e3ab33')}
[2025-11-13T19:11:17.239+0000] {python.py:218} INFO - Done. Returned value was: None
[2025-11-13T19:11:17.252+0000] {taskinstance.py:341} INFO - ::group::Post task execution logs
[2025-11-13T19:11:17.253+0000] {taskinstance.py:353} INFO - Marking task as SUCCESS. dag_id=iot_sensor_data_dag, task_id=generate_sensor_data, run_id=scheduled__2025-11-13T19:11:00+00:00, execution_date=20251113T191100, start_date=20251113T191116, end_date=20251113T191117
[2025-11-13T19:11:17.276+0000] {logging_mixin.py:190} INFO - Task instance in success state
[2025-11-13T19:11:17.277+0000] {logging_mixin.py:190} INFO -  Previous state of the Task instance: running
[2025-11-13T19:11:17.277+0000] {logging_mixin.py:190} INFO - Dag name:iot_sensor_data_dag queued_at:2025-11-13 19:11:15.263268+00:00
[2025-11-13T19:11:17.278+0000] {logging_mixin.py:190} INFO - Task hostname:4f76d54186b6 operator:PythonOperator
[2025-11-13T19:11:17.315+0000] {local_task_job_runner.py:266} INFO - Task exited with return code 0
[2025-11-13T19:11:17.330+0000] {taskinstance.py:3901} INFO - 0 downstream tasks scheduled from follow-on schedule check
[2025-11-13T19:11:17.332+0000] {local_task_job_runner.py:245} INFO - ::endgroup::
