[2025-10-27T11:17:47.123+0000] {local_task_job_runner.py:123} INFO - ::group::Pre task execution logs
[2025-10-27T11:17:47.138+0000] {taskinstance.py:2614} INFO - Dependencies all met for dep_context=non-requeueable deps ti=<TaskInstance: iot_sensor_data_dag.generate_sensor_data scheduled__2025-10-27T11:17:30+00:00 [queued]>
[2025-10-27T11:17:47.143+0000] {taskinstance.py:2614} INFO - Dependencies all met for dep_context=requeueable deps ti=<TaskInstance: iot_sensor_data_dag.generate_sensor_data scheduled__2025-10-27T11:17:30+00:00 [queued]>
[2025-10-27T11:17:47.144+0000] {taskinstance.py:2867} INFO - Starting attempt 1 of 1
[2025-10-27T11:17:47.253+0000] {taskinstance.py:2890} INFO - Executing <Task(PythonOperator): generate_sensor_data> on 2025-10-27 11:17:30+00:00
[2025-10-27T11:17:47.260+0000] {warnings.py:112} WARNING - /home/***/.local/lib/python3.12/site-packages/***/task/task_runner/standard_task_runner.py:70: DeprecationWarning: This process (pid=93) is multi-threaded, use of fork() may lead to deadlocks in the child.
  pid = os.fork()

[2025-10-27T11:17:47.263+0000] {standard_task_runner.py:72} INFO - Started process 95 to run task
[2025-10-27T11:17:47.263+0000] {standard_task_runner.py:104} INFO - Running: ['***', 'tasks', 'run', 'iot_sensor_data_dag', 'generate_sensor_data', 'scheduled__2025-10-27T11:17:30+00:00', '--job-id', '213', '--raw', '--subdir', 'DAGS_FOLDER/DEPI.py', '--cfg-path', '/tmp/tmp55o50k9w']
[2025-10-27T11:17:47.264+0000] {standard_task_runner.py:105} INFO - Job 213: Subtask generate_sensor_data
[2025-10-27T11:17:47.315+0000] {task_command.py:467} INFO - Running <TaskInstance: iot_sensor_data_dag.generate_sensor_data scheduled__2025-10-27T11:17:30+00:00 [running]> on host 4f76d54186b6
[2025-10-27T11:17:47.381+0000] {taskinstance.py:3134} INFO - Exporting env vars: AIRFLOW_CTX_DAG_OWNER='***' AIRFLOW_CTX_DAG_ID='iot_sensor_data_dag' AIRFLOW_CTX_TASK_ID='generate_sensor_data' AIRFLOW_CTX_EXECUTION_DATE='2025-10-27T11:17:30+00:00' AIRFLOW_CTX_TRY_NUMBER='1' AIRFLOW_CTX_DAG_RUN_ID='scheduled__2025-10-27T11:17:30+00:00'
[2025-10-27T11:17:47.383+0000] {logging_mixin.py:190} INFO - Task instance is in running state
[2025-10-27T11:17:47.384+0000] {logging_mixin.py:190} INFO -  Previous state of the Task instance: queued
[2025-10-27T11:17:47.385+0000] {logging_mixin.py:190} INFO - Current task name:generate_sensor_data state:running start_date:2025-10-27 11:17:47.139211+00:00
[2025-10-27T11:17:47.386+0000] {logging_mixin.py:190} INFO - Dag name:iot_sensor_data_dag and current dag run status:running
[2025-10-27T11:17:47.388+0000] {taskinstance.py:732} INFO - ::endgroup::
[2025-10-27T11:17:47.429+0000] {logging_mixin.py:190} INFO - [2025-10-27 11:17:47.406174] Inserted sensor data: {'time': datetime.datetime(2025, 10, 27, 11, 17, 47, 406174), 'temperature': 27.57917267710142, 'Dissolved_oxygen': 5.9650368783218255, 'PH': 7.451484805339152, 'Ammonia': 0.009374287972672889, 'Nitrite': 0.047391738347663366, 'Turbidty': 40.046606774327294, '_id': ObjectId('68ff54db9bee5b3ebbee0176')}
[2025-10-27T11:17:47.432+0000] {python.py:218} INFO - Done. Returned value was: None
[2025-10-27T11:17:47.442+0000] {taskinstance.py:341} INFO - ::group::Post task execution logs
[2025-10-27T11:17:47.442+0000] {taskinstance.py:353} INFO - Marking task as SUCCESS. dag_id=iot_sensor_data_dag, task_id=generate_sensor_data, run_id=scheduled__2025-10-27T11:17:30+00:00, execution_date=20251027T111730, start_date=20251027T111747, end_date=20251027T111747
[2025-10-27T11:17:47.461+0000] {logging_mixin.py:190} INFO - Task instance in success state
[2025-10-27T11:17:47.462+0000] {logging_mixin.py:190} INFO -  Previous state of the Task instance: running
[2025-10-27T11:17:47.462+0000] {logging_mixin.py:190} INFO - Dag name:iot_sensor_data_dag queued_at:2025-10-27 11:17:45.754469+00:00
[2025-10-27T11:17:47.463+0000] {logging_mixin.py:190} INFO - Task hostname:4f76d54186b6 operator:PythonOperator
[2025-10-27T11:17:47.491+0000] {local_task_job_runner.py:266} INFO - Task exited with return code 0
[2025-10-27T11:17:47.513+0000] {taskinstance.py:3901} INFO - 0 downstream tasks scheduled from follow-on schedule check
[2025-10-27T11:17:47.517+0000] {local_task_job_runner.py:245} INFO - ::endgroup::
