[2025-11-17T19:31:41.511+0000] {local_task_job_runner.py:123} INFO - ::group::Pre task execution logs
[2025-11-17T19:31:41.614+0000] {taskinstance.py:2614} INFO - Dependencies all met for dep_context=non-requeueable deps ti=<TaskInstance: iot_kafka_with_env.generate_data scheduled__2025-11-17T19:31:15+00:00 [queued]>
[2025-11-17T19:31:41.620+0000] {taskinstance.py:2614} INFO - Dependencies all met for dep_context=requeueable deps ti=<TaskInstance: iot_kafka_with_env.generate_data scheduled__2025-11-17T19:31:15+00:00 [queued]>
[2025-11-17T19:31:41.621+0000] {taskinstance.py:2867} INFO - Starting attempt 1 of 1
[2025-11-17T19:31:41.631+0000] {taskinstance.py:2890} INFO - Executing <Task(PythonOperator): generate_data> on 2025-11-17 19:31:15+00:00
[2025-11-17T19:31:41.636+0000] {warnings.py:112} WARNING - /home/***/.local/lib/python3.12/site-packages/***/task/task_runner/standard_task_runner.py:70: DeprecationWarning: This process (pid=185) is multi-threaded, use of fork() may lead to deadlocks in the child.
  pid = os.fork()

[2025-11-17T19:31:41.638+0000] {standard_task_runner.py:72} INFO - Started process 187 to run task
[2025-11-17T19:31:41.639+0000] {standard_task_runner.py:104} INFO - Running: ['***', 'tasks', 'run', 'iot_kafka_with_env', 'generate_data', 'scheduled__2025-11-17T19:31:15+00:00', '--job-id', '2497', '--raw', '--subdir', 'DAGS_FOLDER/IOT.py', '--cfg-path', '/tmp/tmpt9ibg4cc']
[2025-11-17T19:31:41.640+0000] {standard_task_runner.py:105} INFO - Job 2497: Subtask generate_data
[2025-11-17T19:31:41.680+0000] {task_command.py:467} INFO - Running <TaskInstance: iot_kafka_with_env.generate_data scheduled__2025-11-17T19:31:15+00:00 [running]> on host 4f76d54186b6
[2025-11-17T19:31:41.736+0000] {taskinstance.py:3134} INFO - Exporting env vars: AIRFLOW_CTX_DAG_OWNER='***' AIRFLOW_CTX_DAG_ID='iot_kafka_with_env' AIRFLOW_CTX_TASK_ID='generate_data' AIRFLOW_CTX_EXECUTION_DATE='2025-11-17T19:31:15+00:00' AIRFLOW_CTX_TRY_NUMBER='1' AIRFLOW_CTX_DAG_RUN_ID='scheduled__2025-11-17T19:31:15+00:00'
[2025-11-17T19:31:41.738+0000] {logging_mixin.py:190} INFO - Task instance is in running state
[2025-11-17T19:31:41.738+0000] {logging_mixin.py:190} INFO -  Previous state of the Task instance: queued
[2025-11-17T19:31:41.739+0000] {logging_mixin.py:190} INFO - Current task name:generate_data state:running start_date:2025-11-17 19:31:41.614958+00:00
[2025-11-17T19:31:41.739+0000] {logging_mixin.py:190} INFO - Dag name:iot_kafka_with_env and current dag run status:running
[2025-11-17T19:31:41.740+0000] {taskinstance.py:732} INFO - ::endgroup::
[2025-11-17T19:31:41.740+0000] {python.py:218} INFO - Done. Returned value was: {'time': '2025-11-17T19:31:41.740863', 'temperature': 27.47605533388256, 'Dissolved_oxygen': 5.959104971299613, 'PH': 7.4886582291524855, 'Ammonia': 0.010546055837557198, 'Nitrite': 0.0549768901664623, 'Turbidty': 40.24960425180262}
[2025-11-17T19:31:41.756+0000] {taskinstance.py:341} INFO - ::group::Post task execution logs
[2025-11-17T19:31:41.757+0000] {taskinstance.py:353} INFO - Marking task as SUCCESS. dag_id=iot_kafka_with_env, task_id=generate_data, run_id=scheduled__2025-11-17T19:31:15+00:00, execution_date=20251117T193115, start_date=20251117T193141, end_date=20251117T193141
[2025-11-17T19:31:41.774+0000] {logging_mixin.py:190} INFO - Task instance in success state
[2025-11-17T19:31:41.775+0000] {logging_mixin.py:190} INFO -  Previous state of the Task instance: running
[2025-11-17T19:31:41.776+0000] {logging_mixin.py:190} INFO - Dag name:iot_kafka_with_env queued_at:2025-11-17 19:31:40.476696+00:00
[2025-11-17T19:31:41.777+0000] {logging_mixin.py:190} INFO - Task hostname:4f76d54186b6 operator:PythonOperator
[2025-11-17T19:31:41.813+0000] {local_task_job_runner.py:266} INFO - Task exited with return code 0
[2025-11-17T19:31:41.832+0000] {taskinstance.py:3901} INFO - 1 downstream tasks scheduled from follow-on schedule check
[2025-11-17T19:31:41.834+0000] {local_task_job_runner.py:245} INFO - ::endgroup::
