[2025-11-13T17:30:31.544+0000] {local_task_job_runner.py:123} INFO - ::group::Pre task execution logs
[2025-11-13T17:30:31.558+0000] {taskinstance.py:2614} INFO - Dependencies all met for dep_context=non-requeueable deps ti=<TaskInstance: iot_sensor_data_dag.generate_sensor_data scheduled__2025-11-13T17:30:15+00:00 [queued]>
[2025-11-13T17:30:31.564+0000] {taskinstance.py:2614} INFO - Dependencies all met for dep_context=requeueable deps ti=<TaskInstance: iot_sensor_data_dag.generate_sensor_data scheduled__2025-11-13T17:30:15+00:00 [queued]>
[2025-11-13T17:30:31.565+0000] {taskinstance.py:2867} INFO - Starting attempt 1 of 1
[2025-11-13T17:30:31.730+0000] {taskinstance.py:2890} INFO - Executing <Task(PythonOperator): generate_sensor_data> on 2025-11-13 17:30:15+00:00
[2025-11-13T17:30:31.740+0000] {warnings.py:112} WARNING - /home/***/.local/lib/python3.12/site-packages/***/task/task_runner/standard_task_runner.py:70: DeprecationWarning: This process (pid=654) is multi-threaded, use of fork() may lead to deadlocks in the child.
  pid = os.fork()

[2025-11-13T17:30:31.742+0000] {standard_task_runner.py:72} INFO - Started process 656 to run task
[2025-11-13T17:30:31.742+0000] {standard_task_runner.py:104} INFO - Running: ['***', 'tasks', 'run', 'iot_sensor_data_dag', 'generate_sensor_data', 'scheduled__2025-11-13T17:30:15+00:00', '--job-id', '275', '--raw', '--subdir', 'DAGS_FOLDER/DEPI.py', '--cfg-path', '/tmp/tmp9ynvy61j']
[2025-11-13T17:30:31.743+0000] {standard_task_runner.py:105} INFO - Job 275: Subtask generate_sensor_data
[2025-11-13T17:30:31.788+0000] {task_command.py:467} INFO - Running <TaskInstance: iot_sensor_data_dag.generate_sensor_data scheduled__2025-11-13T17:30:15+00:00 [running]> on host 4f76d54186b6
[2025-11-13T17:30:31.859+0000] {taskinstance.py:3134} INFO - Exporting env vars: AIRFLOW_CTX_DAG_OWNER='***' AIRFLOW_CTX_DAG_ID='iot_sensor_data_dag' AIRFLOW_CTX_TASK_ID='generate_sensor_data' AIRFLOW_CTX_EXECUTION_DATE='2025-11-13T17:30:15+00:00' AIRFLOW_CTX_TRY_NUMBER='1' AIRFLOW_CTX_DAG_RUN_ID='scheduled__2025-11-13T17:30:15+00:00'
[2025-11-13T17:30:31.861+0000] {logging_mixin.py:190} INFO - Task instance is in running state
[2025-11-13T17:30:31.862+0000] {logging_mixin.py:190} INFO -  Previous state of the Task instance: queued
[2025-11-13T17:30:31.863+0000] {logging_mixin.py:190} INFO - Current task name:generate_sensor_data state:running start_date:2025-11-13 17:30:31.558969+00:00
[2025-11-13T17:30:31.863+0000] {logging_mixin.py:190} INFO - Dag name:iot_sensor_data_dag and current dag run status:running
[2025-11-13T17:30:31.864+0000] {taskinstance.py:732} INFO - ::endgroup::
[2025-11-13T17:30:31.899+0000] {logging_mixin.py:190} INFO - [2025-11-13 17:30:31.881634] Inserted sensor data: {'time': datetime.datetime(2025, 11, 13, 17, 30, 31, 881634), 'temperature': 27.40990302484623, 'Dissolved_oxygen': 5.9294484493899855, 'PH': 7.5934266805968935, 'Ammonia': 0.009765810351205289, 'Nitrite': 0.0522938195362414, 'Turbidty': 40.090069314908376, '_id': ObjectId('691615b772faf81ba4c29710')}
[2025-11-13T17:30:31.901+0000] {python.py:218} INFO - Done. Returned value was: None
[2025-11-13T17:30:31.912+0000] {taskinstance.py:341} INFO - ::group::Post task execution logs
[2025-11-13T17:30:31.913+0000] {taskinstance.py:353} INFO - Marking task as SUCCESS. dag_id=iot_sensor_data_dag, task_id=generate_sensor_data, run_id=scheduled__2025-11-13T17:30:15+00:00, execution_date=20251113T173015, start_date=20251113T173031, end_date=20251113T173031
[2025-11-13T17:30:31.935+0000] {logging_mixin.py:190} INFO - Task instance in success state
[2025-11-13T17:30:31.936+0000] {logging_mixin.py:190} INFO -  Previous state of the Task instance: running
[2025-11-13T17:30:31.936+0000] {logging_mixin.py:190} INFO - Dag name:iot_sensor_data_dag queued_at:2025-11-13 17:30:30.096439+00:00
[2025-11-13T17:30:31.937+0000] {logging_mixin.py:190} INFO - Task hostname:4f76d54186b6 operator:PythonOperator
[2025-11-13T17:30:31.965+0000] {local_task_job_runner.py:266} INFO - Task exited with return code 0
[2025-11-13T17:30:31.996+0000] {taskinstance.py:3901} INFO - 0 downstream tasks scheduled from follow-on schedule check
[2025-11-13T17:30:32.001+0000] {local_task_job_runner.py:245} INFO - ::endgroup::
