[2025-11-16T20:58:11.533+0000] {local_task_job_runner.py:123} INFO - ::group::Pre task execution logs
[2025-11-16T20:58:11.553+0000] {taskinstance.py:2614} INFO - Dependencies all met for dep_context=non-requeueable deps ti=<TaskInstance: iot_sensor_data_dag.notify_and_mail_if_fail scheduled__2025-11-16T20:42:30+00:00 [queued]>
[2025-11-16T20:58:11.563+0000] {taskinstance.py:2614} INFO - Dependencies all met for dep_context=requeueable deps ti=<TaskInstance: iot_sensor_data_dag.notify_and_mail_if_fail scheduled__2025-11-16T20:42:30+00:00 [queued]>
[2025-11-16T20:58:11.563+0000] {taskinstance.py:2867} INFO - Starting attempt 1 of 1
[2025-11-16T20:58:11.759+0000] {taskinstance.py:2890} INFO - Executing <Task(PythonOperator): notify_and_mail_if_fail> on 2025-11-16 20:42:30+00:00
[2025-11-16T20:58:11.768+0000] {warnings.py:112} WARNING - /home/***/.local/lib/python3.12/site-packages/***/task/task_runner/standard_task_runner.py:70: DeprecationWarning: This process (pid=156) is multi-threaded, use of fork() may lead to deadlocks in the child.
  pid = os.fork()

[2025-11-16T20:58:11.770+0000] {standard_task_runner.py:72} INFO - Started process 195 to run task
[2025-11-16T20:58:11.773+0000] {standard_task_runner.py:104} INFO - Running: ['***', 'tasks', 'run', 'iot_sensor_data_dag', 'notify_and_mail_if_fail', 'scheduled__2025-11-16T20:42:30+00:00', '--job-id', '1691', '--raw', '--subdir', 'DAGS_FOLDER/DEPI.py', '--cfg-path', '/tmp/tmpq7dqczim']
[2025-11-16T20:58:11.774+0000] {standard_task_runner.py:105} INFO - Job 1691: Subtask notify_and_mail_if_fail
[2025-11-16T20:58:11.843+0000] {task_command.py:467} INFO - Running <TaskInstance: iot_sensor_data_dag.notify_and_mail_if_fail scheduled__2025-11-16T20:42:30+00:00 [running]> on host 4f76d54186b6
[2025-11-16T20:58:11.944+0000] {taskinstance.py:3134} INFO - Exporting env vars: AIRFLOW_CTX_DAG_OWNER='***' AIRFLOW_CTX_DAG_ID='iot_sensor_data_dag' AIRFLOW_CTX_TASK_ID='notify_and_mail_if_fail' AIRFLOW_CTX_EXECUTION_DATE='2025-11-16T20:42:30+00:00' AIRFLOW_CTX_TRY_NUMBER='1' AIRFLOW_CTX_DAG_RUN_ID='scheduled__2025-11-16T20:42:30+00:00'
[2025-11-16T20:58:11.946+0000] {logging_mixin.py:190} INFO - Task instance is in running state
[2025-11-16T20:58:11.947+0000] {logging_mixin.py:190} INFO -  Previous state of the Task instance: queued
[2025-11-16T20:58:11.947+0000] {logging_mixin.py:190} INFO - Current task name:notify_and_mail_if_fail state:running start_date:2025-11-16 20:58:11.554567+00:00
[2025-11-16T20:58:11.948+0000] {logging_mixin.py:190} INFO - Dag name:iot_sensor_data_dag and current dag run status:running
[2025-11-16T20:58:11.948+0000] {taskinstance.py:732} INFO - ::endgroup::
[2025-11-16T20:58:17.668+0000] {logging_mixin.py:190} INFO - Email sent successfully!
[2025-11-16T20:58:17.669+0000] {python.py:218} INFO - Done. Returned value was: None
[2025-11-16T20:58:17.678+0000] {taskinstance.py:341} INFO - ::group::Post task execution logs
[2025-11-16T20:58:17.678+0000] {taskinstance.py:353} INFO - Marking task as SUCCESS. dag_id=iot_sensor_data_dag, task_id=notify_and_mail_if_fail, run_id=scheduled__2025-11-16T20:42:30+00:00, execution_date=20251116T204230, start_date=20251116T205811, end_date=20251116T205817
[2025-11-16T20:58:17.699+0000] {logging_mixin.py:190} INFO - Task instance in success state
[2025-11-16T20:58:17.699+0000] {logging_mixin.py:190} INFO -  Previous state of the Task instance: running
[2025-11-16T20:58:17.700+0000] {logging_mixin.py:190} INFO - Dag name:iot_sensor_data_dag queued_at:2025-11-16 20:42:55.069916+00:00
[2025-11-16T20:58:17.700+0000] {logging_mixin.py:190} INFO - Task hostname:4f76d54186b6 operator:PythonOperator
[2025-11-16T20:58:17.710+0000] {local_task_job_runner.py:266} INFO - Task exited with return code 0
[2025-11-16T20:58:17.721+0000] {taskinstance.py:3901} INFO - 0 downstream tasks scheduled from follow-on schedule check
[2025-11-16T20:58:17.723+0000] {local_task_job_runner.py:245} INFO - ::endgroup::
