[2025-11-13T18:55:01.802+0000] {local_task_job_runner.py:123} INFO - ::group::Pre task execution logs
[2025-11-13T18:55:01.814+0000] {taskinstance.py:2614} INFO - Dependencies all met for dep_context=non-requeueable deps ti=<TaskInstance: iot_sensor_data_dag.generate_sensor_data scheduled__2025-11-13T18:54:45+00:00 [queued]>
[2025-11-13T18:55:01.820+0000] {taskinstance.py:2614} INFO - Dependencies all met for dep_context=requeueable deps ti=<TaskInstance: iot_sensor_data_dag.generate_sensor_data scheduled__2025-11-13T18:54:45+00:00 [queued]>
[2025-11-13T18:55:01.821+0000] {taskinstance.py:2867} INFO - Starting attempt 1 of 1
[2025-11-13T18:55:01.940+0000] {taskinstance.py:2890} INFO - Executing <Task(PythonOperator): generate_sensor_data> on 2025-11-13 18:54:45+00:00
[2025-11-13T18:55:01.951+0000] {warnings.py:112} WARNING - /home/***/.local/lib/python3.12/site-packages/***/task/task_runner/standard_task_runner.py:70: DeprecationWarning: This process (pid=4184) is multi-threaded, use of fork() may lead to deadlocks in the child.
  pid = os.fork()

[2025-11-13T18:55:01.953+0000] {standard_task_runner.py:72} INFO - Started process 4186 to run task
[2025-11-13T18:55:01.952+0000] {standard_task_runner.py:104} INFO - Running: ['***', 'tasks', 'run', 'iot_sensor_data_dag', 'generate_sensor_data', 'scheduled__2025-11-13T18:54:45+00:00', '--job-id', '613', '--raw', '--subdir', 'DAGS_FOLDER/DEPI.py', '--cfg-path', '/tmp/tmpc8qhaqj0']
[2025-11-13T18:55:01.954+0000] {standard_task_runner.py:105} INFO - Job 613: Subtask generate_sensor_data
[2025-11-13T18:55:01.999+0000] {task_command.py:467} INFO - Running <TaskInstance: iot_sensor_data_dag.generate_sensor_data scheduled__2025-11-13T18:54:45+00:00 [running]> on host 4f76d54186b6
[2025-11-13T18:55:02.056+0000] {taskinstance.py:3134} INFO - Exporting env vars: AIRFLOW_CTX_DAG_OWNER='***' AIRFLOW_CTX_DAG_ID='iot_sensor_data_dag' AIRFLOW_CTX_TASK_ID='generate_sensor_data' AIRFLOW_CTX_EXECUTION_DATE='2025-11-13T18:54:45+00:00' AIRFLOW_CTX_TRY_NUMBER='1' AIRFLOW_CTX_DAG_RUN_ID='scheduled__2025-11-13T18:54:45+00:00'
[2025-11-13T18:55:02.059+0000] {logging_mixin.py:190} INFO - Task instance is in running state
[2025-11-13T18:55:02.060+0000] {logging_mixin.py:190} INFO -  Previous state of the Task instance: queued
[2025-11-13T18:55:02.061+0000] {logging_mixin.py:190} INFO - Current task name:generate_sensor_data state:running start_date:2025-11-13 18:55:01.815237+00:00
[2025-11-13T18:55:02.062+0000] {logging_mixin.py:190} INFO - Dag name:iot_sensor_data_dag and current dag run status:running
[2025-11-13T18:55:02.063+0000] {taskinstance.py:732} INFO - ::endgroup::
[2025-11-13T18:55:02.099+0000] {logging_mixin.py:190} INFO - [2025-11-13 18:55:02.081748] Inserted sensor data: {'time': datetime.datetime(2025, 11, 13, 18, 55, 2, 81748), 'temperature': 27.4957537460014, 'Dissolved_oxygen': 5.972608554062842, 'PH': 7.549410656469446, 'Ammonia': 0.010360935616739238, 'Nitrite': 0.05120844416797597, 'Turbidty': 40.52670974709856, '_id': ObjectId('69162986183606d40f96e014')}
[2025-11-13T18:55:02.102+0000] {python.py:218} INFO - Done. Returned value was: None
[2025-11-13T18:55:02.111+0000] {taskinstance.py:341} INFO - ::group::Post task execution logs
[2025-11-13T18:55:02.112+0000] {taskinstance.py:353} INFO - Marking task as SUCCESS. dag_id=iot_sensor_data_dag, task_id=generate_sensor_data, run_id=scheduled__2025-11-13T18:54:45+00:00, execution_date=20251113T185445, start_date=20251113T185501, end_date=20251113T185502
[2025-11-13T18:55:02.132+0000] {logging_mixin.py:190} INFO - Task instance in success state
[2025-11-13T18:55:02.133+0000] {logging_mixin.py:190} INFO -  Previous state of the Task instance: running
[2025-11-13T18:55:02.133+0000] {logging_mixin.py:190} INFO - Dag name:iot_sensor_data_dag queued_at:2025-11-13 18:55:00.536097+00:00
[2025-11-13T18:55:02.134+0000] {logging_mixin.py:190} INFO - Task hostname:4f76d54186b6 operator:PythonOperator
[2025-11-13T18:55:02.171+0000] {local_task_job_runner.py:266} INFO - Task exited with return code 0
[2025-11-13T18:55:02.198+0000] {taskinstance.py:3901} INFO - 0 downstream tasks scheduled from follow-on schedule check
[2025-11-13T18:55:02.203+0000] {local_task_job_runner.py:245} INFO - ::endgroup::
