[2025-11-15T12:06:46.346+0000] {local_task_job_runner.py:123} INFO - ::group::Pre task execution logs
[2025-11-15T12:06:46.358+0000] {taskinstance.py:2614} INFO - Dependencies all met for dep_context=non-requeueable deps ti=<TaskInstance: iot_sensor_data_dag.generate_sensor_data scheduled__2025-11-15T12:06:30+00:00 [queued]>
[2025-11-15T12:06:46.363+0000] {taskinstance.py:2614} INFO - Dependencies all met for dep_context=requeueable deps ti=<TaskInstance: iot_sensor_data_dag.generate_sensor_data scheduled__2025-11-15T12:06:30+00:00 [queued]>
[2025-11-15T12:06:46.364+0000] {taskinstance.py:2867} INFO - Starting attempt 1 of 1
[2025-11-15T12:06:46.374+0000] {taskinstance.py:2890} INFO - Executing <Task(PythonOperator): generate_sensor_data> on 2025-11-15 12:06:30+00:00
[2025-11-15T12:06:46.382+0000] {warnings.py:112} WARNING - /home/***/.local/lib/python3.12/site-packages/***/task/task_runner/standard_task_runner.py:70: DeprecationWarning: This process (pid=524) is multi-threaded, use of fork() may lead to deadlocks in the child.
  pid = os.fork()

[2025-11-15T12:06:46.384+0000] {standard_task_runner.py:104} INFO - Running: ['***', 'tasks', 'run', 'iot_sensor_data_dag', 'generate_sensor_data', 'scheduled__2025-11-15T12:06:30+00:00', '--job-id', '1214', '--raw', '--subdir', 'DAGS_FOLDER/DEPI.py', '--cfg-path', '/tmp/tmp120zkccw']
[2025-11-15T12:06:46.385+0000] {standard_task_runner.py:72} INFO - Started process 533 to run task
[2025-11-15T12:06:46.385+0000] {standard_task_runner.py:105} INFO - Job 1214: Subtask generate_sensor_data
[2025-11-15T12:06:46.769+0000] {task_command.py:467} INFO - Running <TaskInstance: iot_sensor_data_dag.generate_sensor_data scheduled__2025-11-15T12:06:30+00:00 [running]> on host 4f76d54186b6
[2025-11-15T12:06:46.827+0000] {taskinstance.py:3134} INFO - Exporting env vars: AIRFLOW_CTX_DAG_OWNER='***' AIRFLOW_CTX_DAG_ID='iot_sensor_data_dag' AIRFLOW_CTX_TASK_ID='generate_sensor_data' AIRFLOW_CTX_EXECUTION_DATE='2025-11-15T12:06:30+00:00' AIRFLOW_CTX_TRY_NUMBER='1' AIRFLOW_CTX_DAG_RUN_ID='scheduled__2025-11-15T12:06:30+00:00'
[2025-11-15T12:06:46.828+0000] {logging_mixin.py:190} INFO - Task instance is in running state
[2025-11-15T12:06:46.829+0000] {logging_mixin.py:190} INFO -  Previous state of the Task instance: queued
[2025-11-15T12:06:46.829+0000] {logging_mixin.py:190} INFO - Current task name:generate_sensor_data state:running start_date:2025-11-15 12:06:46.358673+00:00
[2025-11-15T12:06:46.830+0000] {logging_mixin.py:190} INFO - Dag name:iot_sensor_data_dag and current dag run status:running
[2025-11-15T12:06:46.830+0000] {taskinstance.py:732} INFO - ::endgroup::
[2025-11-15T12:06:46.878+0000] {logging_mixin.py:190} INFO - [2025-11-15 12:06:46.861407] Inserted sensor data: {'time': '2025-11-15T12:06:46.861407', 'temperature': 27.343394464151352, 'Dissolved_oxygen': 5.953541976914252, 'PH': 7.593772568307072, 'Ammonia': 0.010307803585525183, 'Nitrite': 0.049550987610185074, 'Turbidty': 40.975065170311034, '_id': '69186cd62a901d07bcbb3b72'}
[2025-11-15T12:11:40.754+0000] {python.py:218} INFO - Done. Returned value was: None
[2025-11-15T12:11:43.572+0000] {taskinstance.py:341} INFO - ::group::Post task execution logs
[2025-11-15T12:11:43.596+0000] {taskinstance.py:353} INFO - Marking task as SUCCESS. dag_id=iot_sensor_data_dag, task_id=generate_sensor_data, run_id=scheduled__2025-11-15T12:06:30+00:00, execution_date=20251115T120630, start_date=20251115T120646, end_date=20251115T121143
[2025-11-15T12:11:43.632+0000] {job.py:229} INFO - Heartbeat recovered after 11.64 seconds
[2025-11-15T12:11:43.497+0000] {logging_mixin.py:190} INFO - Task instance in success state
[2025-11-15T12:11:43.497+0000] {logging_mixin.py:190} INFO -  Previous state of the Task instance: running
[2025-11-15T12:11:43.498+0000] {logging_mixin.py:190} INFO - Dag name:iot_sensor_data_dag queued_at:2025-11-15 12:06:45.042658+00:00
[2025-11-15T12:11:43.499+0000] {logging_mixin.py:190} INFO - Task hostname:4f76d54186b6 operator:PythonOperator
[2025-11-15T12:11:43.526+0000] {local_task_job_runner.py:266} INFO - Task exited with return code 0
[2025-11-15T12:11:43.550+0000] {taskinstance.py:3901} INFO - 0 downstream tasks scheduled from follow-on schedule check
[2025-11-15T12:11:43.554+0000] {local_task_job_runner.py:245} INFO - ::endgroup::
