[2025-11-15T18:46:34.840+0000] {local_task_job_runner.py:123} INFO - ::group::Pre task execution logs
[2025-11-15T18:46:34.852+0000] {taskinstance.py:2614} INFO - Dependencies all met for dep_context=non-requeueable deps ti=<TaskInstance: iot_sensor_data_dag.generate_sensor_data scheduled__2025-11-15T18:46:15+00:00 [queued]>
[2025-11-15T18:46:34.857+0000] {taskinstance.py:2614} INFO - Dependencies all met for dep_context=requeueable deps ti=<TaskInstance: iot_sensor_data_dag.generate_sensor_data scheduled__2025-11-15T18:46:15+00:00 [queued]>
[2025-11-15T18:46:34.870+0000] {taskinstance.py:2867} INFO - Starting attempt 1 of 1
[2025-11-15T18:46:34.881+0000] {taskinstance.py:2890} INFO - Executing <Task(PythonOperator): generate_sensor_data> on 2025-11-15 18:46:15+00:00
[2025-11-15T18:46:34.889+0000] {warnings.py:112} WARNING - /home/***/.local/lib/python3.12/site-packages/***/task/task_runner/standard_task_runner.py:70: DeprecationWarning: This process (pid=1897) is multi-threaded, use of fork() may lead to deadlocks in the child.
  pid = os.fork()

[2025-11-15T18:46:34.890+0000] {standard_task_runner.py:72} INFO - Started process 1899 to run task
[2025-11-15T18:46:34.890+0000] {standard_task_runner.py:104} INFO - Running: ['***', 'tasks', 'run', 'iot_sensor_data_dag', 'generate_sensor_data', 'scheduled__2025-11-15T18:46:15+00:00', '--job-id', '1337', '--raw', '--subdir', 'DAGS_FOLDER/DEPI.py', '--cfg-path', '/tmp/tmpp7bm41sd']
[2025-11-15T18:46:34.892+0000] {standard_task_runner.py:105} INFO - Job 1337: Subtask generate_sensor_data
[2025-11-15T18:46:35.126+0000] {task_command.py:467} INFO - Running <TaskInstance: iot_sensor_data_dag.generate_sensor_data scheduled__2025-11-15T18:46:15+00:00 [running]> on host 4f76d54186b6
[2025-11-15T18:46:35.223+0000] {taskinstance.py:3134} INFO - Exporting env vars: AIRFLOW_CTX_DAG_OWNER='***' AIRFLOW_CTX_DAG_ID='iot_sensor_data_dag' AIRFLOW_CTX_TASK_ID='generate_sensor_data' AIRFLOW_CTX_EXECUTION_DATE='2025-11-15T18:46:15+00:00' AIRFLOW_CTX_TRY_NUMBER='1' AIRFLOW_CTX_DAG_RUN_ID='scheduled__2025-11-15T18:46:15+00:00'
[2025-11-15T18:46:35.224+0000] {logging_mixin.py:190} INFO - Task instance is in running state
[2025-11-15T18:46:35.224+0000] {logging_mixin.py:190} INFO -  Previous state of the Task instance: queued
[2025-11-15T18:46:35.225+0000] {logging_mixin.py:190} INFO - Current task name:generate_sensor_data state:running start_date:2025-11-15 18:46:34.853246+00:00
[2025-11-15T18:46:35.225+0000] {logging_mixin.py:190} INFO - Dag name:iot_sensor_data_dag and current dag run status:running
[2025-11-15T18:46:35.226+0000] {taskinstance.py:732} INFO - ::endgroup::
[2025-11-15T18:46:35.250+0000] {logging_mixin.py:190} INFO - [2025-11-15 18:46:35.239782] Inserted sensor data: {'time': '2025-11-15T18:46:35.239782', 'temperature': 27.44619030441933, 'Dissolved_oxygen': 6.052967253754523, 'PH': 7.555153553146561, 'Ammonia': 0.01046418261471669, 'Nitrite': 0.0467265176548021, 'Turbidty': 40.828534267249246, '_id': '6918ca8bbc693b44785e1929'}
[2025-11-16T19:14:22.550+0000] {local_task_job_runner.py:123} INFO - ::group::Pre task execution logs
[2025-11-16T19:14:22.586+0000] {taskinstance.py:2604} INFO - Dependencies not met for <TaskInstance: iot_sensor_data_dag.generate_sensor_data scheduled__2025-11-15T18:46:15+00:00 [failed]>, dependency 'Task Instance State' FAILED: Task is in the 'failed' state.
[2025-11-16T19:14:22.589+0000] {local_task_job_runner.py:166} INFO - Task is not able to be run
