[2025-11-13T17:35:31.898+0000] {local_task_job_runner.py:123} INFO - ::group::Pre task execution logs
[2025-11-13T17:35:31.913+0000] {taskinstance.py:2614} INFO - Dependencies all met for dep_context=non-requeueable deps ti=<TaskInstance: iot_sensor_data_dag.generate_sensor_data scheduled__2025-11-13T17:35:15+00:00 [queued]>
[2025-11-13T17:35:31.920+0000] {taskinstance.py:2614} INFO - Dependencies all met for dep_context=requeueable deps ti=<TaskInstance: iot_sensor_data_dag.generate_sensor_data scheduled__2025-11-13T17:35:15+00:00 [queued]>
[2025-11-13T17:35:31.935+0000] {taskinstance.py:2867} INFO - Starting attempt 1 of 1
[2025-11-13T17:35:32.079+0000] {taskinstance.py:2890} INFO - Executing <Task(PythonOperator): generate_sensor_data> on 2025-11-13 17:35:15+00:00
[2025-11-13T17:35:32.085+0000] {warnings.py:112} WARNING - /home/***/.local/lib/python3.12/site-packages/***/task/task_runner/standard_task_runner.py:70: DeprecationWarning: This process (pid=864) is multi-threaded, use of fork() may lead to deadlocks in the child.
  pid = os.fork()

[2025-11-13T17:35:32.088+0000] {standard_task_runner.py:72} INFO - Started process 866 to run task
[2025-11-13T17:35:32.088+0000] {standard_task_runner.py:104} INFO - Running: ['***', 'tasks', 'run', 'iot_sensor_data_dag', 'generate_sensor_data', 'scheduled__2025-11-13T17:35:15+00:00', '--job-id', '295', '--raw', '--subdir', 'DAGS_FOLDER/DEPI.py', '--cfg-path', '/tmp/tmp9yo4mbty']
[2025-11-13T17:35:32.089+0000] {standard_task_runner.py:105} INFO - Job 295: Subtask generate_sensor_data
[2025-11-13T17:35:32.132+0000] {task_command.py:467} INFO - Running <TaskInstance: iot_sensor_data_dag.generate_sensor_data scheduled__2025-11-13T17:35:15+00:00 [running]> on host 4f76d54186b6
[2025-11-13T17:35:32.220+0000] {taskinstance.py:3134} INFO - Exporting env vars: AIRFLOW_CTX_DAG_OWNER='***' AIRFLOW_CTX_DAG_ID='iot_sensor_data_dag' AIRFLOW_CTX_TASK_ID='generate_sensor_data' AIRFLOW_CTX_EXECUTION_DATE='2025-11-13T17:35:15+00:00' AIRFLOW_CTX_TRY_NUMBER='1' AIRFLOW_CTX_DAG_RUN_ID='scheduled__2025-11-13T17:35:15+00:00'
[2025-11-13T17:35:32.222+0000] {logging_mixin.py:190} INFO - Task instance is in running state
[2025-11-13T17:35:32.222+0000] {logging_mixin.py:190} INFO -  Previous state of the Task instance: queued
[2025-11-13T17:35:32.223+0000] {logging_mixin.py:190} INFO - Current task name:generate_sensor_data state:running start_date:2025-11-13 17:35:31.914094+00:00
[2025-11-13T17:35:32.223+0000] {logging_mixin.py:190} INFO - Dag name:iot_sensor_data_dag and current dag run status:running
[2025-11-13T17:35:32.224+0000] {taskinstance.py:732} INFO - ::endgroup::
[2025-11-13T17:35:32.257+0000] {logging_mixin.py:190} INFO - [2025-11-13 17:35:32.239071] Inserted sensor data: {'time': datetime.datetime(2025, 11, 13, 17, 35, 32, 239071), 'temperature': 27.531906457688702, 'Dissolved_oxygen': 6.022664967125862, 'PH': 7.489191181164098, 'Ammonia': 0.010477585314166456, 'Nitrite': 0.047593115388900216, 'Turbidty': 39.04539114528922, '_id': ObjectId('691616e4f9e447a5c1084938')}
[2025-11-13T17:35:32.260+0000] {python.py:218} INFO - Done. Returned value was: None
[2025-11-13T17:35:32.271+0000] {taskinstance.py:341} INFO - ::group::Post task execution logs
[2025-11-13T17:35:32.272+0000] {taskinstance.py:353} INFO - Marking task as SUCCESS. dag_id=iot_sensor_data_dag, task_id=generate_sensor_data, run_id=scheduled__2025-11-13T17:35:15+00:00, execution_date=20251113T173515, start_date=20251113T173531, end_date=20251113T173532
[2025-11-13T17:35:32.295+0000] {logging_mixin.py:190} INFO - Task instance in success state
[2025-11-13T17:35:32.296+0000] {logging_mixin.py:190} INFO -  Previous state of the Task instance: running
[2025-11-13T17:35:32.298+0000] {logging_mixin.py:190} INFO - Dag name:iot_sensor_data_dag queued_at:2025-11-13 17:35:30.371468+00:00
[2025-11-13T17:35:32.301+0000] {logging_mixin.py:190} INFO - Task hostname:4f76d54186b6 operator:PythonOperator
[2025-11-13T17:35:32.346+0000] {local_task_job_runner.py:266} INFO - Task exited with return code 0
[2025-11-13T17:35:32.368+0000] {taskinstance.py:3901} INFO - 0 downstream tasks scheduled from follow-on schedule check
[2025-11-13T17:35:32.373+0000] {local_task_job_runner.py:245} INFO - ::endgroup::
