[2025-11-13T19:21:47.019+0000] {local_task_job_runner.py:123} INFO - ::group::Pre task execution logs
[2025-11-13T19:21:47.035+0000] {taskinstance.py:2614} INFO - Dependencies all met for dep_context=non-requeueable deps ti=<TaskInstance: iot_sensor_data_dag.generate_sensor_data scheduled__2025-11-13T19:21:30+00:00 [queued]>
[2025-11-13T19:21:47.042+0000] {taskinstance.py:2614} INFO - Dependencies all met for dep_context=requeueable deps ti=<TaskInstance: iot_sensor_data_dag.generate_sensor_data scheduled__2025-11-13T19:21:30+00:00 [queued]>
[2025-11-13T19:21:47.044+0000] {taskinstance.py:2867} INFO - Starting attempt 1 of 1
[2025-11-13T19:21:47.203+0000] {taskinstance.py:2890} INFO - Executing <Task(PythonOperator): generate_sensor_data> on 2025-11-13 19:21:30+00:00
[2025-11-13T19:21:47.212+0000] {warnings.py:112} WARNING - /home/***/.local/lib/python3.12/site-packages/***/task/task_runner/standard_task_runner.py:70: DeprecationWarning: This process (pid=5296) is multi-threaded, use of fork() may lead to deadlocks in the child.
  pid = os.fork()

[2025-11-13T19:21:47.215+0000] {standard_task_runner.py:104} INFO - Running: ['***', 'tasks', 'run', 'iot_sensor_data_dag', 'generate_sensor_data', 'scheduled__2025-11-13T19:21:30+00:00', '--job-id', '720', '--raw', '--subdir', 'DAGS_FOLDER/DEPI.py', '--cfg-path', '/tmp/tmp0r6mrbb2']
[2025-11-13T19:21:47.216+0000] {standard_task_runner.py:72} INFO - Started process 5305 to run task
[2025-11-13T19:21:47.217+0000] {standard_task_runner.py:105} INFO - Job 720: Subtask generate_sensor_data
[2025-11-13T19:21:47.270+0000] {task_command.py:467} INFO - Running <TaskInstance: iot_sensor_data_dag.generate_sensor_data scheduled__2025-11-13T19:21:30+00:00 [running]> on host 4f76d54186b6
[2025-11-13T19:21:47.351+0000] {taskinstance.py:3134} INFO - Exporting env vars: AIRFLOW_CTX_DAG_OWNER='***' AIRFLOW_CTX_DAG_ID='iot_sensor_data_dag' AIRFLOW_CTX_TASK_ID='generate_sensor_data' AIRFLOW_CTX_EXECUTION_DATE='2025-11-13T19:21:30+00:00' AIRFLOW_CTX_TRY_NUMBER='1' AIRFLOW_CTX_DAG_RUN_ID='scheduled__2025-11-13T19:21:30+00:00'
[2025-11-13T19:21:47.353+0000] {logging_mixin.py:190} INFO - Task instance is in running state
[2025-11-13T19:21:47.353+0000] {logging_mixin.py:190} INFO -  Previous state of the Task instance: queued
[2025-11-13T19:21:47.354+0000] {logging_mixin.py:190} INFO - Current task name:generate_sensor_data state:running start_date:2025-11-13 19:21:47.036478+00:00
[2025-11-13T19:21:47.355+0000] {logging_mixin.py:190} INFO - Dag name:iot_sensor_data_dag and current dag run status:running
[2025-11-13T19:21:47.356+0000] {taskinstance.py:732} INFO - ::endgroup::
[2025-11-13T19:21:47.395+0000] {logging_mixin.py:190} INFO - [2025-11-13 19:21:47.374698] Inserted sensor data: {'time': datetime.datetime(2025, 11, 13, 19, 21, 47, 374698), 'temperature': 27.42506510927128, 'Dissolved_oxygen': 5.929336757591759, 'PH': 7.519049745194502, 'Ammonia': 0.009995969418892815, 'Nitrite': 0.050831162182502956, 'Turbidty': 40.161323409726364, '_id': ObjectId('69162fcbcc63a0bbd1208689')}
[2025-11-13T19:21:47.398+0000] {python.py:218} INFO - Done. Returned value was: None
[2025-11-13T19:21:47.410+0000] {taskinstance.py:341} INFO - ::group::Post task execution logs
[2025-11-13T19:21:47.411+0000] {taskinstance.py:353} INFO - Marking task as SUCCESS. dag_id=iot_sensor_data_dag, task_id=generate_sensor_data, run_id=scheduled__2025-11-13T19:21:30+00:00, execution_date=20251113T192130, start_date=20251113T192147, end_date=20251113T192147
[2025-11-13T19:21:47.435+0000] {logging_mixin.py:190} INFO - Task instance in success state
[2025-11-13T19:21:47.436+0000] {logging_mixin.py:190} INFO -  Previous state of the Task instance: running
[2025-11-13T19:21:47.437+0000] {logging_mixin.py:190} INFO - Dag name:iot_sensor_data_dag queued_at:2025-11-13 19:21:45.513485+00:00
[2025-11-13T19:21:47.438+0000] {logging_mixin.py:190} INFO - Task hostname:4f76d54186b6 operator:PythonOperator
[2025-11-13T19:21:47.483+0000] {local_task_job_runner.py:266} INFO - Task exited with return code 0
[2025-11-13T19:21:47.506+0000] {taskinstance.py:3901} INFO - 0 downstream tasks scheduled from follow-on schedule check
[2025-11-13T19:21:47.511+0000] {local_task_job_runner.py:245} INFO - ::endgroup::
