[2025-11-13T18:11:01.579+0000] {local_task_job_runner.py:123} INFO - ::group::Pre task execution logs
[2025-11-13T18:11:01.592+0000] {taskinstance.py:2614} INFO - Dependencies all met for dep_context=non-requeueable deps ti=<TaskInstance: iot_sensor_data_dag.generate_sensor_data scheduled__2025-11-13T18:10:45+00:00 [queued]>
[2025-11-13T18:11:01.597+0000] {taskinstance.py:2614} INFO - Dependencies all met for dep_context=requeueable deps ti=<TaskInstance: iot_sensor_data_dag.generate_sensor_data scheduled__2025-11-13T18:10:45+00:00 [queued]>
[2025-11-13T18:11:01.598+0000] {taskinstance.py:2867} INFO - Starting attempt 1 of 1
[2025-11-13T18:11:01.723+0000] {taskinstance.py:2890} INFO - Executing <Task(PythonOperator): generate_sensor_data> on 2025-11-13 18:10:45+00:00
[2025-11-13T18:11:01.729+0000] {warnings.py:112} WARNING - /home/***/.local/lib/python3.12/site-packages/***/task/task_runner/standard_task_runner.py:70: DeprecationWarning: This process (pid=2339) is multi-threaded, use of fork() may lead to deadlocks in the child.
  pid = os.fork()

[2025-11-13T18:11:01.732+0000] {standard_task_runner.py:72} INFO - Started process 2341 to run task
[2025-11-13T18:11:01.732+0000] {standard_task_runner.py:104} INFO - Running: ['***', 'tasks', 'run', 'iot_sensor_data_dag', 'generate_sensor_data', 'scheduled__2025-11-13T18:10:45+00:00', '--job-id', '437', '--raw', '--subdir', 'DAGS_FOLDER/DEPI.py', '--cfg-path', '/tmp/tmp92v9qwxe']
[2025-11-13T18:11:01.733+0000] {standard_task_runner.py:105} INFO - Job 437: Subtask generate_sensor_data
[2025-11-13T18:11:01.769+0000] {task_command.py:467} INFO - Running <TaskInstance: iot_sensor_data_dag.generate_sensor_data scheduled__2025-11-13T18:10:45+00:00 [running]> on host 4f76d54186b6
[2025-11-13T18:11:01.833+0000] {taskinstance.py:3134} INFO - Exporting env vars: AIRFLOW_CTX_DAG_OWNER='***' AIRFLOW_CTX_DAG_ID='iot_sensor_data_dag' AIRFLOW_CTX_TASK_ID='generate_sensor_data' AIRFLOW_CTX_EXECUTION_DATE='2025-11-13T18:10:45+00:00' AIRFLOW_CTX_TRY_NUMBER='1' AIRFLOW_CTX_DAG_RUN_ID='scheduled__2025-11-13T18:10:45+00:00'
[2025-11-13T18:11:01.835+0000] {logging_mixin.py:190} INFO - Task instance is in running state
[2025-11-13T18:11:01.835+0000] {logging_mixin.py:190} INFO -  Previous state of the Task instance: queued
[2025-11-13T18:11:01.836+0000] {logging_mixin.py:190} INFO - Current task name:generate_sensor_data state:running start_date:2025-11-13 18:11:01.592723+00:00
[2025-11-13T18:11:01.836+0000] {logging_mixin.py:190} INFO - Dag name:iot_sensor_data_dag and current dag run status:running
[2025-11-13T18:11:01.837+0000] {taskinstance.py:732} INFO - ::endgroup::
[2025-11-13T18:11:01.867+0000] {logging_mixin.py:190} INFO - [2025-11-13 18:11:01.848145] Inserted sensor data: {'time': datetime.datetime(2025, 11, 13, 18, 11, 1, 848145), 'temperature': 27.44368735120051, 'Dissolved_oxygen': 6.041445618399445, 'PH': 7.4933366613393675, 'Ammonia': 0.009346263218395127, 'Nitrite': 0.0539941092978301, 'Turbidty': 39.556958817798304, '_id': ObjectId('69161f357077788cff1a8059')}
[2025-11-13T18:11:01.868+0000] {python.py:218} INFO - Done. Returned value was: None
[2025-11-13T18:11:01.878+0000] {taskinstance.py:341} INFO - ::group::Post task execution logs
[2025-11-13T18:11:01.879+0000] {taskinstance.py:353} INFO - Marking task as SUCCESS. dag_id=iot_sensor_data_dag, task_id=generate_sensor_data, run_id=scheduled__2025-11-13T18:10:45+00:00, execution_date=20251113T181045, start_date=20251113T181101, end_date=20251113T181101
[2025-11-13T18:11:01.898+0000] {logging_mixin.py:190} INFO - Task instance in success state
[2025-11-13T18:11:01.899+0000] {logging_mixin.py:190} INFO -  Previous state of the Task instance: running
[2025-11-13T18:11:01.899+0000] {logging_mixin.py:190} INFO - Dag name:iot_sensor_data_dag queued_at:2025-11-13 18:11:00.308749+00:00
[2025-11-13T18:11:01.900+0000] {logging_mixin.py:190} INFO - Task hostname:4f76d54186b6 operator:PythonOperator
[2025-11-13T18:11:01.908+0000] {local_task_job_runner.py:266} INFO - Task exited with return code 0
[2025-11-13T18:11:01.927+0000] {taskinstance.py:3901} INFO - 0 downstream tasks scheduled from follow-on schedule check
[2025-11-13T18:11:01.931+0000] {local_task_job_runner.py:245} INFO - ::endgroup::
