[2025-11-13T17:24:17.137+0000] {local_task_job_runner.py:123} INFO - ::group::Pre task execution logs
[2025-11-13T17:24:17.150+0000] {taskinstance.py:2614} INFO - Dependencies all met for dep_context=non-requeueable deps ti=<TaskInstance: iot_sensor_data_dag.generate_sensor_data scheduled__2025-11-13T17:24:00+00:00 [queued]>
[2025-11-13T17:24:17.157+0000] {taskinstance.py:2614} INFO - Dependencies all met for dep_context=requeueable deps ti=<TaskInstance: iot_sensor_data_dag.generate_sensor_data scheduled__2025-11-13T17:24:00+00:00 [queued]>
[2025-11-13T17:24:17.162+0000] {taskinstance.py:2867} INFO - Starting attempt 1 of 1
[2025-11-13T17:24:17.318+0000] {taskinstance.py:2890} INFO - Executing <Task(PythonOperator): generate_sensor_data> on 2025-11-13 17:24:00+00:00
[2025-11-13T17:24:17.324+0000] {warnings.py:112} WARNING - /home/***/.local/lib/python3.12/site-packages/***/task/task_runner/standard_task_runner.py:70: DeprecationWarning: This process (pid=394) is multi-threaded, use of fork() may lead to deadlocks in the child.
  pid = os.fork()

[2025-11-13T17:24:17.326+0000] {standard_task_runner.py:72} INFO - Started process 396 to run task
[2025-11-13T17:24:17.326+0000] {standard_task_runner.py:104} INFO - Running: ['***', 'tasks', 'run', 'iot_sensor_data_dag', 'generate_sensor_data', 'scheduled__2025-11-13T17:24:00+00:00', '--job-id', '250', '--raw', '--subdir', 'DAGS_FOLDER/DEPI.py', '--cfg-path', '/tmp/tmpx6rjncf_']
[2025-11-13T17:24:17.327+0000] {standard_task_runner.py:105} INFO - Job 250: Subtask generate_sensor_data
[2025-11-13T17:24:17.374+0000] {task_command.py:467} INFO - Running <TaskInstance: iot_sensor_data_dag.generate_sensor_data scheduled__2025-11-13T17:24:00+00:00 [running]> on host 4f76d54186b6
[2025-11-13T17:24:17.444+0000] {taskinstance.py:3134} INFO - Exporting env vars: AIRFLOW_CTX_DAG_OWNER='***' AIRFLOW_CTX_DAG_ID='iot_sensor_data_dag' AIRFLOW_CTX_TASK_ID='generate_sensor_data' AIRFLOW_CTX_EXECUTION_DATE='2025-11-13T17:24:00+00:00' AIRFLOW_CTX_TRY_NUMBER='1' AIRFLOW_CTX_DAG_RUN_ID='scheduled__2025-11-13T17:24:00+00:00'
[2025-11-13T17:24:17.446+0000] {logging_mixin.py:190} INFO - Task instance is in running state
[2025-11-13T17:24:17.446+0000] {logging_mixin.py:190} INFO -  Previous state of the Task instance: queued
[2025-11-13T17:24:17.447+0000] {logging_mixin.py:190} INFO - Current task name:generate_sensor_data state:running start_date:2025-11-13 17:24:17.151673+00:00
[2025-11-13T17:24:17.449+0000] {logging_mixin.py:190} INFO - Dag name:iot_sensor_data_dag and current dag run status:running
[2025-11-13T17:24:17.451+0000] {taskinstance.py:732} INFO - ::endgroup::
[2025-11-13T17:24:17.484+0000] {logging_mixin.py:190} INFO - [2025-11-13 17:24:17.468986] Inserted sensor data: {'time': datetime.datetime(2025, 11, 13, 17, 24, 17, 468986), 'temperature': 27.402617951557154, 'Dissolved_oxygen': 5.923677557207025, 'PH': 7.480481628678923, 'Ammonia': 0.009883059378544513, 'Nitrite': 0.05093383951423919, 'Turbidty': 39.90440753641171, '_id': ObjectId('6916144142d9bc9a0e4eecdf')}
[2025-11-13T17:24:17.488+0000] {python.py:218} INFO - Done. Returned value was: None
[2025-11-13T17:24:17.498+0000] {taskinstance.py:341} INFO - ::group::Post task execution logs
[2025-11-13T17:24:17.499+0000] {taskinstance.py:353} INFO - Marking task as SUCCESS. dag_id=iot_sensor_data_dag, task_id=generate_sensor_data, run_id=scheduled__2025-11-13T17:24:00+00:00, execution_date=20251113T172400, start_date=20251113T172417, end_date=20251113T172417
[2025-11-13T17:24:17.519+0000] {logging_mixin.py:190} INFO - Task instance in success state
[2025-11-13T17:24:17.521+0000] {logging_mixin.py:190} INFO -  Previous state of the Task instance: running
[2025-11-13T17:24:17.522+0000] {logging_mixin.py:190} INFO - Dag name:iot_sensor_data_dag queued_at:2025-11-13 17:24:15.739069+00:00
[2025-11-13T17:24:17.522+0000] {logging_mixin.py:190} INFO - Task hostname:4f76d54186b6 operator:PythonOperator
[2025-11-13T17:24:17.541+0000] {local_task_job_runner.py:266} INFO - Task exited with return code 0
[2025-11-13T17:24:17.562+0000] {taskinstance.py:3901} INFO - 0 downstream tasks scheduled from follow-on schedule check
[2025-11-13T17:24:17.568+0000] {local_task_job_runner.py:245} INFO - ::endgroup::
