[2025-11-16T19:27:31.362+0000] {local_task_job_runner.py:123} INFO - ::group::Pre task execution logs
[2025-11-16T19:27:31.373+0000] {taskinstance.py:2614} INFO - Dependencies all met for dep_context=non-requeueable deps ti=<TaskInstance: iot_sensor_data_dag.generate_sensor_data scheduled__2025-11-16T19:26:40+00:00 [queued]>
[2025-11-16T19:27:31.378+0000] {taskinstance.py:2614} INFO - Dependencies all met for dep_context=requeueable deps ti=<TaskInstance: iot_sensor_data_dag.generate_sensor_data scheduled__2025-11-16T19:26:40+00:00 [queued]>
[2025-11-16T19:27:31.380+0000] {taskinstance.py:2867} INFO - Starting attempt 1 of 1
[2025-11-16T19:27:31.391+0000] {taskinstance.py:2890} INFO - Executing <Task(PythonOperator): generate_sensor_data> on 2025-11-16 19:26:40+00:00
[2025-11-16T19:27:31.396+0000] {warnings.py:112} WARNING - /home/***/.local/lib/python3.12/site-packages/***/task/task_runner/standard_task_runner.py:70: DeprecationWarning: This process (pid=888) is multi-threaded, use of fork() may lead to deadlocks in the child.
  pid = os.fork()

[2025-11-16T19:27:31.398+0000] {standard_task_runner.py:72} INFO - Started process 890 to run task
[2025-11-16T19:27:31.399+0000] {standard_task_runner.py:104} INFO - Running: ['***', 'tasks', 'run', 'iot_sensor_data_dag', 'generate_sensor_data', 'scheduled__2025-11-16T19:26:40+00:00', '--job-id', '1539', '--raw', '--subdir', 'DAGS_FOLDER/DEPI.py', '--cfg-path', '/tmp/tmpmnic666u']
[2025-11-16T19:27:31.400+0000] {standard_task_runner.py:105} INFO - Job 1539: Subtask generate_sensor_data
[2025-11-16T19:27:31.617+0000] {task_command.py:467} INFO - Running <TaskInstance: iot_sensor_data_dag.generate_sensor_data scheduled__2025-11-16T19:26:40+00:00 [running]> on host 4f76d54186b6
[2025-11-16T19:27:31.672+0000] {taskinstance.py:3134} INFO - Exporting env vars: AIRFLOW_CTX_DAG_OWNER='***' AIRFLOW_CTX_DAG_ID='iot_sensor_data_dag' AIRFLOW_CTX_TASK_ID='generate_sensor_data' AIRFLOW_CTX_EXECUTION_DATE='2025-11-16T19:26:40+00:00' AIRFLOW_CTX_TRY_NUMBER='1' AIRFLOW_CTX_DAG_RUN_ID='scheduled__2025-11-16T19:26:40+00:00'
[2025-11-16T19:27:31.673+0000] {logging_mixin.py:190} INFO - Task instance is in running state
[2025-11-16T19:27:31.675+0000] {logging_mixin.py:190} INFO -  Previous state of the Task instance: queued
[2025-11-16T19:27:31.676+0000] {logging_mixin.py:190} INFO - Current task name:generate_sensor_data state:running start_date:2025-11-16 19:27:31.374425+00:00
[2025-11-16T19:27:31.677+0000] {logging_mixin.py:190} INFO - Dag name:iot_sensor_data_dag and current dag run status:running
[2025-11-16T19:27:31.677+0000] {taskinstance.py:732} INFO - ::endgroup::
[2025-11-16T19:32:37.852+0000] {python.py:218} INFO - Done. Returned value was: None
[2025-11-16T19:32:37.862+0000] {taskinstance.py:341} INFO - ::group::Post task execution logs
[2025-11-16T19:32:37.863+0000] {taskinstance.py:353} INFO - Marking task as SUCCESS. dag_id=iot_sensor_data_dag, task_id=generate_sensor_data, run_id=scheduled__2025-11-16T19:26:40+00:00, execution_date=20251116T192640, start_date=20251116T192731, end_date=20251116T193237
[2025-11-16T19:32:37.882+0000] {logging_mixin.py:190} INFO - Task instance in success state
[2025-11-16T19:32:37.883+0000] {logging_mixin.py:190} INFO -  Previous state of the Task instance: running
[2025-11-16T19:32:37.883+0000] {logging_mixin.py:190} INFO - Dag name:iot_sensor_data_dag queued_at:2025-11-16 19:27:30.100180+00:00
[2025-11-16T19:32:37.884+0000] {logging_mixin.py:190} INFO - Task hostname:4f76d54186b6 operator:PythonOperator
[2025-11-16T19:32:37.914+0000] {local_task_job_runner.py:266} INFO - Task exited with return code 0
[2025-11-16T19:32:37.932+0000] {taskinstance.py:3901} INFO - 0 downstream tasks scheduled from follow-on schedule check
[2025-11-16T19:32:37.936+0000] {local_task_job_runner.py:245} INFO - ::endgroup::
