[2025-10-27T11:17:38.387+0000] {local_task_job_runner.py:123} INFO - ::group::Pre task execution logs
[2025-10-27T11:17:38.401+0000] {taskinstance.py:2614} INFO - Dependencies all met for dep_context=non-requeueable deps ti=<TaskInstance: iot_sensor_data_dag.generate_sensor_data scheduled__2025-10-25T22:00:30+00:00 [queued]>
[2025-10-27T11:17:38.407+0000] {taskinstance.py:2614} INFO - Dependencies all met for dep_context=requeueable deps ti=<TaskInstance: iot_sensor_data_dag.generate_sensor_data scheduled__2025-10-25T22:00:30+00:00 [queued]>
[2025-10-27T11:17:38.414+0000] {taskinstance.py:2867} INFO - Starting attempt 1 of 1
[2025-10-27T11:17:38.553+0000] {taskinstance.py:2890} INFO - Executing <Task(PythonOperator): generate_sensor_data> on 2025-10-25 22:00:30+00:00
[2025-10-27T11:17:38.559+0000] {warnings.py:112} WARNING - /home/***/.local/lib/python3.12/site-packages/***/task/task_runner/standard_task_runner.py:70: DeprecationWarning: This process (pid=73) is multi-threaded, use of fork() may lead to deadlocks in the child.
  pid = os.fork()

[2025-10-27T11:17:38.562+0000] {standard_task_runner.py:72} INFO - Started process 84 to run task
[2025-10-27T11:17:38.562+0000] {standard_task_runner.py:104} INFO - Running: ['***', 'tasks', 'run', 'iot_sensor_data_dag', 'generate_sensor_data', 'scheduled__2025-10-25T22:00:30+00:00', '--job-id', '212', '--raw', '--subdir', 'DAGS_FOLDER/DEPI.py', '--cfg-path', '/tmp/tmpcstujfu0']
[2025-10-27T11:17:38.564+0000] {standard_task_runner.py:105} INFO - Job 212: Subtask generate_sensor_data
[2025-10-27T11:17:38.610+0000] {task_command.py:467} INFO - Running <TaskInstance: iot_sensor_data_dag.generate_sensor_data scheduled__2025-10-25T22:00:30+00:00 [running]> on host 4f76d54186b6
[2025-10-27T11:17:38.680+0000] {taskinstance.py:3134} INFO - Exporting env vars: AIRFLOW_CTX_DAG_OWNER='***' AIRFLOW_CTX_DAG_ID='iot_sensor_data_dag' AIRFLOW_CTX_TASK_ID='generate_sensor_data' AIRFLOW_CTX_EXECUTION_DATE='2025-10-25T22:00:30+00:00' AIRFLOW_CTX_TRY_NUMBER='1' AIRFLOW_CTX_DAG_RUN_ID='scheduled__2025-10-25T22:00:30+00:00'
[2025-10-27T11:17:38.681+0000] {logging_mixin.py:190} INFO - Task instance is in running state
[2025-10-27T11:17:38.682+0000] {logging_mixin.py:190} INFO -  Previous state of the Task instance: queued
[2025-10-27T11:17:38.682+0000] {logging_mixin.py:190} INFO - Current task name:generate_sensor_data state:running start_date:2025-10-27 11:17:38.402428+00:00
[2025-10-27T11:17:38.683+0000] {logging_mixin.py:190} INFO - Dag name:iot_sensor_data_dag and current dag run status:running
[2025-10-27T11:17:38.684+0000] {taskinstance.py:732} INFO - ::endgroup::
[2025-10-27T11:17:38.735+0000] {logging_mixin.py:190} INFO - [2025-10-27 11:17:38.708117] Inserted sensor data: {'time': datetime.datetime(2025, 10, 27, 11, 17, 38, 708117), 'temperature': 27.32714916981358, 'Dissolved_oxygen': 5.972803019643331, 'PH': 7.46939259009561, 'Ammonia': 0.010464939578330496, 'Nitrite': 0.05232549022234136, 'Turbidty': 40.94512926269026, '_id': ObjectId('68ff54d232616a2cddb58d3e')}
[2025-10-27T11:17:38.738+0000] {python.py:218} INFO - Done. Returned value was: None
[2025-10-27T11:17:38.747+0000] {taskinstance.py:341} INFO - ::group::Post task execution logs
[2025-10-27T11:17:38.748+0000] {taskinstance.py:353} INFO - Marking task as SUCCESS. dag_id=iot_sensor_data_dag, task_id=generate_sensor_data, run_id=scheduled__2025-10-25T22:00:30+00:00, execution_date=20251025T220030, start_date=20251027T111738, end_date=20251027T111738
[2025-10-27T11:17:38.768+0000] {logging_mixin.py:190} INFO - Task instance in success state
[2025-10-27T11:17:38.768+0000] {logging_mixin.py:190} INFO -  Previous state of the Task instance: running
[2025-10-27T11:17:38.769+0000] {logging_mixin.py:190} INFO - Dag name:iot_sensor_data_dag queued_at:2025-10-27 11:17:33.675990+00:00
[2025-10-27T11:17:38.769+0000] {logging_mixin.py:190} INFO - Task hostname:4f76d54186b6 operator:PythonOperator
[2025-10-27T11:17:38.777+0000] {local_task_job_runner.py:266} INFO - Task exited with return code 0
[2025-10-27T11:17:38.796+0000] {taskinstance.py:3901} INFO - 0 downstream tasks scheduled from follow-on schedule check
[2025-10-27T11:17:38.800+0000] {local_task_job_runner.py:245} INFO - ::endgroup::
