[2025-11-15T12:08:19.378+0000] {local_task_job_runner.py:123} INFO - ::group::Pre task execution logs
[2025-11-15T12:08:19.391+0000] {taskinstance.py:2614} INFO - Dependencies all met for dep_context=non-requeueable deps ti=<TaskInstance: iot_sensor_data_dag.generate_sensor_data scheduled__2025-11-15T12:08:00+00:00 [queued]>
[2025-11-15T12:08:19.398+0000] {taskinstance.py:2614} INFO - Dependencies all met for dep_context=requeueable deps ti=<TaskInstance: iot_sensor_data_dag.generate_sensor_data scheduled__2025-11-15T12:08:00+00:00 [queued]>
[2025-11-15T12:08:19.399+0000] {taskinstance.py:2867} INFO - Starting attempt 1 of 1
[2025-11-15T12:08:19.410+0000] {taskinstance.py:2890} INFO - Executing <Task(PythonOperator): generate_sensor_data> on 2025-11-15 12:08:00+00:00
[2025-11-15T12:08:19.417+0000] {warnings.py:112} WARNING - /home/***/.local/lib/python3.12/site-packages/***/task/task_runner/standard_task_runner.py:70: DeprecationWarning: This process (pid=605) is multi-threaded, use of fork() may lead to deadlocks in the child.
  pid = os.fork()

[2025-11-15T12:08:19.419+0000] {standard_task_runner.py:72} INFO - Started process 607 to run task
[2025-11-15T12:08:19.420+0000] {standard_task_runner.py:104} INFO - Running: ['***', 'tasks', 'run', 'iot_sensor_data_dag', 'generate_sensor_data', 'scheduled__2025-11-15T12:08:00+00:00', '--job-id', '1220', '--raw', '--subdir', 'DAGS_FOLDER/DEPI.py', '--cfg-path', '/tmp/tmp1a3pqo1t']
[2025-11-15T12:08:19.421+0000] {standard_task_runner.py:105} INFO - Job 1220: Subtask generate_sensor_data
[2025-11-15T12:08:19.641+0000] {task_command.py:467} INFO - Running <TaskInstance: iot_sensor_data_dag.generate_sensor_data scheduled__2025-11-15T12:08:00+00:00 [running]> on host 4f76d54186b6
[2025-11-15T12:08:19.702+0000] {taskinstance.py:3134} INFO - Exporting env vars: AIRFLOW_CTX_DAG_OWNER='***' AIRFLOW_CTX_DAG_ID='iot_sensor_data_dag' AIRFLOW_CTX_TASK_ID='generate_sensor_data' AIRFLOW_CTX_EXECUTION_DATE='2025-11-15T12:08:00+00:00' AIRFLOW_CTX_TRY_NUMBER='1' AIRFLOW_CTX_DAG_RUN_ID='scheduled__2025-11-15T12:08:00+00:00'
[2025-11-15T12:08:19.703+0000] {logging_mixin.py:190} INFO - Task instance is in running state
[2025-11-15T12:08:19.704+0000] {logging_mixin.py:190} INFO -  Previous state of the Task instance: queued
[2025-11-15T12:08:19.705+0000] {logging_mixin.py:190} INFO - Current task name:generate_sensor_data state:running start_date:2025-11-15 12:08:19.392461+00:00
[2025-11-15T12:08:19.705+0000] {logging_mixin.py:190} INFO - Dag name:iot_sensor_data_dag and current dag run status:running
[2025-11-15T12:08:19.706+0000] {taskinstance.py:732} INFO - ::endgroup::
[2025-11-15T12:08:19.746+0000] {logging_mixin.py:190} INFO - [2025-11-15 12:08:19.729289] Inserted sensor data: {'time': '2025-11-15T12:08:19.729289', 'temperature': 27.41891813327666, 'Dissolved_oxygen': 5.925130282925987, 'PH': 7.484732583862956, 'Ammonia': 0.009846152982461135, 'Nitrite': 0.05415496163720488, 'Turbidty': 40.185303480728074, '_id': '69186d3339c99e9b2b018cf9'}
[2025-11-15T12:11:43.634+0000] {job.py:229} INFO - Heartbeat recovered after 11.66 seconds
[2025-11-15T12:12:46.220+0000] {job.py:229} INFO - Heartbeat recovered after 32.56 seconds
[2025-11-15T12:13:12.920+0000] {python.py:218} INFO - Done. Returned value was: None
[2025-11-15T12:13:12.933+0000] {taskinstance.py:341} INFO - ::group::Post task execution logs
[2025-11-15T12:13:12.934+0000] {taskinstance.py:353} INFO - Marking task as SUCCESS. dag_id=iot_sensor_data_dag, task_id=generate_sensor_data, run_id=scheduled__2025-11-15T12:08:00+00:00, execution_date=20251115T120800, start_date=20251115T120819, end_date=20251115T121312
[2025-11-15T12:13:12.996+0000] {logging_mixin.py:190} INFO - Task instance in success state
[2025-11-15T12:13:12.996+0000] {logging_mixin.py:190} INFO -  Previous state of the Task instance: running
[2025-11-15T12:13:12.997+0000] {logging_mixin.py:190} INFO - Dag name:iot_sensor_data_dag queued_at:2025-11-15 12:08:15.587216+00:00
[2025-11-15T12:13:12.997+0000] {logging_mixin.py:190} INFO - Task hostname:4f76d54186b6 operator:PythonOperator
[2025-11-15T12:13:13.029+0000] {local_task_job_runner.py:266} INFO - Task exited with return code 0
[2025-11-15T12:13:13.049+0000] {taskinstance.py:3901} INFO - 0 downstream tasks scheduled from follow-on schedule check
[2025-11-15T12:13:13.053+0000] {local_task_job_runner.py:245} INFO - ::endgroup::
