[2025-11-14T14:26:16.909+0000] {local_task_job_runner.py:123} INFO - ::group::Pre task execution logs
[2025-11-14T14:26:17.035+0000] {taskinstance.py:2614} INFO - Dependencies all met for dep_context=non-requeueable deps ti=<TaskInstance: iot_sensor_data_dag.generate_sensor_data scheduled__2025-11-14T14:26:00+00:00 [queued]>
[2025-11-14T14:26:17.043+0000] {taskinstance.py:2614} INFO - Dependencies all met for dep_context=requeueable deps ti=<TaskInstance: iot_sensor_data_dag.generate_sensor_data scheduled__2025-11-14T14:26:00+00:00 [queued]>
[2025-11-14T14:26:17.044+0000] {taskinstance.py:2867} INFO - Starting attempt 1 of 1
[2025-11-14T14:26:17.055+0000] {taskinstance.py:2890} INFO - Executing <Task(PythonOperator): generate_sensor_data> on 2025-11-14 14:26:00+00:00
[2025-11-14T14:26:17.062+0000] {warnings.py:112} WARNING - /home/***/.local/lib/python3.12/site-packages/***/task/task_runner/standard_task_runner.py:70: DeprecationWarning: This process (pid=381) is multi-threaded, use of fork() may lead to deadlocks in the child.
  pid = os.fork()

[2025-11-14T14:26:17.065+0000] {standard_task_runner.py:72} INFO - Started process 383 to run task
[2025-11-14T14:26:17.065+0000] {standard_task_runner.py:104} INFO - Running: ['***', 'tasks', 'run', 'iot_sensor_data_dag', 'generate_sensor_data', 'scheduled__2025-11-14T14:26:00+00:00', '--job-id', '788', '--raw', '--subdir', 'DAGS_FOLDER/DEPI.py', '--cfg-path', '/tmp/tmpha9y3jrx']
[2025-11-14T14:26:17.067+0000] {standard_task_runner.py:105} INFO - Job 788: Subtask generate_sensor_data
[2025-11-14T14:26:17.126+0000] {task_command.py:467} INFO - Running <TaskInstance: iot_sensor_data_dag.generate_sensor_data scheduled__2025-11-14T14:26:00+00:00 [running]> on host 4f76d54186b6
[2025-11-14T14:26:17.194+0000] {taskinstance.py:3134} INFO - Exporting env vars: AIRFLOW_CTX_DAG_OWNER='***' AIRFLOW_CTX_DAG_ID='iot_sensor_data_dag' AIRFLOW_CTX_TASK_ID='generate_sensor_data' AIRFLOW_CTX_EXECUTION_DATE='2025-11-14T14:26:00+00:00' AIRFLOW_CTX_TRY_NUMBER='1' AIRFLOW_CTX_DAG_RUN_ID='scheduled__2025-11-14T14:26:00+00:00'
[2025-11-14T14:26:17.196+0000] {logging_mixin.py:190} INFO - Task instance is in running state
[2025-11-14T14:26:17.197+0000] {logging_mixin.py:190} INFO -  Previous state of the Task instance: queued
[2025-11-14T14:26:17.197+0000] {logging_mixin.py:190} INFO - Current task name:generate_sensor_data state:running start_date:2025-11-14 14:26:17.036843+00:00
[2025-11-14T14:26:17.199+0000] {logging_mixin.py:190} INFO - Dag name:iot_sensor_data_dag and current dag run status:running
[2025-11-14T14:26:17.199+0000] {taskinstance.py:732} INFO - ::endgroup::
[2025-11-14T14:26:17.243+0000] {logging_mixin.py:190} INFO - [2025-11-14 14:26:17.217527] Inserted sensor data: {'time': datetime.datetime(2025, 11, 14, 14, 26, 17, 217527), 'temperature': 27.460386873673855, 'Dissolved_oxygen': 5.993905542280423, 'PH': 7.542957269842407, 'Ammonia': 0.009660391590164717, 'Nitrite': 0.054270379215221605, 'Turbidty': 40.64543638259114, '_id': ObjectId('69173c09a3b20e89df4be0fe')}
[2025-11-14T14:26:17.251+0000] {python.py:218} INFO - Done. Returned value was: None
[2025-11-14T14:26:17.261+0000] {taskinstance.py:341} INFO - ::group::Post task execution logs
[2025-11-14T14:26:17.264+0000] {taskinstance.py:353} INFO - Marking task as SUCCESS. dag_id=iot_sensor_data_dag, task_id=generate_sensor_data, run_id=scheduled__2025-11-14T14:26:00+00:00, execution_date=20251114T142600, start_date=20251114T142617, end_date=20251114T142617
[2025-11-14T14:26:17.282+0000] {logging_mixin.py:190} INFO - Task instance in success state
[2025-11-14T14:26:17.285+0000] {logging_mixin.py:190} INFO -  Previous state of the Task instance: running
[2025-11-14T14:26:17.289+0000] {logging_mixin.py:190} INFO - Dag name:iot_sensor_data_dag queued_at:2025-11-14 14:26:15.408075+00:00
[2025-11-14T14:26:17.291+0000] {logging_mixin.py:190} INFO - Task hostname:4f76d54186b6 operator:PythonOperator
[2025-11-14T14:26:17.323+0000] {local_task_job_runner.py:266} INFO - Task exited with return code 0
[2025-11-14T14:26:17.350+0000] {taskinstance.py:3901} INFO - 0 downstream tasks scheduled from follow-on schedule check
[2025-11-14T14:26:17.355+0000] {local_task_job_runner.py:245} INFO - ::endgroup::
