[2025-11-15T12:05:46.761+0000] {local_task_job_runner.py:123} INFO - ::group::Pre task execution logs
[2025-11-15T12:05:46.775+0000] {taskinstance.py:2614} INFO - Dependencies all met for dep_context=non-requeueable deps ti=<TaskInstance: iot_sensor_data_dag.generate_sensor_data scheduled__2025-11-15T12:05:30+00:00 [queued]>
[2025-11-15T12:05:46.782+0000] {taskinstance.py:2614} INFO - Dependencies all met for dep_context=requeueable deps ti=<TaskInstance: iot_sensor_data_dag.generate_sensor_data scheduled__2025-11-15T12:05:30+00:00 [queued]>
[2025-11-15T12:05:46.783+0000] {taskinstance.py:2867} INFO - Starting attempt 1 of 1
[2025-11-15T12:05:46.794+0000] {taskinstance.py:2890} INFO - Executing <Task(PythonOperator): generate_sensor_data> on 2025-11-15 12:05:30+00:00
[2025-11-15T12:05:46.802+0000] {warnings.py:112} WARNING - /home/***/.local/lib/python3.12/site-packages/***/task/task_runner/standard_task_runner.py:70: DeprecationWarning: This process (pid=476) is multi-threaded, use of fork() may lead to deadlocks in the child.
  pid = os.fork()

[2025-11-15T12:05:46.804+0000] {standard_task_runner.py:72} INFO - Started process 478 to run task
[2025-11-15T12:05:46.804+0000] {standard_task_runner.py:104} INFO - Running: ['***', 'tasks', 'run', 'iot_sensor_data_dag', 'generate_sensor_data', 'scheduled__2025-11-15T12:05:30+00:00', '--job-id', '1210', '--raw', '--subdir', 'DAGS_FOLDER/DEPI.py', '--cfg-path', '/tmp/tmpwlrtli_v']
[2025-11-15T12:05:46.805+0000] {standard_task_runner.py:105} INFO - Job 1210: Subtask generate_sensor_data
[2025-11-15T12:05:47.118+0000] {task_command.py:467} INFO - Running <TaskInstance: iot_sensor_data_dag.generate_sensor_data scheduled__2025-11-15T12:05:30+00:00 [running]> on host 4f76d54186b6
[2025-11-15T12:05:47.183+0000] {taskinstance.py:3134} INFO - Exporting env vars: AIRFLOW_CTX_DAG_OWNER='***' AIRFLOW_CTX_DAG_ID='iot_sensor_data_dag' AIRFLOW_CTX_TASK_ID='generate_sensor_data' AIRFLOW_CTX_EXECUTION_DATE='2025-11-15T12:05:30+00:00' AIRFLOW_CTX_TRY_NUMBER='1' AIRFLOW_CTX_DAG_RUN_ID='scheduled__2025-11-15T12:05:30+00:00'
[2025-11-15T12:05:47.184+0000] {logging_mixin.py:190} INFO - Task instance is in running state
[2025-11-15T12:05:47.185+0000] {logging_mixin.py:190} INFO -  Previous state of the Task instance: queued
[2025-11-15T12:05:47.185+0000] {logging_mixin.py:190} INFO - Current task name:generate_sensor_data state:running start_date:2025-11-15 12:05:46.776570+00:00
[2025-11-15T12:05:47.185+0000] {logging_mixin.py:190} INFO - Dag name:iot_sensor_data_dag and current dag run status:running
[2025-11-15T12:05:47.186+0000] {taskinstance.py:732} INFO - ::endgroup::
[2025-11-15T12:05:47.222+0000] {logging_mixin.py:190} INFO - [2025-11-15 12:05:47.209097] Inserted sensor data: {'time': '2025-11-15T12:05:47.209097', 'temperature': 27.309555200329726, 'Dissolved_oxygen': 6.025719197905177, 'PH': 7.472841289572615, 'Ammonia': 0.010127810342571425, 'Nitrite': 0.05498646851330404, 'Turbidty': 40.562556382112376, '_id': '69186c9b3aa629d1481f8100'}
[2025-11-15T12:10:40.187+0000] {python.py:218} INFO - Done. Returned value was: None
[2025-11-15T12:10:40.204+0000] {taskinstance.py:341} INFO - ::group::Post task execution logs
[2025-11-15T12:10:40.205+0000] {taskinstance.py:353} INFO - Marking task as SUCCESS. dag_id=iot_sensor_data_dag, task_id=generate_sensor_data, run_id=scheduled__2025-11-15T12:05:30+00:00, execution_date=20251115T120530, start_date=20251115T120546, end_date=20251115T121040
[2025-11-15T12:10:40.229+0000] {logging_mixin.py:190} INFO - Task instance in success state
[2025-11-15T12:10:40.231+0000] {logging_mixin.py:190} INFO -  Previous state of the Task instance: running
[2025-11-15T12:10:40.232+0000] {logging_mixin.py:190} INFO - Dag name:iot_sensor_data_dag queued_at:2025-11-15 12:05:45.247032+00:00
[2025-11-15T12:10:40.233+0000] {logging_mixin.py:190} INFO - Task hostname:4f76d54186b6 operator:PythonOperator
[2025-11-15T12:10:40.275+0000] {local_task_job_runner.py:266} INFO - Task exited with return code 0
[2025-11-15T12:10:40.300+0000] {taskinstance.py:3901} INFO - 0 downstream tasks scheduled from follow-on schedule check
[2025-11-15T12:10:40.304+0000] {local_task_job_runner.py:245} INFO - ::endgroup::
