[2025-11-16T21:58:21.776+0000] {local_task_job_runner.py:123} INFO - ::group::Pre task execution logs
[2025-11-16T21:58:21.786+0000] {taskinstance.py:2614} INFO - Dependencies all met for dep_context=non-requeueable deps ti=<TaskInstance: iot_sensor_data_dag.generate_sensor_data scheduled__2025-11-16T21:57:55+00:00 [queued]>
[2025-11-16T21:58:21.792+0000] {taskinstance.py:2614} INFO - Dependencies all met for dep_context=requeueable deps ti=<TaskInstance: iot_sensor_data_dag.generate_sensor_data scheduled__2025-11-16T21:57:55+00:00 [queued]>
[2025-11-16T21:58:21.792+0000] {taskinstance.py:2867} INFO - Starting attempt 1 of 1
[2025-11-16T21:58:21.802+0000] {taskinstance.py:2890} INFO - Executing <Task(PythonOperator): generate_sensor_data> on 2025-11-16 21:57:55+00:00
[2025-11-16T21:58:21.810+0000] {warnings.py:112} WARNING - /home/***/.local/lib/python3.12/site-packages/***/task/task_runner/standard_task_runner.py:70: DeprecationWarning: This process (pid=7972) is multi-threaded, use of fork() may lead to deadlocks in the child.
  pid = os.fork()

[2025-11-16T21:58:21.812+0000] {standard_task_runner.py:72} INFO - Started process 7976 to run task
[2025-11-16T21:58:21.811+0000] {standard_task_runner.py:104} INFO - Running: ['***', 'tasks', 'run', 'iot_sensor_data_dag', 'generate_sensor_data', 'scheduled__2025-11-16T21:57:55+00:00', '--job-id', '1954', '--raw', '--subdir', 'DAGS_FOLDER/DEPI.py', '--cfg-path', '/tmp/tmp5t21owtt']
[2025-11-16T21:58:21.813+0000] {standard_task_runner.py:105} INFO - Job 1954: Subtask generate_sensor_data
[2025-11-16T21:58:22.054+0000] {task_command.py:467} INFO - Running <TaskInstance: iot_sensor_data_dag.generate_sensor_data scheduled__2025-11-16T21:57:55+00:00 [running]> on host 4f76d54186b6
[2025-11-16T21:58:22.117+0000] {taskinstance.py:3134} INFO - Exporting env vars: AIRFLOW_CTX_DAG_OWNER='***' AIRFLOW_CTX_DAG_ID='iot_sensor_data_dag' AIRFLOW_CTX_TASK_ID='generate_sensor_data' AIRFLOW_CTX_EXECUTION_DATE='2025-11-16T21:57:55+00:00' AIRFLOW_CTX_TRY_NUMBER='1' AIRFLOW_CTX_DAG_RUN_ID='scheduled__2025-11-16T21:57:55+00:00'
[2025-11-16T21:58:22.118+0000] {logging_mixin.py:190} INFO - Task instance is in running state
[2025-11-16T21:58:22.119+0000] {logging_mixin.py:190} INFO -  Previous state of the Task instance: queued
[2025-11-16T21:58:22.120+0000] {logging_mixin.py:190} INFO - Current task name:generate_sensor_data state:running start_date:2025-11-16 21:58:21.787602+00:00
[2025-11-16T21:58:22.121+0000] {logging_mixin.py:190} INFO - Dag name:iot_sensor_data_dag and current dag run status:running
[2025-11-16T21:58:22.122+0000] {taskinstance.py:732} INFO - ::endgroup::
[2025-11-16T22:01:10.104+0000] {job.py:229} INFO - Heartbeat recovered after 116.24 seconds
[2025-11-16T22:03:38.014+0000] {python.py:218} INFO - Done. Returned value was: None
[2025-11-16T22:03:38.023+0000] {taskinstance.py:341} INFO - ::group::Post task execution logs
[2025-11-16T22:03:38.026+0000] {taskinstance.py:353} INFO - Marking task as SUCCESS. dag_id=iot_sensor_data_dag, task_id=generate_sensor_data, run_id=scheduled__2025-11-16T21:57:55+00:00, execution_date=20251116T215755, start_date=20251116T215821, end_date=20251116T220338
[2025-11-16T22:03:38.082+0000] {logging_mixin.py:190} INFO - Task instance in success state
[2025-11-16T22:03:38.083+0000] {logging_mixin.py:190} INFO -  Previous state of the Task instance: running
[2025-11-16T22:03:38.084+0000] {logging_mixin.py:190} INFO - Dag name:iot_sensor_data_dag queued_at:2025-11-16 21:58:20.270746+00:00
[2025-11-16T22:03:38.085+0000] {logging_mixin.py:190} INFO - Task hostname:4f76d54186b6 operator:PythonOperator
[2025-11-16T22:03:38.103+0000] {local_task_job_runner.py:266} INFO - Task exited with return code 0
[2025-11-16T22:03:38.121+0000] {taskinstance.py:3901} INFO - 1 downstream tasks scheduled from follow-on schedule check
[2025-11-16T22:03:38.126+0000] {local_task_job_runner.py:245} INFO - ::endgroup::
