[2025-11-13T18:10:46.570+0000] {local_task_job_runner.py:123} INFO - ::group::Pre task execution logs
[2025-11-13T18:10:46.582+0000] {taskinstance.py:2614} INFO - Dependencies all met for dep_context=non-requeueable deps ti=<TaskInstance: iot_sensor_data_dag.generate_sensor_data scheduled__2025-11-13T18:10:30+00:00 [queued]>
[2025-11-13T18:10:46.588+0000] {taskinstance.py:2614} INFO - Dependencies all met for dep_context=requeueable deps ti=<TaskInstance: iot_sensor_data_dag.generate_sensor_data scheduled__2025-11-13T18:10:30+00:00 [queued]>
[2025-11-13T18:10:46.589+0000] {taskinstance.py:2867} INFO - Starting attempt 1 of 1
[2025-11-13T18:10:46.712+0000] {taskinstance.py:2890} INFO - Executing <Task(PythonOperator): generate_sensor_data> on 2025-11-13 18:10:30+00:00
[2025-11-13T18:10:46.722+0000] {warnings.py:112} WARNING - /home/***/.local/lib/python3.12/site-packages/***/task/task_runner/standard_task_runner.py:70: DeprecationWarning: This process (pid=2325) is multi-threaded, use of fork() may lead to deadlocks in the child.
  pid = os.fork()

[2025-11-13T18:10:46.725+0000] {standard_task_runner.py:72} INFO - Started process 2327 to run task
[2025-11-13T18:10:46.724+0000] {standard_task_runner.py:104} INFO - Running: ['***', 'tasks', 'run', 'iot_sensor_data_dag', 'generate_sensor_data', 'scheduled__2025-11-13T18:10:30+00:00', '--job-id', '436', '--raw', '--subdir', 'DAGS_FOLDER/DEPI.py', '--cfg-path', '/tmp/tmpvufag4j6']
[2025-11-13T18:10:46.726+0000] {standard_task_runner.py:105} INFO - Job 436: Subtask generate_sensor_data
[2025-11-13T18:10:46.770+0000] {task_command.py:467} INFO - Running <TaskInstance: iot_sensor_data_dag.generate_sensor_data scheduled__2025-11-13T18:10:30+00:00 [running]> on host 4f76d54186b6
[2025-11-13T18:10:46.836+0000] {taskinstance.py:3134} INFO - Exporting env vars: AIRFLOW_CTX_DAG_OWNER='***' AIRFLOW_CTX_DAG_ID='iot_sensor_data_dag' AIRFLOW_CTX_TASK_ID='generate_sensor_data' AIRFLOW_CTX_EXECUTION_DATE='2025-11-13T18:10:30+00:00' AIRFLOW_CTX_TRY_NUMBER='1' AIRFLOW_CTX_DAG_RUN_ID='scheduled__2025-11-13T18:10:30+00:00'
[2025-11-13T18:10:46.838+0000] {logging_mixin.py:190} INFO - Task instance is in running state
[2025-11-13T18:10:46.838+0000] {logging_mixin.py:190} INFO -  Previous state of the Task instance: queued
[2025-11-13T18:10:46.839+0000] {logging_mixin.py:190} INFO - Current task name:generate_sensor_data state:running start_date:2025-11-13 18:10:46.583383+00:00
[2025-11-13T18:10:46.839+0000] {logging_mixin.py:190} INFO - Dag name:iot_sensor_data_dag and current dag run status:running
[2025-11-13T18:10:46.840+0000] {taskinstance.py:732} INFO - ::endgroup::
[2025-11-13T18:10:46.873+0000] {logging_mixin.py:190} INFO - [2025-11-13 18:10:46.853509] Inserted sensor data: {'time': datetime.datetime(2025, 11, 13, 18, 10, 46, 853509), 'temperature': 27.6559103084934, 'Dissolved_oxygen': 5.936134390257069, 'PH': 7.471231729174299, 'Ammonia': 0.009847583447101032, 'Nitrite': 0.05357575454736891, 'Turbidty': 40.43795999905904, '_id': ObjectId('69161f26868e9162ec22814d')}
[2025-11-13T18:10:46.875+0000] {python.py:218} INFO - Done. Returned value was: None
[2025-11-13T18:10:46.886+0000] {taskinstance.py:341} INFO - ::group::Post task execution logs
[2025-11-13T18:10:46.887+0000] {taskinstance.py:353} INFO - Marking task as SUCCESS. dag_id=iot_sensor_data_dag, task_id=generate_sensor_data, run_id=scheduled__2025-11-13T18:10:30+00:00, execution_date=20251113T181030, start_date=20251113T181046, end_date=20251113T181046
[2025-11-13T18:10:46.905+0000] {logging_mixin.py:190} INFO - Task instance in success state
[2025-11-13T18:10:46.906+0000] {logging_mixin.py:190} INFO -  Previous state of the Task instance: running
[2025-11-13T18:10:46.906+0000] {logging_mixin.py:190} INFO - Dag name:iot_sensor_data_dag queued_at:2025-11-13 18:10:45.269463+00:00
[2025-11-13T18:10:46.907+0000] {logging_mixin.py:190} INFO - Task hostname:4f76d54186b6 operator:PythonOperator
[2025-11-13T18:10:46.946+0000] {local_task_job_runner.py:266} INFO - Task exited with return code 0
[2025-11-13T18:10:46.965+0000] {taskinstance.py:3901} INFO - 0 downstream tasks scheduled from follow-on schedule check
[2025-11-13T18:10:46.971+0000] {local_task_job_runner.py:245} INFO - ::endgroup::
