[2025-11-13T18:39:01.928+0000] {local_task_job_runner.py:123} INFO - ::group::Pre task execution logs
[2025-11-13T18:39:01.942+0000] {taskinstance.py:2614} INFO - Dependencies all met for dep_context=non-requeueable deps ti=<TaskInstance: iot_sensor_data_dag.generate_sensor_data scheduled__2025-11-13T18:38:45+00:00 [queued]>
[2025-11-13T18:39:01.949+0000] {taskinstance.py:2614} INFO - Dependencies all met for dep_context=requeueable deps ti=<TaskInstance: iot_sensor_data_dag.generate_sensor_data scheduled__2025-11-13T18:38:45+00:00 [queued]>
[2025-11-13T18:39:01.950+0000] {taskinstance.py:2867} INFO - Starting attempt 1 of 1
[2025-11-13T18:39:02.093+0000] {taskinstance.py:2890} INFO - Executing <Task(PythonOperator): generate_sensor_data> on 2025-11-13 18:38:45+00:00
[2025-11-13T18:39:02.100+0000] {warnings.py:112} WARNING - /home/***/.local/lib/python3.12/site-packages/***/task/task_runner/standard_task_runner.py:70: DeprecationWarning: This process (pid=3513) is multi-threaded, use of fork() may lead to deadlocks in the child.
  pid = os.fork()

[2025-11-13T18:39:02.104+0000] {standard_task_runner.py:72} INFO - Started process 3515 to run task
[2025-11-13T18:39:02.103+0000] {standard_task_runner.py:104} INFO - Running: ['***', 'tasks', 'run', 'iot_sensor_data_dag', 'generate_sensor_data', 'scheduled__2025-11-13T18:38:45+00:00', '--job-id', '549', '--raw', '--subdir', 'DAGS_FOLDER/DEPI.py', '--cfg-path', '/tmp/tmpbxmuym9l']
[2025-11-13T18:39:02.105+0000] {standard_task_runner.py:105} INFO - Job 549: Subtask generate_sensor_data
[2025-11-13T18:39:02.155+0000] {task_command.py:467} INFO - Running <TaskInstance: iot_sensor_data_dag.generate_sensor_data scheduled__2025-11-13T18:38:45+00:00 [running]> on host 4f76d54186b6
[2025-11-13T18:39:02.221+0000] {taskinstance.py:3134} INFO - Exporting env vars: AIRFLOW_CTX_DAG_OWNER='***' AIRFLOW_CTX_DAG_ID='iot_sensor_data_dag' AIRFLOW_CTX_TASK_ID='generate_sensor_data' AIRFLOW_CTX_EXECUTION_DATE='2025-11-13T18:38:45+00:00' AIRFLOW_CTX_TRY_NUMBER='1' AIRFLOW_CTX_DAG_RUN_ID='scheduled__2025-11-13T18:38:45+00:00'
[2025-11-13T18:39:02.223+0000] {logging_mixin.py:190} INFO - Task instance is in running state
[2025-11-13T18:39:02.223+0000] {logging_mixin.py:190} INFO -  Previous state of the Task instance: queued
[2025-11-13T18:39:02.224+0000] {logging_mixin.py:190} INFO - Current task name:generate_sensor_data state:running start_date:2025-11-13 18:39:01.943654+00:00
[2025-11-13T18:39:02.224+0000] {logging_mixin.py:190} INFO - Dag name:iot_sensor_data_dag and current dag run status:running
[2025-11-13T18:39:02.225+0000] {taskinstance.py:732} INFO - ::endgroup::
[2025-11-13T18:39:02.258+0000] {logging_mixin.py:190} INFO - [2025-11-13 18:39:02.238414] Inserted sensor data: {'time': datetime.datetime(2025, 11, 13, 18, 39, 2, 238414), 'temperature': 27.357245181199072, 'Dissolved_oxygen': 6.06747405187939, 'PH': 7.596293215068543, 'Ammonia': 0.009366322873353034, 'Nitrite': 0.05109070919434169, 'Turbidty': 39.59462384352985, '_id': ObjectId('691625c68f815c07cbe5ff2f')}
[2025-11-13T18:39:02.260+0000] {python.py:218} INFO - Done. Returned value was: None
[2025-11-13T18:39:02.271+0000] {taskinstance.py:341} INFO - ::group::Post task execution logs
[2025-11-13T18:39:02.272+0000] {taskinstance.py:353} INFO - Marking task as SUCCESS. dag_id=iot_sensor_data_dag, task_id=generate_sensor_data, run_id=scheduled__2025-11-13T18:38:45+00:00, execution_date=20251113T183845, start_date=20251113T183901, end_date=20251113T183902
[2025-11-13T18:39:02.291+0000] {logging_mixin.py:190} INFO - Task instance in success state
[2025-11-13T18:39:02.292+0000] {logging_mixin.py:190} INFO -  Previous state of the Task instance: running
[2025-11-13T18:39:02.292+0000] {logging_mixin.py:190} INFO - Dag name:iot_sensor_data_dag queued_at:2025-11-13 18:39:00.648226+00:00
[2025-11-13T18:39:02.293+0000] {logging_mixin.py:190} INFO - Task hostname:4f76d54186b6 operator:PythonOperator
[2025-11-13T18:39:02.337+0000] {local_task_job_runner.py:266} INFO - Task exited with return code 0
[2025-11-13T18:39:02.359+0000] {taskinstance.py:3901} INFO - 0 downstream tasks scheduled from follow-on schedule check
[2025-11-13T18:39:02.365+0000] {local_task_job_runner.py:245} INFO - ::endgroup::
