[2025-11-13T17:51:17.885+0000] {local_task_job_runner.py:123} INFO - ::group::Pre task execution logs
[2025-11-13T17:51:17.907+0000] {taskinstance.py:2614} INFO - Dependencies all met for dep_context=non-requeueable deps ti=<TaskInstance: iot_sensor_data_dag.generate_sensor_data scheduled__2025-11-13T17:51:00+00:00 [queued]>
[2025-11-13T17:51:17.917+0000] {taskinstance.py:2614} INFO - Dependencies all met for dep_context=requeueable deps ti=<TaskInstance: iot_sensor_data_dag.generate_sensor_data scheduled__2025-11-13T17:51:00+00:00 [queued]>
[2025-11-13T17:51:17.919+0000] {taskinstance.py:2867} INFO - Starting attempt 1 of 1
[2025-11-13T17:51:18.083+0000] {taskinstance.py:2890} INFO - Executing <Task(PythonOperator): generate_sensor_data> on 2025-11-13 17:51:00+00:00
[2025-11-13T17:51:18.092+0000] {warnings.py:112} WARNING - /home/***/.local/lib/python3.12/site-packages/***/task/task_runner/standard_task_runner.py:70: DeprecationWarning: This process (pid=1515) is multi-threaded, use of fork() may lead to deadlocks in the child.
  pid = os.fork()

[2025-11-13T17:51:18.096+0000] {standard_task_runner.py:72} INFO - Started process 1517 to run task
[2025-11-13T17:51:18.096+0000] {standard_task_runner.py:104} INFO - Running: ['***', 'tasks', 'run', 'iot_sensor_data_dag', 'generate_sensor_data', 'scheduled__2025-11-13T17:51:00+00:00', '--job-id', '358', '--raw', '--subdir', 'DAGS_FOLDER/DEPI.py', '--cfg-path', '/tmp/tmp3nsr6gyv']
[2025-11-13T17:51:18.098+0000] {standard_task_runner.py:105} INFO - Job 358: Subtask generate_sensor_data
[2025-11-13T17:51:18.162+0000] {task_command.py:467} INFO - Running <TaskInstance: iot_sensor_data_dag.generate_sensor_data scheduled__2025-11-13T17:51:00+00:00 [running]> on host 4f76d54186b6
[2025-11-13T17:51:18.267+0000] {taskinstance.py:3134} INFO - Exporting env vars: AIRFLOW_CTX_DAG_OWNER='***' AIRFLOW_CTX_DAG_ID='iot_sensor_data_dag' AIRFLOW_CTX_TASK_ID='generate_sensor_data' AIRFLOW_CTX_EXECUTION_DATE='2025-11-13T17:51:00+00:00' AIRFLOW_CTX_TRY_NUMBER='1' AIRFLOW_CTX_DAG_RUN_ID='scheduled__2025-11-13T17:51:00+00:00'
[2025-11-13T17:51:18.270+0000] {logging_mixin.py:190} INFO - Task instance is in running state
[2025-11-13T17:51:18.271+0000] {logging_mixin.py:190} INFO -  Previous state of the Task instance: queued
[2025-11-13T17:51:18.272+0000] {logging_mixin.py:190} INFO - Current task name:generate_sensor_data state:running start_date:2025-11-13 17:51:17.908310+00:00
[2025-11-13T17:51:18.273+0000] {logging_mixin.py:190} INFO - Dag name:iot_sensor_data_dag and current dag run status:running
[2025-11-13T17:51:18.274+0000] {taskinstance.py:732} INFO - ::endgroup::
[2025-11-13T17:51:18.321+0000] {logging_mixin.py:190} INFO - [2025-11-13 17:51:18.296714] Inserted sensor data: {'time': datetime.datetime(2025, 11, 13, 17, 51, 18, 296714), 'temperature': 27.495766671215105, 'Dissolved_oxygen': 5.993607084360295, 'PH': 7.5061296791319965, 'Ammonia': 0.009688323937633714, 'Nitrite': 0.04763551567250516, 'Turbidty': 39.24380136648483, '_id': ObjectId('69161a96b40283d3565d2fe6')}
[2025-11-13T17:51:18.325+0000] {python.py:218} INFO - Done. Returned value was: None
[2025-11-13T17:51:18.341+0000] {taskinstance.py:341} INFO - ::group::Post task execution logs
[2025-11-13T17:51:18.342+0000] {taskinstance.py:353} INFO - Marking task as SUCCESS. dag_id=iot_sensor_data_dag, task_id=generate_sensor_data, run_id=scheduled__2025-11-13T17:51:00+00:00, execution_date=20251113T175100, start_date=20251113T175117, end_date=20251113T175118
[2025-11-13T17:51:18.373+0000] {logging_mixin.py:190} INFO - Task instance in success state
[2025-11-13T17:51:18.374+0000] {logging_mixin.py:190} INFO -  Previous state of the Task instance: running
[2025-11-13T17:51:18.375+0000] {logging_mixin.py:190} INFO - Dag name:iot_sensor_data_dag queued_at:2025-11-13 17:51:15.799258+00:00
[2025-11-13T17:51:18.376+0000] {logging_mixin.py:190} INFO - Task hostname:4f76d54186b6 operator:PythonOperator
[2025-11-13T17:51:18.402+0000] {local_task_job_runner.py:266} INFO - Task exited with return code 0
[2025-11-13T17:51:18.436+0000] {taskinstance.py:3901} INFO - 0 downstream tasks scheduled from follow-on schedule check
[2025-11-13T17:51:18.443+0000] {local_task_job_runner.py:245} INFO - ::endgroup::
