[2025-11-13T17:28:32.031+0000] {local_task_job_runner.py:123} INFO - ::group::Pre task execution logs
[2025-11-13T17:28:32.046+0000] {taskinstance.py:2614} INFO - Dependencies all met for dep_context=non-requeueable deps ti=<TaskInstance: iot_sensor_data_dag.generate_sensor_data scheduled__2025-11-13T17:28:15+00:00 [queued]>
[2025-11-13T17:28:32.054+0000] {taskinstance.py:2614} INFO - Dependencies all met for dep_context=requeueable deps ti=<TaskInstance: iot_sensor_data_dag.generate_sensor_data scheduled__2025-11-13T17:28:15+00:00 [queued]>
[2025-11-13T17:28:32.055+0000] {taskinstance.py:2867} INFO - Starting attempt 1 of 1
[2025-11-13T17:28:32.221+0000] {taskinstance.py:2890} INFO - Executing <Task(PythonOperator): generate_sensor_data> on 2025-11-13 17:28:15+00:00
[2025-11-13T17:28:32.236+0000] {warnings.py:112} WARNING - /home/***/.local/lib/python3.12/site-packages/***/task/task_runner/standard_task_runner.py:70: DeprecationWarning: This process (pid=570) is multi-threaded, use of fork() may lead to deadlocks in the child.
  pid = os.fork()

[2025-11-13T17:28:32.239+0000] {standard_task_runner.py:72} INFO - Started process 572 to run task
[2025-11-13T17:28:32.239+0000] {standard_task_runner.py:104} INFO - Running: ['***', 'tasks', 'run', 'iot_sensor_data_dag', 'generate_sensor_data', 'scheduled__2025-11-13T17:28:15+00:00', '--job-id', '267', '--raw', '--subdir', 'DAGS_FOLDER/DEPI.py', '--cfg-path', '/tmp/tmptgzn9ufi']
[2025-11-13T17:28:32.242+0000] {standard_task_runner.py:105} INFO - Job 267: Subtask generate_sensor_data
[2025-11-13T17:28:32.293+0000] {task_command.py:467} INFO - Running <TaskInstance: iot_sensor_data_dag.generate_sensor_data scheduled__2025-11-13T17:28:15+00:00 [running]> on host 4f76d54186b6
[2025-11-13T17:28:32.381+0000] {taskinstance.py:3134} INFO - Exporting env vars: AIRFLOW_CTX_DAG_OWNER='***' AIRFLOW_CTX_DAG_ID='iot_sensor_data_dag' AIRFLOW_CTX_TASK_ID='generate_sensor_data' AIRFLOW_CTX_EXECUTION_DATE='2025-11-13T17:28:15+00:00' AIRFLOW_CTX_TRY_NUMBER='1' AIRFLOW_CTX_DAG_RUN_ID='scheduled__2025-11-13T17:28:15+00:00'
[2025-11-13T17:28:32.383+0000] {logging_mixin.py:190} INFO - Task instance is in running state
[2025-11-13T17:28:32.384+0000] {logging_mixin.py:190} INFO -  Previous state of the Task instance: queued
[2025-11-13T17:28:32.385+0000] {logging_mixin.py:190} INFO - Current task name:generate_sensor_data state:running start_date:2025-11-13 17:28:32.047298+00:00
[2025-11-13T17:28:32.386+0000] {logging_mixin.py:190} INFO - Dag name:iot_sensor_data_dag and current dag run status:running
[2025-11-13T17:28:32.387+0000] {taskinstance.py:732} INFO - ::endgroup::
[2025-11-13T17:28:32.422+0000] {logging_mixin.py:190} INFO - [2025-11-13 17:28:32.405460] Inserted sensor data: {'time': datetime.datetime(2025, 11, 13, 17, 28, 32, 405460), 'temperature': 27.4477442566912, 'Dissolved_oxygen': 6.087916524063293, 'PH': 7.54013104286274, 'Ammonia': 0.010564072145797082, 'Nitrite': 0.048973758791485904, 'Turbidty': 39.787187851824605, '_id': ObjectId('6916154049b77baffeb73910')}
[2025-11-13T17:28:32.425+0000] {python.py:218} INFO - Done. Returned value was: None
[2025-11-13T17:28:32.435+0000] {taskinstance.py:341} INFO - ::group::Post task execution logs
[2025-11-13T17:28:32.436+0000] {taskinstance.py:353} INFO - Marking task as SUCCESS. dag_id=iot_sensor_data_dag, task_id=generate_sensor_data, run_id=scheduled__2025-11-13T17:28:15+00:00, execution_date=20251113T172815, start_date=20251113T172832, end_date=20251113T172832
[2025-11-13T17:28:32.459+0000] {logging_mixin.py:190} INFO - Task instance in success state
[2025-11-13T17:28:32.460+0000] {logging_mixin.py:190} INFO -  Previous state of the Task instance: running
[2025-11-13T17:28:32.461+0000] {logging_mixin.py:190} INFO - Dag name:iot_sensor_data_dag queued_at:2025-11-13 17:28:30.486617+00:00
[2025-11-13T17:28:32.461+0000] {logging_mixin.py:190} INFO - Task hostname:4f76d54186b6 operator:PythonOperator
[2025-11-13T17:28:32.508+0000] {local_task_job_runner.py:266} INFO - Task exited with return code 0
[2025-11-13T17:28:32.531+0000] {taskinstance.py:3901} INFO - 0 downstream tasks scheduled from follow-on schedule check
[2025-11-13T17:28:32.535+0000] {local_task_job_runner.py:245} INFO - ::endgroup::
