[2025-11-13T18:18:01.251+0000] {local_task_job_runner.py:123} INFO - ::group::Pre task execution logs
[2025-11-13T18:18:01.264+0000] {taskinstance.py:2614} INFO - Dependencies all met for dep_context=non-requeueable deps ti=<TaskInstance: iot_sensor_data_dag.generate_sensor_data scheduled__2025-11-13T18:17:45+00:00 [queued]>
[2025-11-13T18:18:01.270+0000] {taskinstance.py:2614} INFO - Dependencies all met for dep_context=requeueable deps ti=<TaskInstance: iot_sensor_data_dag.generate_sensor_data scheduled__2025-11-13T18:17:45+00:00 [queued]>
[2025-11-13T18:18:01.270+0000] {taskinstance.py:2867} INFO - Starting attempt 1 of 1
[2025-11-13T18:18:01.409+0000] {taskinstance.py:2890} INFO - Executing <Task(PythonOperator): generate_sensor_data> on 2025-11-13 18:17:45+00:00
[2025-11-13T18:18:01.417+0000] {warnings.py:112} WARNING - /home/***/.local/lib/python3.12/site-packages/***/task/task_runner/standard_task_runner.py:70: DeprecationWarning: This process (pid=2633) is multi-threaded, use of fork() may lead to deadlocks in the child.
  pid = os.fork()

[2025-11-13T18:18:01.420+0000] {standard_task_runner.py:72} INFO - Started process 2635 to run task
[2025-11-13T18:18:01.420+0000] {standard_task_runner.py:104} INFO - Running: ['***', 'tasks', 'run', 'iot_sensor_data_dag', 'generate_sensor_data', 'scheduled__2025-11-13T18:17:45+00:00', '--job-id', '465', '--raw', '--subdir', 'DAGS_FOLDER/DEPI.py', '--cfg-path', '/tmp/tmp_22ou3u7']
[2025-11-13T18:18:01.421+0000] {standard_task_runner.py:105} INFO - Job 465: Subtask generate_sensor_data
[2025-11-13T18:18:01.461+0000] {task_command.py:467} INFO - Running <TaskInstance: iot_sensor_data_dag.generate_sensor_data scheduled__2025-11-13T18:17:45+00:00 [running]> on host 4f76d54186b6
[2025-11-13T18:18:01.539+0000] {taskinstance.py:3134} INFO - Exporting env vars: AIRFLOW_CTX_DAG_OWNER='***' AIRFLOW_CTX_DAG_ID='iot_sensor_data_dag' AIRFLOW_CTX_TASK_ID='generate_sensor_data' AIRFLOW_CTX_EXECUTION_DATE='2025-11-13T18:17:45+00:00' AIRFLOW_CTX_TRY_NUMBER='1' AIRFLOW_CTX_DAG_RUN_ID='scheduled__2025-11-13T18:17:45+00:00'
[2025-11-13T18:18:01.541+0000] {logging_mixin.py:190} INFO - Task instance is in running state
[2025-11-13T18:18:01.542+0000] {logging_mixin.py:190} INFO -  Previous state of the Task instance: queued
[2025-11-13T18:18:01.543+0000] {logging_mixin.py:190} INFO - Current task name:generate_sensor_data state:running start_date:2025-11-13 18:18:01.265183+00:00
[2025-11-13T18:18:01.543+0000] {logging_mixin.py:190} INFO - Dag name:iot_sensor_data_dag and current dag run status:running
[2025-11-13T18:18:01.544+0000] {taskinstance.py:732} INFO - ::endgroup::
[2025-11-13T18:18:01.576+0000] {logging_mixin.py:190} INFO - [2025-11-13 18:18:01.556535] Inserted sensor data: {'time': datetime.datetime(2025, 11, 13, 18, 18, 1, 556535), 'temperature': 27.314529886398848, 'Dissolved_oxygen': 5.941255061585363, 'PH': 7.450146323445434, 'Ammonia': 0.009980850118751588, 'Nitrite': 0.04740946833371605, 'Turbidty': 39.857785881070406, '_id': ObjectId('691620d919fbbc4df09cc57d')}
[2025-11-13T18:18:01.583+0000] {python.py:218} INFO - Done. Returned value was: None
[2025-11-13T18:18:01.594+0000] {taskinstance.py:341} INFO - ::group::Post task execution logs
[2025-11-13T18:18:01.594+0000] {taskinstance.py:353} INFO - Marking task as SUCCESS. dag_id=iot_sensor_data_dag, task_id=generate_sensor_data, run_id=scheduled__2025-11-13T18:17:45+00:00, execution_date=20251113T181745, start_date=20251113T181801, end_date=20251113T181801
[2025-11-13T18:18:01.615+0000] {logging_mixin.py:190} INFO - Task instance in success state
[2025-11-13T18:18:01.615+0000] {logging_mixin.py:190} INFO -  Previous state of the Task instance: running
[2025-11-13T18:18:01.615+0000] {logging_mixin.py:190} INFO - Dag name:iot_sensor_data_dag queued_at:2025-11-13 18:18:00.011136+00:00
[2025-11-13T18:18:01.616+0000] {logging_mixin.py:190} INFO - Task hostname:4f76d54186b6 operator:PythonOperator
[2025-11-13T18:18:01.640+0000] {local_task_job_runner.py:266} INFO - Task exited with return code 0
[2025-11-13T18:18:01.662+0000] {taskinstance.py:3901} INFO - 0 downstream tasks scheduled from follow-on schedule check
[2025-11-13T18:18:01.671+0000] {local_task_job_runner.py:245} INFO - ::endgroup::
