[2025-11-13T18:51:02.122+0000] {local_task_job_runner.py:123} INFO - ::group::Pre task execution logs
[2025-11-13T18:51:02.139+0000] {taskinstance.py:2614} INFO - Dependencies all met for dep_context=non-requeueable deps ti=<TaskInstance: iot_sensor_data_dag.generate_sensor_data scheduled__2025-11-13T18:50:45+00:00 [queued]>
[2025-11-13T18:51:02.145+0000] {taskinstance.py:2614} INFO - Dependencies all met for dep_context=requeueable deps ti=<TaskInstance: iot_sensor_data_dag.generate_sensor_data scheduled__2025-11-13T18:50:45+00:00 [queued]>
[2025-11-13T18:51:02.145+0000] {taskinstance.py:2867} INFO - Starting attempt 1 of 1
[2025-11-13T18:51:02.266+0000] {taskinstance.py:2890} INFO - Executing <Task(PythonOperator): generate_sensor_data> on 2025-11-13 18:50:45+00:00
[2025-11-13T18:51:02.272+0000] {warnings.py:112} WARNING - /home/***/.local/lib/python3.12/site-packages/***/task/task_runner/standard_task_runner.py:70: DeprecationWarning: This process (pid=4016) is multi-threaded, use of fork() may lead to deadlocks in the child.
  pid = os.fork()

[2025-11-13T18:51:02.274+0000] {standard_task_runner.py:72} INFO - Started process 4018 to run task
[2025-11-13T18:51:02.274+0000] {standard_task_runner.py:104} INFO - Running: ['***', 'tasks', 'run', 'iot_sensor_data_dag', 'generate_sensor_data', 'scheduled__2025-11-13T18:50:45+00:00', '--job-id', '597', '--raw', '--subdir', 'DAGS_FOLDER/DEPI.py', '--cfg-path', '/tmp/tmpow3mjx_4']
[2025-11-13T18:51:02.276+0000] {standard_task_runner.py:105} INFO - Job 597: Subtask generate_sensor_data
[2025-11-13T18:51:02.317+0000] {task_command.py:467} INFO - Running <TaskInstance: iot_sensor_data_dag.generate_sensor_data scheduled__2025-11-13T18:50:45+00:00 [running]> on host 4f76d54186b6
[2025-11-13T18:51:02.384+0000] {taskinstance.py:3134} INFO - Exporting env vars: AIRFLOW_CTX_DAG_OWNER='***' AIRFLOW_CTX_DAG_ID='iot_sensor_data_dag' AIRFLOW_CTX_TASK_ID='generate_sensor_data' AIRFLOW_CTX_EXECUTION_DATE='2025-11-13T18:50:45+00:00' AIRFLOW_CTX_TRY_NUMBER='1' AIRFLOW_CTX_DAG_RUN_ID='scheduled__2025-11-13T18:50:45+00:00'
[2025-11-13T18:51:02.386+0000] {logging_mixin.py:190} INFO - Task instance is in running state
[2025-11-13T18:51:02.387+0000] {logging_mixin.py:190} INFO -  Previous state of the Task instance: queued
[2025-11-13T18:51:02.388+0000] {logging_mixin.py:190} INFO - Current task name:generate_sensor_data state:running start_date:2025-11-13 18:51:02.139950+00:00
[2025-11-13T18:51:02.389+0000] {logging_mixin.py:190} INFO - Dag name:iot_sensor_data_dag and current dag run status:running
[2025-11-13T18:51:02.390+0000] {taskinstance.py:732} INFO - ::endgroup::
[2025-11-13T18:51:02.420+0000] {logging_mixin.py:190} INFO - [2025-11-13 18:51:02.404829] Inserted sensor data: {'time': datetime.datetime(2025, 11, 13, 18, 51, 2, 404829), 'temperature': 27.31790114593126, 'Dissolved_oxygen': 6.0958078408627445, 'PH': 7.470997520111788, 'Ammonia': 0.010047527768976331, 'Nitrite': 0.04634500894665462, 'Turbidty': 40.08762436924838, '_id': ObjectId('6916289670b0b4cefa6afaff')}
[2025-11-13T18:51:02.422+0000] {python.py:218} INFO - Done. Returned value was: None
[2025-11-13T18:51:02.438+0000] {taskinstance.py:341} INFO - ::group::Post task execution logs
[2025-11-13T18:51:02.439+0000] {taskinstance.py:353} INFO - Marking task as SUCCESS. dag_id=iot_sensor_data_dag, task_id=generate_sensor_data, run_id=scheduled__2025-11-13T18:50:45+00:00, execution_date=20251113T185045, start_date=20251113T185102, end_date=20251113T185102
[2025-11-13T18:51:02.457+0000] {logging_mixin.py:190} INFO - Task instance in success state
[2025-11-13T18:51:02.457+0000] {logging_mixin.py:190} INFO -  Previous state of the Task instance: running
[2025-11-13T18:51:02.458+0000] {logging_mixin.py:190} INFO - Dag name:iot_sensor_data_dag queued_at:2025-11-13 18:51:00.896224+00:00
[2025-11-13T18:51:02.459+0000] {logging_mixin.py:190} INFO - Task hostname:4f76d54186b6 operator:PythonOperator
[2025-11-13T18:51:02.491+0000] {local_task_job_runner.py:266} INFO - Task exited with return code 0
[2025-11-13T18:51:02.510+0000] {taskinstance.py:3901} INFO - 0 downstream tasks scheduled from follow-on schedule check
[2025-11-13T18:51:02.514+0000] {local_task_job_runner.py:245} INFO - ::endgroup::
