[2025-11-13T19:22:16.650+0000] {local_task_job_runner.py:123} INFO - ::group::Pre task execution logs
[2025-11-13T19:22:16.669+0000] {taskinstance.py:2614} INFO - Dependencies all met for dep_context=non-requeueable deps ti=<TaskInstance: iot_sensor_data_dag.generate_sensor_data scheduled__2025-11-13T19:22:00+00:00 [queued]>
[2025-11-13T19:22:16.679+0000] {taskinstance.py:2614} INFO - Dependencies all met for dep_context=requeueable deps ti=<TaskInstance: iot_sensor_data_dag.generate_sensor_data scheduled__2025-11-13T19:22:00+00:00 [queued]>
[2025-11-13T19:22:16.680+0000] {taskinstance.py:2867} INFO - Starting attempt 1 of 1
[2025-11-13T19:22:16.839+0000] {taskinstance.py:2890} INFO - Executing <Task(PythonOperator): generate_sensor_data> on 2025-11-13 19:22:00+00:00
[2025-11-13T19:22:16.847+0000] {warnings.py:112} WARNING - /home/***/.local/lib/python3.12/site-packages/***/task/task_runner/standard_task_runner.py:70: DeprecationWarning: This process (pid=5317) is multi-threaded, use of fork() may lead to deadlocks in the child.
  pid = os.fork()

[2025-11-13T19:22:16.849+0000] {standard_task_runner.py:72} INFO - Started process 5326 to run task
[2025-11-13T19:22:16.849+0000] {standard_task_runner.py:104} INFO - Running: ['***', 'tasks', 'run', 'iot_sensor_data_dag', 'generate_sensor_data', 'scheduled__2025-11-13T19:22:00+00:00', '--job-id', '722', '--raw', '--subdir', 'DAGS_FOLDER/DEPI.py', '--cfg-path', '/tmp/tmpesegbo0e']
[2025-11-13T19:22:16.851+0000] {standard_task_runner.py:105} INFO - Job 722: Subtask generate_sensor_data
[2025-11-13T19:22:16.895+0000] {task_command.py:467} INFO - Running <TaskInstance: iot_sensor_data_dag.generate_sensor_data scheduled__2025-11-13T19:22:00+00:00 [running]> on host 4f76d54186b6
[2025-11-13T19:22:16.970+0000] {taskinstance.py:3134} INFO - Exporting env vars: AIRFLOW_CTX_DAG_OWNER='***' AIRFLOW_CTX_DAG_ID='iot_sensor_data_dag' AIRFLOW_CTX_TASK_ID='generate_sensor_data' AIRFLOW_CTX_EXECUTION_DATE='2025-11-13T19:22:00+00:00' AIRFLOW_CTX_TRY_NUMBER='1' AIRFLOW_CTX_DAG_RUN_ID='scheduled__2025-11-13T19:22:00+00:00'
[2025-11-13T19:22:16.972+0000] {logging_mixin.py:190} INFO - Task instance is in running state
[2025-11-13T19:22:16.973+0000] {logging_mixin.py:190} INFO -  Previous state of the Task instance: queued
[2025-11-13T19:22:16.974+0000] {logging_mixin.py:190} INFO - Current task name:generate_sensor_data state:running start_date:2025-11-13 19:22:16.670736+00:00
[2025-11-13T19:22:16.974+0000] {logging_mixin.py:190} INFO - Dag name:iot_sensor_data_dag and current dag run status:running
[2025-11-13T19:22:16.975+0000] {taskinstance.py:732} INFO - ::endgroup::
[2025-11-13T19:22:17.012+0000] {logging_mixin.py:190} INFO - [2025-11-13 19:22:16.992040] Inserted sensor data: {'time': datetime.datetime(2025, 11, 13, 19, 22, 16, 992040), 'temperature': 27.551938860413248, 'Dissolved_oxygen': 6.0501306765696805, 'PH': 7.531286405050805, 'Ammonia': 0.009674893475256038, 'Nitrite': 0.05247250816089858, 'Turbidty': 40.405401016443044, '_id': ObjectId('69162fe896119cd274dbc8ac')}
[2025-11-13T19:22:17.015+0000] {python.py:218} INFO - Done. Returned value was: None
[2025-11-13T19:22:17.028+0000] {taskinstance.py:341} INFO - ::group::Post task execution logs
[2025-11-13T19:22:17.029+0000] {taskinstance.py:353} INFO - Marking task as SUCCESS. dag_id=iot_sensor_data_dag, task_id=generate_sensor_data, run_id=scheduled__2025-11-13T19:22:00+00:00, execution_date=20251113T192200, start_date=20251113T192216, end_date=20251113T192217
[2025-11-13T19:22:17.051+0000] {logging_mixin.py:190} INFO - Task instance in success state
[2025-11-13T19:22:17.052+0000] {logging_mixin.py:190} INFO -  Previous state of the Task instance: running
[2025-11-13T19:22:17.053+0000] {logging_mixin.py:190} INFO - Dag name:iot_sensor_data_dag queued_at:2025-11-13 19:22:15.051513+00:00
[2025-11-13T19:22:17.053+0000] {logging_mixin.py:190} INFO - Task hostname:4f76d54186b6 operator:PythonOperator
[2025-11-13T19:22:17.069+0000] {local_task_job_runner.py:266} INFO - Task exited with return code 0
[2025-11-13T19:22:17.092+0000] {taskinstance.py:3901} INFO - 0 downstream tasks scheduled from follow-on schedule check
[2025-11-13T19:22:17.098+0000] {local_task_job_runner.py:245} INFO - ::endgroup::
