[2025-11-13T18:52:46.531+0000] {local_task_job_runner.py:123} INFO - ::group::Pre task execution logs
[2025-11-13T18:52:46.545+0000] {taskinstance.py:2614} INFO - Dependencies all met for dep_context=non-requeueable deps ti=<TaskInstance: iot_sensor_data_dag.generate_sensor_data scheduled__2025-11-13T18:52:30+00:00 [queued]>
[2025-11-13T18:52:46.551+0000] {taskinstance.py:2614} INFO - Dependencies all met for dep_context=requeueable deps ti=<TaskInstance: iot_sensor_data_dag.generate_sensor_data scheduled__2025-11-13T18:52:30+00:00 [queued]>
[2025-11-13T18:52:46.553+0000] {taskinstance.py:2867} INFO - Starting attempt 1 of 1
[2025-11-13T18:52:46.683+0000] {taskinstance.py:2890} INFO - Executing <Task(PythonOperator): generate_sensor_data> on 2025-11-13 18:52:30+00:00
[2025-11-13T18:52:46.691+0000] {warnings.py:112} WARNING - /home/***/.local/lib/python3.12/site-packages/***/task/task_runner/standard_task_runner.py:70: DeprecationWarning: This process (pid=4086) is multi-threaded, use of fork() may lead to deadlocks in the child.
  pid = os.fork()

[2025-11-13T18:52:46.693+0000] {standard_task_runner.py:72} INFO - Started process 4088 to run task
[2025-11-13T18:52:46.693+0000] {standard_task_runner.py:104} INFO - Running: ['***', 'tasks', 'run', 'iot_sensor_data_dag', 'generate_sensor_data', 'scheduled__2025-11-13T18:52:30+00:00', '--job-id', '604', '--raw', '--subdir', 'DAGS_FOLDER/DEPI.py', '--cfg-path', '/tmp/tmpi0jvfjqt']
[2025-11-13T18:52:46.694+0000] {standard_task_runner.py:105} INFO - Job 604: Subtask generate_sensor_data
[2025-11-13T18:52:46.743+0000] {task_command.py:467} INFO - Running <TaskInstance: iot_sensor_data_dag.generate_sensor_data scheduled__2025-11-13T18:52:30+00:00 [running]> on host 4f76d54186b6
[2025-11-13T18:52:46.815+0000] {taskinstance.py:3134} INFO - Exporting env vars: AIRFLOW_CTX_DAG_OWNER='***' AIRFLOW_CTX_DAG_ID='iot_sensor_data_dag' AIRFLOW_CTX_TASK_ID='generate_sensor_data' AIRFLOW_CTX_EXECUTION_DATE='2025-11-13T18:52:30+00:00' AIRFLOW_CTX_TRY_NUMBER='1' AIRFLOW_CTX_DAG_RUN_ID='scheduled__2025-11-13T18:52:30+00:00'
[2025-11-13T18:52:46.817+0000] {logging_mixin.py:190} INFO - Task instance is in running state
[2025-11-13T18:52:46.817+0000] {logging_mixin.py:190} INFO -  Previous state of the Task instance: queued
[2025-11-13T18:52:46.818+0000] {logging_mixin.py:190} INFO - Current task name:generate_sensor_data state:running start_date:2025-11-13 18:52:46.545893+00:00
[2025-11-13T18:52:46.818+0000] {logging_mixin.py:190} INFO - Dag name:iot_sensor_data_dag and current dag run status:running
[2025-11-13T18:52:46.819+0000] {taskinstance.py:732} INFO - ::endgroup::
[2025-11-13T18:52:46.855+0000] {logging_mixin.py:190} INFO - [2025-11-13 18:52:46.835816] Inserted sensor data: {'time': datetime.datetime(2025, 11, 13, 18, 52, 46, 835816), 'temperature': 27.42607179472361, 'Dissolved_oxygen': 6.096271076227212, 'PH': 7.4803378831874365, 'Ammonia': 0.009968110480432273, 'Nitrite': 0.04812477851228088, 'Turbidty': 40.835555909707026, '_id': ObjectId('691628fec1aba2c5fa6b10b0')}
[2025-11-13T18:52:46.858+0000] {python.py:218} INFO - Done. Returned value was: None
[2025-11-13T18:52:46.868+0000] {taskinstance.py:341} INFO - ::group::Post task execution logs
[2025-11-13T18:52:46.869+0000] {taskinstance.py:353} INFO - Marking task as SUCCESS. dag_id=iot_sensor_data_dag, task_id=generate_sensor_data, run_id=scheduled__2025-11-13T18:52:30+00:00, execution_date=20251113T185230, start_date=20251113T185246, end_date=20251113T185246
[2025-11-13T18:52:46.897+0000] {logging_mixin.py:190} INFO - Task instance in success state
[2025-11-13T18:52:46.897+0000] {logging_mixin.py:190} INFO -  Previous state of the Task instance: running
[2025-11-13T18:52:46.898+0000] {logging_mixin.py:190} INFO - Dag name:iot_sensor_data_dag queued_at:2025-11-13 18:52:45.293590+00:00
[2025-11-13T18:52:46.899+0000] {logging_mixin.py:190} INFO - Task hostname:4f76d54186b6 operator:PythonOperator
[2025-11-13T18:52:46.909+0000] {local_task_job_runner.py:266} INFO - Task exited with return code 0
[2025-11-13T18:52:46.927+0000] {taskinstance.py:3901} INFO - 0 downstream tasks scheduled from follow-on schedule check
[2025-11-13T18:52:46.931+0000] {local_task_job_runner.py:245} INFO - ::endgroup::
