[2025-11-13T19:04:46.694+0000] {local_task_job_runner.py:123} INFO - ::group::Pre task execution logs
[2025-11-13T19:04:46.710+0000] {taskinstance.py:2614} INFO - Dependencies all met for dep_context=non-requeueable deps ti=<TaskInstance: iot_sensor_data_dag.generate_sensor_data scheduled__2025-11-13T19:04:30+00:00 [queued]>
[2025-11-13T19:04:46.719+0000] {taskinstance.py:2614} INFO - Dependencies all met for dep_context=requeueable deps ti=<TaskInstance: iot_sensor_data_dag.generate_sensor_data scheduled__2025-11-13T19:04:30+00:00 [queued]>
[2025-11-13T19:04:46.721+0000] {taskinstance.py:2867} INFO - Starting attempt 1 of 1
[2025-11-13T19:04:46.886+0000] {taskinstance.py:2890} INFO - Executing <Task(PythonOperator): generate_sensor_data> on 2025-11-13 19:04:30+00:00
[2025-11-13T19:04:46.893+0000] {warnings.py:112} WARNING - /home/***/.local/lib/python3.12/site-packages/***/task/task_runner/standard_task_runner.py:70: DeprecationWarning: This process (pid=4589) is multi-threaded, use of fork() may lead to deadlocks in the child.
  pid = os.fork()

[2025-11-13T19:04:46.896+0000] {standard_task_runner.py:104} INFO - Running: ['***', 'tasks', 'run', 'iot_sensor_data_dag', 'generate_sensor_data', 'scheduled__2025-11-13T19:04:30+00:00', '--job-id', '652', '--raw', '--subdir', 'DAGS_FOLDER/DEPI.py', '--cfg-path', '/tmp/tmpu_tt0or5']
[2025-11-13T19:04:46.897+0000] {standard_task_runner.py:72} INFO - Started process 4591 to run task
[2025-11-13T19:04:46.898+0000] {standard_task_runner.py:105} INFO - Job 652: Subtask generate_sensor_data
[2025-11-13T19:04:46.947+0000] {task_command.py:467} INFO - Running <TaskInstance: iot_sensor_data_dag.generate_sensor_data scheduled__2025-11-13T19:04:30+00:00 [running]> on host 4f76d54186b6
[2025-11-13T19:04:47.023+0000] {taskinstance.py:3134} INFO - Exporting env vars: AIRFLOW_CTX_DAG_OWNER='***' AIRFLOW_CTX_DAG_ID='iot_sensor_data_dag' AIRFLOW_CTX_TASK_ID='generate_sensor_data' AIRFLOW_CTX_EXECUTION_DATE='2025-11-13T19:04:30+00:00' AIRFLOW_CTX_TRY_NUMBER='1' AIRFLOW_CTX_DAG_RUN_ID='scheduled__2025-11-13T19:04:30+00:00'
[2025-11-13T19:04:47.025+0000] {logging_mixin.py:190} INFO - Task instance is in running state
[2025-11-13T19:04:47.026+0000] {logging_mixin.py:190} INFO -  Previous state of the Task instance: queued
[2025-11-13T19:04:47.027+0000] {logging_mixin.py:190} INFO - Current task name:generate_sensor_data state:running start_date:2025-11-13 19:04:46.711983+00:00
[2025-11-13T19:04:47.027+0000] {logging_mixin.py:190} INFO - Dag name:iot_sensor_data_dag and current dag run status:running
[2025-11-13T19:04:47.028+0000] {taskinstance.py:732} INFO - ::endgroup::
[2025-11-13T19:04:47.061+0000] {logging_mixin.py:190} INFO - [2025-11-13 19:04:47.043860] Inserted sensor data: {'time': datetime.datetime(2025, 11, 13, 19, 4, 47, 43860), 'temperature': 27.535543821326854, 'Dissolved_oxygen': 5.978696821076304, 'PH': 7.455478299440364, 'Ammonia': 0.009486424950462998, 'Nitrite': 0.04956936602372645, 'Turbidty': 39.61988469857122, '_id': ObjectId('69162bcf59e57e5f26457388')}
[2025-11-13T19:04:47.065+0000] {python.py:218} INFO - Done. Returned value was: None
[2025-11-13T19:04:47.077+0000] {taskinstance.py:341} INFO - ::group::Post task execution logs
[2025-11-13T19:04:47.078+0000] {taskinstance.py:353} INFO - Marking task as SUCCESS. dag_id=iot_sensor_data_dag, task_id=generate_sensor_data, run_id=scheduled__2025-11-13T19:04:30+00:00, execution_date=20251113T190430, start_date=20251113T190446, end_date=20251113T190447
[2025-11-13T19:04:47.102+0000] {logging_mixin.py:190} INFO - Task instance in success state
[2025-11-13T19:04:47.103+0000] {logging_mixin.py:190} INFO -  Previous state of the Task instance: running
[2025-11-13T19:04:47.104+0000] {logging_mixin.py:190} INFO - Dag name:iot_sensor_data_dag queued_at:2025-11-13 19:04:45.192207+00:00
[2025-11-13T19:04:47.104+0000] {logging_mixin.py:190} INFO - Task hostname:4f76d54186b6 operator:PythonOperator
[2025-11-13T19:04:47.121+0000] {local_task_job_runner.py:266} INFO - Task exited with return code 0
[2025-11-13T19:04:47.145+0000] {taskinstance.py:3901} INFO - 0 downstream tasks scheduled from follow-on schedule check
[2025-11-13T19:04:47.150+0000] {local_task_job_runner.py:245} INFO - ::endgroup::
