[2025-11-13T18:55:46.589+0000] {local_task_job_runner.py:123} INFO - ::group::Pre task execution logs
[2025-11-13T18:55:46.603+0000] {taskinstance.py:2614} INFO - Dependencies all met for dep_context=non-requeueable deps ti=<TaskInstance: iot_sensor_data_dag.generate_sensor_data scheduled__2025-11-13T18:55:30+00:00 [queued]>
[2025-11-13T18:55:46.610+0000] {taskinstance.py:2614} INFO - Dependencies all met for dep_context=requeueable deps ti=<TaskInstance: iot_sensor_data_dag.generate_sensor_data scheduled__2025-11-13T18:55:30+00:00 [queued]>
[2025-11-13T18:55:46.611+0000] {taskinstance.py:2867} INFO - Starting attempt 1 of 1
[2025-11-13T18:55:46.738+0000] {taskinstance.py:2890} INFO - Executing <Task(PythonOperator): generate_sensor_data> on 2025-11-13 18:55:30+00:00
[2025-11-13T18:55:46.744+0000] {warnings.py:112} WARNING - /home/***/.local/lib/python3.12/site-packages/***/task/task_runner/standard_task_runner.py:70: DeprecationWarning: This process (pid=4212) is multi-threaded, use of fork() may lead to deadlocks in the child.
  pid = os.fork()

[2025-11-13T18:55:46.746+0000] {standard_task_runner.py:72} INFO - Started process 4214 to run task
[2025-11-13T18:55:46.746+0000] {standard_task_runner.py:104} INFO - Running: ['***', 'tasks', 'run', 'iot_sensor_data_dag', 'generate_sensor_data', 'scheduled__2025-11-13T18:55:30+00:00', '--job-id', '616', '--raw', '--subdir', 'DAGS_FOLDER/DEPI.py', '--cfg-path', '/tmp/tmpp1jw3ll3']
[2025-11-13T18:55:46.747+0000] {standard_task_runner.py:105} INFO - Job 616: Subtask generate_sensor_data
[2025-11-13T18:55:46.794+0000] {task_command.py:467} INFO - Running <TaskInstance: iot_sensor_data_dag.generate_sensor_data scheduled__2025-11-13T18:55:30+00:00 [running]> on host 4f76d54186b6
[2025-11-13T18:55:46.856+0000] {taskinstance.py:3134} INFO - Exporting env vars: AIRFLOW_CTX_DAG_OWNER='***' AIRFLOW_CTX_DAG_ID='iot_sensor_data_dag' AIRFLOW_CTX_TASK_ID='generate_sensor_data' AIRFLOW_CTX_EXECUTION_DATE='2025-11-13T18:55:30+00:00' AIRFLOW_CTX_TRY_NUMBER='1' AIRFLOW_CTX_DAG_RUN_ID='scheduled__2025-11-13T18:55:30+00:00'
[2025-11-13T18:55:46.858+0000] {logging_mixin.py:190} INFO - Task instance is in running state
[2025-11-13T18:55:46.858+0000] {logging_mixin.py:190} INFO -  Previous state of the Task instance: queued
[2025-11-13T18:55:46.858+0000] {logging_mixin.py:190} INFO - Current task name:generate_sensor_data state:running start_date:2025-11-13 18:55:46.604425+00:00
[2025-11-13T18:55:46.859+0000] {logging_mixin.py:190} INFO - Dag name:iot_sensor_data_dag and current dag run status:running
[2025-11-13T18:55:46.859+0000] {taskinstance.py:732} INFO - ::endgroup::
[2025-11-13T18:55:46.891+0000] {logging_mixin.py:190} INFO - [2025-11-13 18:55:46.874762] Inserted sensor data: {'time': datetime.datetime(2025, 11, 13, 18, 55, 46, 874762), 'temperature': 27.380969581383894, 'Dissolved_oxygen': 5.952249581259038, 'PH': 7.586703495228671, 'Ammonia': 0.009692961302299269, 'Nitrite': 0.050714648463292364, 'Turbidty': 40.42985411209055, '_id': ObjectId('691629b265a35c0ede3eac36')}
[2025-11-13T18:55:46.893+0000] {python.py:218} INFO - Done. Returned value was: None
[2025-11-13T18:55:46.904+0000] {taskinstance.py:341} INFO - ::group::Post task execution logs
[2025-11-13T18:55:46.905+0000] {taskinstance.py:353} INFO - Marking task as SUCCESS. dag_id=iot_sensor_data_dag, task_id=generate_sensor_data, run_id=scheduled__2025-11-13T18:55:30+00:00, execution_date=20251113T185530, start_date=20251113T185546, end_date=20251113T185546
[2025-11-13T18:55:46.925+0000] {logging_mixin.py:190} INFO - Task instance in success state
[2025-11-13T18:55:46.925+0000] {logging_mixin.py:190} INFO -  Previous state of the Task instance: running
[2025-11-13T18:55:46.926+0000] {logging_mixin.py:190} INFO - Dag name:iot_sensor_data_dag queued_at:2025-11-13 18:55:45.294273+00:00
[2025-11-13T18:55:46.927+0000] {logging_mixin.py:190} INFO - Task hostname:4f76d54186b6 operator:PythonOperator
[2025-11-13T18:55:46.967+0000] {local_task_job_runner.py:266} INFO - Task exited with return code 0
[2025-11-13T18:55:46.988+0000] {taskinstance.py:3901} INFO - 0 downstream tasks scheduled from follow-on schedule check
[2025-11-13T18:55:46.992+0000] {local_task_job_runner.py:245} INFO - ::endgroup::
