[2025-11-13T19:15:02.054+0000] {local_task_job_runner.py:123} INFO - ::group::Pre task execution logs
[2025-11-13T19:15:02.069+0000] {taskinstance.py:2614} INFO - Dependencies all met for dep_context=non-requeueable deps ti=<TaskInstance: iot_sensor_data_dag.generate_sensor_data scheduled__2025-11-13T19:14:45+00:00 [queued]>
[2025-11-13T19:15:02.077+0000] {taskinstance.py:2614} INFO - Dependencies all met for dep_context=requeueable deps ti=<TaskInstance: iot_sensor_data_dag.generate_sensor_data scheduled__2025-11-13T19:14:45+00:00 [queued]>
[2025-11-13T19:15:02.079+0000] {taskinstance.py:2867} INFO - Starting attempt 1 of 1
[2025-11-13T19:15:02.254+0000] {taskinstance.py:2890} INFO - Executing <Task(PythonOperator): generate_sensor_data> on 2025-11-13 19:14:45+00:00
[2025-11-13T19:15:02.265+0000] {standard_task_runner.py:104} INFO - Running: ['***', 'tasks', 'run', 'iot_sensor_data_dag', 'generate_sensor_data', 'scheduled__2025-11-13T19:14:45+00:00', '--job-id', '693', '--raw', '--subdir', 'DAGS_FOLDER/DEPI.py', '--cfg-path', '/tmp/tmpj6i6aiym']
[2025-11-13T19:15:02.263+0000] {warnings.py:112} WARNING - /home/***/.local/lib/python3.12/site-packages/***/task/task_runner/standard_task_runner.py:70: DeprecationWarning: This process (pid=5016) is multi-threaded, use of fork() may lead to deadlocks in the child.
  pid = os.fork()

[2025-11-13T19:15:02.267+0000] {standard_task_runner.py:105} INFO - Job 693: Subtask generate_sensor_data
[2025-11-13T19:15:02.267+0000] {standard_task_runner.py:72} INFO - Started process 5018 to run task
[2025-11-13T19:15:02.320+0000] {task_command.py:467} INFO - Running <TaskInstance: iot_sensor_data_dag.generate_sensor_data scheduled__2025-11-13T19:14:45+00:00 [running]> on host 4f76d54186b6
[2025-11-13T19:15:02.397+0000] {taskinstance.py:3134} INFO - Exporting env vars: AIRFLOW_CTX_DAG_OWNER='***' AIRFLOW_CTX_DAG_ID='iot_sensor_data_dag' AIRFLOW_CTX_TASK_ID='generate_sensor_data' AIRFLOW_CTX_EXECUTION_DATE='2025-11-13T19:14:45+00:00' AIRFLOW_CTX_TRY_NUMBER='1' AIRFLOW_CTX_DAG_RUN_ID='scheduled__2025-11-13T19:14:45+00:00'
[2025-11-13T19:15:02.399+0000] {logging_mixin.py:190} INFO - Task instance is in running state
[2025-11-13T19:15:02.400+0000] {logging_mixin.py:190} INFO -  Previous state of the Task instance: queued
[2025-11-13T19:15:02.401+0000] {logging_mixin.py:190} INFO - Current task name:generate_sensor_data state:running start_date:2025-11-13 19:15:02.071743+00:00
[2025-11-13T19:15:02.401+0000] {logging_mixin.py:190} INFO - Dag name:iot_sensor_data_dag and current dag run status:running
[2025-11-13T19:15:02.402+0000] {taskinstance.py:732} INFO - ::endgroup::
[2025-11-13T19:15:02.435+0000] {logging_mixin.py:190} INFO - [2025-11-13 19:15:02.419620] Inserted sensor data: {'time': datetime.datetime(2025, 11, 13, 19, 15, 2, 419620), 'temperature': 27.61337658782836, 'Dissolved_oxygen': 6.079924668351182, 'PH': 7.517423937524299, 'Ammonia': 0.009413297519533965, 'Nitrite': 0.047402528637675086, 'Turbidty': 40.76200214967744, '_id': ObjectId('69162e368391e094fb862086')}
[2025-11-13T19:15:02.437+0000] {python.py:218} INFO - Done. Returned value was: None
[2025-11-13T19:15:02.450+0000] {taskinstance.py:341} INFO - ::group::Post task execution logs
[2025-11-13T19:15:02.451+0000] {taskinstance.py:353} INFO - Marking task as SUCCESS. dag_id=iot_sensor_data_dag, task_id=generate_sensor_data, run_id=scheduled__2025-11-13T19:14:45+00:00, execution_date=20251113T191445, start_date=20251113T191502, end_date=20251113T191502
[2025-11-13T19:15:02.472+0000] {logging_mixin.py:190} INFO - Task instance in success state
[2025-11-13T19:15:02.473+0000] {logging_mixin.py:190} INFO -  Previous state of the Task instance: running
[2025-11-13T19:15:02.474+0000] {logging_mixin.py:190} INFO - Dag name:iot_sensor_data_dag queued_at:2025-11-13 19:15:00.520914+00:00
[2025-11-13T19:15:02.475+0000] {logging_mixin.py:190} INFO - Task hostname:4f76d54186b6 operator:PythonOperator
[2025-11-13T19:15:02.489+0000] {local_task_job_runner.py:266} INFO - Task exited with return code 0
[2025-11-13T19:15:02.510+0000] {taskinstance.py:3901} INFO - 0 downstream tasks scheduled from follow-on schedule check
[2025-11-13T19:15:02.516+0000] {local_task_job_runner.py:245} INFO - ::endgroup::
