[2025-11-13T19:17:01.694+0000] {local_task_job_runner.py:123} INFO - ::group::Pre task execution logs
[2025-11-13T19:17:01.710+0000] {taskinstance.py:2614} INFO - Dependencies all met for dep_context=non-requeueable deps ti=<TaskInstance: iot_sensor_data_dag.generate_sensor_data scheduled__2025-11-13T19:16:45+00:00 [queued]>
[2025-11-13T19:17:01.717+0000] {taskinstance.py:2614} INFO - Dependencies all met for dep_context=requeueable deps ti=<TaskInstance: iot_sensor_data_dag.generate_sensor_data scheduled__2025-11-13T19:16:45+00:00 [queued]>
[2025-11-13T19:17:01.719+0000] {taskinstance.py:2867} INFO - Starting attempt 1 of 1
[2025-11-13T19:17:01.860+0000] {taskinstance.py:2890} INFO - Executing <Task(PythonOperator): generate_sensor_data> on 2025-11-13 19:16:45+00:00
[2025-11-13T19:17:01.868+0000] {warnings.py:112} WARNING - /home/***/.local/lib/python3.12/site-packages/***/task/task_runner/standard_task_runner.py:70: DeprecationWarning: This process (pid=5100) is multi-threaded, use of fork() may lead to deadlocks in the child.
  pid = os.fork()

[2025-11-13T19:17:01.870+0000] {standard_task_runner.py:104} INFO - Running: ['***', 'tasks', 'run', 'iot_sensor_data_dag', 'generate_sensor_data', 'scheduled__2025-11-13T19:16:45+00:00', '--job-id', '701', '--raw', '--subdir', 'DAGS_FOLDER/DEPI.py', '--cfg-path', '/tmp/tmppbpv2lem']
[2025-11-13T19:17:01.871+0000] {standard_task_runner.py:72} INFO - Started process 5102 to run task
[2025-11-13T19:17:01.872+0000] {standard_task_runner.py:105} INFO - Job 701: Subtask generate_sensor_data
[2025-11-13T19:17:01.919+0000] {task_command.py:467} INFO - Running <TaskInstance: iot_sensor_data_dag.generate_sensor_data scheduled__2025-11-13T19:16:45+00:00 [running]> on host 4f76d54186b6
[2025-11-13T19:17:01.996+0000] {taskinstance.py:3134} INFO - Exporting env vars: AIRFLOW_CTX_DAG_OWNER='***' AIRFLOW_CTX_DAG_ID='iot_sensor_data_dag' AIRFLOW_CTX_TASK_ID='generate_sensor_data' AIRFLOW_CTX_EXECUTION_DATE='2025-11-13T19:16:45+00:00' AIRFLOW_CTX_TRY_NUMBER='1' AIRFLOW_CTX_DAG_RUN_ID='scheduled__2025-11-13T19:16:45+00:00'
[2025-11-13T19:17:01.998+0000] {logging_mixin.py:190} INFO - Task instance is in running state
[2025-11-13T19:17:01.999+0000] {logging_mixin.py:190} INFO -  Previous state of the Task instance: queued
[2025-11-13T19:17:02.000+0000] {logging_mixin.py:190} INFO - Current task name:generate_sensor_data state:running start_date:2025-11-13 19:17:01.711336+00:00
[2025-11-13T19:17:02.000+0000] {logging_mixin.py:190} INFO - Dag name:iot_sensor_data_dag and current dag run status:running
[2025-11-13T19:17:02.001+0000] {taskinstance.py:732} INFO - ::endgroup::
[2025-11-13T19:17:02.038+0000] {logging_mixin.py:190} INFO - [2025-11-13 19:17:02.017318] Inserted sensor data: {'time': datetime.datetime(2025, 11, 13, 19, 17, 2, 17318), 'temperature': 27.42732141267608, 'Dissolved_oxygen': 5.998646223058849, 'PH': 7.514507245423231, 'Ammonia': 0.009704409322460182, 'Nitrite': 0.0530506677865559, 'Turbidty': 39.578469873552876, '_id': ObjectId('69162eae78911f3950fb467d')}
[2025-11-13T19:17:02.040+0000] {python.py:218} INFO - Done. Returned value was: None
[2025-11-13T19:17:02.053+0000] {taskinstance.py:341} INFO - ::group::Post task execution logs
[2025-11-13T19:17:02.054+0000] {taskinstance.py:353} INFO - Marking task as SUCCESS. dag_id=iot_sensor_data_dag, task_id=generate_sensor_data, run_id=scheduled__2025-11-13T19:16:45+00:00, execution_date=20251113T191645, start_date=20251113T191701, end_date=20251113T191702
[2025-11-13T19:17:02.076+0000] {logging_mixin.py:190} INFO - Task instance in success state
[2025-11-13T19:17:02.077+0000] {logging_mixin.py:190} INFO -  Previous state of the Task instance: running
[2025-11-13T19:17:02.077+0000] {logging_mixin.py:190} INFO - Dag name:iot_sensor_data_dag queued_at:2025-11-13 19:17:00.170189+00:00
[2025-11-13T19:17:02.079+0000] {logging_mixin.py:190} INFO - Task hostname:4f76d54186b6 operator:PythonOperator
[2025-11-13T19:17:02.102+0000] {local_task_job_runner.py:266} INFO - Task exited with return code 0
[2025-11-13T19:17:02.128+0000] {taskinstance.py:3901} INFO - 0 downstream tasks scheduled from follow-on schedule check
[2025-11-13T19:17:02.134+0000] {local_task_job_runner.py:245} INFO - ::endgroup::
