[2025-11-13T17:43:32.762+0000] {local_task_job_runner.py:123} INFO - ::group::Pre task execution logs
[2025-11-13T17:43:32.785+0000] {taskinstance.py:2614} INFO - Dependencies all met for dep_context=non-requeueable deps ti=<TaskInstance: iot_sensor_data_dag.generate_sensor_data scheduled__2025-11-13T17:43:15+00:00 [queued]>
[2025-11-13T17:43:32.794+0000] {taskinstance.py:2614} INFO - Dependencies all met for dep_context=requeueable deps ti=<TaskInstance: iot_sensor_data_dag.generate_sensor_data scheduled__2025-11-13T17:43:15+00:00 [queued]>
[2025-11-13T17:43:32.797+0000] {taskinstance.py:2867} INFO - Starting attempt 1 of 1
[2025-11-13T17:43:32.973+0000] {taskinstance.py:2890} INFO - Executing <Task(PythonOperator): generate_sensor_data> on 2025-11-13 17:43:15+00:00
[2025-11-13T17:43:32.985+0000] {warnings.py:112} WARNING - /home/***/.local/lib/python3.12/site-packages/***/task/task_runner/standard_task_runner.py:70: DeprecationWarning: This process (pid=1192) is multi-threaded, use of fork() may lead to deadlocks in the child.
  pid = os.fork()

[2025-11-13T17:43:32.988+0000] {standard_task_runner.py:104} INFO - Running: ['***', 'tasks', 'run', 'iot_sensor_data_dag', 'generate_sensor_data', 'scheduled__2025-11-13T17:43:15+00:00', '--job-id', '327', '--raw', '--subdir', 'DAGS_FOLDER/DEPI.py', '--cfg-path', '/tmp/tmptgxs8rdm']
[2025-11-13T17:43:32.989+0000] {standard_task_runner.py:72} INFO - Started process 1194 to run task
[2025-11-13T17:43:32.990+0000] {standard_task_runner.py:105} INFO - Job 327: Subtask generate_sensor_data
[2025-11-13T17:43:33.057+0000] {task_command.py:467} INFO - Running <TaskInstance: iot_sensor_data_dag.generate_sensor_data scheduled__2025-11-13T17:43:15+00:00 [running]> on host 4f76d54186b6
[2025-11-13T17:43:33.171+0000] {taskinstance.py:3134} INFO - Exporting env vars: AIRFLOW_CTX_DAG_OWNER='***' AIRFLOW_CTX_DAG_ID='iot_sensor_data_dag' AIRFLOW_CTX_TASK_ID='generate_sensor_data' AIRFLOW_CTX_EXECUTION_DATE='2025-11-13T17:43:15+00:00' AIRFLOW_CTX_TRY_NUMBER='1' AIRFLOW_CTX_DAG_RUN_ID='scheduled__2025-11-13T17:43:15+00:00'
[2025-11-13T17:43:33.174+0000] {logging_mixin.py:190} INFO - Task instance is in running state
[2025-11-13T17:43:33.175+0000] {logging_mixin.py:190} INFO -  Previous state of the Task instance: queued
[2025-11-13T17:43:33.176+0000] {logging_mixin.py:190} INFO - Current task name:generate_sensor_data state:running start_date:2025-11-13 17:43:32.786612+00:00
[2025-11-13T17:43:33.177+0000] {logging_mixin.py:190} INFO - Dag name:iot_sensor_data_dag and current dag run status:running
[2025-11-13T17:43:33.179+0000] {taskinstance.py:732} INFO - ::endgroup::
[2025-11-13T17:43:33.225+0000] {logging_mixin.py:190} INFO - [2025-11-13 17:43:33.202438] Inserted sensor data: {'time': datetime.datetime(2025, 11, 13, 17, 43, 33, 202438), 'temperature': 27.50751405520254, 'Dissolved_oxygen': 6.001599163367997, 'PH': 7.432936231790899, 'Ammonia': 0.009669753983392766, 'Nitrite': 0.05263738668961671, 'Turbidty': 40.28640250521995, '_id': ObjectId('691618c5546357c13eb7bf48')}
[2025-11-13T17:43:33.229+0000] {python.py:218} INFO - Done. Returned value was: None
[2025-11-13T17:43:33.248+0000] {taskinstance.py:341} INFO - ::group::Post task execution logs
[2025-11-13T17:43:33.249+0000] {taskinstance.py:353} INFO - Marking task as SUCCESS. dag_id=iot_sensor_data_dag, task_id=generate_sensor_data, run_id=scheduled__2025-11-13T17:43:15+00:00, execution_date=20251113T174315, start_date=20251113T174332, end_date=20251113T174333
[2025-11-13T17:43:33.284+0000] {logging_mixin.py:190} INFO - Task instance in success state
[2025-11-13T17:43:33.286+0000] {logging_mixin.py:190} INFO -  Previous state of the Task instance: running
[2025-11-13T17:43:33.287+0000] {logging_mixin.py:190} INFO - Dag name:iot_sensor_data_dag queued_at:2025-11-13 17:43:30.589549+00:00
[2025-11-13T17:43:33.288+0000] {logging_mixin.py:190} INFO - Task hostname:4f76d54186b6 operator:PythonOperator
[2025-11-13T17:43:33.332+0000] {local_task_job_runner.py:266} INFO - Task exited with return code 0
[2025-11-13T17:43:33.371+0000] {taskinstance.py:3901} INFO - 0 downstream tasks scheduled from follow-on schedule check
[2025-11-13T17:43:33.379+0000] {local_task_job_runner.py:245} INFO - ::endgroup::
