[2025-11-15T12:05:01.495+0000] {local_task_job_runner.py:123} INFO - ::group::Pre task execution logs
[2025-11-15T12:05:01.506+0000] {taskinstance.py:2614} INFO - Dependencies all met for dep_context=non-requeueable deps ti=<TaskInstance: iot_sensor_data_dag.generate_sensor_data scheduled__2025-11-15T12:04:45+00:00 [queued]>
[2025-11-15T12:05:01.512+0000] {taskinstance.py:2614} INFO - Dependencies all met for dep_context=requeueable deps ti=<TaskInstance: iot_sensor_data_dag.generate_sensor_data scheduled__2025-11-15T12:04:45+00:00 [queued]>
[2025-11-15T12:05:01.512+0000] {taskinstance.py:2867} INFO - Starting attempt 1 of 1
[2025-11-15T12:05:01.522+0000] {taskinstance.py:2890} INFO - Executing <Task(PythonOperator): generate_sensor_data> on 2025-11-15 12:04:45+00:00
[2025-11-15T12:05:01.529+0000] {warnings.py:112} WARNING - /home/***/.local/lib/python3.12/site-packages/***/task/task_runner/standard_task_runner.py:70: DeprecationWarning: This process (pid=432) is multi-threaded, use of fork() may lead to deadlocks in the child.
  pid = os.fork()

[2025-11-15T12:05:01.530+0000] {standard_task_runner.py:72} INFO - Started process 434 to run task
[2025-11-15T12:05:01.531+0000] {standard_task_runner.py:104} INFO - Running: ['***', 'tasks', 'run', 'iot_sensor_data_dag', 'generate_sensor_data', 'scheduled__2025-11-15T12:04:45+00:00', '--job-id', '1207', '--raw', '--subdir', 'DAGS_FOLDER/DEPI.py', '--cfg-path', '/tmp/tmp7hgrhto3']
[2025-11-15T12:05:01.532+0000] {standard_task_runner.py:105} INFO - Job 1207: Subtask generate_sensor_data
[2025-11-15T12:05:02.071+0000] {task_command.py:467} INFO - Running <TaskInstance: iot_sensor_data_dag.generate_sensor_data scheduled__2025-11-15T12:04:45+00:00 [running]> on host 4f76d54186b6
[2025-11-15T12:05:02.149+0000] {taskinstance.py:3134} INFO - Exporting env vars: AIRFLOW_CTX_DAG_OWNER='***' AIRFLOW_CTX_DAG_ID='iot_sensor_data_dag' AIRFLOW_CTX_TASK_ID='generate_sensor_data' AIRFLOW_CTX_EXECUTION_DATE='2025-11-15T12:04:45+00:00' AIRFLOW_CTX_TRY_NUMBER='1' AIRFLOW_CTX_DAG_RUN_ID='scheduled__2025-11-15T12:04:45+00:00'
[2025-11-15T12:05:02.154+0000] {logging_mixin.py:190} INFO - Task instance is in running state
[2025-11-15T12:05:02.154+0000] {logging_mixin.py:190} INFO -  Previous state of the Task instance: queued
[2025-11-15T12:05:02.155+0000] {logging_mixin.py:190} INFO - Current task name:generate_sensor_data state:running start_date:2025-11-15 12:05:01.506981+00:00
[2025-11-15T12:05:02.156+0000] {logging_mixin.py:190} INFO - Dag name:iot_sensor_data_dag and current dag run status:running
[2025-11-15T12:05:02.156+0000] {taskinstance.py:732} INFO - ::endgroup::
[2025-11-15T12:05:02.205+0000] {logging_mixin.py:190} INFO - [2025-11-15 12:05:02.186641] Inserted sensor data: {'time': '2025-11-15T12:05:02.186641', 'temperature': 27.380248958865515, 'Dissolved_oxygen': 5.932510938698215, 'PH': 7.403364365151858, 'Ammonia': 0.010577481198123281, 'Nitrite': 0.04692737048499195, 'Turbidty': 39.26019896734752, '_id': '69186c6e3b292969505ad853'}
[2025-11-15T12:09:55.055+0000] {python.py:218} INFO - Done. Returned value was: None
[2025-11-15T12:09:55.068+0000] {taskinstance.py:341} INFO - ::group::Post task execution logs
[2025-11-15T12:09:55.069+0000] {taskinstance.py:353} INFO - Marking task as SUCCESS. dag_id=iot_sensor_data_dag, task_id=generate_sensor_data, run_id=scheduled__2025-11-15T12:04:45+00:00, execution_date=20251115T120445, start_date=20251115T120501, end_date=20251115T120955
[2025-11-15T12:09:55.096+0000] {logging_mixin.py:190} INFO - Task instance in success state
[2025-11-15T12:09:55.097+0000] {logging_mixin.py:190} INFO -  Previous state of the Task instance: running
[2025-11-15T12:09:55.097+0000] {logging_mixin.py:190} INFO - Dag name:iot_sensor_data_dag queued_at:2025-11-15 12:05:00.051160+00:00
[2025-11-15T12:09:55.098+0000] {logging_mixin.py:190} INFO - Task hostname:4f76d54186b6 operator:PythonOperator
[2025-11-15T12:09:55.125+0000] {local_task_job_runner.py:266} INFO - Task exited with return code 0
[2025-11-15T12:09:55.134+0000] {local_task_job_runner.py:245} INFO - ::endgroup::
