[2025-11-13T18:57:01.395+0000] {local_task_job_runner.py:123} INFO - ::group::Pre task execution logs
[2025-11-13T18:57:01.408+0000] {taskinstance.py:2614} INFO - Dependencies all met for dep_context=non-requeueable deps ti=<TaskInstance: iot_sensor_data_dag.generate_sensor_data scheduled__2025-11-13T18:56:45+00:00 [queued]>
[2025-11-13T18:57:01.414+0000] {taskinstance.py:2614} INFO - Dependencies all met for dep_context=requeueable deps ti=<TaskInstance: iot_sensor_data_dag.generate_sensor_data scheduled__2025-11-13T18:56:45+00:00 [queued]>
[2025-11-13T18:57:01.415+0000] {taskinstance.py:2867} INFO - Starting attempt 1 of 1
[2025-11-13T18:57:01.551+0000] {taskinstance.py:2890} INFO - Executing <Task(PythonOperator): generate_sensor_data> on 2025-11-13 18:56:45+00:00
[2025-11-13T18:57:01.558+0000] {warnings.py:112} WARNING - /home/***/.local/lib/python3.12/site-packages/***/task/task_runner/standard_task_runner.py:70: DeprecationWarning: This process (pid=4261) is multi-threaded, use of fork() may lead to deadlocks in the child.
  pid = os.fork()

[2025-11-13T18:57:01.560+0000] {standard_task_runner.py:104} INFO - Running: ['***', 'tasks', 'run', 'iot_sensor_data_dag', 'generate_sensor_data', 'scheduled__2025-11-13T18:56:45+00:00', '--job-id', '621', '--raw', '--subdir', 'DAGS_FOLDER/DEPI.py', '--cfg-path', '/tmp/tmp3kc8kq0z']
[2025-11-13T18:57:01.560+0000] {standard_task_runner.py:72} INFO - Started process 4270 to run task
[2025-11-13T18:57:01.561+0000] {standard_task_runner.py:105} INFO - Job 621: Subtask generate_sensor_data
[2025-11-13T18:57:01.605+0000] {task_command.py:467} INFO - Running <TaskInstance: iot_sensor_data_dag.generate_sensor_data scheduled__2025-11-13T18:56:45+00:00 [running]> on host 4f76d54186b6
[2025-11-13T18:57:01.673+0000] {taskinstance.py:3134} INFO - Exporting env vars: AIRFLOW_CTX_DAG_OWNER='***' AIRFLOW_CTX_DAG_ID='iot_sensor_data_dag' AIRFLOW_CTX_TASK_ID='generate_sensor_data' AIRFLOW_CTX_EXECUTION_DATE='2025-11-13T18:56:45+00:00' AIRFLOW_CTX_TRY_NUMBER='1' AIRFLOW_CTX_DAG_RUN_ID='scheduled__2025-11-13T18:56:45+00:00'
[2025-11-13T18:57:01.674+0000] {logging_mixin.py:190} INFO - Task instance is in running state
[2025-11-13T18:57:01.675+0000] {logging_mixin.py:190} INFO -  Previous state of the Task instance: queued
[2025-11-13T18:57:01.676+0000] {logging_mixin.py:190} INFO - Current task name:generate_sensor_data state:running start_date:2025-11-13 18:57:01.409413+00:00
[2025-11-13T18:57:01.676+0000] {logging_mixin.py:190} INFO - Dag name:iot_sensor_data_dag and current dag run status:running
[2025-11-13T18:57:01.677+0000] {taskinstance.py:732} INFO - ::endgroup::
[2025-11-13T18:57:01.713+0000] {logging_mixin.py:190} INFO - [2025-11-13 18:57:01.692419] Inserted sensor data: {'time': datetime.datetime(2025, 11, 13, 18, 57, 1, 692419), 'temperature': 27.47624794051487, 'Dissolved_oxygen': 5.944649778132273, 'PH': 7.556629908039431, 'Ammonia': 0.010148371722892097, 'Nitrite': 0.051795250843068734, 'Turbidty': 39.336141139152716, '_id': ObjectId('691629fd231cddde3bb4056c')}
[2025-11-13T18:57:01.715+0000] {python.py:218} INFO - Done. Returned value was: None
[2025-11-13T18:57:01.725+0000] {taskinstance.py:341} INFO - ::group::Post task execution logs
[2025-11-13T18:57:01.726+0000] {taskinstance.py:353} INFO - Marking task as SUCCESS. dag_id=iot_sensor_data_dag, task_id=generate_sensor_data, run_id=scheduled__2025-11-13T18:56:45+00:00, execution_date=20251113T185645, start_date=20251113T185701, end_date=20251113T185701
[2025-11-13T18:57:01.749+0000] {logging_mixin.py:190} INFO - Task instance in success state
[2025-11-13T18:57:01.750+0000] {logging_mixin.py:190} INFO -  Previous state of the Task instance: running
[2025-11-13T18:57:01.751+0000] {logging_mixin.py:190} INFO - Dag name:iot_sensor_data_dag queued_at:2025-11-13 18:57:00.111072+00:00
[2025-11-13T18:57:01.751+0000] {logging_mixin.py:190} INFO - Task hostname:4f76d54186b6 operator:PythonOperator
[2025-11-13T18:57:01.779+0000] {local_task_job_runner.py:266} INFO - Task exited with return code 0
[2025-11-13T18:57:01.799+0000] {taskinstance.py:3901} INFO - 0 downstream tasks scheduled from follow-on schedule check
[2025-11-13T18:57:01.811+0000] {local_task_job_runner.py:245} INFO - ::endgroup::
