[2025-11-13T18:45:32.293+0000] {local_task_job_runner.py:123} INFO - ::group::Pre task execution logs
[2025-11-13T18:45:32.305+0000] {taskinstance.py:2614} INFO - Dependencies all met for dep_context=non-requeueable deps ti=<TaskInstance: iot_sensor_data_dag.generate_sensor_data scheduled__2025-11-13T18:45:15+00:00 [queued]>
[2025-11-13T18:45:32.311+0000] {taskinstance.py:2614} INFO - Dependencies all met for dep_context=requeueable deps ti=<TaskInstance: iot_sensor_data_dag.generate_sensor_data scheduled__2025-11-13T18:45:15+00:00 [queued]>
[2025-11-13T18:45:32.312+0000] {taskinstance.py:2867} INFO - Starting attempt 1 of 1
[2025-11-13T18:45:32.453+0000] {taskinstance.py:2890} INFO - Executing <Task(PythonOperator): generate_sensor_data> on 2025-11-13 18:45:15+00:00
[2025-11-13T18:45:32.460+0000] {warnings.py:112} WARNING - /home/***/.local/lib/python3.12/site-packages/***/task/task_runner/standard_task_runner.py:70: DeprecationWarning: This process (pid=3785) is multi-threaded, use of fork() may lead to deadlocks in the child.
  pid = os.fork()

[2025-11-13T18:45:32.462+0000] {standard_task_runner.py:72} INFO - Started process 3787 to run task
[2025-11-13T18:45:32.462+0000] {standard_task_runner.py:104} INFO - Running: ['***', 'tasks', 'run', 'iot_sensor_data_dag', 'generate_sensor_data', 'scheduled__2025-11-13T18:45:15+00:00', '--job-id', '575', '--raw', '--subdir', 'DAGS_FOLDER/DEPI.py', '--cfg-path', '/tmp/tmprccxmhpa']
[2025-11-13T18:45:32.464+0000] {standard_task_runner.py:105} INFO - Job 575: Subtask generate_sensor_data
[2025-11-13T18:45:32.507+0000] {task_command.py:467} INFO - Running <TaskInstance: iot_sensor_data_dag.generate_sensor_data scheduled__2025-11-13T18:45:15+00:00 [running]> on host 4f76d54186b6
[2025-11-13T18:45:32.576+0000] {taskinstance.py:3134} INFO - Exporting env vars: AIRFLOW_CTX_DAG_OWNER='***' AIRFLOW_CTX_DAG_ID='iot_sensor_data_dag' AIRFLOW_CTX_TASK_ID='generate_sensor_data' AIRFLOW_CTX_EXECUTION_DATE='2025-11-13T18:45:15+00:00' AIRFLOW_CTX_TRY_NUMBER='1' AIRFLOW_CTX_DAG_RUN_ID='scheduled__2025-11-13T18:45:15+00:00'
[2025-11-13T18:45:32.578+0000] {logging_mixin.py:190} INFO - Task instance is in running state
[2025-11-13T18:45:32.579+0000] {logging_mixin.py:190} INFO -  Previous state of the Task instance: queued
[2025-11-13T18:45:32.579+0000] {logging_mixin.py:190} INFO - Current task name:generate_sensor_data state:running start_date:2025-11-13 18:45:32.306821+00:00
[2025-11-13T18:45:32.580+0000] {logging_mixin.py:190} INFO - Dag name:iot_sensor_data_dag and current dag run status:running
[2025-11-13T18:45:32.581+0000] {taskinstance.py:732} INFO - ::endgroup::
[2025-11-13T18:45:32.618+0000] {logging_mixin.py:190} INFO - [2025-11-13 18:45:32.599154] Inserted sensor data: {'time': datetime.datetime(2025, 11, 13, 18, 45, 32, 599154), 'temperature': 27.45958352475783, 'Dissolved_oxygen': 6.065955125419151, 'PH': 7.504801150425244, 'Ammonia': 0.009500177716841937, 'Nitrite': 0.046607347968604024, 'Turbidty': 39.32941152658797, '_id': ObjectId('6916274cb40476ad5fa5342f')}
[2025-11-13T18:45:32.621+0000] {python.py:218} INFO - Done. Returned value was: None
[2025-11-13T18:45:32.633+0000] {taskinstance.py:341} INFO - ::group::Post task execution logs
[2025-11-13T18:45:32.634+0000] {taskinstance.py:353} INFO - Marking task as SUCCESS. dag_id=iot_sensor_data_dag, task_id=generate_sensor_data, run_id=scheduled__2025-11-13T18:45:15+00:00, execution_date=20251113T184515, start_date=20251113T184532, end_date=20251113T184532
[2025-11-13T18:45:32.654+0000] {logging_mixin.py:190} INFO - Task instance in success state
[2025-11-13T18:45:32.655+0000] {logging_mixin.py:190} INFO -  Previous state of the Task instance: running
[2025-11-13T18:45:32.655+0000] {logging_mixin.py:190} INFO - Dag name:iot_sensor_data_dag queued_at:2025-11-13 18:45:31.018244+00:00
[2025-11-13T18:45:32.656+0000] {logging_mixin.py:190} INFO - Task hostname:4f76d54186b6 operator:PythonOperator
[2025-11-13T18:45:32.682+0000] {local_task_job_runner.py:266} INFO - Task exited with return code 0
[2025-11-13T18:45:32.712+0000] {taskinstance.py:3901} INFO - 0 downstream tasks scheduled from follow-on schedule check
[2025-11-13T18:45:32.717+0000] {local_task_job_runner.py:245} INFO - ::endgroup::
