[2025-11-16T20:07:07.247+0000] {local_task_job_runner.py:123} INFO - ::group::Pre task execution logs
[2025-11-16T20:07:07.259+0000] {taskinstance.py:2614} INFO - Dependencies all met for dep_context=non-requeueable deps ti=<TaskInstance: iot_sensor_data_dag.generate_sensor_data scheduled__2025-11-16T20:06:40+00:00 [queued]>
[2025-11-16T20:07:07.264+0000] {taskinstance.py:2614} INFO - Dependencies all met for dep_context=requeueable deps ti=<TaskInstance: iot_sensor_data_dag.generate_sensor_data scheduled__2025-11-16T20:06:40+00:00 [queued]>
[2025-11-16T20:07:07.266+0000] {taskinstance.py:2867} INFO - Starting attempt 1 of 1
[2025-11-16T20:07:07.277+0000] {taskinstance.py:2890} INFO - Executing <Task(PythonOperator): generate_sensor_data> on 2025-11-16 20:06:40+00:00
[2025-11-16T20:07:07.284+0000] {warnings.py:112} WARNING - /home/***/.local/lib/python3.12/site-packages/***/task/task_runner/standard_task_runner.py:70: DeprecationWarning: This process (pid=3323) is multi-threaded, use of fork() may lead to deadlocks in the child.
  pid = os.fork()

[2025-11-16T20:07:07.286+0000] {standard_task_runner.py:72} INFO - Started process 3328 to run task
[2025-11-16T20:07:07.286+0000] {standard_task_runner.py:104} INFO - Running: ['***', 'tasks', 'run', 'iot_sensor_data_dag', 'generate_sensor_data', 'scheduled__2025-11-16T20:06:40+00:00', '--job-id', '1594', '--raw', '--subdir', 'DAGS_FOLDER/DEPI.py', '--cfg-path', '/tmp/tmpqoouenpn']
[2025-11-16T20:07:07.288+0000] {standard_task_runner.py:105} INFO - Job 1594: Subtask generate_sensor_data
[2025-11-16T20:07:07.506+0000] {task_command.py:467} INFO - Running <TaskInstance: iot_sensor_data_dag.generate_sensor_data scheduled__2025-11-16T20:06:40+00:00 [running]> on host 4f76d54186b6
[2025-11-16T20:07:07.567+0000] {taskinstance.py:3134} INFO - Exporting env vars: AIRFLOW_CTX_DAG_OWNER='***' AIRFLOW_CTX_DAG_ID='iot_sensor_data_dag' AIRFLOW_CTX_TASK_ID='generate_sensor_data' AIRFLOW_CTX_EXECUTION_DATE='2025-11-16T20:06:40+00:00' AIRFLOW_CTX_TRY_NUMBER='1' AIRFLOW_CTX_DAG_RUN_ID='scheduled__2025-11-16T20:06:40+00:00'
[2025-11-16T20:07:07.569+0000] {logging_mixin.py:190} INFO - Task instance is in running state
[2025-11-16T20:07:07.569+0000] {logging_mixin.py:190} INFO -  Previous state of the Task instance: queued
[2025-11-16T20:07:07.570+0000] {logging_mixin.py:190} INFO - Current task name:generate_sensor_data state:running start_date:2025-11-16 20:07:07.260081+00:00
[2025-11-16T20:07:07.571+0000] {logging_mixin.py:190} INFO - Dag name:iot_sensor_data_dag and current dag run status:running
[2025-11-16T20:07:07.571+0000] {taskinstance.py:732} INFO - ::endgroup::
[2025-11-16T20:13:12.439+0000] {python.py:218} INFO - Done. Returned value was: None
[2025-11-16T20:13:12.510+0000] {taskinstance.py:341} INFO - ::group::Post task execution logs
[2025-11-16T20:13:12.512+0000] {taskinstance.py:353} INFO - Marking task as SUCCESS. dag_id=iot_sensor_data_dag, task_id=generate_sensor_data, run_id=scheduled__2025-11-16T20:06:40+00:00, execution_date=20251116T200640, start_date=20251116T200707, end_date=20251116T201312
[2025-11-16T20:13:12.531+0000] {job.py:229} INFO - Heartbeat recovered after 193.14 seconds
[2025-11-16T20:13:12.591+0000] {logging_mixin.py:190} INFO - Task instance in success state
[2025-11-16T20:13:12.592+0000] {logging_mixin.py:190} INFO -  Previous state of the Task instance: running
[2025-11-16T20:13:12.593+0000] {logging_mixin.py:190} INFO - Dag name:iot_sensor_data_dag queued_at:2025-11-16 20:07:05.986077+00:00
[2025-11-16T20:13:12.594+0000] {logging_mixin.py:190} INFO - Task hostname:4f76d54186b6 operator:PythonOperator
[2025-11-16T20:13:12.658+0000] {local_task_job_runner.py:266} INFO - Task exited with return code 0
[2025-11-16T20:13:12.676+0000] {local_task_job_runner.py:245} INFO - ::endgroup::
