[2025-11-16T19:47:31.547+0000] {local_task_job_runner.py:123} INFO - ::group::Pre task execution logs
[2025-11-16T19:47:31.558+0000] {taskinstance.py:2614} INFO - Dependencies all met for dep_context=non-requeueable deps ti=<TaskInstance: iot_sensor_data_dag.generate_sensor_data scheduled__2025-11-16T19:46:40+00:00 [queued]>
[2025-11-16T19:47:31.564+0000] {taskinstance.py:2614} INFO - Dependencies all met for dep_context=requeueable deps ti=<TaskInstance: iot_sensor_data_dag.generate_sensor_data scheduled__2025-11-16T19:46:40+00:00 [queued]>
[2025-11-16T19:47:31.566+0000] {taskinstance.py:2867} INFO - Starting attempt 1 of 1
[2025-11-16T19:47:31.578+0000] {taskinstance.py:2890} INFO - Executing <Task(PythonOperator): generate_sensor_data> on 2025-11-16 19:46:40+00:00
[2025-11-16T19:47:31.584+0000] {warnings.py:112} WARNING - /home/***/.local/lib/python3.12/site-packages/***/task/task_runner/standard_task_runner.py:70: DeprecationWarning: This process (pid=1880) is multi-threaded, use of fork() may lead to deadlocks in the child.
  pid = os.fork()

[2025-11-16T19:47:31.586+0000] {standard_task_runner.py:72} INFO - Started process 1883 to run task
[2025-11-16T19:47:31.587+0000] {standard_task_runner.py:104} INFO - Running: ['***', 'tasks', 'run', 'iot_sensor_data_dag', 'generate_sensor_data', 'scheduled__2025-11-16T19:46:40+00:00', '--job-id', '1555', '--raw', '--subdir', 'DAGS_FOLDER/DEPI.py', '--cfg-path', '/tmp/tmpzsxuv1_k']
[2025-11-16T19:47:31.588+0000] {standard_task_runner.py:105} INFO - Job 1555: Subtask generate_sensor_data
[2025-11-16T19:47:31.807+0000] {task_command.py:467} INFO - Running <TaskInstance: iot_sensor_data_dag.generate_sensor_data scheduled__2025-11-16T19:46:40+00:00 [running]> on host 4f76d54186b6
[2025-11-16T19:47:31.871+0000] {taskinstance.py:3134} INFO - Exporting env vars: AIRFLOW_CTX_DAG_OWNER='***' AIRFLOW_CTX_DAG_ID='iot_sensor_data_dag' AIRFLOW_CTX_TASK_ID='generate_sensor_data' AIRFLOW_CTX_EXECUTION_DATE='2025-11-16T19:46:40+00:00' AIRFLOW_CTX_TRY_NUMBER='1' AIRFLOW_CTX_DAG_RUN_ID='scheduled__2025-11-16T19:46:40+00:00'
[2025-11-16T19:47:31.873+0000] {logging_mixin.py:190} INFO - Task instance is in running state
[2025-11-16T19:47:31.873+0000] {logging_mixin.py:190} INFO -  Previous state of the Task instance: queued
[2025-11-16T19:47:31.874+0000] {logging_mixin.py:190} INFO - Current task name:generate_sensor_data state:running start_date:2025-11-16 19:47:31.559394+00:00
[2025-11-16T19:47:31.875+0000] {logging_mixin.py:190} INFO - Dag name:iot_sensor_data_dag and current dag run status:running
[2025-11-16T19:47:31.875+0000] {taskinstance.py:732} INFO - ::endgroup::
[2025-11-16T19:52:38.867+0000] {python.py:218} INFO - Done. Returned value was: None
[2025-11-16T19:52:38.875+0000] {taskinstance.py:341} INFO - ::group::Post task execution logs
[2025-11-16T19:52:38.876+0000] {taskinstance.py:353} INFO - Marking task as SUCCESS. dag_id=iot_sensor_data_dag, task_id=generate_sensor_data, run_id=scheduled__2025-11-16T19:46:40+00:00, execution_date=20251116T194640, start_date=20251116T194731, end_date=20251116T195238
[2025-11-16T19:52:38.893+0000] {logging_mixin.py:190} INFO - Task instance in success state
[2025-11-16T19:52:38.894+0000] {logging_mixin.py:190} INFO -  Previous state of the Task instance: running
[2025-11-16T19:52:38.894+0000] {logging_mixin.py:190} INFO - Dag name:iot_sensor_data_dag queued_at:2025-11-16 19:47:30.378332+00:00
[2025-11-16T19:52:38.895+0000] {logging_mixin.py:190} INFO - Task hostname:4f76d54186b6 operator:PythonOperator
[2025-11-16T19:52:38.940+0000] {local_task_job_runner.py:266} INFO - Task exited with return code 0
[2025-11-16T19:52:38.957+0000] {taskinstance.py:3901} INFO - 0 downstream tasks scheduled from follow-on schedule check
[2025-11-16T19:52:38.961+0000] {local_task_job_runner.py:245} INFO - ::endgroup::
