[2025-11-13T17:30:46.779+0000] {local_task_job_runner.py:123} INFO - ::group::Pre task execution logs
[2025-11-13T17:30:46.791+0000] {taskinstance.py:2614} INFO - Dependencies all met for dep_context=non-requeueable deps ti=<TaskInstance: iot_sensor_data_dag.generate_sensor_data scheduled__2025-11-13T17:30:30+00:00 [queued]>
[2025-11-13T17:30:46.798+0000] {taskinstance.py:2614} INFO - Dependencies all met for dep_context=requeueable deps ti=<TaskInstance: iot_sensor_data_dag.generate_sensor_data scheduled__2025-11-13T17:30:30+00:00 [queued]>
[2025-11-13T17:30:46.800+0000] {taskinstance.py:2867} INFO - Starting attempt 1 of 1
[2025-11-13T17:30:46.927+0000] {taskinstance.py:2890} INFO - Executing <Task(PythonOperator): generate_sensor_data> on 2025-11-13 17:30:30+00:00
[2025-11-13T17:30:46.933+0000] {warnings.py:112} WARNING - /home/***/.local/lib/python3.12/site-packages/***/task/task_runner/standard_task_runner.py:70: DeprecationWarning: This process (pid=661) is multi-threaded, use of fork() may lead to deadlocks in the child.
  pid = os.fork()

[2025-11-13T17:30:46.935+0000] {standard_task_runner.py:72} INFO - Started process 663 to run task
[2025-11-13T17:30:46.935+0000] {standard_task_runner.py:104} INFO - Running: ['***', 'tasks', 'run', 'iot_sensor_data_dag', 'generate_sensor_data', 'scheduled__2025-11-13T17:30:30+00:00', '--job-id', '276', '--raw', '--subdir', 'DAGS_FOLDER/DEPI.py', '--cfg-path', '/tmp/tmpah4xgn_w']
[2025-11-13T17:30:46.937+0000] {standard_task_runner.py:105} INFO - Job 276: Subtask generate_sensor_data
[2025-11-13T17:30:46.991+0000] {task_command.py:467} INFO - Running <TaskInstance: iot_sensor_data_dag.generate_sensor_data scheduled__2025-11-13T17:30:30+00:00 [running]> on host 4f76d54186b6
[2025-11-13T17:30:47.067+0000] {taskinstance.py:3134} INFO - Exporting env vars: AIRFLOW_CTX_DAG_OWNER='***' AIRFLOW_CTX_DAG_ID='iot_sensor_data_dag' AIRFLOW_CTX_TASK_ID='generate_sensor_data' AIRFLOW_CTX_EXECUTION_DATE='2025-11-13T17:30:30+00:00' AIRFLOW_CTX_TRY_NUMBER='1' AIRFLOW_CTX_DAG_RUN_ID='scheduled__2025-11-13T17:30:30+00:00'
[2025-11-13T17:30:47.069+0000] {logging_mixin.py:190} INFO - Task instance is in running state
[2025-11-13T17:30:47.069+0000] {logging_mixin.py:190} INFO -  Previous state of the Task instance: queued
[2025-11-13T17:30:47.070+0000] {logging_mixin.py:190} INFO - Current task name:generate_sensor_data state:running start_date:2025-11-13 17:30:46.792735+00:00
[2025-11-13T17:30:47.070+0000] {logging_mixin.py:190} INFO - Dag name:iot_sensor_data_dag and current dag run status:running
[2025-11-13T17:30:47.071+0000] {taskinstance.py:732} INFO - ::endgroup::
[2025-11-13T17:30:47.111+0000] {logging_mixin.py:190} INFO - [2025-11-13 17:30:47.088069] Inserted sensor data: {'time': datetime.datetime(2025, 11, 13, 17, 30, 47, 88069), 'temperature': 27.5738331738422, 'Dissolved_oxygen': 5.9873439437991705, 'PH': 7.553732737919152, 'Ammonia': 0.010727357323267463, 'Nitrite': 0.046635865816889624, 'Turbidty': 39.51864018552293, '_id': ObjectId('691615c71172cab07fd23e9a')}
[2025-11-13T17:30:47.113+0000] {python.py:218} INFO - Done. Returned value was: None
[2025-11-13T17:30:47.124+0000] {taskinstance.py:341} INFO - ::group::Post task execution logs
[2025-11-13T17:30:47.125+0000] {taskinstance.py:353} INFO - Marking task as SUCCESS. dag_id=iot_sensor_data_dag, task_id=generate_sensor_data, run_id=scheduled__2025-11-13T17:30:30+00:00, execution_date=20251113T173030, start_date=20251113T173046, end_date=20251113T173047
[2025-11-13T17:30:47.144+0000] {logging_mixin.py:190} INFO - Task instance in success state
[2025-11-13T17:30:47.145+0000] {logging_mixin.py:190} INFO -  Previous state of the Task instance: running
[2025-11-13T17:30:47.145+0000] {logging_mixin.py:190} INFO - Dag name:iot_sensor_data_dag queued_at:2025-11-13 17:30:45.324066+00:00
[2025-11-13T17:30:47.146+0000] {logging_mixin.py:190} INFO - Task hostname:4f76d54186b6 operator:PythonOperator
[2025-11-13T17:30:47.193+0000] {local_task_job_runner.py:266} INFO - Task exited with return code 0
[2025-11-13T17:30:47.221+0000] {taskinstance.py:3901} INFO - 0 downstream tasks scheduled from follow-on schedule check
[2025-11-13T17:30:47.228+0000] {local_task_job_runner.py:245} INFO - ::endgroup::
